******************************************************************************
                  TI ARM Linker PC v20.2.6                     
******************************************************************************
>> Linked Sat Jun  8 20:10:12 2024

OUTPUT FILE NAME:   <Telecom_IoT_v2_00.out>
ENTRY POINT SYMBOL: "_c_int00_noargs"  address: 00011249


MEMORY CONFIGURATION

         name            origin    length      used     unused   attr    fill
----------------------  --------  ---------  --------  --------  ----  --------
  FLASH                 00000000   00020000  00012406  0000dbfa  R  X
  SRAM                  20000000   00008000  0000404c  00003fb4  RW X


SEGMENT ALLOCATION MAP

run origin  load origin   length   init length attrs members
----------  ----------- ---------- ----------- ----- -------
00000000    00000000    00012408   00012408    r-x
  00000000    00000000    0000026c   0000026c    r-- .intvecs
  0000026c    0000026c    000119e6   000119e6    r-x .text
  00011c54    00011c54    00000710   00000710    r-- .const
  00012364    00012364    00000024   00000024    r-- .init_array
  00012388    00012388    00000080   00000080    r-- .cinit
20000000    20000000    00004050   00000000    rw-
  20000000    20000000    0000278c   00000000    rw- .bss
  20002790    20002790    00001800   00000000    rw- .stack
  20003f90    20003f90    000000b0   00000000    rw- .data
  20004040    20004040    00000010   00000000    rw- .sysmem


SECTION ALLOCATION MAP

 output                                  attributes/
section   page    origin      length       input sections
--------  ----  ----------  ----------   ----------------
.intvecs   0    00000000    0000026c     
                  00000000    0000026c     tm4c1233e6pz_startup_ccs.obj (.intvecs)

.text      0    0000026c    000119e6     
                  0000026c    00001564     uip.obj (.text)
                  000017d0    00001478     Telecom_Ethernet.obj (.text)
                  00002c48    00000f70     Clock.obj (.text)
                  00003bb8    00000f40     Telecom_server_query.obj (.text)
                  00004af8    00000d80     gps.obj (.text)
                  00005878    00000ce8     flash_logger.obj (.text)
                  00006560    00000bd0     UIPClient.obj (.text)
                  00007130    00000b94     Enc28J60Network.obj (.text)
                  00007cc4    00000b6c     Dhcp.obj (.text)
                  00008830    00000ae0     UIPEthernet.obj (.text)
                  00009310    00000a6c     PC_Cmds.obj (.text)
                  00009d7c    00000a30     E2P.obj (.text)
                  0000a7ac    000009c0     flashCore.obj (.text)
                  0000b16c    000007c4     ADC_Core.obj (.text)
                  0000b930    00000794     UIPUdp.obj (.text)
                  0000c0c4    000006b4     UartCore.obj (.text)
                  0000c778    00000604     main.obj (.text)
                  0000cd7c    000005e4     uip_arp.obj (.text)
                  0000d360    000005b8     Print.obj (.text)
                  0000d918    000005b0     Dns.obj (.text)
                  0000dec8    000004cc     _common.obj (.text)
                  0000e394    00000488     Display.obj (.text)
                  0000e81c    000002f0     mempool.obj (.text)
                  0000eb0c    000002b8     rtsv7M4_T_le_v4SPD16_eabi.lib : mktime64.c.obj (.text:__mktime64)
                  0000edc4    00000284     UIPServer.obj (.text)
                  0000f048    0000025c     IO_cntrl.obj (.text)
                  0000f2a4    00000230     gprs.obj (.text)
                  0000f4d4    00000210     DS3231.obj (.text)
                  0000f6e4    000001b6     rtsv7M4_T_le_v4SPD16_eabi.lib : fd_add_t2.asm.obj (.text)
                  0000f89a    00000002                                   : stdlib_typeinfo.cpp.obj (.text:_ZNSt9type_infoD1Ev)
                  0000f89c    000001a8     SysTick_Timer.obj (.text)
                  0000fa44    00000192     itoa.obj (.text)
                  0000fbd6    00000002     rtsv7M4_T_le_v4SPD16_eabi.lib : _lock.c.obj (.text:_nop)
                  0000fbd8    0000016c     driverlib.lib : gpio.obj (.text:GPIOPadConfigSet)
                  0000fd44    0000016c     IPAddress.obj (.text)
                  0000feb0    00000136     rtsv7M4_T_le_v4SPD16_eabi.lib : fd_div_t2.asm.obj (.text)
                  0000ffe6    00000002                                   : div0.asm.obj (.text)
                  0000ffe8    00000118     driverlib.lib : sysctl.obj (.text:SysCtlClockGet)
                  00010100    00000100     rtsv7M4_T_le_v4SPD16_eabi.lib : memory.c.obj (.text:aligned_alloc)
                  00010200    000000fc                                   : fd_mul_t2.asm.obj (.text)
                  000102fc    000000f4     driverlib.lib : sysctl.obj (.text:SysCtlClockSet)
                  000103f0    000000e4     rtsv7M4_T_le_v4SPD16_eabi.lib : memory.c.obj (.text:free)
                  000104d4    000000c4     driverlib.lib : eeprom.obj (.text:EEPROMProgram)
                  00010598    0000009c     rtsv7M4_T_le_v4SPD16_eabi.lib : memcpy_t2.asm.obj (.text)
                  00010634    00000096                                   : ull_div_t2.asm.obj (.text)
                  000106ca    00000086                                   : fd_cmp_t2.asm.obj (.text:__aeabi_cdcmple)
                  00010750    00000086                                   : fd_cmp_t2.asm.obj (.text:__aeabi_cdrcmple)
                  000107d6    0000007a     driverlib.lib : adc.obj (.text:ADCSequenceStepConfigure)
                  00010850    0000007a     rtsv7M4_T_le_v4SPD16_eabi.lib : memset_t2.asm.obj (.text)
                  000108ca    00000002     --HOLE-- [fill = 0]
                  000108cc    00000070                                   : memory.c.obj (.text:split)
                  0001093c    0000006e                                   : ll_div_t2.asm.obj (.text)
                  000109aa    00000002     --HOLE-- [fill = 0]
                  000109ac    00000068     driverlib.lib : interrupt.obj (.text:IntEnable)
                  00010a14    00000068     rtsv7M4_T_le_v4SPD16_eabi.lib : copy_decompress_lzss.c.obj (.text:decompress:lzss:__TI_decompress_lzss)
                  00010a7c    00000060                                   : hosttime.c.obj (.text:HOSTtime64)
                  00010adc    00000060                                   : autoinit.c.obj (.text:__TI_auto_init_nobinit:__TI_auto_init_nobinit)
                  00010b3c    0000005c     Print.obj (.text:__isnan)
                  00010b98    00000058     driverlib.lib : gpio.obj (.text:GPIOIntTypeSet)
                  00010bf0    00000054     Print.obj (.text:__isinf)
                  00010c44    00000050     driverlib.lib : sysctl.obj (.text:SysCtlPeripheralReset)
                  00010c94    0000004e                   : adc.obj (.text:ADCSequenceConfigure)
                  00010ce2    00000002     --HOLE-- [fill = 0]
                  00010ce4    0000004c                   : gpio.obj (.text:GPIOPinConfigure)
                  00010d30    0000004c                   : i2c.obj (.text:I2CMasterInitExpClk)
                  00010d7c    0000004c     rtsv7M4_T_le_v4SPD16_eabi.lib : atoi.c.obj (.text:atoi)
                  00010dc8    00000048                                   : exit.c.obj (.text:exit)
                  00010e10    00000048                                   : fd_toi_t2.asm.obj (.text)
                  00010e58    00000046     driverlib.lib : uart.obj (.text:UARTConfigSetExpClk)
                  00010e9e    00000002     --HOLE-- [fill = 0]
                  00010ea0    00000044     rtsv7M4_T_le_v4SPD16_eabi.lib : dtor_list.c.obj (.text:_Z25__add_destruction_to_listPP20a_needed_destructionPFYvPvES2_S2_)
                  00010ee4    00000044                                   : fd_tou_t2.asm.obj (.text)
                  00010f28    00000042                                   : dtor_list.c.obj (.text:_Z23__finalize_destructionsPP20a_needed_destructionPv)
                  00010f6a    00000002     --HOLE-- [fill = 0]
                  00010f6c    00000040     driverlib.lib : eeprom.obj (.text:EEPROMInit)
                  00010fac    00000040     rtsv7M4_T_le_v4SPD16_eabi.lib : u_divt2.asm.obj (.text)
                  00010fec    0000003c     driverlib.lib : ssi.obj (.text:SSIConfigSetExpClk)
                  00011028    0000003c                   : eeprom.obj (.text:_EEPROMSectorMaskSet)
                  00011064    00000038                   : eeprom.obj (.text:EEPROMRead)
                  0001109c    00000038                   : sysctl.obj (.text:SysCtlPeripheralReady)
                  000110d4    00000038     rtsv7M4_T_le_v4SPD16_eabi.lib : trgmsg.c.obj (.text:__TI_writemsg)
                  0001110c    00000038     delay.obj (.text)
                  00011144    00000034     driverlib.lib : sysctl.obj (.text:SysCtlPeripheralDisable)
                  00011178    00000034                   : sysctl.obj (.text:SysCtlPeripheralEnable)
                  000111ac    00000034                   : eeprom.obj (.text:_EEPROMSectorMaskClear)
                  000111e0    00000034     rtsv7M4_T_le_v4SPD16_eabi.lib : trgmsg.c.obj (.text:__TI_readmsg)
                  00011214    00000034                                   : dtor_list.c.obj (.text:__aeabi_atexit)
                  00011248    00000034                                   : boot_cortex_m.c.obj (.text:_c_int00_noargs:_c_int00_noargs)
                  0001127c    00000034                                   : rand.c.obj (.text:rand)
                  000112b0    00000034                                   : strstr.c.obj (.text:strstr)
                  000112e4    0000002e     driverlib.lib : adc.obj (.text:ADCIntStatus)
                  00011312    0000002e     rtsv7M4_T_le_v4SPD16_eabi.lib : i_tofd_t2.asm.obj (.text)
                  00011340    0000002c     driverlib.lib : gpio.obj (.text:GPIODirModeSet)
                  0001136c    0000002c     SPI.obj (.text)
                  00011398    0000002c     rtsv7M4_T_le_v4SPD16_eabi.lib : strncmp.c.obj (.text:strncmp)
                  000113c4    00000028                                   : memory.c.obj (.text:free_list_insert)
                  000113ec    00000024     Print.obj (.text:_ZN5Print5writeEPKc)
                  00011410    00000024     Dhcp.obj (.text:_ZN9IPAddressC1ERKS_)
                  00011434    00000024     Dhcp.obj (.text:_ZThn8_N6UIPUDP4readEPcj)
                  00011458    00000024     rtsv7M4_T_le_v4SPD16_eabi.lib : memcmp.c.obj (.text:memcmp)
                  0001147c    00000024                                   : rand.c.obj (.text:srand)
                  000114a0    00000022     UIPClient.obj (.text:_ZN9UIPClientneERKS_)
                  000114c2    00000002     --HOLE-- [fill = 0]
                  000114c4    00000020     driverlib.lib : uart.obj (.text:UARTDisable)
                  000114e4    00000020     Print.obj (.text:_Z14__libcpp_isinfIdEbT_)
                  00011504    00000020     Print.obj (.text:_Z14__libcpp_isnanIdEbT_)
                  00011524    00000020     rtsv7M4_T_le_v4SPD16_eabi.lib : u_tofd_t2.asm.obj (.text)
                  00011544    0000001e     driverlib.lib : adc.obj (.text:ADCSequenceDataGet)
                  00011562    00000002     --HOLE-- [fill = 0]
                  00011564    0000001c     UIPClient.obj (.text:_ZN5PrintC1Ev)
                  00011580    0000001c     Dhcp.obj (.text:_ZNK9IPAddresseqERKS_)
                  0001159c    0000001c     rtsv7M4_T_le_v4SPD16_eabi.lib : memory.c.obj (.text:free_list_remove)
                  000115b8    0000001c     millis.obj (.text)
                  000115d4    0000001a     driverlib.lib : gpio.obj (.text:GPIOPinTypeGPIOOutput)
                  000115ee    0000001a     Telecom_Ethernet.obj (.text:_ZN9IPAddressaSERKS_)
                  00011608    00000018     driverlib.lib : adc.obj (.text:ADCProcessorTrigger)
                  00011620    00000018     Print.obj (.text:_Z5isinfIdENSt3__29enable_ifIXaasr3std3__213is_arithmeticIT_EE5valuesr3std3__214numeric_limitsIS2_EE12has_infinityEbE4typeES2_)
                  00011638    00000018     Print.obj (.text:_Z5isnanIdENSt3__29enable_ifIXsr3std3__217is_floating_pointIT_EE5valueEbE4typeES2_)
                  00011650    00000018     UIPUdp.obj (.text:_ZN3UDPC1Ev)
                  00011668    00000018     Telecom_Ethernet.obj (.text:_ZN5Print5writeEPKcj)
                  00011680    00000018     UIPClient.obj (.text:_ZN6ClientC1Ev)
                  00011698    00000018     UIPServer.obj (.text:_ZN6ServerC1Ev)
                  000116b0    00000018     Dhcp.obj (.text:_ZN6UIPUDP4readEPcj)
                  000116c8    00000018     Dhcp.obj (.text:_ZN9PrintableC1ERKS_)
                  000116e0    00000018     IPAddress.obj (.text:_ZN9PrintableC1Ev)
                  000116f8    00000018     rtsv7M4_T_le_v4SPD16_eabi.lib : ll_mul_t2.asm.obj (.text)
                  00011710    00000018                                   : strcmp.c.obj (.text:strcmp)
                  00011728    00000016     driverlib.lib : gpio.obj (.text:GPIOPinTypeADC)
                  0001173e    00000016                   : gpio.obj (.text:GPIOPinTypeGPIOInput)
                  00011754    00000016                   : gpio.obj (.text:GPIOPinTypeI2C)
                  0001176a    00000016                   : gpio.obj (.text:GPIOPinTypeI2CSCL)
                  00011780    00000016                   : gpio.obj (.text:GPIOPinTypeSSI)
                  00011796    00000016                   : gpio.obj (.text:GPIOPinTypeUART)
                  000117ac    00000016     UIPClient.obj (.text:_ZN9DNSClientC1Ev)
                  000117c2    00000016     UIPClient.obj (.text:_ZThn8_N9UIPClientD1Ev)
                  000117d8    00000016     UIPServer.obj (.text:_ZThn8_N9UIPServerD1Ev)
                  000117ee    00000002     --HOLE-- [fill = 0]
                  000117f0    00000014     driverlib.lib : systick.obj (.text:SysTickEnable)
                  00011804    00000014                   : systick.obj (.text:SysTickIntEnable)
                  00011818    00000014                   : uart.obj (.text:UARTEnable)
                  0001182c    00000014     Telecom_Ethernet.obj (.text:_ZN6ClientD0Ev)
                  00011840    00000014     UIPServer.obj (.text:_ZN6ServerD0Ev)
                  00011854    00000014     Telecom_Ethernet.obj (.text:_ZN9IPAddressD0Ev)
                  00011868    00000014     Telecom_Ethernet.obj (.text:_ZN9IPAddressixEi)
                  0001187c    00000014     Telecom_Ethernet.obj (.text:_ZN9PrintableD0Ev)
                  00011890    00000014     Telecom_Ethernet.obj (.text:_ZN9UIPClientD0Ev)
                  000118a4    00000014     UIPServer.obj (.text:_ZN9UIPServerD0Ev)
                  000118b8    00000014     rtsv7M4_T_le_v4SPD16_eabi.lib : strcpy.c.obj (.text:strcpy)
                  000118cc    00000014                                   : strlen.c.obj (.text:strlen)
                  000118e0    00000012     driverlib.lib : ssi.obj (.text:SSIDataGetNonBlocking)
                  000118f2    00000012     Telecom_server_query.obj (.text:_Z3absl)
                  00011904    00000012     Telecom_Ethernet.obj (.text:_ZThn8_N9UIPClientD0Ev)
                  00011916    00000012     UIPServer.obj (.text:_ZThn8_N9UIPServerD0Ev)
                  00011928    00000010     driverlib.lib : interrupt.obj (.text:IntMasterEnable)
                  00011938    00000010                   : sysctl.obj (.text:SysCtlReset)
                  00011948    00000010                   : systick.obj (.text:SysTickPeriodSet)
                  00011958    00000010                   : eeprom.obj (.text:_EEPROMWaitForDone)
                  00011968    00000010     UIPEthernet.obj (.text:_ZN9DhcpClassC1Ev)
                  00011978    00000010     Dhcp.obj (.text:_ZN9PrintableC2ERKS_)
                  00011988    00000010     Telecom_Ethernet.obj (.text:_ZN9UIPClientD1Ev)
                  00011998    00000010     UIPServer.obj (.text:_ZN9UIPServerD1Ev)
                  000119a8    00000010     rtsv7M4_T_le_v4SPD16_eabi.lib : time64.c.obj (.text:__time64)
                  000119b8    00000010                                   : isdigit.c.obj (.text:isdigit)
                  000119c8    0000000e     driverlib.lib : adc.obj (.text:ADCSequenceEnable)
                  000119d6    0000000e                   : gpio.obj (.text:GPIOIntStatus)
                  000119e4    0000000e                   : i2c.obj (.text:I2CRxFIFOFlush)
                  000119f2    0000000e                   : i2c.obj (.text:I2CTxFIFOFlush)
                  00011a00    0000000e                   : ssi.obj (.text:SSIDataPutNonBlocking)
                  00011a0e    0000000e                   : uart.obj (.text:UARTCharGetNonBlocking)
                  00011a1c    0000000e                   : uart.obj (.text:UARTCharPutNonBlocking)
                  00011a2a    0000000e                   : uart.obj (.text:UARTCharsAvail)
                  00011a38    0000000e     rtsv7M4_T_le_v4SPD16_eabi.lib : typeinfo.c.obj (.text:_ZN10__cxxabiv117__class_type_infoD0Ev)
                  00011a46    0000000e                                   : typeinfo.c.obj (.text:_ZN10__cxxabiv120__si_class_type_infoD0Ev)
                  00011a54    0000000e                                   : typeinfo.c.obj (.text:_ZN10__cxxabiv121__vmi_class_type_infoD0Ev)
                  00011a62    0000000e     UIPClient.obj (.text:_ZN9DNSClientD1Ev)
                  00011a70    0000000e     Dns.obj (.text:_ZN9IPAddress11raw_addressEv)
                  00011a7e    0000000e     Telecom_Ethernet.obj (.text:_ZN9IPAddressD1Ev)
                  00011a8c    0000000e     Telecom_Ethernet.obj (.text:_ZN9PrintableaSERKS_)
                  00011a9a    0000000e     Print.obj (.text:_ZNK6String5c_strEv)
                  00011aa8    0000000e     Print.obj (.text:_ZNK6String6lengthEv)
                  00011ab6    0000000e     Dns.obj (.text:_ZNK9IPAddresscvjEv)
                  00011ac4    0000000e     rtsv7M4_T_le_v4SPD16_eabi.lib : copy_decompress_none.c.obj (.text:decompress:none:__TI_decompress_none)
                  00011ad2    0000000c     driverlib.lib : cpu.obj (.text:CPUcpsie)
                  00011ade    0000000c                   : gpio.obj (.text:GPIOIntEnable)
                  00011aea    0000000c     UIPUdp.obj (.text:_ZN3UDPC2Ev)
                  00011af6    0000000c     UIPClient.obj (.text:_ZN5PrintC2Ev)
                  00011b02    0000000c     UIPClient.obj (.text:_ZN6ClientC2Ev)
                  00011b0e    0000000c     Telecom_Ethernet.obj (.text:_ZN6ClientD1Ev)
                  00011b1a    0000000c     Telecom_Ethernet.obj (.text:_ZN6ClientD2Ev)
                  00011b26    0000000c     UIPServer.obj (.text:_ZN6ServerC2Ev)
                  00011b32    0000000c     UIPServer.obj (.text:_ZN6ServerD1Ev)
                  00011b3e    0000000c     UIPServer.obj (.text:_ZN6ServerD2Ev)
                  00011b4a    0000000c     IPAddress.obj (.text:_ZN9PrintableC2Ev)
                  00011b56    0000000c     Telecom_Ethernet.obj (.text:_ZN9PrintableD1Ev)
                  00011b62    0000000c     Telecom_Ethernet.obj (.text:_ZN9PrintableD2Ev)
                  00011b6e    00000002     --HOLE-- [fill = 0]
                  00011b70    0000000c     rtsv7M4_T_le_v4SPD16_eabi.lib : dtor_list.c.obj (.text:__cxa_finalize)
                  00011b7c    0000000c                                   : guard.c.obj (.text:__cxa_guard_acquire)
                  00011b88    0000000c                                   : copy_zero_init.c.obj (.text:decompress:ZI:__TI_zero_init)
                  00011b94    0000000c     tm4c1233e6pz_startup_ccs.obj (.text)
                  00011ba0    0000000a     driverlib.lib : adc.obj (.text:ADCIntClear)
                  00011baa    0000000a                   : i2c.obj (.text:I2CMasterEnable)
                  00011bb4    0000000a                   : ssi.obj (.text:SSIEnable)
                  00011bbe    0000000a                   : uart.obj (.text:UARTIntStatus)
                  00011bc8    0000000a     rtsv7M4_T_le_v4SPD16_eabi.lib : guard.c.obj (.text:__cxa_guard_release)
                  00011bd2    00000008     driverlib.lib : i2c.obj (.text:I2CMasterBusy)
                  00011bda    00000008                   : i2c.obj (.text:I2CMasterSlaveAddrSet)
                  00011be2    00000008                   : uart.obj (.text:UARTBusy)
                  00011bea    00000008                   : uart.obj (.text:UARTIntEnable)
                  00011bf2    00000008     rtsv7M4_T_le_v4SPD16_eabi.lib : new.cpp.obj (.text:_ZdlPv)
                  00011bfa    00000008                                   : memory.c.obj (.text:malloc)
                  00011c02    00000006     driverlib.lib : gpio.obj (.text:GPIOIntClear)
                  00011c08    00000006                   : gpio.obj (.text:GPIOPinRead)
                  00011c0e    00000006                   : gpio.obj (.text:GPIOPinWrite)
                  00011c14    00000006                   : sysctl.obj (.text:SysCtlDelay)
                  00011c1a    00000006     rtsv7M4_T_le_v4SPD16_eabi.lib : dtor_list.c.obj (.text:__cxa_ia64_exit)
                  00011c20    00000006                                   : pure_virt.c.obj (.text:__cxa_pure_virtual)
                  00011c26    00000004     driverlib.lib : i2c.obj (.text:I2CMasterControl)
                  00011c2a    00000004                   : i2c.obj (.text:I2CMasterDataGet)
                  00011c2e    00000004                   : i2c.obj (.text:I2CMasterDataPut)
                  00011c32    00000004                   : uart.obj (.text:UARTIntClear)
                  00011c36    00000004     rtsv7M4_T_le_v4SPD16_eabi.lib : typeinfo.c.obj (.text:_ZN10__cxxabiv117__class_type_infoD1Ev)
                  00011c3a    00000004                                   : typeinfo.c.obj (.text:_ZN10__cxxabiv120__si_class_type_infoD1Ev)
                  00011c3e    00000004                                   : typeinfo.c.obj (.text:_ZN10__cxxabiv121__vmi_class_type_infoD1Ev)
                  00011c42    00000004                                   : new.cpp.obj (.text:_ZdlPvj)
                  00011c46    00000004                                   : error.c.obj (.text:__abort_execution)
                  00011c4a    00000004                                   : pre_init.c.obj (.text:_system_pre_init)
                  00011c4e    00000004                                   : exit.c.obj (.text:abort:abort)

.const     0    00011c54    00000710     
                  00011c54    00000101     rtsv7M4_T_le_v4SPD16_eabi.lib : ctype.c.obj (.const:.string:_ctypes_)
                  00011d55    00000003     --HOLE-- [fill = 0]
                  00011d58    00000090     UIPUdp.obj (.const:_ZTV6UIPUDP)
                  00011de8    00000090     driverlib.lib : gpio.obj (.const:g_pui32GPIOBaseAddrs)
                  00011e78    0000008c     UIPClient.obj (.const:_ZTV9UIPClient)
                  00011f04    0000006c     driverlib.lib : sysctl.obj (.const:g_pui32Xtals)
                  00011f70    00000060     rtsv7M4_T_le_v4SPD16_eabi.lib : mktime64.c.obj (.const:$O1$$)
                  00011fd0    00000048     UIPUdp.obj (.const:_ZTV3UDP)
                  00012018    00000041     _common.obj (.const:.string:$P$T0$1)
                  00012059    00000003     --HOLE-- [fill = 0]
                  0001205c    00000040     UIPClient.obj (.const:_ZTV6Client)
                  0001209c    00000034     UIPServer.obj (.const:_ZTV9UIPServer)
                  000120d0    00000026     rtsv7M4_T_le_v4SPD16_eabi.lib : typeinfo.c.obj (.const:.typeinfo:_ZTSN10__cxxabiv121__vmi_class_type_infoE)
                  000120f6    00000025                                   : typeinfo.c.obj (.const:.typeinfo:_ZTSN10__cxxabiv120__si_class_type_infoE)
                  0001211b    00000001     --HOLE-- [fill = 0]
                  0001211c    00000024     Clock.obj (.const:$P$T0$1)
                  00012140    00000022     rtsv7M4_T_le_v4SPD16_eabi.lib : typeinfo.c.obj (.const:.typeinfo:_ZTSN10__cxxabiv117__class_type_infoE)
                  00012162    00000002     --HOLE-- [fill = 0]
                  00012164    00000020     UIPUdp.obj (.const:.typeinfo:_ZTI6UIPUDP)
                  00012184    00000020     UIPClient.obj (.const:.typeinfo:_ZTI9UIPClient)
                  000121a4    00000020     UIPServer.obj (.const:.typeinfo:_ZTI9UIPServer)
                  000121c4    00000019     Telecom_Ethernet.obj (.const:.string:$P$T5$5)
                  000121dd    00000003     --HOLE-- [fill = 0]
                  000121e0    00000014     UIPServer.obj (.const:_ZTV6Server)
                  000121f4    00000014     IPAddress.obj (.const:_ZTV9IPAddress)
                  00012208    00000014     Dhcp.obj (.const:_ZTV9Printable)
                  0001221c    00000014     driverlib.lib : interrupt.obj (.const:g_pui32EnRegs)
                  00012230    00000010     Print.obj (.const:_ZTV5Print)
                  00012240    00000010     rtsv7M4_T_le_v4SPD16_eabi.lib : typeinfo.c.obj (.const:_ZTVN10__cxxabiv117__class_type_infoE)
                  00012250    00000010                                   : typeinfo.c.obj (.const:_ZTVN10__cxxabiv120__si_class_type_infoE)
                  00012260    00000010                                   : typeinfo.c.obj (.const:_ZTVN10__cxxabiv121__vmi_class_type_infoE)
                  00012270    0000000d                                   : stdlib_typeinfo.cpp.obj (.const:.typeinfo:_ZTSSt9type_info)
                  0001227d    00000003     --HOLE-- [fill = 0]
                  00012280    0000000c     IPAddress.obj (.const:.typeinfo:_ZTI9IPAddress)
                  0001228c    0000000c     rtsv7M4_T_le_v4SPD16_eabi.lib : typeinfo.c.obj (.const:.typeinfo:_ZTIN10__cxxabiv117__class_type_infoE)
                  00012298    0000000c                                   : typeinfo.c.obj (.const:.typeinfo:_ZTIN10__cxxabiv120__si_class_type_infoE)
                  000122a4    0000000c                                   : typeinfo.c.obj (.const:.typeinfo:_ZTIN10__cxxabiv121__vmi_class_type_infoE)
                  000122b0    0000000b     IPAddress.obj (.const:.typeinfo:_ZTS9IPAddress)
                  000122bb    0000000b     Dhcp.obj (.const:.typeinfo:_ZTS9Printable)
                  000122c6    0000000b     UIPClient.obj (.const:.typeinfo:_ZTS9UIPClient)
                  000122d1    0000000b     UIPServer.obj (.const:.typeinfo:_ZTS9UIPServer)
                  000122dc    00000008     Clock.obj (.const:$P$T1$2)
                  000122e4    00000008     Telecom_Ethernet.obj (.const:.string:$P$T7$12)
                  000122ec    00000008     UIPUdp.obj (.const:.typeinfo:_ZTI3UDP)
                  000122f4    00000008     Print.obj (.const:.typeinfo:_ZTI5Print)
                  000122fc    00000008     UIPClient.obj (.const:.typeinfo:_ZTI6Client)
                  00012304    00000008     UIPServer.obj (.const:.typeinfo:_ZTI6Server)
                  0001230c    00000008     Dhcp.obj (.const:.typeinfo:_ZTI9Printable)
                  00012314    00000008     rtsv7M4_T_le_v4SPD16_eabi.lib : stdlib_typeinfo.cpp.obj (.const:.typeinfo:_ZTISt9type_info)
                  0001231c    00000008     UIPClient.obj (.const:.typeinfo:_ZTS6Client)
                  00012324    00000008     UIPServer.obj (.const:.typeinfo:_ZTS6Server)
                  0001232c    00000008     UIPUdp.obj (.const:.typeinfo:_ZTS6UIPUDP)
                  00012334    00000007     Print.obj (.const:.typeinfo:_ZTS5Print)
                  0001233b    00000006     Telecom_Ethernet.obj (.const:.string:$P$T3$1)
                  00012341    00000006     UIPEthernet.obj (.const:.string:$P$T6$1)
                  00012347    00000006     Telecom_Ethernet.obj (.const:.string:$P$T6$8)
                  0001234d    00000006     uip_arp.obj (.const:broadcast_ethaddr)
                  00012353    00000005     UIPUdp.obj (.const:.typeinfo:_ZTS3UDP)
                  00012358    00000004     uip.obj (.const:all_ones_addr)
                  0001235c    00000004     uip.obj (.const:all_zeroes_addr)
                  00012360    00000004     uip_arp.obj (.const:broadcast_ipaddr)

.cinit     0    00012388    00000080     
                  00012388    00000056     (.cinit..data.load) [load image, compression = lzss]
                  000123de    00000002     --HOLE-- [fill = 0]
                  000123e0    0000000c     (__TI_handler_table)
                  000123ec    00000004     --HOLE-- [fill = 0]
                  000123f0    00000008     (.cinit..bss.load) [load image, compression = zero_init]
                  000123f8    00000010     (__TI_cinit_table)

.init_array 
*          0    00012364    00000024     
                  00012364    00000004     IPAddress.obj (.init_array)
                  00012368    00000004     UIPUdp.obj (.init_array)
                  0001236c    00000004     UIPServer.obj (.init_array)
                  00012370    00000004     UIPEthernet.obj (.init_array)
                  00012374    00000004     UIPClient.obj (.init_array)
                  00012378    00000004     Dns.obj (.init_array)
                  0001237c    00000004     Dhcp.obj (.init_array)
                  00012380    00000004     main.obj (.init_array)
                  00012384    00000004     Telecom_Ethernet.obj (.init_array)

.bss       0    20000000    0000278c     UNINITIALIZED
                  20000000    00000a34     (.common:ethernet_rx_buff)
                  20000a34    00000a30     (.common:ethernet_tx_buff)
                  20001464    00000230     (.common:_ZN10MemoryPool6blocksE)
                  20001694    000001fc     (.common:gprs_rx_buff)
                  20001890    000001fc     (.common:gprs_tx_buff)
                  20001a8c    00000188     (.common:dummy_json_string)
                  20001c14    0000017c     (.common:adc)
                  20001d90    00000130     (.common:display_tx)
                  20001ec0    00000120     rtsv7M4_T_le_v4SPD16_eabi.lib : trgmsg.c.obj (.bss:_CIOBUF_)
                  20001fe0    000000d6     (.common:cloud_config)
                  200020b6    00000002     (.common:EXTI_cnt)
                  200020b8    000000a0     (.common:display_uart_rx)
                  20002158    000000a0     (.common:pc_uart_rx)
                  200021f8    00000080     (.common:e2p_cloud_config)
                  20002278    00000080     (.common:uip_conns)
                  200022f8    00000070     (.common:_ZN9UIPClient8all_dataE)
                  20002368    00000064     (.common:uip_buf)
                  200023cc    00000060     uip_arp.obj (.bss:arp_table)
                  2000242c    0000005c     UIPEthernet.obj (.bss:s_dhcp)
                  20002488    00000050     (.common:pc_uart_tx)
                  200024d8    00000043     (.common:gps)
                  2000251b    00000040     (.common:FL_log_data)
                  2000255b    00000001     UIPEthernet.obj (.bss:UIPEthernet)
                  2000255c    00000040     (.common:uip_udp_conns)
                  2000259c    00000036     (.common:ram_data)
                  200025d2    0000001f     (.common:time_main)
                  200025f1    0000001c     (.common:measurements)
                  2000260d    00000001     (.common:System_mode)
                  2000260e    00000002     (.common:_ZN15Enc28J60Network13nextPacketPtrE)
                  20002610    00000014     (.common:gprs)
                  20002624    00000012     (.common:freq_updated_data)
                  20002636    00000002     (.common:gprs_rx_isr_handler)
                  20002638    00000010     Telecom_Ethernet.obj (.bss:Eclient)
                  20002648    00000010     Telecom_Ethernet.obj (.bss:client)
                  20002658    00000010     (.common:e2p_device_info)
                  20002668    00000010     (.common:e2p_location_info)
                  20002678    0000000e     (.common:scheduler)
                  20002686    0000000c     Telecom_Ethernet.obj (.bss)
                  20002692    0000000c     (.common:Alarms)
                  2000269e    0000000b     (.common:Telecom_Ethernet)
                  200026a9    00000001     (.common:gps_handler_state)
                  200026aa    00000002     (.common:uip_len)
                  200026ac    00000008     Dhcp.obj (.bss)
                  200026b4    00000008     Dhcp.obj (.bss:INADDR_NONE)
                  200026bc    00000008     Dns.obj (.bss:INADDR_NONE)
                  200026c4    00000008     IPAddress.obj (.bss:INADDR_NONE)
                  200026cc    00000008     Telecom_Ethernet.obj (.bss:INADDR_NONE)
                  200026d4    00000008     UIPClient.obj (.bss:INADDR_NONE)
                  200026dc    00000008     UIPEthernet.obj (.bss:INADDR_NONE)
                  200026e4    00000008     UIPServer.obj (.bss:INADDR_NONE)
                  200026ec    00000008     UIPUdp.obj (.bss:INADDR_NONE)
                  200026f4    00000008     main.obj (.bss:INADDR_NONE)
                  200026fc    00000008     UIPEthernet.obj (.bss:_ZN16UIPEthernetClass17_dnsServerAddressE)
                  20002704    00000008     uip.obj (.bss)
                  2000270c    00000008     (.common:e2p_config_time)
                  20002714    00000008     (.common:e2p_router_config)
                  2000271c    00000008     (.common:gps_data)
                  20002724    00000008     (.common:parmbuf)
                  2000272c    00000008     (.common:uip_listenports)
                  20002734    00000006     (.common:_ZN15Enc28J60Network10receivePktE)
                  2000273a    00000006     (.common:time_stamp)
                  20002740    00000004     UIPClient.obj (.bss:_ZZN9UIPClient7connectE9IPAddresstE4conn)
                  20002744    00000004     uip_arp.obj (.bss:ipaddr)
                  20002748    00000004     uip.obj (.bss:iss)
                  2000274c    00000004     uip_arp.obj (.bss)
                  20002750    00000004     (.common:Telecom_server_query)
                  20002754    00000004     (.common:_ZN16UIPEthernetClass14periodic_timerE)
                  20002758    00000004     (.common:__dso_handle)
                  2000275c    00000004     (.common:_millis)
                  20002760    00000004     (.common:startTime)
                  20002764    00000004     (.common:u32DelayCounter)
                  20002768    00000004     (.common:uip_acc32)
                  2000276c    00000004     (.common:uip_appdata)
                  20002770    00000004     (.common:uip_conn)
                  20002774    00000004     (.common:uip_draddr)
                  20002778    00000004     (.common:uip_hostaddr)
                  2000277c    00000004     (.common:uip_netmask)
                  20002780    00000004     (.common:uip_sappdata)
                  20002784    00000004     (.common:uip_udp_conn)
                  20002788    00000002     (.common:uip_slen)
                  2000278a    00000001     (.common:router_mode)
                  2000278b    00000001     (.common:uip_flags)

.stack     0    20002790    00001800     UNINITIALIZED
                  20002790    00000004     rtsv7M4_T_le_v4SPD16_eabi.lib : boot_cortex_m.c.obj (.stack)
                  20002794    000017fc     --HOLE--

.data      0    20003f90    000000b0     UNINITIALIZED
                  20003f90    0000001b     Telecom_server_query.obj (.data:server_response_str)
                  20003fab    00000001     Dhcp.obj (.data)
                  20003fac    00000010     flash_logger.obj (.data:FL_data)
                  20003fbc    00000010     rtsv7M4_T_le_v4SPD16_eabi.lib : tmzone.c.obj (.data:_tz)
                  20003fcc    0000000d     Telecom_Ethernet.obj (.data)
                  20003fd9    00000001     UIPClient.obj (.data:_ZZN9UIPClient7connectE9IPAddresstE10first_call)
                  20003fda    00000002     UIPClient.obj (.data:_ZZN9UIPClient7connectE9IPAddresstE7timeout)
                  20003fdc    0000000c     rtsv7M4_T_le_v4SPD16_eabi.lib : exit.c.obj (.data:$O1$$)
                  20003fe8    0000000c     gps.obj (.data)
                  20003ff4    00000008     rtsv7M4_T_le_v4SPD16_eabi.lib : _lock.c.obj (.data:$O1$$)
                  20003ffc    00000008                                   : memory.c.obj (.data:$O1$$)
                  20004004    00000004     Enc28J60Network.obj (.data)
                  20004008    00000008     ADC_Core.obj (.data)
                  20004010    00000008     UIPEthernet.obj (.data)
                  20004018    00000008     UartCore.obj (.data)
                  20004020    00000008     main.obj (.data)
                  20004028    00000006     uip.obj (.data:uip_ethaddr)
                  2000402e    00000002     --HOLE--
                  20004030    00000004     SysTick_Timer.obj (.data)
                  20004034    00000004     _common.obj (.data)
                  20004038    00000004     rtsv7M4_T_le_v4SPD16_eabi.lib : dtor_list.c.obj (.data)
                  2000403c    00000004                                   : rand.c.obj (.data)

.sysmem    0    20004040    00000010     UNINITIALIZED
                  20004040    00000010     rtsv7M4_T_le_v4SPD16_eabi.lib : memory.c.obj (.sysmem)

__llvm_prf_cnts 
*          0    20000000    00000000     UNINITIALIZED

MODULE SUMMARY

       Module                         code    ro data   rw data
       ------                         ----    -------   -------
    .\
       tm4c1233e6pz_startup_ccs.obj   12      620       0      
    +--+------------------------------+-------+---------+---------+
       Total:                         12      620       0      
                                                               
    .\Sources\
       Telecom_Ethernet.obj           5500    49        5296   
       Telecom_server_query.obj       3922    0         423    
       Clock.obj                      3952    44        37     
       gps.obj                        3456    0         88     
       flash_logger.obj               3304    0         152    
       E2P.obj                        2608    0         390    
       PC_Cmds.obj                    2668    0         1      
       flashCore.obj                  2496    0         0      
       UartCore.obj                   1716    0         712    
       ADC_Core.obj                   1988    0         416    
       gprs.obj                       560     0         1038   
       main.obj                       1540    4         28     
       _common.obj                    1228    65        4      
       Display.obj                    1160    0         0      
       IO_cntrl.obj                   604     0         3      
       DS3231.obj                     528     0         0      
       SysTick_Timer.obj              424     0         22     
       delay.obj                      56      0         0      
       SPI.obj                        44      0         0      
    +--+------------------------------+-------+---------+---------+
       Total:                         37754   162       8610   
                                                               
    .\Sources\UIPEthernet\
       UIPClient.obj                  3192    267       127    
       Dhcp.obj                       3088    43        21     
       UIPEthernet.obj                2800    10        121    
       UIPUdp.obj                     1976    273       8      
       Dns.obj                        1484    4         8      
       UIPServer.obj                  800     135       8      
    +--+------------------------------+-------+---------+---------+
       Total:                         13340   732       293    
                                                               
    .\Sources\UIPEthernet\mbed\
       Print.obj                      1816    31        0      
       IPAddress.obj                  400     47        8      
       itoa.obj                       402     0         0      
       millis.obj                     28      0         4      
    +--+------------------------------+-------+---------+---------+
       Total:                         2646    78        12     
                                                               
    .\Sources\UIPEthernet\utility\
       uip.obj                        5476    8         355    
       Enc28J60Network.obj            2964    0         12     
       uip_arp.obj                    1508    10        104    
       mempool.obj                    752     0         560    
    +--+------------------------------+-------+---------+---------+
       Total:                         10700   18        1031   
                                                               
    C:/ti/TivaWare_C_Series-2.2.0.295/driverlib/ccs/Debug/driverlib.lib
       gpio.obj                       774     144       0      
       sysctl.obj                     786     108       0      
       eeprom.obj                     444     0         0      
       adc.obj                        324     0         0      
       uart.obj                       194     0         0      
       i2c.obj                        142     0         0      
       interrupt.obj                  120     20        0      
       ssi.obj                        102     0         0      
       systick.obj                    56      0         0      
       cpu.obj                        12      0         0      
    +--+------------------------------+-------+---------+---------+
       Total:                         2954    272       0      
                                                               
    C:\ti\ccs1110\ccs\tools\compiler\ti-cgt-arm_20.2.6.LTS\lib\rtsv7M4_T_le_v4SPD16_eabi.lib
       mktime64.c.obj                 696     96        0      
       memory.c.obj                   672     0         8      
       fd_add_t2.asm.obj              438     0         0      
       trgmsg.c.obj                   108     0         288    
       fd_div_t2.asm.obj              310     0         0      
       fd_cmp_t2.asm.obj              268     0         0      
       ctype.c.obj                    0       257       0      
       fd_mul_t2.asm.obj              252     0         0      
       typeinfo.c.obj                 54      193       0      
       dtor_list.c.obj                204     0         8      
       memcpy_t2.asm.obj              156     0         0      
       ull_div_t2.asm.obj             150     0         0      
       memset_t2.asm.obj              122     0         0      
       ll_div_t2.asm.obj              110     0         0      
       copy_decompress_lzss.c.obj     104     0         0      
       autoinit.c.obj                 96      0         0      
       hosttime.c.obj                 96      0         0      
       rand.c.obj                     88      0         4      
       exit.c.obj                     76      0         12     
       atoi.c.obj                     76      0         0      
       fd_toi_t2.asm.obj              72      0         0      
       fd_tou_t2.asm.obj              68      0         0      
       u_divt2.asm.obj                64      0         0      
       boot_cortex_m.c.obj            52      0         0      
       strstr.c.obj                   52      0         0      
       i_tofd_t2.asm.obj              46      0         0      
       strncmp.c.obj                  44      0         0      
       memcmp.c.obj                   36      0         0      
       u_tofd_t2.asm.obj              32      0         0      
       ll_mul_t2.asm.obj              24      0         0      
       strcmp.c.obj                   24      0         0      
       stdlib_typeinfo.cpp.obj        2       21        0      
       guard.c.obj                    22      0         0      
       strcpy.c.obj                   20      0         0      
       strlen.c.obj                   20      0         0      
       isdigit.c.obj                  16      0         0      
       time64.c.obj                   16      0         0      
       tmzone.c.obj                   0       0         16     
       copy_decompress_none.c.obj     14      0         0      
       copy_zero_init.c.obj           12      0         0      
       new.cpp.obj                    12      0         0      
       _lock.c.obj                    2       0         8      
       hostopen.c.obj                 0       0         8      
       pure_virt.c.obj                6       0         0      
       error.c.obj                    4       0         0      
       pre_init.c.obj                 4       0         0      
       div0.asm.obj                   2       0         0      
    +--+------------------------------+-------+---------+---------+
       Total:                         4742    567       352    
                                                               
       Heap:                          0       0         16     
       Stack:                         0       0         6144   
       Linker Generated:              0       122       0      
    +--+------------------------------+-------+---------+---------+
       Grand Total:                   72148   2571      16458  


LINKER GENERATED COPY TABLES

__TI_cinit_table @ 000123f8 records: 2, size/record: 8, table size: 16
	.data: load addr=00012388, load size=00000056 bytes, run addr=20003f90, run size=000000b0 bytes, compression=lzss
	.bss: load addr=000123f0, load size=00000008 bytes, run addr=20000000, run size=0000278c bytes, compression=zero_init


LINKER GENERATED HANDLER TABLE

__TI_handler_table @ 000123e0 records: 3, size/record: 4, table size: 12
	index: 0, handler: __TI_decompress_lzss
	index: 1, handler: __TI_decompress_none
	index: 2, handler: __TI_zero_init


GLOBAL SYMBOLS: SORTED ALPHABETICALLY BY Name 

address   name                                                                                                                          
-------   ----                                                                                                                          
00011ba1  ADCIntClear                                                                                                                   
000112e5  ADCIntStatus                                                                                                                  
00011609  ADCProcessorTrigger                                                                                                           
00010c95  ADCSequenceConfigure                                                                                                          
00011545  ADCSequenceDataGet                                                                                                            
000119c9  ADCSequenceEnable                                                                                                             
000107d7  ADCSequenceStepConfigure                                                                                                      
20004008  ADC_RAW_MAX                                                                                                                   
20002692  Alarms                                                                                                                        
00011c4f  C$$EXIT                                                                                                                       
00011103  C$$IO$$                                                                                                                       
00011ad3  CPUcpsie                                                                                                                      
0000c1c9  DEBUGUARTIntHandler                                                                                                           
0000c3b7  DISPLAYUARTIntHandler                                                                                                         
00010f6d  EEPROMInit                                                                                                                    
000104d5  EEPROMProgram                                                                                                                 
00011065  EEPROMRead                                                                                                                    
20004004  ENC28J60ControlCS                                                                                                             
200020b6  EXTI_cnt                                                                                                                      
20002638  Eclient                                                                                                                       
2000251b  FL_log_data                                                                                                                   
0000f049  GPIODIntHandler                                                                                                               
00011341  GPIODirModeSet                                                                                                                
00011c03  GPIOIntClear                                                                                                                  
00011adf  GPIOIntEnable                                                                                                                 
000119d7  GPIOIntStatus                                                                                                                 
00010b99  GPIOIntTypeSet                                                                                                                
0000fbd9  GPIOPadConfigSet                                                                                                              
00010ce5  GPIOPinConfigure                                                                                                              
00011c09  GPIOPinRead                                                                                                                   
00011729  GPIOPinTypeADC                                                                                                                
0001173f  GPIOPinTypeGPIOInput                                                                                                          
000115d5  GPIOPinTypeGPIOOutput                                                                                                         
00011755  GPIOPinTypeI2C                                                                                                                
0001176b  GPIOPinTypeI2CSCL                                                                                                             
00011781  GPIOPinTypeSSI                                                                                                                
00011797  GPIOPinTypeUART                                                                                                               
00011c0f  GPIOPinWrite                                                                                                                  
00010a7d  HOSTtime64                                                                                                                    
00011bd3  I2CMasterBusy                                                                                                                 
00011c27  I2CMasterControl                                                                                                              
00011c2b  I2CMasterDataGet                                                                                                              
00011c2f  I2CMasterDataPut                                                                                                              
00011bab  I2CMasterEnable                                                                                                               
00010d31  I2CMasterInitExpClk                                                                                                           
00011bdb  I2CMasterSlaveAddrSet                                                                                                         
000119e5  I2CRxFIFOFlush                                                                                                                
000119f3  I2CTxFIFOFlush                                                                                                                
000109ad  IntEnable                                                                                                                     
00011929  IntMasterEnable                                                                                                               
0000c353  LTEUARTIntHandler                                                                                                             
00011b95  ResetISR                                                                                                                      
00012364  SHT$$INIT_ARRAY$$Base                                                                                                         
00012388  SHT$$INIT_ARRAY$$Limit                                                                                                        
00010fed  SSIConfigSetExpClk                                                                                                            
000118e1  SSIDataGetNonBlocking                                                                                                         
00011a01  SSIDataPutNonBlocking                                                                                                         
00011bb5  SSIEnable                                                                                                                     
0000ffe9  SysCtlClockGet                                                                                                                
000102fd  SysCtlClockSet                                                                                                                
00011c15  SysCtlDelay                                                                                                                   
00011145  SysCtlPeripheralDisable                                                                                                       
00011179  SysCtlPeripheralEnable                                                                                                        
0001109d  SysCtlPeripheralReady                                                                                                         
00010c45  SysCtlPeripheralReset                                                                                                         
00011939  SysCtlReset                                                                                                                   
000117f1  SysTickEnable                                                                                                                 
00011805  SysTickIntEnable                                                                                                              
0000f8b9  SysTickIntHandler                                                                                                             
00011949  SysTickPeriodSet                                                                                                              
000115c1  SysTick_Handler                                                                                                               
2000260d  System_mode                                                                                                                   
2000269e  Telecom_Ethernet                                                                                                              
20002750  Telecom_server_query                                                                                                          
00011be3  UARTBusy                                                                                                                      
00011a0f  UARTCharGetNonBlocking                                                                                                        
00011a1d  UARTCharPutNonBlocking                                                                                                        
00011a2b  UARTCharsAvail                                                                                                                
00010e59  UARTConfigSetExpClk                                                                                                           
000114c5  UARTDisable                                                                                                                   
00011819  UARTEnable                                                                                                                    
00011c33  UARTIntClear                                                                                                                  
00011beb  UARTIntEnable                                                                                                                 
00011bbf  UARTIntStatus                                                                                                                 
2000255b  UIPEthernet                                                                                                                   
0000b14b  _Z10Chip_Erasev                                                                                                               
0000b8d3  _Z10GetAdcDatav                                                                                                               
0000f533  _Z10I2CReceivev                                                                                                               
0000f261  _Z10ToggleLEDsv                                                                                                               
00002efd  _Z10asUnixTimeiiiiii                                                                                                          
00005ebd  _Z10clear_logsv                                                                                                               
000048e1  _Z10getREQmodev                                                                                                               
0000df2b  _Z10my_sprintfPciz                                                                                                            
000048cd  _Z10setREQmode13gprs_status_t                                                                                                 
00003609  _Z10update_rtcPci                                                                                                             
000020a1  _Z10ws_connectv                                                                                                               
00002481  _Z10ws_disconnv                                                                                                               
0000af77  _Z11SetSI_Inputv                                                                                                              
0000af9b  _Z11SetSO_Inputv                                                                                                              
0000c4d1  _Z11Usendbufferj                                                                                                              
00005f0b  _Z11clear_flashv                                                                                                              
0000e2f7  _Z11count_commaPct                                                                                                            
0000ab75  _Z11flashCopyMRPcS_                                                                                                           
0000ded5  _Z11getChecksumPhc                                                                                                            
00003239  _Z11getDateTimev                                                                                                              
00005f65  _Z11get_log_cnti                                                                                                              
0000f2f1  _Z11get_rx_dataPc                                                                                                             
00004d75  _Z11gps_handlerv                                                                                                              
0000cbd1  _Z11init_configv                                                                                                              
0000f47d  _Z11setNWstatus13gprs_status_t                                                                                                
0000f4d5  _Z11vRTCI2CInitv                                                                                                              
0000b16d  _Z12ADC_PortIniti                                                                                                             
00003bb9  _Z12Query_decodePcPKcS_i                                                                                                      
0000ae97  _Z12Sector_Erasem                                                                                                             
0000af69  _Z12SetSI_Outputv                                                                                                             
0000af85  _Z12SetSO_Outputv                                                                                                             
00002f4d  _Z12calcTimeDiff12time_stamp_tS_                                                                                              
0000f323  _Z12check_stringPKcPcPi                                                                                                       
00005ee9  _Z12clear_log_idv                                                                                                             
0000a9dd  _Z12flashSwResetv                                                                                                             
00005d5b  _Z12flashWriteTRv                                                                                                             
0000f491  _Z12getNW_statusv                                                                                                             
0000c9b3  _Z12getRAM_Alarmv                                                                                                             
00004af9  _Z12get_locationv                                                                                                             
0000601d  _Z12get_log_dataimPc                                                                                                          
00002941  _Z12get_pkt_recvv                                                                                                             
00003adb  _Z12is_leap_yearh                                                                                                             
00003fa7  _Z12server_queryv                                                                                                             
0000c97b  _Z12setRAM_Alarm16Alarm_sts_bits_tb                                                                                           
00002947  _Z12set_pkt_recvb                                                                                                             
0000f23b  _Z12vEXTIpinInitv                                                                                                             
0000f1db  _Z12vGPIO_Togglejhh                                                                                                           
0000f19f  _Z12vLEDGPIOInitv                                                                                                             
0000c10f  _Z12vLTEUARTInitv                                                                                                             
0001136d  _Z13SPI_transrecvjh                                                                                                           
00003895  _Z13add_date_timeP12time_stamp_tS0_j                                                                                          
0000e16d  _Z13delete_SubStrPcS_c                                                                                                        
0000a9f5  _Z13enable_wp_pinv                                                                                                            
0000183f  _Z13ethernet_initv                                                                                                            
0000c5d9  _Z13flushRxBufferi                                                                                                            
0000c62d  _Z13flushTxBufferi                                                                                                            
0000c9f1  _Z13getRAM_Statusv                                                                                                            
0000a32b  _Z13get_device_idv                                                                                                            
0000c9b9  _Z13setRAM_Statushb                                                                                                           
0000a289  _Z13set_device_idPc                                                                                                           
0000f9df  _Z13vMAIN_DelayMSj                                                                                                            
0000c3f9  _Z13vUART_SendChrjh                                                                                                           
0000c499  _Z13vUART_SendIntji                                                                                                           
0000c42d  _Z13vUART_SendStrjPKh                                                                                                         
0000a7ad  _Z14Reset_Hold_Lowv                                                                                                           
0000378d  _Z14StrToTimeStampPh                                                                                                          
000114e5  _Z14__libcpp_isinfIdEbT_                                                                                                      
00011505  _Z14__libcpp_isnanIdEbT_                                                                                                      
000026d5  _Z14ether_tcp_sendPci                                                                                                         
00003097  _Z14getDaysOfMonthcj                                                                                                          
00005843  _Z14get_gps_statusv                                                                                                           
0000aaa5  _Z14readContToBuffmjPc                                                                                                        
0000584b  _Z14set_gps_status12gps_status_t                                                                                              
0000c0c5  _Z14vDEBUGUARTInitv                                                                                                           
0000ca69  _Z14write_defaultsj                                                                                                           
0000e509  _Z15Data_Screen_lcdv                                                                                                          
00002b15  _Z15HTTP_valid_codePc                                                                                                         
0000a7bb  _Z15Reset_Hold_Highv                                                                                                          
00002da3  _Z15check_date_timePcS_                                                                                                       
000071d7  _Z15ether_cs_activev                                                                                                          
00002279  _Z15ether_ping_sendv                                                                                                          
0000a89f  _Z15flashClrTR_Logsv                                                                                                          
00005879  _Z15flashWriteMR_BRv                                                                                                          
0000f2b1  _Z15generateMaskKeyPh                                                                                                         
0000f4ad  _Z15getServerStatusv                                                                                                          
0000f441  _Z15get_upload_datav                                                                                                          
0000f45d  _Z15get_webconn_stsv                                                                                                          
000052e1  _Z15gps_pkt_parsingP10gps_info_tPc                                                                                            
0000a843  _Z15init_flash_pinsv                                                                                                          
0000f499  _Z15setServerStatus13gprs_status_t                                                                                            
0000f42d  _Z15set_upload_data13upload_data_t                                                                                            
0000f449  _Z15set_webconn_stsh                                                                                                          
0000c8dd  _Z15update_ram_datav                                                                                                          
0000f09d  _Z15vGPIOPortEnablev                                                                                                          
00009d7d  _Z15vPERIPH_E2PInitv                                                                                                          
0000c465  _Z15vUART_SendBytesjPKhj                                                                                                      
0000e395  _Z16PrepareLcdBufferPhcc                                                                                                      
0000b899  _Z16calculate_AC_ADCv                                                                                                         
000062fb  _Z16check_unsent_logv                                                                                                         
00009311  _Z16decodeMsgPC_Uartv                                                                                                         
0000263b  _Z16ether_valid_codePc                                                                                                        
00001a31  _Z16ethernet_handlerv                                                                                                         
0000ac1b  _Z16flashEraseBackupv                                                                                                         
0000ab17  _Z16flashEraseMasterv                                                                                                         
0000abbd  _Z16flashEraseSectormm                                                                                                        
00005d17  _Z16flashGetSerMR_BRv                                                                                                         
00004921  _Z16getClientMSGTypev                                                                                                         
00004905  _Z16getServerReqTypev                                                                                                         
00003571  _Z16get_present_timeP12time_stamp_t                                                                                           
00009ceb  _Z16get_system_statev                                                                                                         
0000490d  _Z16setClientMSGType21client_message_type_t                                                                                   
000048f1  _Z16setServerReqType21server_request_type_t                                                                                   
00009cd7  _Z16set_system_state10sys_mode_t                                                                                              
00002c55  _Z16update_date_timev                                                                                                         
0000c16b  _Z16vDISPLAYUARTInitv                                                                                                         
000017d1  _Z16vETHERNETSPIInitv                                                                                                         
0000f151  _Z16vGPIO_UnlockGPIOjh                                                                                                        
0000f1b5  _Z16vPERIPH_GPIOInitv                                                                                                         
0000c1b9  _Z16vPERIPH_UARTInitv                                                                                                         
00005e79  _Z16validate_FL_addrcm                                                                                                        
000046f5  _Z16websocket_packetPh                                                                                                        
000047fd  _Z17HandleQueryStatesv                                                                                                        
00003151  _Z17check_expire_time12time_stamp_tS_                                                                                         
0000a5f9  _Z17cloud_config_datav                                                                                                        
0000a111  _Z17e2p_read_cfg_timev                                                                                                        
0000a021  _Z17e2p_read_locationv                                                                                                        
000071e5  _Z17ether_cs_inactivev                                                                                                        
00001f6d  _Z17ether_tcp_connectv                                                                                                        
0000a7e5  _Z17flash_port_assignv                                                                                                        
0000e231  _Z17generateRandomKeyiPc                                                                                                      
0000b801  _Z17getBatteryVoltagev                                                                                                        
0000b84d  _Z17getChargerVoltagev                                                                                                        
00004309  _Z17prepare_JSON_pcktv                                                                                                        
0000644d  _Z17save_TELECOM_datav                                                                                                        
00009cb9  _Z17tx_pending_dataPCv                                                                                                        
0000c9f7  _Z17vPERIPH_ClockInitv                                                                                                        
0000f413  _Z18check_string_nobufPKc                                                                                                     
00002e7b  _Z18convertToEpochTimePK12time_stamp_t                                                                                        
00009e85  _Z18e2p_read_cloud_cfgv                                                                                                       
0000a0b7  _Z18e2p_write_cfg_timev                                                                                                       
00009fcd  _Z18e2p_write_locationv                                                                                                       
000028f7  _Z18ether_respos_recvdPc                                                                                                      
0000ac6d  _Z18flashPacketProgramPctm                                                                                                    
0000a5af  _Z18get_fixed_locationv                                                                                                       
00004875  _Z18prepare_server_pktv                                                                                                       
0000a39d  _Z18set_fixed_locationPc                                                                                                      
0000f201  _Z18vInput_PollingReadv                                                                                                       
00003b31  _Z19check_dateTime_dataP12time_stamp_t                                                                                        
00009f43  _Z19e2p_read_device_cfgv                                                                                                      
00009e55  _Z19e2p_write_cloud_cfgv                                                                                                      
0000a8e9  _Z19flashClrFreqUpdLogsv                                                                                                      
0000268b  _Z19flush_ether_rx_buffv                                                                                                      
000026ab  _Z19flush_ether_tx_buffv                                                                                                      
[...]
0001209c  _ZTV9UIPServer                                                                                                                
000120d0  _ZTSN10__cxxabiv121__vmi_class_type_infoE                                                                                     
000120f6  _ZTSN10__cxxabiv120__si_class_type_infoE                                                                                      
00012140  _ZTSN10__cxxabiv117__class_type_infoE                                                                                         
00012164  _ZTI6UIPUDP                                                                                                                   
00012184  _ZTI9UIPClient                                                                                                                
000121a4  _ZTI9UIPServer                                                                                                                
000121e0  _ZTV6Server                                                                                                                   
000121f4  _ZTV9IPAddress                                                                                                                
00012208  _ZTV9Printable                                                                                                                
00012230  _ZTV5Print                                                                                                                    
00012240  _ZTVN10__cxxabiv117__class_type_infoE                                                                                         
00012250  _ZTVN10__cxxabiv120__si_class_type_infoE                                                                                      
00012260  _ZTVN10__cxxabiv121__vmi_class_type_infoE                                                                                     
00012270  _ZTSSt9type_info                                                                                                              
00012280  _ZTI9IPAddress                                                                                                                
0001228c  _ZTIN10__cxxabiv117__class_type_infoE                                                                                         
00012298  _ZTIN10__cxxabiv120__si_class_type_infoE                                                                                      
000122a4  _ZTIN10__cxxabiv121__vmi_class_type_infoE                                                                                     
000122b0  _ZTS9IPAddress                                                                                                                
000122bb  _ZTS9Printable                                                                                                                
000122c6  _ZTS9UIPClient                                                                                                                
000122d1  _ZTS9UIPServer                                                                                                                
000122ec  _ZTI3UDP                                                                                                                      
000122f4  _ZTI5Print                                                                                                                    
000122fc  _ZTI6Client                                                                                                                   
00012304  _ZTI6Server                                                                                                                   
0001230c  _ZTI9Printable                                                                                                                
00012314  _ZTISt9type_info                                                                                                              
0001231c  _ZTS6Client                                                                                                                   
00012324  _ZTS6Server                                                                                                                   
0001232c  _ZTS6UIPUDP                                                                                                                   
00012334  _ZTS5Print                                                                                                                    
00012353  _ZTS3UDP                                                                                                                      
00012364  SHT$$INIT_ARRAY$$Base                                                                                                         
00012388  SHT$$INIT_ARRAY$$Limit                                                                                                        
000123e0  __TI_Handler_Table_Base                                                                                                       
000123ec  __TI_Handler_Table_Limit                                                                                                      
000123f8  __TI_CINIT_Base                                                                                                               
00012408  __TI_CINIT_Limit                                                                                                              
20000000  __start___llvm_prf_cnts                                                                                                       
20000000  __stop___llvm_prf_cnts                                                                                                        
20000000  ethernet_rx_buff                                                                                                              
20000a34  ethernet_tx_buff                                                                                                              
20001464  _ZN10MemoryPool6blocksE                                                                                                       
20001694  gprs_rx_buff                                                                                                                  
20001890  gprs_tx_buff                                                                                                                  
20001a8c  dummy_json_string                                                                                                             
20001c14  adc                                                                                                                           
20001d90  display_tx                                                                                                                    
20001ec0  __CIOBUF_                                                                                                                     
20001fe0  cloud_config                                                                                                                  
200020b6  EXTI_cnt                                                                                                                      
200020b8  display_uart_rx                                                                                                               
20002158  pc_uart_rx                                                                                                                    
200021f8  e2p_cloud_config                                                                                                              
20002278  uip_conns                                                                                                                     
200022f8  _ZN9UIPClient8all_dataE                                                                                                       
20002368  uip_buf                                                                                                                       
20002488  pc_uart_tx                                                                                                                    
200024d8  gps                                                                                                                           
2000251b  FL_log_data                                                                                                                   
2000255b  UIPEthernet                                                                                                                   
2000255c  uip_udp_conns                                                                                                                 
2000259c  ram_data                                                                                                                      
200025d2  time_main                                                                                                                     
200025f1  measurements                                                                                                                  
2000260d  System_mode                                                                                                                   
2000260e  _ZN15Enc28J60Network13nextPacketPtrE                                                                                          
20002610  gprs                                                                                                                          
20002624  freq_updated_data                                                                                                             
20002636  gprs_rx_isr_handler                                                                                                           
20002638  Eclient                                                                                                                       
20002648  client                                                                                                                        
20002658  e2p_device_info                                                                                                               
20002668  e2p_location_info                                                                                                             
20002678  scheduler                                                                                                                     
20002692  Alarms                                                                                                                        
2000269e  Telecom_Ethernet                                                                                                              
200026a9  gps_handler_state                                                                                                             
200026aa  uip_len                                                                                                                       
200026fc  _ZN16UIPEthernetClass17_dnsServerAddressE                                                                                     
2000270c  e2p_config_time                                                                                                               
20002714  e2p_router_config                                                                                                             
2000271c  gps_data                                                                                                                      
20002724  parmbuf                                                                                                                       
2000272c  uip_listenports                                                                                                               
20002734  _ZN15Enc28J60Network10receivePktE                                                                                             
2000273a  time_stamp                                                                                                                    
20002740  _ZZN9UIPClient7connectE9IPAddresstE4conn                                                                                      
20002750  Telecom_server_query                                                                                                          
20002754  _ZN16UIPEthernetClass14periodic_timerE                                                                                        
20002758  __dso_handle                                                                                                                  
2000275c  _millis                                                                                                                       
20002760  startTime                                                                                                                     
20002764  u32DelayCounter                                                                                                               
20002768  uip_acc32                                                                                                                     
2000276c  uip_appdata                                                                                                                   
20002770  uip_conn                                                                                                                      
20002774  uip_draddr                                                                                                                    
20002778  uip_hostaddr                                                                                                                  
2000277c  uip_netmask                                                                                                                   
20002780  uip_sappdata                                                                                                                  
20002784  uip_udp_conn                                                                                                                  
20002788  uip_slen                                                                                                                      
2000278a  router_mode                                                                                                                   
2000278b  uip_flags                                                                                                                     
20002790  __stack                                                                                                                       
20002990  __STACK_TOP                                                                                                                   
20003f90  __STACK_END                                                                                                                   
20003f90  server_response_str                                                                                                           
20003fbc  _tz                                                                                                                           
20003fd9  _ZZN9UIPClient7connectE9IPAddresstE10first_call                                                                               
20003fda  _ZZN9UIPClient7connectE9IPAddresstE7timeout                                                                                   
20003fdc  __TI_cleanup_ptr                                                                                                              
20003fe0  __TI_dtors_ptr                                                                                                                
20003fe4  __TI_enable_exit_profile_output                                                                                               
20003fe8  gps_interval_start                                                                                                            
20003fec  cnt_gps_1sec                                                                                                                  
20003ff4  _lock                                                                                                                         
20003ff8  _unlock                                                                                                                       
20004004  ENC28J60ControlCS                                                                                                             
20004005  _ZN15Enc28J60Network4bankE                                                                                                    
20004006  _ZN15Enc28J60Network6erevidE                                                                                                  
20004007  _ZN15Enc28J60Network17broadcast_enabledE                                                                                      
20004008  ADC_RAW_MAX                                                                                                                   
20004010  _ZN16UIPEthernetClass9in_packetE                                                                                              
20004011  _ZN16UIPEthernetClass10uip_packetE                                                                                            
20004012  _ZN16UIPEthernetClass10uip_hdrlenE                                                                                            
20004013  _ZN16UIPEthernetClass11packetstateE                                                                                           
20004014  _ZN16UIPEthernetClass5_dhcpE                                                                                                  
20004020  upload_time                                                                                                                   
20004024  save_offline_time                                                                                                             
20004028  uip_ethaddr                                                                                                                   
20004030  millis_cnt                                                                                                                    
20004040  _sys_memory                                                                                                                   
ffffffff  __TI_pprof_out_hndl                                                                                                           
ffffffff  __TI_prof_data_size                                                                                                           
ffffffff  __TI_prof_data_start                                                                                                          
ffffffff  __binit__                                                                                                                     
ffffffff  __c_args__                                                                                                                    
ffffffff  binit                                                                                                                         
UNDEFED   __mpu_init                                                                                                                    
UNDEFED   _system_post_cinit                                                                                                            

[825 symbols]
