<?xml version="1.0" encoding="ISO-8859-1" ?>
<link_info>
   <banner>TI ARM Linker PC v20.2.6.LTS</banner>
   <copyright>Copyright (c) 1996-2018 Texas Instruments Incorporated</copyright>
   <link_time>0x669a0400</link_time>
   <link_errors>0x0</link_errors>
   <output_file>Telecom_IoT_v2_00.out</output_file>
   <entry_point>
      <name>_c_int00_noargs</name>
      <address>0xe321</address>
   </entry_point>
   <input_file_list>
      <input_file id="fl-2">
         <path>.\</path>
         <kind>object</kind>
         <file>tm4c1233e6pz_startup_ccs.obj</file>
         <name>tm4c1233e6pz_startup_ccs.obj</name>
      </input_file>
      <input_file id="fl-3">
         <path>.\Sources\</path>
         <kind>object</kind>
         <file>ADC_Core.obj</file>
         <name>ADC_Core.obj</name>
      </input_file>
      <input_file id="fl-4">
         <path>.\Sources\</path>
         <kind>object</kind>
         <file>Clock.obj</file>
         <name>Clock.obj</name>
      </input_file>
      <input_file id="fl-5">
         <path>.\Sources\</path>
         <kind>object</kind>
         <file>DS3231.obj</file>
         <name>DS3231.obj</name>
      </input_file>
      <input_file id="fl-6">
         <path>.\Sources\</path>
         <kind>object</kind>
         <file>Display.obj</file>
         <name>Display.obj</name>
      </input_file>
      <input_file id="fl-7">
         <path>.\Sources\</path>
         <kind>object</kind>
         <file>E2P.obj</file>
         <name>E2P.obj</name>
      </input_file>
      <input_file id="fl-8">
         <path>.\Sources\</path>
         <kind>object</kind>
         <file>GLCD.obj</file>
         <name>GLCD.obj</name>
      </input_file>
      <input_file id="fl-9">
         <path>.\Sources\</path>
         <kind>object</kind>
         <file>IO_cntrl.obj</file>
         <name>IO_cntrl.obj</name>
      </input_file>
      <input_file id="fl-a">
         <path>.\Sources\</path>
         <kind>object</kind>
         <file>PC_Cmds.obj</file>
         <name>PC_Cmds.obj</name>
      </input_file>
      <input_file id="fl-b">
         <path>.\Sources\</path>
         <kind>object</kind>
         <file>SPI.obj</file>
         <name>SPI.obj</name>
      </input_file>
      <input_file id="fl-c">
         <path>.\Sources\</path>
         <kind>object</kind>
         <file>SysTick_Timer.obj</file>
         <name>SysTick_Timer.obj</name>
      </input_file>
      <input_file id="fl-d">
         <path>.\Sources\</path>
         <kind>object</kind>
         <file>Telecom_Ethernet.obj</file>
         <name>Telecom_Ethernet.obj</name>
      </input_file>
      <input_file id="fl-e">
         <path>.\Sources\</path>
         <kind>object</kind>
         <file>Telecom_server_query.obj</file>
         <name>Telecom_server_query.obj</name>
      </input_file>
      <input_file id="fl-f">
         <path>.\Sources\</path>
         <kind>object</kind>
         <file>UartCore.obj</file>
         <name>UartCore.obj</name>
      </input_file>
      <input_file id="fl-10">
         <path>.\Sources\</path>
         <kind>object</kind>
         <file>WDT.obj</file>
         <name>WDT.obj</name>
      </input_file>
      <input_file id="fl-11">
         <path>.\Sources\</path>
         <kind>object</kind>
         <file>Web_Comm.obj</file>
         <name>Web_Comm.obj</name>
      </input_file>
      <input_file id="fl-12">
         <path>.\Sources\</path>
         <kind>object</kind>
         <file>_common.obj</file>
         <name>_common.obj</name>
      </input_file>
      <input_file id="fl-13">
         <path>.\Sources\</path>
         <kind>object</kind>
         <file>delay.obj</file>
         <name>delay.obj</name>
      </input_file>
      <input_file id="fl-14">
         <path>.\Sources\</path>
         <kind>object</kind>
         <file>flashCore.obj</file>
         <name>flashCore.obj</name>
      </input_file>
      <input_file id="fl-15">
         <path>.\Sources\</path>
         <kind>object</kind>
         <file>flash_logger.obj</file>
         <name>flash_logger.obj</name>
      </input_file>
      <input_file id="fl-16">
         <path>.\Sources\</path>
         <kind>object</kind>
         <file>gprs.obj</file>
         <name>gprs.obj</name>
      </input_file>
      <input_file id="fl-17">
         <path>.\Sources\</path>
         <kind>object</kind>
         <file>gps.obj</file>
         <name>gps.obj</name>
      </input_file>
      <input_file id="fl-18">
         <path>.\Sources\</path>
         <kind>object</kind>
         <file>main.obj</file>
         <name>main.obj</name>
      </input_file>
      <input_file id="fl-19">
         <path>.\Sources\</path>
         <kind>object</kind>
         <file>tiot_timer.obj</file>
         <name>tiot_timer.obj</name>
      </input_file>
      <input_file id="fl-1a">
         <path>.\Sources\UIPEthernet\</path>
         <kind>object</kind>
         <file>Dhcp.obj</file>
         <name>Dhcp.obj</name>
      </input_file>
      <input_file id="fl-1b">
         <path>.\Sources\UIPEthernet\</path>
         <kind>object</kind>
         <file>Dns.obj</file>
         <name>Dns.obj</name>
      </input_file>
      <input_file id="fl-1c">
         <path>.\Sources\UIPEthernet\</path>
         <kind>object</kind>
         <file>UIPClient.obj</file>
         <name>UIPClient.obj</name>
      </input_file>
      <input_file id="fl-1d">
         <path>.\Sources\UIPEthernet\</path>
         <kind>object</kind>
         <file>UIPEthernet.obj</file>
         <name>UIPEthernet.obj</name>
      </input_file>
      <input_file id="fl-1e">
         <path>.\Sources\UIPEthernet\</path>
         <kind>object</kind>
         <file>UIPServer.obj</file>
         <name>UIPServer.obj</name>
      </input_file>
      <input_file id="fl-1f">
         <path>.\Sources\UIPEthernet\</path>
         <kind>object</kind>
         <file>UIPUdp.obj</file>
         <name>UIPUdp.obj</name>
      </input_file>
      <input_file id="fl-20">
         <path>.\Sources\UIPEthernet\mbed\</path>
         <kind>object</kind>
         <file>IPAddress.obj</file>
         <name>IPAddress.obj</name>
      </input_file>
      <input_file id="fl-21">
         <path>.\Sources\UIPEthernet\mbed\</path>
         <kind>object</kind>
         <file>Print.obj</file>
         <name>Print.obj</name>
      </input_file>
      <input_file id="fl-22">
         <path>.\Sources\UIPEthernet\mbed\</path>
         <kind>object</kind>
         <file>WString.obj</file>
         <name>WString.obj</name>
      </input_file>
      <input_file id="fl-23">
         <path>.\Sources\UIPEthernet\mbed\</path>
         <kind>object</kind>
         <file>dtostrf.obj</file>
         <name>dtostrf.obj</name>
      </input_file>
      <input_file id="fl-24">
         <path>.\Sources\UIPEthernet\mbed\</path>
         <kind>object</kind>
         <file>itoa.obj</file>
         <name>itoa.obj</name>
      </input_file>
      <input_file id="fl-25">
         <path>.\Sources\UIPEthernet\mbed\</path>
         <kind>object</kind>
         <file>millis.obj</file>
         <name>millis.obj</name>
      </input_file>
      <input_file id="fl-26">
         <path>.\Sources\UIPEthernet\utility\</path>
         <kind>object</kind>
         <file>Enc28J60Network.obj</file>
         <name>Enc28J60Network.obj</name>
      </input_file>
      <input_file id="fl-27">
         <path>.\Sources\UIPEthernet\utility\</path>
         <kind>object</kind>
         <file>mempool.obj</file>
         <name>mempool.obj</name>
      </input_file>
      <input_file id="fl-28">
         <path>.\Sources\UIPEthernet\utility\</path>
         <kind>object</kind>
         <file>uip.obj</file>
         <name>uip.obj</name>
      </input_file>
      <input_file id="fl-29">
         <path>.\Sources\UIPEthernet\utility\</path>
         <kind>object</kind>
         <file>uip_arp.obj</file>
         <name>uip_arp.obj</name>
      </input_file>
      <input_file id="fl-2e">
         <kind>object</kind>
         <file>&lt;internal&gt;</file>
         <name>&lt;internal&gt;</name>
      </input_file>
      <input_file id="fl-e4">
         <path>C:\ti\ccs1110\ccs\tools\compiler\ti-cgt-arm_20.2.6.LTS\lib\</path>
         <kind>archive</kind>
         <file>rtsv7M4_T_le_v4SPD16_eabi.lib</file>
         <name>fd_cmp_t2.asm.obj</name>
      </input_file>
      <input_file id="fl-e5">
         <path>C:\ti\ccs1110\ccs\tools\compiler\ti-cgt-arm_20.2.6.LTS\lib\</path>
         <kind>archive</kind>
         <file>rtsv7M4_T_le_v4SPD16_eabi.lib</file>
         <name>fd_div_t2.asm.obj</name>
      </input_file>
      <input_file id="fl-e6">
         <path>C:\ti\ccs1110\ccs\tools\compiler\ti-cgt-arm_20.2.6.LTS\lib\</path>
         <kind>archive</kind>
         <file>rtsv7M4_T_le_v4SPD16_eabi.lib</file>
         <name>fd_mul_t2.asm.obj</name>
      </input_file>
      <input_file id="fl-e7">
         <path>C:\ti\ccs1110\ccs\tools\compiler\ti-cgt-arm_20.2.6.LTS\lib\</path>
         <kind>archive</kind>
         <file>rtsv7M4_T_le_v4SPD16_eabi.lib</file>
         <name>fd_tou_t2.asm.obj</name>
      </input_file>
      <input_file id="fl-e8">
         <path>C:\ti\ccs1110\ccs\tools\compiler\ti-cgt-arm_20.2.6.LTS\lib\</path>
         <kind>archive</kind>
         <file>rtsv7M4_T_le_v4SPD16_eabi.lib</file>
         <name>i_tofd_t2.asm.obj</name>
      </input_file>
      <input_file id="fl-e9">
         <path>C:\ti\ccs1110\ccs\tools\compiler\ti-cgt-arm_20.2.6.LTS\lib\</path>
         <kind>archive</kind>
         <file>rtsv7M4_T_le_v4SPD16_eabi.lib</file>
         <name>memcpy_t2.asm.obj</name>
      </input_file>
      <input_file id="fl-ea">
         <path>C:\ti\ccs1110\ccs\tools\compiler\ti-cgt-arm_20.2.6.LTS\lib\</path>
         <kind>archive</kind>
         <file>rtsv7M4_T_le_v4SPD16_eabi.lib</file>
         <name>u_tofd_t2.asm.obj</name>
      </input_file>
      <input_file id="fl-eb">
         <path>C:\ti\ccs1110\ccs\tools\compiler\ti-cgt-arm_20.2.6.LTS\lib\</path>
         <kind>archive</kind>
         <file>rtsv7M4_T_le_v4SPD16_eabi.lib</file>
         <name>memset_t2.asm.obj</name>
      </input_file>
      <input_file id="fl-ec">
         <path>C:\ti\ccs1110\ccs\tools\compiler\ti-cgt-arm_20.2.6.LTS\lib\</path>
         <kind>archive</kind>
         <file>rtsv7M4_T_le_v4SPD16_eabi.lib</file>
         <name>copy_zero_init.c.obj</name>
      </input_file>
      <input_file id="fl-ed">
         <path>C:\ti\ccs1110\ccs\tools\compiler\ti-cgt-arm_20.2.6.LTS\lib\</path>
         <kind>archive</kind>
         <file>rtsv7M4_T_le_v4SPD16_eabi.lib</file>
         <name>copy_decompress_none.c.obj</name>
      </input_file>
      <input_file id="fl-ee">
         <path>C:\ti\ccs1110\ccs\tools\compiler\ti-cgt-arm_20.2.6.LTS\lib\</path>
         <kind>archive</kind>
         <file>rtsv7M4_T_le_v4SPD16_eabi.lib</file>
         <name>copy_decompress_lzss.c.obj</name>
      </input_file>
      <input_file id="fl-ef">
         <path>C:\ti\ccs1110\ccs\tools\compiler\ti-cgt-arm_20.2.6.LTS\lib\</path>
         <kind>archive</kind>
         <file>rtsv7M4_T_le_v4SPD16_eabi.lib</file>
         <name>atoi.c.obj</name>
      </input_file>
      <input_file id="fl-f0">
         <path>C:\ti\ccs1110\ccs\tools\compiler\ti-cgt-arm_20.2.6.LTS\lib\</path>
         <kind>archive</kind>
         <file>rtsv7M4_T_le_v4SPD16_eabi.lib</file>
         <name>ctype.c.obj</name>
      </input_file>
      <input_file id="fl-f1">
         <path>C:\ti\ccs1110\ccs\tools\compiler\ti-cgt-arm_20.2.6.LTS\lib\</path>
         <kind>archive</kind>
         <file>rtsv7M4_T_le_v4SPD16_eabi.lib</file>
         <name>isdigit.c.obj</name>
      </input_file>
      <input_file id="fl-f2">
         <path>C:\ti\ccs1110\ccs\tools\compiler\ti-cgt-arm_20.2.6.LTS\lib\</path>
         <kind>archive</kind>
         <file>rtsv7M4_T_le_v4SPD16_eabi.lib</file>
         <name>ltoa.c.obj</name>
      </input_file>
      <input_file id="fl-f3">
         <path>C:\ti\ccs1110\ccs\tools\compiler\ti-cgt-arm_20.2.6.LTS\lib\</path>
         <kind>archive</kind>
         <file>rtsv7M4_T_le_v4SPD16_eabi.lib</file>
         <name>memcmp.c.obj</name>
      </input_file>
      <input_file id="fl-f4">
         <path>C:\ti\ccs1110\ccs\tools\compiler\ti-cgt-arm_20.2.6.LTS\lib\</path>
         <kind>archive</kind>
         <file>rtsv7M4_T_le_v4SPD16_eabi.lib</file>
         <name>mktime64.c.obj</name>
      </input_file>
      <input_file id="fl-f5">
         <path>C:\ti\ccs1110\ccs\tools\compiler\ti-cgt-arm_20.2.6.LTS\lib\</path>
         <kind>archive</kind>
         <file>rtsv7M4_T_le_v4SPD16_eabi.lib</file>
         <name>rand.c.obj</name>
      </input_file>
      <input_file id="fl-f6">
         <path>C:\ti\ccs1110\ccs\tools\compiler\ti-cgt-arm_20.2.6.LTS\lib\</path>
         <kind>archive</kind>
         <file>rtsv7M4_T_le_v4SPD16_eabi.lib</file>
         <name>strcmp.c.obj</name>
      </input_file>
      <input_file id="fl-f7">
         <path>C:\ti\ccs1110\ccs\tools\compiler\ti-cgt-arm_20.2.6.LTS\lib\</path>
         <kind>archive</kind>
         <file>rtsv7M4_T_le_v4SPD16_eabi.lib</file>
         <name>strcpy.c.obj</name>
      </input_file>
      <input_file id="fl-f8">
         <path>C:\ti\ccs1110\ccs\tools\compiler\ti-cgt-arm_20.2.6.LTS\lib\</path>
         <kind>archive</kind>
         <file>rtsv7M4_T_le_v4SPD16_eabi.lib</file>
         <name>strlen.c.obj</name>
      </input_file>
      <input_file id="fl-f9">
         <path>C:\ti\ccs1110\ccs\tools\compiler\ti-cgt-arm_20.2.6.LTS\lib\</path>
         <kind>archive</kind>
         <file>rtsv7M4_T_le_v4SPD16_eabi.lib</file>
         <name>strncmp.c.obj</name>
      </input_file>
      <input_file id="fl-fa">
         <path>C:\ti\ccs1110\ccs\tools\compiler\ti-cgt-arm_20.2.6.LTS\lib\</path>
         <kind>archive</kind>
         <file>rtsv7M4_T_le_v4SPD16_eabi.lib</file>
         <name>strstr.c.obj</name>
      </input_file>
      <input_file id="fl-fb">
         <path>C:\ti\ccs1110\ccs\tools\compiler\ti-cgt-arm_20.2.6.LTS\lib\</path>
         <kind>archive</kind>
         <file>rtsv7M4_T_le_v4SPD16_eabi.lib</file>
         <name>tmzone.c.obj</name>
      </input_file>
      <input_file id="fl-fc">
         <path>C:\ti\ccs1110\ccs\tools\compiler\ti-cgt-arm_20.2.6.LTS\lib\</path>
         <kind>archive</kind>
         <file>rtsv7M4_T_le_v4SPD16_eabi.lib</file>
         <name>time64.c.obj</name>
      </input_file>
      <input_file id="fl-fd">
         <path>C:\ti\ccs1110\ccs\tools\compiler\ti-cgt-arm_20.2.6.LTS\lib\</path>
         <kind>archive</kind>
         <file>rtsv7M4_T_le_v4SPD16_eabi.lib</file>
         <name>boot_cortex_m.c.obj</name>
      </input_file>
      <input_file id="fl-fe">
         <path>C:\ti\ccs1110\ccs\tools\compiler\ti-cgt-arm_20.2.6.LTS\lib\</path>
         <kind>archive</kind>
         <file>rtsv7M4_T_le_v4SPD16_eabi.lib</file>
         <name>ll_mul_t2.asm.obj</name>
      </input_file>
      <input_file id="fl-ff">
         <path>C:\ti\ccs1110\ccs\tools\compiler\ti-cgt-arm_20.2.6.LTS\lib\</path>
         <kind>archive</kind>
         <file>rtsv7M4_T_le_v4SPD16_eabi.lib</file>
         <name>ll_div_t2.asm.obj</name>
      </input_file>
      <input_file id="fl-100">
         <path>C:\ti\ccs1110\ccs\tools\compiler\ti-cgt-arm_20.2.6.LTS\lib\</path>
         <kind>archive</kind>
         <file>rtsv7M4_T_le_v4SPD16_eabi.lib</file>
         <name>ull_div_t2.asm.obj</name>
      </input_file>
      <input_file id="fl-101">
         <path>C:\ti\ccs1110\ccs\tools\compiler\ti-cgt-arm_20.2.6.LTS\lib\</path>
         <kind>archive</kind>
         <file>rtsv7M4_T_le_v4SPD16_eabi.lib</file>
         <name>autoinit.c.obj</name>
      </input_file>
      <input_file id="fl-102">
         <path>C:\ti\ccs1110\ccs\tools\compiler\ti-cgt-arm_20.2.6.LTS\lib\</path>
         <kind>archive</kind>
         <file>rtsv7M4_T_le_v4SPD16_eabi.lib</file>
         <name>pre_init.c.obj</name>
      </input_file>
      <input_file id="fl-103">
         <path>C:\ti\ccs1110\ccs\tools\compiler\ti-cgt-arm_20.2.6.LTS\lib\</path>
         <kind>archive</kind>
         <file>rtsv7M4_T_le_v4SPD16_eabi.lib</file>
         <name>cpy_tbl.c.obj</name>
      </input_file>
      <input_file id="fl-104">
         <path>C:\ti\ccs1110\ccs\tools\compiler\ti-cgt-arm_20.2.6.LTS\lib\</path>
         <kind>archive</kind>
         <file>rtsv7M4_T_le_v4SPD16_eabi.lib</file>
         <name>exit.c.obj</name>
      </input_file>
      <input_file id="fl-105">
         <path>C:\ti\ccs1110\ccs\tools\compiler\ti-cgt-arm_20.2.6.LTS\lib\</path>
         <kind>archive</kind>
         <file>rtsv7M4_T_le_v4SPD16_eabi.lib</file>
         <name>_lock.c.obj</name>
      </input_file>
      <input_file id="fl-106">
         <path>C:\ti\ccs1110\ccs\tools\compiler\ti-cgt-arm_20.2.6.LTS\lib\</path>
         <kind>archive</kind>
         <file>rtsv7M4_T_le_v4SPD16_eabi.lib</file>
         <name>args_main.c.obj</name>
      </input_file>
      <input_file id="fl-107">
         <path>C:\ti\ccs1110\ccs\tools\compiler\ti-cgt-arm_20.2.6.LTS\lib\</path>
         <kind>archive</kind>
         <file>rtsv7M4_T_le_v4SPD16_eabi.lib</file>
         <name>hosttime.c.obj</name>
      </input_file>
      <input_file id="fl-108">
         <path>C:\ti\ccs1110\ccs\tools\compiler\ti-cgt-arm_20.2.6.LTS\lib\</path>
         <kind>archive</kind>
         <file>rtsv7M4_T_le_v4SPD16_eabi.lib</file>
         <name>trgmsg.c.obj</name>
      </input_file>
      <input_file id="fl-109">
         <path>C:\ti\ccs1110\ccs\tools\compiler\ti-cgt-arm_20.2.6.LTS\lib\</path>
         <kind>archive</kind>
         <file>rtsv7M4_T_le_v4SPD16_eabi.lib</file>
         <name>div0.asm.obj</name>
      </input_file>
      <input_file id="fl-10a">
         <path>C:\ti\ccs1110\ccs\tools\compiler\ti-cgt-arm_20.2.6.LTS\lib\</path>
         <kind>archive</kind>
         <file>rtsv7M4_T_le_v4SPD16_eabi.lib</file>
         <name>hostopen.c.obj</name>
      </input_file>
      <input_file id="fl-10b">
         <path>C:\ti\TivaWare_C_Series-2.2.0.295\driverlib\ccs\Debug\</path>
         <kind>archive</kind>
         <file>driverlib.lib</file>
         <name>adc.obj</name>
      </input_file>
      <input_file id="fl-10c">
         <path>C:\ti\TivaWare_C_Series-2.2.0.295\driverlib\ccs\Debug\</path>
         <kind>archive</kind>
         <file>driverlib.lib</file>
         <name>eeprom.obj</name>
      </input_file>
      <input_file id="fl-10d">
         <path>C:\ti\TivaWare_C_Series-2.2.0.295\driverlib\ccs\Debug\</path>
         <kind>archive</kind>
         <file>driverlib.lib</file>
         <name>gpio.obj</name>
      </input_file>
      <input_file id="fl-10e">
         <path>C:\ti\TivaWare_C_Series-2.2.0.295\driverlib\ccs\Debug\</path>
         <kind>archive</kind>
         <file>driverlib.lib</file>
         <name>i2c.obj</name>
      </input_file>
      <input_file id="fl-10f">
         <path>C:\ti\TivaWare_C_Series-2.2.0.295\driverlib\ccs\Debug\</path>
         <kind>archive</kind>
         <file>driverlib.lib</file>
         <name>interrupt.obj</name>
      </input_file>
      <input_file id="fl-110">
         <path>C:\ti\TivaWare_C_Series-2.2.0.295\driverlib\ccs\Debug\</path>
         <kind>archive</kind>
         <file>driverlib.lib</file>
         <name>ssi.obj</name>
      </input_file>
      <input_file id="fl-111">
         <path>C:\ti\TivaWare_C_Series-2.2.0.295\driverlib\ccs\Debug\</path>
         <kind>archive</kind>
         <file>driverlib.lib</file>
         <name>sysctl.obj</name>
      </input_file>
      <input_file id="fl-112">
         <path>C:\ti\TivaWare_C_Series-2.2.0.295\driverlib\ccs\Debug\</path>
         <kind>archive</kind>
         <file>driverlib.lib</file>
         <name>systick.obj</name>
      </input_file>
      <input_file id="fl-113">
         <path>C:\ti\TivaWare_C_Series-2.2.0.295\driverlib\ccs\Debug\</path>
         <kind>archive</kind>
         <file>driverlib.lib</file>
         <name>timer.obj</name>
      </input_file>
      <input_file id="fl-114">
         <path>C:\ti\TivaWare_C_Series-2.2.0.295\driverlib\ccs\Debug\</path>
         <kind>archive</kind>
         <file>driverlib.lib</file>
         <name>uart.obj</name>
      </input_file>
      <input_file id="fl-115">
         <path>C:\ti\TivaWare_C_Series-2.2.0.295\driverlib\ccs\Debug\</path>
         <kind>archive</kind>
         <file>driverlib.lib</file>
         <name>cpu.obj</name>
      </input_file>
   </input_file_list>
   <object_component_list>
      <object_component id="oc-12">
         <name>.intvecs</name>
         <load_address>0x0</load_address>
         <run_address>0x0</run_address>
         <size>0x26c</size>
         <input_file_ref idref="fl-2"/>
      </object_component>
      <object_component id="oc-4f4">
         <name>.text</name>
         <load_address>0x26c</load_address>
         <run_address>0x26c</run_address>
         <size>0x33f0</size>
         <input_file_ref idref="fl-16"/>
      </object_component>
      <object_component id="oc-377">
         <name>.text</name>
         <load_address>0x365c</load_address>
         <run_address>0x365c</run_address>
         <size>0x132c</size>
         <input_file_ref idref="fl-17"/>
      </object_component>
      <object_component id="oc-2b4">
         <name>.text</name>
         <load_address>0x4988</load_address>
         <run_address>0x4988</run_address>
         <size>0x1150</size>
         <input_file_ref idref="fl-4"/>
      </object_component>
      <object_component id="oc-36e">
         <name>.text</name>
         <load_address>0x5ad8</load_address>
         <run_address>0x5ad8</run_address>
         <size>0x1094</size>
         <input_file_ref idref="fl-8"/>
      </object_component>
      <object_component id="oc-138">
         <name>.text</name>
         <load_address>0x6b6c</load_address>
         <run_address>0x6b6c</run_address>
         <size>0xcdc</size>
         <input_file_ref idref="fl-e"/>
      </object_component>
      <object_component id="oc-34e">
         <name>.text</name>
         <load_address>0x7848</load_address>
         <run_address>0x7848</run_address>
         <size>0xc64</size>
         <input_file_ref idref="fl-9"/>
      </object_component>
      <object_component id="oc-16d">
         <name>.text</name>
         <load_address>0x84ac</load_address>
         <run_address>0x84ac</run_address>
         <size>0xa98</size>
         <input_file_ref idref="fl-3"/>
      </object_component>
      <object_component id="oc-199">
         <name>.text</name>
         <load_address>0x8f44</load_address>
         <run_address>0x8f44</run_address>
         <size>0xa90</size>
         <input_file_ref idref="fl-18"/>
      </object_component>
      <object_component id="oc-2ae">
         <name>.text</name>
         <load_address>0x99d4</load_address>
         <run_address>0x99d4</run_address>
         <size>0xa30</size>
         <input_file_ref idref="fl-7"/>
      </object_component>
      <object_component id="oc-11c">
         <name>.text</name>
         <load_address>0xa404</load_address>
         <run_address>0xa404</run_address>
         <size>0x9e8</size>
         <input_file_ref idref="fl-a"/>
      </object_component>
      <object_component id="oc-2c0">
         <name>.text</name>
         <load_address>0xadec</load_address>
         <run_address>0xadec</run_address>
         <size>0x9cc</size>
         <input_file_ref idref="fl-14"/>
      </object_component>
      <object_component id="oc-2ba">
         <name>.text</name>
         <load_address>0xb7b8</load_address>
         <run_address>0xb7b8</run_address>
         <size>0x730</size>
         <input_file_ref idref="fl-15"/>
      </object_component>
      <object_component id="oc-33">
         <name>.text</name>
         <load_address>0xbee8</load_address>
         <run_address>0xbee8</run_address>
         <size>0x5e0</size>
         <input_file_ref idref="fl-f"/>
      </object_component>
      <object_component id="oc-98">
         <name>.text</name>
         <load_address>0xc4c8</load_address>
         <run_address>0xc4c8</run_address>
         <size>0x510</size>
         <input_file_ref idref="fl-12"/>
      </object_component>
      <object_component id="oc-454">
         <name>.text:__mktime64</name>
         <load_address>0xc9d8</load_address>
         <run_address>0xc9d8</run_address>
         <size>0x2b8</size>
         <input_file_ref idref="fl-f4"/>
      </object_component>
      <object_component id="oc-38c">
         <name>.text</name>
         <load_address>0xcc90</load_address>
         <run_address>0xcc90</run_address>
         <size>0x210</size>
         <input_file_ref idref="fl-5"/>
      </object_component>
      <object_component id="oc-2d">
         <name>.text</name>
         <load_address>0xcea0</load_address>
         <run_address>0xcea0</run_address>
         <size>0x1dc</size>
         <input_file_ref idref="fl-c"/>
      </object_component>
      <object_component id="oc-28d">
         <name>.text:GPIOPadConfigSet</name>
         <load_address>0xd07c</load_address>
         <run_address>0xd07c</run_address>
         <size>0x16c</size>
         <input_file_ref idref="fl-10d"/>
      </object_component>
      <object_component id="oc-374">
         <name>.text</name>
         <load_address>0xd1e8</load_address>
         <run_address>0xd1e8</run_address>
         <size>0x144</size>
         <input_file_ref idref="fl-11"/>
      </object_component>
      <object_component id="oc-354">
         <name>.text</name>
         <load_address>0xd32c</load_address>
         <run_address>0xd32c</run_address>
         <size>0x136</size>
         <input_file_ref idref="fl-e5"/>
      </object_component>
      <object_component id="oc-59c">
         <name>.text:_nop</name>
         <load_address>0xd462</load_address>
         <run_address>0xd462</run_address>
         <size>0x2</size>
         <input_file_ref idref="fl-105"/>
      </object_component>
      <object_component id="oc-80">
         <name>.text:SysCtlClockGet</name>
         <load_address>0xd464</load_address>
         <run_address>0xd464</run_address>
         <size>0x118</size>
         <input_file_ref idref="fl-111"/>
      </object_component>
      <object_component id="oc-343">
         <name>.text</name>
         <load_address>0xd57c</load_address>
         <run_address>0xd57c</run_address>
         <size>0xfc</size>
         <input_file_ref idref="fl-e6"/>
      </object_component>
      <object_component id="oc-37d">
         <name>.text:SysCtlClockSet</name>
         <load_address>0xd678</load_address>
         <run_address>0xd678</run_address>
         <size>0xf4</size>
         <input_file_ref idref="fl-111"/>
      </object_component>
      <object_component id="oc-446">
         <name>.text:EEPROMProgram</name>
         <load_address>0xd76c</load_address>
         <run_address>0xd76c</run_address>
         <size>0xc4</size>
         <input_file_ref idref="fl-10c"/>
      </object_component>
      <object_component id="oc-4d">
         <name>.text</name>
         <load_address>0xd830</load_address>
         <run_address>0xd830</run_address>
         <size>0x9c</size>
         <input_file_ref idref="fl-e9"/>
      </object_component>
      <object_component id="oc-676">
         <name>.text</name>
         <load_address>0xd8cc</load_address>
         <run_address>0xd8cc</run_address>
         <size>0x96</size>
         <input_file_ref idref="fl-100"/>
      </object_component>
      <object_component id="oc-39d">
         <name>.text:__aeabi_cdcmple</name>
         <load_address>0xd962</load_address>
         <run_address>0xd962</run_address>
         <size>0x86</size>
         <input_file_ref idref="fl-e4"/>
      </object_component>
      <object_component id="oc-314">
         <name>.text:ADCSequenceStepConfigure</name>
         <load_address>0xd9e8</load_address>
         <run_address>0xd9e8</run_address>
         <size>0x7a</size>
         <input_file_ref idref="fl-10b"/>
      </object_component>
      <object_component id="oc-a3">
         <name>.text</name>
         <load_address>0xda62</load_address>
         <run_address>0xda62</run_address>
         <size>0x7a</size>
         <input_file_ref idref="fl-eb"/>
      </object_component>
      <object_component id="oc-12e">
         <name>.text:ltoa</name>
         <load_address>0xdadc</load_address>
         <run_address>0xdadc</run_address>
         <size>0x6e</size>
         <input_file_ref idref="fl-f2"/>
      </object_component>
      <object_component id="oc-5d2">
         <name>.text</name>
         <load_address>0xdb4a</load_address>
         <run_address>0xdb4a</run_address>
         <size>0x6e</size>
         <input_file_ref idref="fl-ff"/>
      </object_component>
      <object_component id="oc-ec">
         <name>.text:IntEnable</name>
         <load_address>0xdbb8</load_address>
         <run_address>0xdbb8</run_address>
         <size>0x68</size>
         <input_file_ref idref="fl-10f"/>
      </object_component>
      <object_component id="oc-15">
         <name>.text:decompress:lzss:__TI_decompress_lzss</name>
         <load_address>0xdc20</load_address>
         <run_address>0xdc20</run_address>
         <size>0x68</size>
         <input_file_ref idref="fl-ee"/>
      </object_component>
      <object_component id="oc-386">
         <name>.text</name>
         <load_address>0xdc88</load_address>
         <run_address>0xdc88</run_address>
         <size>0x68</size>
         <input_file_ref idref="fl-13"/>
      </object_component>
      <object_component id="oc-3f5">
         <name>.text:HOSTtime64</name>
         <load_address>0xdcf0</load_address>
         <run_address>0xdcf0</run_address>
         <size>0x60</size>
         <input_file_ref idref="fl-107"/>
      </object_component>
      <object_component id="oc-149">
         <name>.text:TimerConfigure</name>
         <load_address>0xdd50</load_address>
         <run_address>0xdd50</run_address>
         <size>0x60</size>
         <input_file_ref idref="fl-113"/>
      </object_component>
      <object_component id="oc-4ca">
         <name>.text:GPIOIntTypeSet</name>
         <load_address>0xddb0</load_address>
         <run_address>0xddb0</run_address>
         <size>0x58</size>
         <input_file_ref idref="fl-10d"/>
      </object_component>
      <object_component id="oc-39">
         <name>.text</name>
         <load_address>0xde08</load_address>
         <run_address>0xde08</run_address>
         <size>0x58</size>
         <input_file_ref idref="fl-19"/>
      </object_component>
      <object_component id="oc-50a">
         <name>.text:SysCtlPeripheralReset</name>
         <load_address>0xde60</load_address>
         <run_address>0xde60</run_address>
         <size>0x50</size>
         <input_file_ref idref="fl-111"/>
      </object_component>
      <object_component id="oc-30e">
         <name>.text:ADCSequenceConfigure</name>
         <load_address>0xdeb0</load_address>
         <run_address>0xdeb0</run_address>
         <size>0x4e</size>
         <input_file_ref idref="fl-10b"/>
      </object_component>
      <object_component id="oc-671">
         <name>.text</name>
         <load_address>0xdefe</load_address>
         <run_address>0xdefe</run_address>
         <size>0x2</size>
         <input_file_ref idref="fl-109"/>
      </object_component>
      <object_component id="oc-da">
         <name>.text:GPIOPinConfigure</name>
         <load_address>0xdf00</load_address>
         <run_address>0xdf00</run_address>
         <size>0x4c</size>
         <input_file_ref idref="fl-10d"/>
      </object_component>
      <object_component id="oc-51c">
         <name>.text:I2CMasterInitExpClk</name>
         <load_address>0xdf4c</load_address>
         <run_address>0xdf4c</run_address>
         <size>0x4c</size>
         <input_file_ref idref="fl-10e"/>
      </object_component>
      <object_component id="oc-1c4">
         <name>.text:atoi</name>
         <load_address>0xdf98</load_address>
         <run_address>0xdf98</run_address>
         <size>0x4c</size>
         <input_file_ref idref="fl-ef"/>
      </object_component>
      <object_component id="oc-e6">
         <name>.text:UARTConfigSetExpClk</name>
         <load_address>0xdfe4</load_address>
         <run_address>0xdfe4</run_address>
         <size>0x46</size>
         <input_file_ref idref="fl-114"/>
      </object_component>
      <object_component id="oc-601">
         <name>.text:_GPIOIntNumberGet</name>
         <load_address>0xe02c</load_address>
         <run_address>0xe02c</run_address>
         <size>0x44</size>
         <input_file_ref idref="fl-10d"/>
      </object_component>
      <object_component id="oc-3b5">
         <name>.text:__TI_auto_init_nobinit_nopinit:__TI_auto_init_nobinit_nopinit</name>
         <load_address>0xe070</load_address>
         <run_address>0xe070</run_address>
         <size>0x44</size>
         <input_file_ref idref="fl-101"/>
      </object_component>
      <object_component id="oc-348">
         <name>.text</name>
         <load_address>0xe0b4</load_address>
         <run_address>0xe0b4</run_address>
         <size>0x44</size>
         <input_file_ref idref="fl-e7"/>
      </object_component>
      <object_component id="oc-440">
         <name>.text:EEPROMInit</name>
         <load_address>0xe0f8</load_address>
         <run_address>0xe0f8</run_address>
         <size>0x40</size>
         <input_file_ref idref="fl-10c"/>
      </object_component>
      <object_component id="oc-5c4">
         <name>.text:_EEPROMSectorMaskSet</name>
         <load_address>0xe138</load_address>
         <run_address>0xe138</run_address>
         <size>0x3c</size>
         <input_file_ref idref="fl-10c"/>
      </object_component>
      <object_component id="oc-44c">
         <name>.text:EEPROMRead</name>
         <load_address>0xe174</load_address>
         <run_address>0xe174</run_address>
         <size>0x38</size>
         <input_file_ref idref="fl-10c"/>
      </object_component>
      <object_component id="oc-4c4">
         <name>.text:SysCtlPeripheralReady</name>
         <load_address>0xe1ac</load_address>
         <run_address>0xe1ac</run_address>
         <size>0x38</size>
         <input_file_ref idref="fl-111"/>
      </object_component>
      <object_component id="oc-577">
         <name>.text:__TI_writemsg</name>
         <load_address>0xe1e4</load_address>
         <run_address>0xe1e4</run_address>
         <size>0x38</size>
         <input_file_ref idref="fl-108"/>
      </object_component>
      <object_component id="oc-607">
         <name>.text:IntRegister</name>
         <load_address>0xe21c</load_address>
         <run_address>0xe21c</run_address>
         <size>0x34</size>
         <input_file_ref idref="fl-10f"/>
      </object_component>
      <object_component id="oc-504">
         <name>.text:SysCtlPeripheralDisable</name>
         <load_address>0xe250</load_address>
         <run_address>0xe250</run_address>
         <size>0x34</size>
         <input_file_ref idref="fl-111"/>
      </object_component>
      <object_component id="oc-d4">
         <name>.text:SysCtlPeripheralEnable</name>
         <load_address>0xe284</load_address>
         <run_address>0xe284</run_address>
         <size>0x34</size>
         <input_file_ref idref="fl-111"/>
      </object_component>
      <object_component id="oc-5be">
         <name>.text:_EEPROMSectorMaskClear</name>
         <load_address>0xe2b8</load_address>
         <run_address>0xe2b8</run_address>
         <size>0x34</size>
         <input_file_ref idref="fl-10c"/>
      </object_component>
      <object_component id="oc-57d">
         <name>.text:__TI_readmsg</name>
         <load_address>0xe2ec</load_address>
         <run_address>0xe2ec</run_address>
         <size>0x34</size>
         <input_file_ref idref="fl-108"/>
      </object_component>
      <object_component id="oc-6b">
         <name>.text:_c_int00_noargs:_c_int00_noargs</name>
         <load_address>0xe320</load_address>
         <run_address>0xe320</run_address>
         <size>0x34</size>
         <input_file_ref idref="fl-fd"/>
      </object_component>
      <object_component id="oc-1d6">
         <name>.text:rand</name>
         <load_address>0xe354</load_address>
         <run_address>0xe354</run_address>
         <size>0x34</size>
         <input_file_ref idref="fl-f5"/>
      </object_component>
      <object_component id="oc-1ca">
         <name>.text:strstr</name>
         <load_address>0xe388</load_address>
         <run_address>0xe388</run_address>
         <size>0x34</size>
         <input_file_ref idref="fl-fa"/>
      </object_component>
      <object_component id="oc-332">
         <name>.text:ADCIntStatus</name>
         <load_address>0xe3bc</load_address>
         <run_address>0xe3bc</run_address>
         <size>0x2e</size>
         <input_file_ref idref="fl-10b"/>
      </object_component>
      <object_component id="oc-9e">
         <name>.text</name>
         <load_address>0xe3ea</load_address>
         <run_address>0xe3ea</run_address>
         <size>0x2e</size>
         <input_file_ref idref="fl-e8"/>
      </object_component>
      <object_component id="oc-287">
         <name>.text:GPIODirModeSet</name>
         <load_address>0xe418</load_address>
         <run_address>0xe418</run_address>
         <size>0x2c</size>
         <input_file_ref idref="fl-10d"/>
      </object_component>
      <object_component id="oc-1dc">
         <name>.text:strncmp</name>
         <load_address>0xe444</load_address>
         <run_address>0xe444</run_address>
         <size>0x2c</size>
         <input_file_ref idref="fl-f9"/>
      </object_component>
      <object_component id="oc-2dc">
         <name>.text:memcmp</name>
         <load_address>0xe470</load_address>
         <run_address>0xe470</run_address>
         <size>0x24</size>
         <input_file_ref idref="fl-f3"/>
      </object_component>
      <object_component id="oc-1d0">
         <name>.text:srand</name>
         <load_address>0xe494</load_address>
         <run_address>0xe494</run_address>
         <size>0x24</size>
         <input_file_ref idref="fl-f5"/>
      </object_component>
      <object_component id="oc-294">
         <name>.text:UARTDisable</name>
         <load_address>0xe4b8</load_address>
         <run_address>0xe4b8</run_address>
         <size>0x20</size>
         <input_file_ref idref="fl-114"/>
      </object_component>
      <object_component id="oc-33e">
         <name>.text</name>
         <load_address>0xe4d8</load_address>
         <run_address>0xe4d8</run_address>
         <size>0x20</size>
         <input_file_ref idref="fl-ea"/>
      </object_component>
      <object_component id="oc-338">
         <name>.text:ADCSequenceDataGet</name>
         <load_address>0xe4f8</load_address>
         <run_address>0xe4f8</run_address>
         <size>0x1e</size>
         <input_file_ref idref="fl-10b"/>
      </object_component>
      <object_component id="oc-f8">
         <name>.text:GPIOPinTypeGPIOOutput</name>
         <load_address>0xe516</load_address>
         <run_address>0xe516</run_address>
         <size>0x1a</size>
         <input_file_ref idref="fl-10d"/>
      </object_component>
      <object_component id="oc-32c">
         <name>.text:ADCProcessorTrigger</name>
         <load_address>0xe530</load_address>
         <run_address>0xe530</run_address>
         <size>0x18</size>
         <input_file_ref idref="fl-10b"/>
      </object_component>
      <object_component id="oc-4d7">
         <name>.text:GPIOIntRegister</name>
         <load_address>0xe548</load_address>
         <run_address>0xe548</run_address>
         <size>0x18</size>
         <input_file_ref idref="fl-10d"/>
      </object_component>
      <object_component id="oc-5cd">
         <name>.text</name>
         <load_address>0xe560</load_address>
         <run_address>0xe560</run_address>
         <size>0x18</size>
         <input_file_ref idref="fl-fe"/>
      </object_component>
      <object_component id="oc-624">
         <name>.text:strcmp</name>
         <load_address>0xe578</load_address>
         <run_address>0xe578</run_address>
         <size>0x18</size>
         <input_file_ref idref="fl-f6"/>
      </object_component>
      <object_component id="oc-308">
         <name>.text:GPIOPinTypeADC</name>
         <load_address>0xe590</load_address>
         <run_address>0xe590</run_address>
         <size>0x16</size>
         <input_file_ref idref="fl-10d"/>
      </object_component>
      <object_component id="oc-478">
         <name>.text:GPIOPinTypeGPIOInput</name>
         <load_address>0xe5a6</load_address>
         <run_address>0xe5a6</run_address>
         <size>0x16</size>
         <input_file_ref idref="fl-10d"/>
      </object_component>
      <object_component id="oc-516">
         <name>.text:GPIOPinTypeI2C</name>
         <load_address>0xe5bc</load_address>
         <run_address>0xe5bc</run_address>
         <size>0x16</size>
         <input_file_ref idref="fl-10d"/>
      </object_component>
      <object_component id="oc-510">
         <name>.text:GPIOPinTypeI2CSCL</name>
         <load_address>0xe5d2</load_address>
         <run_address>0xe5d2</run_address>
         <size>0x16</size>
         <input_file_ref idref="fl-10d"/>
      </object_component>
      <object_component id="oc-e0">
         <name>.text:GPIOPinTypeUART</name>
         <load_address>0xe5e8</load_address>
         <run_address>0xe5e8</run_address>
         <size>0x16</size>
         <input_file_ref idref="fl-10d"/>
      </object_component>
      <object_component id="oc-92">
         <name>.text:SysTickEnable</name>
         <load_address>0xe600</load_address>
         <run_address>0xe600</run_address>
         <size>0x14</size>
         <input_file_ref idref="fl-112"/>
      </object_component>
      <object_component id="oc-8c">
         <name>.text:SysTickIntEnable</name>
         <load_address>0xe614</load_address>
         <run_address>0xe614</run_address>
         <size>0x14</size>
         <input_file_ref idref="fl-112"/>
      </object_component>
      <object_component id="oc-29a">
         <name>.text:UARTEnable</name>
         <load_address>0xe628</load_address>
         <run_address>0xe628</run_address>
         <size>0x14</size>
         <input_file_ref idref="fl-114"/>
      </object_component>
      <object_component id="oc-2d2">
         <name>.text:strcpy</name>
         <load_address>0xe63c</load_address>
         <run_address>0xe63c</run_address>
         <size>0x14</size>
         <input_file_ref idref="fl-f7"/>
      </object_component>
      <object_component id="oc-1be">
         <name>.text:strlen</name>
         <load_address>0xe650</load_address>
         <run_address>0xe650</run_address>
         <size>0x14</size>
         <input_file_ref idref="fl-f8"/>
      </object_component>
      <object_component id="oc-155">
         <name>.text:TimerLoadSet</name>
         <load_address>0xe664</load_address>
         <run_address>0xe664</run_address>
         <size>0x12</size>
         <input_file_ref idref="fl-113"/>
      </object_component>
      <object_component id="oc-14f">
         <name>.text:TimerPrescaleSet</name>
         <load_address>0xe676</load_address>
         <run_address>0xe676</run_address>
         <size>0x12</size>
         <input_file_ref idref="fl-113"/>
      </object_component>
      <object_component id="oc-2e2">
         <name>.text:_Z3absl</name>
         <load_address>0xe688</load_address>
         <run_address>0xe688</run_address>
         <size>0x12</size>
         <input_file_ref idref="fl-e"/>
      </object_component>
      <object_component id="oc-326">
         <name>.text:IntMasterDisable</name>
         <load_address>0xe69a</load_address>
         <run_address>0xe69a</run_address>
         <size>0x10</size>
         <input_file_ref idref="fl-10f"/>
      </object_component>
      <object_component id="oc-15b">
         <name>.text:IntMasterEnable</name>
         <load_address>0xe6aa</load_address>
         <run_address>0xe6aa</run_address>
         <size>0x10</size>
         <input_file_ref idref="fl-10f"/>
      </object_component>
      <object_component id="oc-617">
         <name>.text:SysCtlReset</name>
         <load_address>0xe6bc</load_address>
         <run_address>0xe6bc</run_address>
         <size>0x10</size>
         <input_file_ref idref="fl-111"/>
      </object_component>
      <object_component id="oc-86">
         <name>.text:SysTickPeriodSet</name>
         <load_address>0xe6cc</load_address>
         <run_address>0xe6cc</run_address>
         <size>0x10</size>
         <input_file_ref idref="fl-112"/>
      </object_component>
      <object_component id="oc-5b7">
         <name>.text:_EEPROMWaitForDone</name>
         <load_address>0xe6dc</load_address>
         <run_address>0xe6dc</run_address>
         <size>0x10</size>
         <input_file_ref idref="fl-10c"/>
      </object_component>
      <object_component id="oc-1b8">
         <name>.text:__time64</name>
         <load_address>0xe6ec</load_address>
         <run_address>0xe6ec</run_address>
         <size>0x10</size>
         <input_file_ref idref="fl-fc"/>
      </object_component>
      <object_component id="oc-45a">
         <name>.text:isdigit</name>
         <load_address>0xe6fc</load_address>
         <run_address>0xe6fc</run_address>
         <size>0x10</size>
         <input_file_ref idref="fl-f1"/>
      </object_component>
      <object_component id="oc-31a">
         <name>.text:ADCSequenceEnable</name>
         <load_address>0xe70c</load_address>
         <run_address>0xe70c</run_address>
         <size>0xe</size>
         <input_file_ref idref="fl-10b"/>
      </object_component>
      <object_component id="oc-4b8">
         <name>.text:GPIOIntStatus</name>
         <load_address>0xe71a</load_address>
         <run_address>0xe71a</run_address>
         <size>0xe</size>
         <input_file_ref idref="fl-10d"/>
      </object_component>
      <object_component id="oc-522">
         <name>.text:I2CRxFIFOFlush</name>
         <load_address>0xe728</load_address>
         <run_address>0xe728</run_address>
         <size>0xe</size>
         <input_file_ref idref="fl-10e"/>
      </object_component>
      <object_component id="oc-528">
         <name>.text:I2CTxFIFOFlush</name>
         <load_address>0xe736</load_address>
         <run_address>0xe736</run_address>
         <size>0xe</size>
         <input_file_ref idref="fl-10e"/>
      </object_component>
      <object_component id="oc-4de">
         <name>.text:TimerEnable</name>
         <load_address>0xe744</load_address>
         <run_address>0xe744</run_address>
         <size>0xe</size>
         <input_file_ref idref="fl-113"/>
      </object_component>
      <object_component id="oc-110">
         <name>.text:UARTCharGetNonBlocking</name>
         <load_address>0xe752</load_address>
         <run_address>0xe752</run_address>
         <size>0xe</size>
         <input_file_ref idref="fl-114"/>
      </object_component>
      <object_component id="oc-116">
         <name>.text:UARTCharPutNonBlocking</name>
         <load_address>0xe760</load_address>
         <run_address>0xe760</run_address>
         <size>0xe</size>
         <input_file_ref idref="fl-114"/>
      </object_component>
      <object_component id="oc-122">
         <name>.text:UARTCharsAvail</name>
         <load_address>0xe76e</load_address>
         <run_address>0xe76e</run_address>
         <size>0xe</size>
         <input_file_ref idref="fl-114"/>
      </object_component>
      <object_component id="oc-1b">
         <name>.text:decompress:none:__TI_decompress_none</name>
         <load_address>0xe77c</load_address>
         <run_address>0xe77c</run_address>
         <size>0xe</size>
         <input_file_ref idref="fl-ed"/>
      </object_component>
      <object_component id="oc-4ab">
         <name>.text:CPUcpsid</name>
         <load_address>0xe78a</load_address>
         <run_address>0xe78a</run_address>
         <size>0xc</size>
         <input_file_ref idref="fl-115"/>
      </object_component>
      <object_component id="oc-2ff">
         <name>.text:CPUcpsie</name>
         <load_address>0xe796</load_address>
         <run_address>0xe796</run_address>
         <size>0xc</size>
         <input_file_ref idref="fl-115"/>
      </object_component>
      <object_component id="oc-4d0">
         <name>.text:GPIOIntEnable</name>
         <load_address>0xe7a2</load_address>
         <run_address>0xe7a2</run_address>
         <size>0xc</size>
         <input_file_ref idref="fl-10d"/>
      </object_component>
      <object_component id="oc-3a2">
         <name>.text:SysCtlResetCauseGet</name>
         <load_address>0xe7b0</load_address>
         <run_address>0xe7b0</run_address>
         <size>0xc</size>
         <input_file_ref idref="fl-111"/>
      </object_component>
      <object_component id="oc-5f">
         <name>.text:decompress:ZI:__TI_zero_init</name>
         <load_address>0xe7bc</load_address>
         <run_address>0xe7bc</run_address>
         <size>0xc</size>
         <input_file_ref idref="fl-ec"/>
      </object_component>
      <object_component id="oc-27">
         <name>.text</name>
         <load_address>0xe7c8</load_address>
         <run_address>0xe7c8</run_address>
         <size>0xc</size>
         <input_file_ref idref="fl-2"/>
      </object_component>
      <object_component id="oc-320">
         <name>.text:ADCIntClear</name>
         <load_address>0xe7d4</load_address>
         <run_address>0xe7d4</run_address>
         <size>0xa</size>
         <input_file_ref idref="fl-10b"/>
      </object_component>
      <object_component id="oc-631">
         <name>.text:I2CMasterEnable</name>
         <load_address>0xe7de</load_address>
         <run_address>0xe7de</run_address>
         <size>0xa</size>
         <input_file_ref idref="fl-10e"/>
      </object_component>
      <object_component id="oc-104">
         <name>.text:UARTIntStatus</name>
         <load_address>0xe7e8</load_address>
         <run_address>0xe7e8</run_address>
         <size>0xa</size>
         <input_file_ref idref="fl-114"/>
      </object_component>
      <object_component id="oc-540">
         <name>.text:I2CMasterBusy</name>
         <load_address>0xe7f2</load_address>
         <run_address>0xe7f2</run_address>
         <size>0x8</size>
         <input_file_ref idref="fl-10e"/>
      </object_component>
      <object_component id="oc-52e">
         <name>.text:I2CMasterSlaveAddrSet</name>
         <load_address>0xe7fa</load_address>
         <run_address>0xe7fa</run_address>
         <size>0x8</size>
         <input_file_ref idref="fl-10e"/>
      </object_component>
      <object_component id="oc-161">
         <name>.text:TimerIntEnable</name>
         <load_address>0xe802</load_address>
         <run_address>0xe802</run_address>
         <size>0x8</size>
         <input_file_ref idref="fl-113"/>
      </object_component>
      <object_component id="oc-128">
         <name>.text:UARTBusy</name>
         <load_address>0xe80a</load_address>
         <run_address>0xe80a</run_address>
         <size>0x8</size>
         <input_file_ref idref="fl-114"/>
      </object_component>
      <object_component id="oc-f2">
         <name>.text:UARTIntEnable</name>
         <load_address>0xe812</load_address>
         <run_address>0xe812</run_address>
         <size>0x8</size>
         <input_file_ref idref="fl-114"/>
      </object_component>
      <object_component id="oc-4be">
         <name>.text:GPIOIntClear</name>
         <load_address>0xe81a</load_address>
         <run_address>0xe81a</run_address>
         <size>0x6</size>
         <input_file_ref idref="fl-10d"/>
      </object_component>
      <object_component id="oc-47e">
         <name>.text:GPIOPinRead</name>
         <load_address>0xe820</load_address>
         <run_address>0xe820</run_address>
         <size>0x6</size>
         <input_file_ref idref="fl-10d"/>
      </object_component>
      <object_component id="oc-fe">
         <name>.text:GPIOPinWrite</name>
         <load_address>0xe826</load_address>
         <run_address>0xe826</run_address>
         <size>0x6</size>
         <input_file_ref idref="fl-10d"/>
      </object_component>
      <object_component id="oc-a8">
         <name>.text:SysCtlDelay</name>
         <load_address>0xe82c</load_address>
         <run_address>0xe82c</run_address>
         <size>0x6</size>
         <input_file_ref idref="fl-111"/>
      </object_component>
      <object_component id="oc-53a">
         <name>.text:I2CMasterControl</name>
         <load_address>0xe832</load_address>
         <run_address>0xe832</run_address>
         <size>0x4</size>
         <input_file_ref idref="fl-10e"/>
      </object_component>
      <object_component id="oc-546">
         <name>.text:I2CMasterDataGet</name>
         <load_address>0xe836</load_address>
         <run_address>0xe836</run_address>
         <size>0x4</size>
         <input_file_ref idref="fl-10e"/>
      </object_component>
      <object_component id="oc-534">
         <name>.text:I2CMasterDataPut</name>
         <load_address>0xe83a</load_address>
         <run_address>0xe83a</run_address>
         <size>0x4</size>
         <input_file_ref idref="fl-10e"/>
      </object_component>
      <object_component id="oc-167">
         <name>.text:TimerIntClear</name>
         <load_address>0xe83e</load_address>
         <run_address>0xe83e</run_address>
         <size>0x4</size>
         <input_file_ref idref="fl-113"/>
      </object_component>
      <object_component id="oc-10a">
         <name>.text:UARTIntClear</name>
         <load_address>0xe842</load_address>
         <run_address>0xe842</run_address>
         <size>0x4</size>
         <input_file_ref idref="fl-114"/>
      </object_component>
      <object_component id="oc-193">
         <name>.text:_system_pre_init</name>
         <load_address>0xe846</load_address>
         <run_address>0xe846</run_address>
         <size>0x4</size>
         <input_file_ref idref="fl-102"/>
      </object_component>
      <object_component id="oc-3a9">
         <name>.text:abort:abort</name>
         <load_address>0xe84a</load_address>
         <run_address>0xe84a</run_address>
         <size>0x4</size>
         <input_file_ref idref="fl-104"/>
      </object_component>
      <object_component id="oc-4ea">
         <name>.const:.string:font5x8</name>
         <load_address>0xe850</load_address>
         <run_address>0xe850</run_address>
         <size>0x1d6</size>
         <input_file_ref idref="fl-8"/>
      </object_component>
      <object_component id="oc-404">
         <name>.const:.string:_ctypes_</name>
         <load_address>0xea26</load_address>
         <run_address>0xea26</run_address>
         <size>0x101</size>
         <input_file_ref idref="fl-f0"/>
      </object_component>
      <object_component id="oc-686">
         <name>.const:g_ppui32GPIOIntMapSnowflake</name>
         <load_address>0xeb28</load_address>
         <run_address>0xeb28</run_address>
         <size>0xd8</size>
         <input_file_ref idref="fl-10d"/>
      </object_component>
      <object_component id="oc-683">
         <name>.const:g_ppui32GPIOIntMapBlizzard</name>
         <load_address>0xec00</load_address>
         <run_address>0xec00</run_address>
         <size>0xc0</size>
         <input_file_ref idref="fl-10d"/>
      </object_component>
      <object_component id="oc-282">
         <name>.const:g_pui32GPIOBaseAddrs</name>
         <load_address>0xecc0</load_address>
         <run_address>0xecc0</run_address>
         <size>0x90</size>
         <input_file_ref idref="fl-10d"/>
      </object_component>
      <object_component id="oc-1ab">
         <name>.const:g_pui32Xtals</name>
         <load_address>0xed50</load_address>
         <run_address>0xed50</run_address>
         <size>0x6c</size>
         <input_file_ref idref="fl-111"/>
      </object_component>
      <object_component id="oc-5d7">
         <name>.const:$O1$$</name>
         <load_address>0xedbc</load_address>
         <run_address>0xedbc</run_address>
         <size>0x60</size>
         <input_file_ref idref="fl-f4"/>
      </object_component>
      <object_component id="oc-4ed">
         <name>.const:.string:BattFont5x8</name>
         <load_address>0xee1c</load_address>
         <run_address>0xee1c</run_address>
         <size>0x4e</size>
         <input_file_ref idref="fl-8"/>
      </object_component>
      <object_component id="oc-1e2">
         <name>.const:.string:$P$T0$1</name>
         <load_address>0xee6a</load_address>
         <run_address>0xee6a</run_address>
         <size>0x41</size>
         <input_file_ref idref="fl-12"/>
      </object_component>
      <object_component id="oc-461">
         <name>.const:$P$T0$1</name>
         <load_address>0xeeac</load_address>
         <run_address>0xeeac</run_address>
         <size>0x24</size>
         <input_file_ref idref="fl-4"/>
      </object_component>
      <object_component id="oc-61e">
         <name>.const:.string:$P$T0$11</name>
         <load_address>0xeed0</load_address>
         <run_address>0xeed0</run_address>
         <size>0x19</size>
         <input_file_ref idref="fl-16"/>
      </object_component>
      <object_component id="oc-4f0">
         <name>.const:.string:NetworkFont5x8</name>
         <load_address>0xeee9</load_address>
         <run_address>0xeee9</run_address>
         <size>0x14</size>
         <input_file_ref idref="fl-8"/>
      </object_component>
      <object_component id="oc-2a2">
         <name>.const:g_pui32EnRegs</name>
         <load_address>0xef00</load_address>
         <run_address>0xef00</run_address>
         <size>0x14</size>
         <input_file_ref idref="fl-10f"/>
      </object_component>
      <object_component id="oc-467">
         <name>.const:$P$T1$2</name>
         <load_address>0xef14</load_address>
         <run_address>0xef14</run_address>
         <size>0x8</size>
         <input_file_ref idref="fl-4"/>
      </object_component>
      <object_component id="oc-621">
         <name>.const:.string:$P$T1$18</name>
         <load_address>0xef1c</load_address>
         <run_address>0xef1c</run_address>
         <size>0x8</size>
         <input_file_ref idref="fl-16"/>
      </object_component>
      <object_component id="oc-6e0">
         <name>.cinit..data.load</name>
         <load_address>0xef28</load_address>
         <run_address>0xef28</run_address>
         <size>0x61</size>
      </object_component>
      <object_component id="oc-6dd">
         <name>__TI_handler_table</name>
         <load_address>0xef8c</load_address>
         <run_address>0xef8c</run_address>
         <size>0xc</size>
      </object_component>
      <object_component id="oc-6e1">
         <name>.cinit..bss.load</name>
         <load_address>0xef98</load_address>
         <run_address>0xef98</run_address>
         <size>0x8</size>
      </object_component>
      <object_component id="oc-6df">
         <name>.cinit..vtable.load</name>
         <load_address>0xefa0</load_address>
         <run_address>0xefa0</run_address>
         <size>0x8</size>
      </object_component>
      <object_component id="oc-6de">
         <name>__TI_cinit_table</name>
         <load_address>0xefa8</load_address>
         <run_address>0xefa8</run_address>
         <size>0x18</size>
      </object_component>
      <object_component id="oc-68a">
         <name>.vtable</name>
         <uninitialized>true</uninitialized>
         <run_address>0x20000000</run_address>
         <size>0x26c</size>
         <input_file_ref idref="fl-10f"/>
      </object_component>
      <object_component id="oc-b9">
         <name>.data</name>
         <load_address>0x20002918</load_address>
         <run_address>0x20002918</run_address>
         <size>0x12</size>
         <input_file_ref idref="fl-3"/>
      </object_component>
      <object_component id="oc-4e7">
         <name>.data</name>
         <load_address>0x20002988</load_address>
         <run_address>0x20002988</run_address>
         <size>0x8</size>
         <input_file_ref idref="fl-8"/>
      </object_component>
      <object_component id="oc-4dd">
         <name>.data</name>
         <load_address>0x2000292a</load_address>
         <run_address>0x2000292a</run_address>
         <size>0x2</size>
         <input_file_ref idref="fl-9"/>
      </object_component>
      <object_component id="oc-ad">
         <name>.data</name>
         <load_address>0x2000295c</load_address>
         <run_address>0x2000295c</run_address>
         <size>0xc</size>
         <input_file_ref idref="fl-c"/>
      </object_component>
      <object_component id="oc-2f5">
         <name>.data:server_response_str</name>
         <load_address>0x200028e9</load_address>
         <run_address>0x200028e9</run_address>
         <size>0x1b</size>
         <input_file_ref idref="fl-e"/>
      </object_component>
      <object_component id="oc-135">
         <name>.data</name>
         <load_address>0x20002968</load_address>
         <run_address>0x20002968</run_address>
         <size>0xc</size>
         <input_file_ref idref="fl-f"/>
      </object_component>
      <object_component id="oc-2ef">
         <name>.data</name>
         <load_address>0x20002904</load_address>
         <run_address>0x20002904</run_address>
         <size>0x14</size>
         <input_file_ref idref="fl-11"/>
      </object_component>
      <object_component id="oc-1e5">
         <name>.data</name>
         <load_address>0x20002990</load_address>
         <run_address>0x20002990</run_address>
         <size>0x4</size>
         <input_file_ref idref="fl-12"/>
      </object_component>
      <object_component id="oc-472">
         <name>.data:FL_data</name>
         <load_address>0x2000292c</load_address>
         <run_address>0x2000292c</run_address>
         <size>0x10</size>
         <input_file_ref idref="fl-15"/>
      </object_component>
      <object_component id="oc-61d">
         <name>.data</name>
         <load_address>0x200028a8</load_address>
         <run_address>0x200028a8</run_address>
         <size>0x41</size>
         <input_file_ref idref="fl-16"/>
      </object_component>
      <object_component id="oc-396">
         <name>.data</name>
         <load_address>0x20002974</load_address>
         <run_address>0x20002974</run_address>
         <size>0xc</size>
         <input_file_ref idref="fl-17"/>
      </object_component>
      <object_component id="oc-383">
         <name>.data</name>
         <load_address>0x2000294c</load_address>
         <run_address>0x2000294c</run_address>
         <size>0x10</size>
         <input_file_ref idref="fl-18"/>
      </object_component>
      <object_component id="oc-40e">
         <name>.data</name>
         <load_address>0x20002994</load_address>
         <run_address>0x20002994</run_address>
         <size>0x4</size>
         <input_file_ref idref="fl-f5"/>
      </object_component>
      <object_component id="oc-464">
         <name>.data:_tz</name>
         <load_address>0x2000293c</load_address>
         <run_address>0x2000293c</run_address>
         <size>0x10</size>
         <input_file_ref idref="fl-fb"/>
      </object_component>
      <object_component id="oc-40b">
         <name>.data:$O1$$</name>
         <load_address>0x20002980</load_address>
         <run_address>0x20002980</run_address>
         <size>0x8</size>
         <input_file_ref idref="fl-105"/>
      </object_component>
      <object_component id="oc-659">
         <name>.bss:_CIOBUF_</name>
         <uninitialized>true</uninitialized>
         <run_address>0x2000229c</run_address>
         <size>0x120</size>
         <input_file_ref idref="fl-108"/>
      </object_component>
      <object_component id="oc-34d">
         <name>.common:adc</name>
         <uninitialized>true</uninitialized>
         <run_address>0x20001ff0</run_address>
         <size>0x17c</size>
      </object_component>
      <object_component id="oc-359">
         <name>.common:measurements</name>
         <uninitialized>true</uninitialized>
         <run_address>0x200027e6</run_address>
         <size>0x1c</size>
      </object_component>
      <object_component id="oc-bf">
         <name>.common:adc_arr</name>
         <uninitialized>true</uninitialized>
         <run_address>0x2000279e</run_address>
         <size>0x29</size>
      </object_component>
      <object_component id="oc-460">
         <name>.common:time_stamp</name>
         <uninitialized>true</uninitialized>
         <run_address>0x20002890</run_address>
         <size>0x6</size>
      </object_component>
      <object_component id="oc-46a">
         <name>.common:time_main</name>
         <uninitialized>true</uninitialized>
         <run_address>0x200027c7</run_address>
         <size>0x1f</size>
      </object_component>
      <object_component id="oc-399">
         <name>.common:e2p_router_config</name>
         <uninitialized>true</uninitialized>
         <run_address>0x2000286a</run_address>
         <size>0x8</size>
      </object_component>
      <object_component id="oc-39a">
         <name>.common:e2p_cloud_config</name>
         <uninitialized>true</uninitialized>
         <run_address>0x200025d4</run_address>
         <size>0x80</size>
      </object_component>
      <object_component id="oc-2ed">
         <name>.common:e2p_device_info</name>
         <uninitialized>true</uninitialized>
         <run_address>0x20002818</run_address>
         <size>0x10</size>
      </object_component>
      <object_component id="oc-2c6">
         <name>.common:e2p_location_info</name>
         <uninitialized>true</uninitialized>
         <run_address>0x20002828</run_address>
         <size>0x10</size>
      </object_component>
      <object_component id="oc-2ca">
         <name>.common:e2p_config_time</name>
         <uninitialized>true</uninitialized>
         <run_address>0x20002862</run_address>
         <size>0x8</size>
      </object_component>
      <object_component id="oc-452">
         <name>.common:cloud_config</name>
         <uninitialized>true</uninitialized>
         <run_address>0x200023bc</run_address>
         <size>0xd6</size>
      </object_component>
      <object_component id="oc-39b">
         <name>.common:voltage_mode</name>
         <uninitialized>true</uninitialized>
         <run_address>0x200028a6</run_address>
         <size>0x1</size>
      </object_component>
      <object_component id="oc-ca">
         <name>.common:EXTI_cnt</name>
         <uninitialized>true</uninitialized>
         <run_address>0x20002802</run_address>
         <size>0x2</size>
      </object_component>
      <object_component id="oc-4d6">
         <name>.common:BCD_MODE</name>
         <uninitialized>true</uninitialized>
         <run_address>0x20002492</run_address>
         <size>0x2</size>
      </object_component>
      <object_component id="oc-4e4">
         <name>.common:relay_state</name>
         <uninitialized>true</uninitialized>
         <run_address>0x200028a0</run_address>
         <size>0x3</size>
      </object_component>
      <object_component id="oc-2cb">
         <name>.common:System_mode</name>
         <uninitialized>true</uninitialized>
         <run_address>0x200028a3</run_address>
         <size>0x1</size>
      </object_component>
      <object_component id="oc-a9">
         <name>.common:u32DelayCounter</name>
         <uninitialized>true</uninitialized>
         <run_address>0x2000289c</run_address>
         <size>0x4</size>
      </object_component>
      <object_component id="oc-b0">
         <name>.common:scheduler</name>
         <uninitialized>true</uninitialized>
         <run_address>0x20002848</run_address>
         <size>0xe</size>
      </object_component>
      <object_component id="oc-2f8">
         <name>.common:Telecom_server_query</name>
         <uninitialized>true</uninitialized>
         <run_address>0x20002896</run_address>
         <size>0x4</size>
      </object_component>
      <object_component id="oc-2f9">
         <name>.common:network_status</name>
         <uninitialized>true</uninitialized>
         <run_address>0x200028a5</run_address>
         <size>0x1</size>
      </object_component>
      <object_component id="oc-2e9">
         <name>.common:dummy_json_string</name>
         <uninitialized>true</uninitialized>
         <run_address>0x20001e68</run_address>
         <size>0x188</size>
      </object_component>
      <object_component id="oc-134">
         <name>.common:pc_uart_rx</name>
         <uninitialized>true</uninitialized>
         <run_address>0x20002534</run_address>
         <size>0xa0</size>
      </object_component>
      <object_component id="oc-b5">
         <name>.common:display_uart_rx</name>
         <uninitialized>true</uninitialized>
         <run_address>0x20002494</run_address>
         <size>0xa0</size>
      </object_component>
      <object_component id="oc-13e">
         <name>.common:pc_uart_tx</name>
         <uninitialized>true</uninitialized>
         <run_address>0x20002654</run_address>
         <size>0x50</size>
      </object_component>
      <object_component id="oc-142">
         <name>.common:display_tx</name>
         <uninitialized>true</uninitialized>
         <run_address>0x2000216c</run_address>
         <size>0x130</size>
      </object_component>
      <object_component id="oc-475">
         <name>.common:FL_log_data</name>
         <uninitialized>true</uninitialized>
         <run_address>0x20002728</run_address>
         <size>0x40</size>
      </object_component>
      <object_component id="oc-2ee">
         <name>.common:FLR_log_data</name>
         <uninitialized>true</uninitialized>
         <run_address>0x200026e8</run_address>
         <size>0x40</size>
      </object_component>
      <object_component id="oc-476">
         <name>.common:freq_updated_data</name>
         <uninitialized>true</uninitialized>
         <run_address>0x20002838</run_address>
         <size>0x10</size>
      </object_component>
      <object_component id="oc-c3">
         <name>.common:ram_data</name>
         <uninitialized>true</uninitialized>
         <run_address>0x20002768</run_address>
         <size>0x36</size>
      </object_component>
      <object_component id="oc-141">
         <name>.common:gprs</name>
         <uninitialized>true</uninitialized>
         <run_address>0x20002804</run_address>
         <size>0x14</size>
      </object_component>
      <object_component id="oc-13f">
         <name>.common:gprs_rx_buff</name>
         <uninitialized>true</uninitialized>
         <run_address>0x20001a70</run_address>
         <size>0x1fc</size>
      </object_component>
      <object_component id="oc-140">
         <name>.common:gprs_tx_buff</name>
         <uninitialized>true</uninitialized>
         <run_address>0x20001c6c</run_address>
         <size>0x1fc</size>
      </object_component>
      <object_component id="oc-b1">
         <name>.common:gprs_rx_isr_handler</name>
         <uninitialized>true</uninitialized>
         <run_address>0x2000289a</run_address>
         <size>0x2</size>
      </object_component>
      <object_component id="oc-46b">
         <name>.common:gprs_date_time</name>
         <uninitialized>true</uninitialized>
         <run_address>0x20002882</run_address>
         <size>0x7</size>
      </object_component>
      <object_component id="oc-4fa">
         <name>.common:gps</name>
         <uninitialized>true</uninitialized>
         <run_address>0x200026a4</run_address>
         <size>0x44</size>
      </object_component>
      <object_component id="oc-392">
         <name>.common:gps_data</name>
         <uninitialized>true</uninitialized>
         <run_address>0x20002872</run_address>
         <size>0x8</size>
      </object_component>
      <object_component id="oc-4fb">
         <name>.common:gps_handler_state</name>
         <uninitialized>true</uninitialized>
         <run_address>0x200028a4</run_address>
         <size>0x1</size>
      </object_component>
      <object_component id="oc-4fc">
         <name>.common:gps_date_time</name>
         <uninitialized>true</uninitialized>
         <run_address>0x20002889</run_address>
         <size>0x7</size>
      </object_component>
      <object_component id="oc-39c">
         <name>.common:Alarms</name>
         <uninitialized>true</uninitialized>
         <run_address>0x20002856</run_address>
         <size>0xc</size>
      </object_component>
      <object_component id="oc-583">
         <name>.common:parmbuf</name>
         <uninitialized>true</uninitialized>
         <run_address>0x2000287a</run_address>
         <size>0x8</size>
      </object_component>
      <object_component id="oc-24">
         <name>.stack</name>
         <uninitialized>true</uninitialized>
         <run_address>0x20000270</run_address>
         <size>0x4</size>
         <input_file_ref idref="fl-fd"/>
      </object_component>
      <object_component id="oc-6e3">
         <name>.stack</name>
         <uninitialized>true</uninitialized>
         <run_address>0x20000270</run_address>
         <size>0x0</size>
      </object_component>
      <object_component id="oc-41">
         <name>.debug_info</name>
         <load_address>0x0</load_address>
         <run_address>0x0</run_address>
         <size>0x383</size>
         <input_file_ref idref="fl-2"/>
      </object_component>
      <object_component id="oc-13">
         <name>.debug_info</name>
         <load_address>0x383</load_address>
         <run_address>0x383</run_address>
         <size>0xee</size>
         <input_file_ref idref="fl-2"/>
      </object_component>
      <object_component id="oc-28">
         <name>.debug_info</name>
         <load_address>0x471</load_address>
         <run_address>0x471</run_address>
         <size>0x26d</size>
         <input_file_ref idref="fl-2"/>
      </object_component>
      <object_component id="oc-178">
         <name>.debug_info</name>
         <load_address>0x6de</load_address>
         <run_address>0x6de</run_address>
         <size>0x26b</size>
         <input_file_ref idref="fl-2"/>
      </object_component>
      <object_component id="oc-48">
         <name>.debug_info</name>
         <load_address>0x949</load_address>
         <run_address>0x949</run_address>
         <size>0x84</size>
         <input_file_ref idref="fl-2"/>
      </object_component>
      <object_component id="oc-35a">
         <name>.debug_info</name>
         <load_address>0x9cd</load_address>
         <run_address>0x9cd</run_address>
         <size>0x2a4</size>
         <input_file_ref idref="fl-2"/>
      </object_component>
      <object_component id="oc-173">
         <name>.debug_info</name>
         <load_address>0xc71</load_address>
         <run_address>0xc71</run_address>
         <size>0xbb</size>
         <input_file_ref idref="fl-2"/>
      </object_component>
      <object_component id="oc-c0">
         <name>.debug_info</name>
         <load_address>0xd2c</load_address>
         <run_address>0xd2c</run_address>
         <size>0x16ba</size>
         <input_file_ref idref="fl-3"/>
      </object_component>
      <object_component id="oc-bd">
         <name>.debug_info</name>
         <load_address>0x23e6</load_address>
         <run_address>0x23e6</run_address>
         <size>0x119</size>
         <input_file_ref idref="fl-3"/>
      </object_component>
      <object_component id="oc-ba">
         <name>.debug_info</name>
         <load_address>0x24ff</load_address>
         <run_address>0x24ff</run_address>
         <size>0x168b</size>
         <input_file_ref idref="fl-3"/>
      </object_component>
      <object_component id="oc-21a">
         <name>.debug_info</name>
         <load_address>0x3b8a</load_address>
         <run_address>0x3b8a</run_address>
         <size>0x2c1</size>
         <input_file_ref idref="fl-3"/>
      </object_component>
      <object_component id="oc-1fc">
         <name>.debug_info</name>
         <load_address>0x3e4b</load_address>
         <run_address>0x3e4b</run_address>
         <size>0x23d</size>
         <input_file_ref idref="fl-3"/>
      </object_component>
      <object_component id="oc-201">
         <name>.debug_info</name>
         <load_address>0x4088</load_address>
         <run_address>0x4088</run_address>
         <size>0x2ac</size>
         <input_file_ref idref="fl-3"/>
      </object_component>
      <object_component id="oc-25c">
         <name>.debug_info</name>
         <load_address>0x4334</load_address>
         <run_address>0x4334</run_address>
         <size>0x151c</size>
         <input_file_ref idref="fl-3"/>
      </object_component>
      <object_component id="oc-144">
         <name>.debug_info</name>
         <load_address>0x5850</load_address>
         <run_address>0x5850</run_address>
         <size>0x8b</size>
         <input_file_ref idref="fl-3"/>
      </object_component>
      <object_component id="oc-261">
         <name>.debug_info</name>
         <load_address>0x58db</load_address>
         <run_address>0x58db</run_address>
         <size>0xa0a</size>
         <input_file_ref idref="fl-3"/>
      </object_component>
      <object_component id="oc-210">
         <name>.debug_info</name>
         <load_address>0x62e5</load_address>
         <run_address>0x62e5</run_address>
         <size>0x2d6</size>
         <input_file_ref idref="fl-3"/>
      </object_component>
      <object_component id="oc-cf">
         <name>.debug_info</name>
         <load_address>0x65bb</load_address>
         <run_address>0x65bb</run_address>
         <size>0xbb</size>
         <input_file_ref idref="fl-3"/>
      </object_component>
      <object_component id="oc-20b">
         <name>.debug_info</name>
         <load_address>0x6676</load_address>
[...]
         <value>0xd831</value>
         <object_component_ref idref="oc-4d"/>
      </symbol>
      <symbol id="sm-103b">
         <name>__aeabi_memcpy</name>
         <value>0xd831</value>
         <object_component_ref idref="oc-4d"/>
      </symbol>
      <symbol id="sm-103c">
         <name>__aeabi_memcpy8</name>
         <value>0xd831</value>
         <object_component_ref idref="oc-4d"/>
      </symbol>
      <symbol id="sm-103d">
         <name>__aeabi_memcpy4</name>
         <value>0xd831</value>
         <object_component_ref idref="oc-4d"/>
      </symbol>
      <symbol id="sm-1047">
         <name>__aeabi_ui2d</name>
         <value>0xe4d9</value>
         <object_component_ref idref="oc-33e"/>
      </symbol>
      <symbol id="sm-1056">
         <name>__aeabi_memset</name>
         <value>0xda65</value>
         <object_component_ref idref="oc-a3"/>
      </symbol>
      <symbol id="sm-1057">
         <name>memset</name>
         <value>0xda6b</value>
         <object_component_ref idref="oc-a3"/>
      </symbol>
      <symbol id="sm-1058">
         <name>__aeabi_memset8</name>
         <value>0xda65</value>
         <object_component_ref idref="oc-a3"/>
      </symbol>
      <symbol id="sm-1059">
         <name>__aeabi_memset4</name>
         <value>0xda65</value>
         <object_component_ref idref="oc-a3"/>
      </symbol>
      <symbol id="sm-105a">
         <name>__aeabi_memclr8</name>
         <value>0xda63</value>
         <object_component_ref idref="oc-a3"/>
      </symbol>
      <symbol id="sm-105b">
         <name>__aeabi_memclr4</name>
         <value>0xda63</value>
         <object_component_ref idref="oc-a3"/>
      </symbol>
      <symbol id="sm-105c">
         <name>__aeabi_memclr</name>
         <value>0xda63</value>
         <object_component_ref idref="oc-a3"/>
      </symbol>
      <symbol id="sm-106e">
         <name>__TI_zero_init</name>
         <value>0xe7bd</value>
         <object_component_ref idref="oc-5f"/>
      </symbol>
      <symbol id="sm-1085">
         <name>__TI_decompress_none</name>
         <value>0xe77d</value>
         <object_component_ref idref="oc-1b"/>
      </symbol>
      <symbol id="sm-10a8">
         <name>__TI_decompress_lzss</name>
         <value>0xdc21</value>
         <object_component_ref idref="oc-15"/>
      </symbol>
      <symbol id="sm-10be">
         <name>atoi</name>
         <value>0xdf99</value>
         <object_component_ref idref="oc-1c4"/>
      </symbol>
      <symbol id="sm-10c9">
         <name>_ctypes_</name>
         <value>0xea26</value>
         <object_component_ref idref="oc-404"/>
      </symbol>
      <symbol id="sm-10d8">
         <name>isdigit</name>
         <value>0xe6fd</value>
         <object_component_ref idref="oc-45a"/>
      </symbol>
      <symbol id="sm-10e9">
         <name>ltoa</name>
         <value>0xdadd</value>
         <object_component_ref idref="oc-12e"/>
      </symbol>
      <symbol id="sm-10f9">
         <name>memcmp</name>
         <value>0xe471</value>
         <object_component_ref idref="oc-2dc"/>
      </symbol>
      <symbol id="sm-1135">
         <name>__mktime64</name>
         <value>0xc9d9</value>
         <object_component_ref idref="oc-454"/>
      </symbol>
      <symbol id="sm-115a">
         <name>rand</name>
         <value>0xe355</value>
         <object_component_ref idref="oc-1d6"/>
      </symbol>
      <symbol id="sm-115b">
         <name>srand</name>
         <value>0xe495</value>
         <object_component_ref idref="oc-1d0"/>
      </symbol>
      <symbol id="sm-116a">
         <name>strcmp</name>
         <value>0xe579</value>
         <object_component_ref idref="oc-624"/>
      </symbol>
      <symbol id="sm-1178">
         <name>strcpy</name>
         <value>0xe63d</value>
         <object_component_ref idref="oc-2d2"/>
      </symbol>
      <symbol id="sm-1186">
         <name>strlen</name>
         <value>0xe651</value>
         <object_component_ref idref="oc-1be"/>
      </symbol>
      <symbol id="sm-1196">
         <name>strncmp</name>
         <value>0xe445</value>
         <object_component_ref idref="oc-1dc"/>
      </symbol>
      <symbol id="sm-11a9">
         <name>strstr</name>
         <value>0xe389</value>
         <object_component_ref idref="oc-1ca"/>
      </symbol>
      <symbol id="sm-11b9">
         <name>_tz</name>
         <value>0x2000293c</value>
         <object_component_ref idref="oc-464"/>
      </symbol>
      <symbol id="sm-11cc">
         <name>__time64</name>
         <value>0xe6ed</value>
         <object_component_ref idref="oc-1b8"/>
      </symbol>
      <symbol id="sm-11df">
         <name>__stack</name>
         <value>0x20000270</value>
         <object_component_ref idref="oc-24"/>
      </symbol>
      <symbol id="sm-11e0">
         <name>_c_int00_noargs</name>
         <value>0xe321</value>
         <object_component_ref idref="oc-6b"/>
      </symbol>
      <symbol id="sm-11e9">
         <name>__aeabi_lmul</name>
         <value>0xe561</value>
         <object_component_ref idref="oc-5cd"/>
      </symbol>
      <symbol id="sm-11f7">
         <name>__aeabi_ldivmod</name>
         <value>0xdb4b</value>
         <object_component_ref idref="oc-5d2"/>
      </symbol>
      <symbol id="sm-1204">
         <name>__aeabi_uldivmod</name>
         <value>0xd8cd</value>
         <object_component_ref idref="oc-676"/>
      </symbol>
      <symbol id="sm-122c">
         <name>__TI_auto_init_nobinit_nopinit</name>
         <value>0xe071</value>
         <object_component_ref idref="oc-3b5"/>
      </symbol>
      <symbol id="sm-1236">
         <name>_system_pre_init</name>
         <value>0xe847</value>
         <object_component_ref idref="oc-193"/>
      </symbol>
      <symbol id="sm-1242">
         <name>C$$EXIT</name>
         <value>0xe84b</value>
         <object_component_ref idref="oc-3a9"/>
      </symbol>
      <symbol id="sm-1243">
         <name>abort</name>
         <value>0xe84b</value>
         <object_component_ref idref="oc-3a9"/>
      </symbol>
      <symbol id="sm-1258">
         <name>_nop</name>
         <value>0xd463</value>
         <object_component_ref idref="oc-59c"/>
      </symbol>
      <symbol id="sm-1259">
         <name>_lock</name>
         <value>0x20002980</value>
         <object_component_ref idref="oc-40b"/>
      </symbol>
      <symbol id="sm-125a">
         <name>_unlock</name>
         <value>0x20002984</value>
         <object_component_ref idref="oc-40b"/>
      </symbol>
      <symbol id="sm-1274">
         <name>HOSTtime64</name>
         <value>0xdcf1</value>
         <object_component_ref idref="oc-3f5"/>
      </symbol>
      <symbol id="sm-1298">
         <name>__TI_readmsg</name>
         <value>0xe2ed</value>
         <object_component_ref idref="oc-57d"/>
      </symbol>
      <symbol id="sm-1299">
         <name>C$$IO$$</name>
         <value>0xe213</value>
         <object_component_ref idref="oc-577"/>
      </symbol>
      <symbol id="sm-129a">
         <name>__CIOBUF_</name>
         <value>0x2000229c</value>
         <object_component_ref idref="oc-659"/>
      </symbol>
      <symbol id="sm-129b">
         <name>__TI_writemsg</name>
         <value>0xe1e5</value>
         <object_component_ref idref="oc-577"/>
      </symbol>
      <symbol id="sm-12a5">
         <name>__aeabi_idiv0</name>
         <value>0xdeff</value>
         <object_component_ref idref="oc-671"/>
      </symbol>
      <symbol id="sm-12a6">
         <name>__aeabi_ldiv0</name>
         <value>0xdeff</value>
         <object_component_ref idref="oc-671"/>
      </symbol>
      <symbol id="sm-12ac">
         <name>parmbuf</name>
         <value>0x2000287a</value>
      </symbol>
      <symbol id="sm-1305">
         <name>ADCProcessorTrigger</name>
         <value>0xe531</value>
         <object_component_ref idref="oc-32c"/>
      </symbol>
      <symbol id="sm-1306">
         <name>ADCSequenceEnable</name>
         <value>0xe70d</value>
         <object_component_ref idref="oc-31a"/>
      </symbol>
      <symbol id="sm-1307">
         <name>ADCSequenceConfigure</name>
         <value>0xdeb1</value>
         <object_component_ref idref="oc-30e"/>
      </symbol>
      <symbol id="sm-1308">
         <name>ADCSequenceStepConfigure</name>
         <value>0xd9e9</value>
         <object_component_ref idref="oc-314"/>
      </symbol>
      <symbol id="sm-1309">
         <name>ADCIntClear</name>
         <value>0xe7d5</value>
         <object_component_ref idref="oc-320"/>
      </symbol>
      <symbol id="sm-130a">
         <name>ADCIntStatus</name>
         <value>0xe3bd</value>
         <object_component_ref idref="oc-332"/>
      </symbol>
      <symbol id="sm-130b">
         <name>ADCSequenceDataGet</name>
         <value>0xe4f9</value>
         <object_component_ref idref="oc-338"/>
      </symbol>
      <symbol id="sm-1366">
         <name>EEPROMRead</name>
         <value>0xe175</value>
         <object_component_ref idref="oc-44c"/>
      </symbol>
      <symbol id="sm-1367">
         <name>EEPROMProgram</name>
         <value>0xd76d</value>
         <object_component_ref idref="oc-446"/>
      </symbol>
      <symbol id="sm-1368">
         <name>EEPROMInit</name>
         <value>0xe0f9</value>
         <object_component_ref idref="oc-440"/>
      </symbol>
      <symbol id="sm-1421">
         <name>GPIOIntRegister</name>
         <value>0xe549</value>
         <object_component_ref idref="oc-4d7"/>
      </symbol>
      <symbol id="sm-1422">
         <name>GPIOPinConfigure</name>
         <value>0xdf01</value>
         <object_component_ref idref="oc-da"/>
      </symbol>
      <symbol id="sm-1423">
         <name>GPIOPinTypeI2CSCL</name>
         <value>0xe5d3</value>
         <object_component_ref idref="oc-510"/>
      </symbol>
      <symbol id="sm-1424">
         <name>GPIOIntEnable</name>
         <value>0xe7a3</value>
         <object_component_ref idref="oc-4d0"/>
      </symbol>
      <symbol id="sm-1425">
         <name>GPIOPinTypeI2C</name>
         <value>0xe5bd</value>
         <object_component_ref idref="oc-516"/>
      </symbol>
      <symbol id="sm-1426">
         <name>GPIOIntTypeSet</name>
         <value>0xddb1</value>
         <object_component_ref idref="oc-4ca"/>
      </symbol>
      <symbol id="sm-1427">
         <name>GPIOPinTypeADC</name>
         <value>0xe591</value>
         <object_component_ref idref="oc-308"/>
      </symbol>
      <symbol id="sm-1428">
         <name>GPIOPinTypeGPIOInput</name>
         <value>0xe5a7</value>
         <object_component_ref idref="oc-478"/>
      </symbol>
      <symbol id="sm-1429">
         <name>GPIOIntClear</name>
         <value>0xe81b</value>
         <object_component_ref idref="oc-4be"/>
      </symbol>
      <symbol id="sm-142a">
         <name>GPIOPinTypeUART</name>
         <value>0xe5e9</value>
         <object_component_ref idref="oc-e0"/>
      </symbol>
      <symbol id="sm-142b">
         <name>GPIOIntStatus</name>
         <value>0xe71b</value>
         <object_component_ref idref="oc-4b8"/>
      </symbol>
      <symbol id="sm-142c">
         <name>GPIOPinTypeGPIOOutput</name>
         <value>0xe517</value>
         <object_component_ref idref="oc-f8"/>
      </symbol>
      <symbol id="sm-142d">
         <name>GPIOPinRead</name>
         <value>0xe821</value>
         <object_component_ref idref="oc-47e"/>
      </symbol>
      <symbol id="sm-142e">
         <name>GPIODirModeSet</name>
         <value>0xe419</value>
         <object_component_ref idref="oc-287"/>
      </symbol>
      <symbol id="sm-142f">
         <name>GPIOPinWrite</name>
         <value>0xe827</value>
         <object_component_ref idref="oc-fe"/>
      </symbol>
      <symbol id="sm-1430">
         <name>GPIOPadConfigSet</name>
         <value>0xd07d</value>
         <object_component_ref idref="oc-28d"/>
      </symbol>
      <symbol id="sm-1482">
         <name>I2CRxFIFOFlush</name>
         <value>0xe729</value>
         <object_component_ref idref="oc-522"/>
      </symbol>
      <symbol id="sm-1483">
         <name>I2CTxFIFOFlush</name>
         <value>0xe737</value>
         <object_component_ref idref="oc-528"/>
      </symbol>
      <symbol id="sm-1484">
         <name>I2CMasterDataPut</name>
         <value>0xe83b</value>
         <object_component_ref idref="oc-534"/>
      </symbol>
      <symbol id="sm-1485">
         <name>I2CMasterInitExpClk</name>
         <value>0xdf4d</value>
         <object_component_ref idref="oc-51c"/>
      </symbol>
      <symbol id="sm-1486">
         <name>I2CMasterSlaveAddrSet</name>
         <value>0xe7fb</value>
         <object_component_ref idref="oc-52e"/>
      </symbol>
      <symbol id="sm-1487">
         <name>I2CMasterDataGet</name>
         <value>0xe837</value>
         <object_component_ref idref="oc-546"/>
      </symbol>
      <symbol id="sm-1488">
         <name>I2CMasterControl</name>
         <value>0xe833</value>
         <object_component_ref idref="oc-53a"/>
      </symbol>
      <symbol id="sm-1489">
         <name>I2CMasterBusy</name>
         <value>0xe7f3</value>
         <object_component_ref idref="oc-540"/>
      </symbol>
      <symbol id="sm-148a">
         <name>I2CMasterEnable</name>
         <value>0xe7df</value>
         <object_component_ref idref="oc-631"/>
      </symbol>
      <symbol id="sm-14cd">
         <name>IntEnable</name>
         <value>0xdbb9</value>
         <object_component_ref idref="oc-ec"/>
      </symbol>
      <symbol id="sm-14ce">
         <name>IntRegister</name>
         <value>0xe21d</value>
         <object_component_ref idref="oc-607"/>
      </symbol>
      <symbol id="sm-14cf">
         <name>IntMasterDisable</name>
         <value>0xe69b</value>
         <object_component_ref idref="oc-326"/>
      </symbol>
      <symbol id="sm-14d0">
         <name>g_pfnRAMVectors</name>
         <value>0x20000000</value>
         <object_component_ref idref="oc-68a"/>
      </symbol>
      <symbol id="sm-14d1">
         <name>IntMasterEnable</name>
         <value>0xe6ab</value>
         <object_component_ref idref="oc-15b"/>
      </symbol>
      <symbol id="sm-155c">
         <name>SysCtlClockSet</name>
         <value>0xd679</value>
         <object_component_ref idref="oc-37d"/>
      </symbol>
      <symbol id="sm-155d">
         <name>SysCtlResetCauseGet</name>
         <value>0xe7b1</value>
         <object_component_ref idref="oc-3a2"/>
      </symbol>
      <symbol id="sm-155e">
         <name>SysCtlDelay</name>
         <value>0xe82d</value>
         <object_component_ref idref="oc-a8"/>
      </symbol>
      <symbol id="sm-155f">
         <name>SysCtlPeripheralEnable</name>
         <value>0xe285</value>
         <object_component_ref idref="oc-d4"/>
      </symbol>
      <symbol id="sm-1560">
         <name>SysCtlReset</name>
         <value>0xe6bd</value>
         <object_component_ref idref="oc-617"/>
      </symbol>
      <symbol id="sm-1561">
         <name>SysCtlClockGet</name>
         <value>0xd465</value>
         <object_component_ref idref="oc-80"/>
      </symbol>
      <symbol id="sm-1562">
         <name>SysCtlPeripheralDisable</name>
         <value>0xe251</value>
         <object_component_ref idref="oc-504"/>
      </symbol>
      <symbol id="sm-1563">
         <name>SysCtlPeripheralReady</name>
         <value>0xe1ad</value>
         <object_component_ref idref="oc-4c4"/>
      </symbol>
      <symbol id="sm-1564">
         <name>SysCtlPeripheralReset</name>
         <value>0xde61</value>
         <object_component_ref idref="oc-50a"/>
      </symbol>
      <symbol id="sm-1587">
         <name>SysTickEnable</name>
         <value>0xe601</value>
         <object_component_ref idref="oc-92"/>
      </symbol>
      <symbol id="sm-1588">
         <name>SysTickIntEnable</name>
         <value>0xe615</value>
         <object_component_ref idref="oc-8c"/>
      </symbol>
      <symbol id="sm-1589">
         <name>SysTickPeriodSet</name>
         <value>0xe6cd</value>
         <object_component_ref idref="oc-86"/>
      </symbol>
      <symbol id="sm-15c5">
         <name>TimerLoadSet</name>
         <value>0xe665</value>
         <object_component_ref idref="oc-155"/>
      </symbol>
      <symbol id="sm-15c6">
         <name>TimerEnable</name>
         <value>0xe745</value>
         <object_component_ref idref="oc-4de"/>
      </symbol>
      <symbol id="sm-15c7">
         <name>TimerPrescaleSet</name>
         <value>0xe677</value>
         <object_component_ref idref="oc-14f"/>
      </symbol>
      <symbol id="sm-15c8">
         <name>TimerIntEnable</name>
         <value>0xe803</value>
         <object_component_ref idref="oc-161"/>
      </symbol>
      <symbol id="sm-15c9">
         <name>TimerConfigure</name>
         <value>0xdd51</value>
         <object_component_ref idref="oc-149"/>
      </symbol>
      <symbol id="sm-15ca">
         <name>TimerIntClear</name>
         <value>0xe83f</value>
         <object_component_ref idref="oc-167"/>
      </symbol>
      <symbol id="sm-1623">
         <name>UARTCharPutNonBlocking</name>
         <value>0xe761</value>
         <object_component_ref idref="oc-116"/>
      </symbol>
      <symbol id="sm-1624">
         <name>UARTConfigSetExpClk</name>
         <value>0xdfe5</value>
         <object_component_ref idref="oc-e6"/>
      </symbol>
      <symbol id="sm-1625">
         <name>UARTDisable</name>
         <value>0xe4b9</value>
         <object_component_ref idref="oc-294"/>
      </symbol>
      <symbol id="sm-1626">
         <name>UARTBusy</name>
         <value>0xe80b</value>
         <object_component_ref idref="oc-128"/>
      </symbol>
      <symbol id="sm-1627">
         <name>UARTIntEnable</name>
         <value>0xe813</value>
         <object_component_ref idref="oc-f2"/>
      </symbol>
      <symbol id="sm-1628">
         <name>UARTCharsAvail</name>
         <value>0xe76f</value>
         <object_component_ref idref="oc-122"/>
      </symbol>
      <symbol id="sm-1629">
         <name>UARTCharGetNonBlocking</name>
         <value>0xe753</value>
         <object_component_ref idref="oc-110"/>
      </symbol>
      <symbol id="sm-162a">
         <name>UARTEnable</name>
         <value>0xe629</value>
         <object_component_ref idref="oc-29a"/>
      </symbol>
      <symbol id="sm-162b">
         <name>UARTIntClear</name>
         <value>0xe843</value>
         <object_component_ref idref="oc-10a"/>
      </symbol>
      <symbol id="sm-162c">
         <name>UARTIntStatus</name>
         <value>0xe7e9</value>
         <object_component_ref idref="oc-104"/>
      </symbol>
      <symbol id="sm-163e">
         <name>CPUcpsie</name>
         <value>0xe797</value>
         <object_component_ref idref="oc-2ff"/>
      </symbol>
      <symbol id="sm-163f">
         <name>CPUcpsid</name>
         <value>0xe78b</value>
         <object_component_ref idref="oc-4ab"/>
      </symbol>
      <symbol id="sm-1640">
         <name>__TI_static_base__</name>
         <value>0x0</value>
      </symbol>
      <symbol id="sm-1643">
         <name>__mpu_init</name>
         <value>0x0</value>
      </symbol>
      <symbol id="sm-1644">
         <name>_system_post_cinit</name>
         <value>0x0</value>
      </symbol>
   </symbol_table>
   <title>Link successful</title>
</link_info>
