******************************************************************************
                  TI ARM Linker PC v20.2.6                     
******************************************************************************
>> Linked Thu May  2 11:36:56 2024

OUTPUT FILE NAME:   <Telecom_IoT_v2_00.out>
ENTRY POINT SYMBOL: "_c_int00_noargs"  address: 00007c8d


MEMORY CONFIGURATION

         name            origin    length      used     unused   attr    fill
----------------------  --------  ---------  --------  --------  ----  --------
  FLASH                 00000000   00020000  00008416  00017bea  R  X
  SRAM                  20000000   00008000  00001688  00006978  RW X


SEGMENT ALLOCATION MAP

run origin  load origin   length   init length attrs members
----------  ----------- ---------- ----------- ----- -------
00000000    00000000    00008418   00008418    r-x
  00000000    00000000    0000026c   0000026c    r-- .intvecs
  0000026c    0000026c    00007e42   00007e42    r-x .text
  000080b0    000080b0    00000308   00000308    r-- .const
  000083b8    000083b8    00000060   00000060    r-- .cinit
20000000    20000000    00001688   00000000    rw-
  20000000    20000000    00000df0   00000000    rw- .bss
  20000df0    20000df0    00000800   00000000    rw- .stack
  200015f0    200015f0    00000098   00000000    rw- .data


SECTION ALLOCATION MAP

 output                                  attributes/
section   page    origin      length       input sections
--------  ----  ----------  ----------   ----------------
.intvecs   0    00000000    0000026c     
                  00000000    0000026c     tm4c1233e6pz_startup_ccs.obj (.intvecs)

.text      0    0000026c    00007e42     
                  0000026c    00002b2c     gprs.obj (.text)
                  00002d98    00000bb8     gps.obj (.text)
                  00003950    00000a44     Clock.obj (.text)
                  00004394    00000800     E2P.obj (.text)
                  00004b94    00000544     UartCore.obj (.text)
                  000050d8    0000049c     PC_Cmds.obj (.text)
                  00005574    00000424     ADC_Core.obj (.text)
                  00005998    00000424     main.obj (.text)
                  00005dbc    00000380     Display.obj (.text)
                  0000613c    000002b8     rtsv7M4_T_le_v4SPD16_eabi.lib : mktime64.c.obj (.text:__mktime64)
                  000063f4    000002b8     _common.obj (.text)
                  000066ac    00000208     IO_cntrl.obj (.text)
                  000068b4    000001cc     DS3231.obj (.text)
                  00006a80    00000170     SysTick_Timer.obj (.text)
                  00006bf0    0000016c     driverlib.lib : gpio.obj (.text:GPIOPadConfigSet)
                  00006d5c    00000158     Web_Comm.obj (.text)
                  00006eb4    00000136     rtsv7M4_T_le_v4SPD16_eabi.lib : fd_div_t2.asm.obj (.text)
                  00006fea    00000002                                   : _lock.c.obj (.text:_nop)
                  00006fec    00000118     driverlib.lib : sysctl.obj (.text:SysCtlClockGet)
                  00007104    000000fc     rtsv7M4_T_le_v4SPD16_eabi.lib : fd_mul_t2.asm.obj (.text)
                  00007200    000000f4     driverlib.lib : sysctl.obj (.text:SysCtlClockSet)
                  000072f4    000000c4                   : eeprom.obj (.text:EEPROMProgram)
                  000073b8    0000009c     rtsv7M4_T_le_v4SPD16_eabi.lib : memcpy_t2.asm.obj (.text)
                  00007454    00000096                                   : ull_div_t2.asm.obj (.text)
                  000074ea    0000007a     driverlib.lib : adc.obj (.text:ADCSequenceStepConfigure)
                  00007564    0000007a     rtsv7M4_T_le_v4SPD16_eabi.lib : memset_t2.asm.obj (.text)
                  000075de    00000002                                   : div0.asm.obj (.text)
                  000075e0    0000006e                                   : ltoa.c.obj (.text:ltoa)
                  0000764e    0000006e                                   : ll_div_t2.asm.obj (.text)
                  000076bc    00000068     driverlib.lib : interrupt.obj (.text:IntEnable)
                  00007724    00000068     rtsv7M4_T_le_v4SPD16_eabi.lib : copy_decompress_lzss.c.obj (.text:decompress:lzss:__TI_decompress_lzss)
                  0000778c    00000060                                   : hosttime.c.obj (.text:HOSTtime64)
                  000077ec    00000058     driverlib.lib : gpio.obj (.text:GPIOIntTypeSet)
                  00007844    00000050                   : sysctl.obj (.text:SysCtlPeripheralReset)
                  00007894    0000004e                   : adc.obj (.text:ADCSequenceConfigure)
                  000078e2    00000002     --HOLE-- [fill = 0]
                  000078e4    0000004c                   : gpio.obj (.text:GPIOPinConfigure)
                  00007930    0000004c                   : i2c.obj (.text:I2CMasterInitExpClk)
                  0000797c    0000004c     rtsv7M4_T_le_v4SPD16_eabi.lib : atoi.c.obj (.text:atoi)
                  000079c8    00000046     driverlib.lib : uart.obj (.text:UARTConfigSetExpClk)
                  00007a0e    00000002     --HOLE-- [fill = 0]
                  00007a10    00000044     rtsv7M4_T_le_v4SPD16_eabi.lib : autoinit.c.obj (.text:__TI_auto_init_nobinit_nopinit:__TI_auto_init_nobinit_nopinit)
                  00007a54    00000044                                   : fd_tou_t2.asm.obj (.text)
                  00007a98    00000040     driverlib.lib : eeprom.obj (.text:EEPROMInit)
                  00007ad8    0000003c                   : eeprom.obj (.text:_EEPROMSectorMaskSet)
                  00007b14    00000038                   : eeprom.obj (.text:EEPROMRead)
                  00007b4c    00000038                   : sysctl.obj (.text:SysCtlPeripheralReady)
                  00007b84    00000038     rtsv7M4_T_le_v4SPD16_eabi.lib : trgmsg.c.obj (.text:__TI_writemsg)
                  00007bbc    00000034     driverlib.lib : sysctl.obj (.text:SysCtlPeripheralDisable)
                  00007bf0    00000034                   : sysctl.obj (.text:SysCtlPeripheralEnable)
                  00007c24    00000034                   : eeprom.obj (.text:_EEPROMSectorMaskClear)
                  00007c58    00000034     rtsv7M4_T_le_v4SPD16_eabi.lib : trgmsg.c.obj (.text:__TI_readmsg)
                  00007c8c    00000034                                   : boot_cortex_m.c.obj (.text:_c_int00_noargs:_c_int00_noargs)
                  00007cc0    00000034                                   : rand.c.obj (.text:rand)
                  00007cf4    00000034                                   : strstr.c.obj (.text:strstr)
                  00007d28    0000002e     driverlib.lib : adc.obj (.text:ADCIntStatus)
                  00007d56    0000002c                   : gpio.obj (.text:GPIODirModeSet)
                  00007d82    00000024     rtsv7M4_T_le_v4SPD16_eabi.lib : memcmp.c.obj (.text:memcmp)
                  00007da6    00000002     --HOLE-- [fill = 0]
                  00007da8    00000024                                   : rand.c.obj (.text:srand)
                  00007dcc    00000020     driverlib.lib : uart.obj (.text:UARTDisable)
                  00007dec    00000020     rtsv7M4_T_le_v4SPD16_eabi.lib : u_tofd_t2.asm.obj (.text)
                  00007e0c    0000001e     driverlib.lib : adc.obj (.text:ADCSequenceDataGet)
                  00007e2a    0000001a                   : gpio.obj (.text:GPIOPinTypeGPIOOutput)
                  00007e44    00000018                   : adc.obj (.text:ADCProcessorTrigger)
                  00007e5c    00000018     rtsv7M4_T_le_v4SPD16_eabi.lib : ll_mul_t2.asm.obj (.text)
                  00007e74    00000018                                   : strcmp.c.obj (.text:strcmp)
                  00007e8c    00000016     driverlib.lib : gpio.obj (.text:GPIOPinTypeADC)
                  00007ea2    00000016                   : gpio.obj (.text:GPIOPinTypeGPIOInput)
                  00007eb8    00000016                   : gpio.obj (.text:GPIOPinTypeI2C)
                  00007ece    00000016                   : gpio.obj (.text:GPIOPinTypeI2CSCL)
                  00007ee4    00000016                   : gpio.obj (.text:GPIOPinTypeUART)
                  00007efa    00000002     --HOLE-- [fill = 0]
                  00007efc    00000014                   : systick.obj (.text:SysTickEnable)
                  00007f10    00000014                   : systick.obj (.text:SysTickIntEnable)
                  00007f24    00000014                   : uart.obj (.text:UARTEnable)
                  00007f38    00000014     rtsv7M4_T_le_v4SPD16_eabi.lib : strcpy.c.obj (.text:strcpy)
                  00007f4c    00000014                                   : strlen.c.obj (.text:strlen)
                  00007f60    00000010     driverlib.lib : interrupt.obj (.text:IntMasterEnable)
                  00007f70    00000010                   : systick.obj (.text:SysTickPeriodSet)
                  00007f80    00000010                   : eeprom.obj (.text:_EEPROMWaitForDone)
                  00007f90    00000010     rtsv7M4_T_le_v4SPD16_eabi.lib : time64.c.obj (.text:__time64)
                  00007fa0    0000000e     driverlib.lib : adc.obj (.text:ADCSequenceEnable)
                  00007fae    0000000e                   : gpio.obj (.text:GPIOIntStatus)
                  00007fbc    0000000e                   : i2c.obj (.text:I2CRxFIFOFlush)
                  00007fca    0000000e                   : i2c.obj (.text:I2CTxFIFOFlush)
                  00007fd8    0000000e                   : uart.obj (.text:UARTCharGetNonBlocking)
                  00007fe6    0000000e                   : uart.obj (.text:UARTCharPutNonBlocking)
                  00007ff4    0000000e                   : uart.obj (.text:UARTCharsAvail)
                  00008002    0000000e     rtsv7M4_T_le_v4SPD16_eabi.lib : copy_decompress_none.c.obj (.text:decompress:none:__TI_decompress_none)
                  00008010    0000000c     driverlib.lib : cpu.obj (.text:CPUcpsie)
                  0000801c    0000000c                   : gpio.obj (.text:GPIOIntEnable)
                  00008028    0000000c     rtsv7M4_T_le_v4SPD16_eabi.lib : copy_zero_init.c.obj (.text:decompress:ZI:__TI_zero_init)
                  00008034    0000000c     tm4c1233e6pz_startup_ccs.obj (.text)
                  00008040    0000000a     driverlib.lib : adc.obj (.text:ADCIntClear)
                  0000804a    0000000a                   : i2c.obj (.text:I2CMasterEnable)
                  00008054    0000000a                   : uart.obj (.text:UARTIntStatus)
                  0000805e    00000008                   : i2c.obj (.text:I2CMasterBusy)
                  00008066    00000008                   : i2c.obj (.text:I2CMasterSlaveAddrSet)
                  0000806e    00000008                   : uart.obj (.text:UARTBusy)
                  00008076    00000008                   : uart.obj (.text:UARTIntEnable)
                  0000807e    00000006                   : gpio.obj (.text:GPIOIntClear)
                  00008084    00000006                   : gpio.obj (.text:GPIOPinRead)
                  0000808a    00000006                   : gpio.obj (.text:GPIOPinWrite)
                  00008090    00000006                   : sysctl.obj (.text:SysCtlDelay)
                  00008096    00000004                   : i2c.obj (.text:I2CMasterControl)
                  0000809a    00000004                   : i2c.obj (.text:I2CMasterDataGet)
                  0000809e    00000004                   : i2c.obj (.text:I2CMasterDataPut)
                  000080a2    00000004                   : uart.obj (.text:UARTIntClear)
                  000080a6    00000004     rtsv7M4_T_le_v4SPD16_eabi.lib : pre_init.c.obj (.text:_system_pre_init)
                  000080aa    00000004                                   : exit.c.obj (.text:abort:abort)

.const     0    000080b0    00000308     
                  000080b0    00000101     rtsv7M4_T_le_v4SPD16_eabi.lib : ctype.c.obj (.const:.string:_ctypes_)
                  000081b1    00000003     --HOLE-- [fill = 0]
                  000081b4    00000090     driverlib.lib : gpio.obj (.const:g_pui32GPIOBaseAddrs)
                  00008244    0000006c                   : sysctl.obj (.const:g_pui32Xtals)
                  000082b0    00000060     rtsv7M4_T_le_v4SPD16_eabi.lib : mktime64.c.obj (.const:$O1$$)
                  00008310    00000041     _common.obj (.const:.string:$P$T0$1)
                  00008351    00000003     --HOLE-- [fill = 0]
                  00008354    00000024     Clock.obj (.const:$P$T0$1)
                  00008378    00000019     gprs.obj (.const:.string:$P$T0$12)
                  00008391    00000003     --HOLE-- [fill = 0]
                  00008394    00000014     driverlib.lib : interrupt.obj (.const:g_pui32EnRegs)
                  000083a8    00000008     Clock.obj (.const:$P$T1$2)
                  000083b0    00000008     gprs.obj (.const:.string:$P$T1$20)

.cinit     0    000083b8    00000060     
                  000083b8    00000039     (.cinit..data.load) [load image, compression = lzss]
                  000083f1    00000003     --HOLE-- [fill = 0]
                  000083f4    0000000c     (__TI_handler_table)
                  00008400    00000008     (.cinit..bss.load) [load image, compression = zero_init]
                  00008408    00000010     (__TI_cinit_table)

.init_array 
*          0    00000000    00000000     UNINITIALIZED

.bss       0    20000000    00000df0     UNINITIALIZED
                  20000000    000001fc     (.common:gprs_tx_buff)
                  200001fc    000001f4     (.common:JSON_Tx_Buff)
                  200003f0    00000188     (.common:dummy_json_string)
                  20000578    0000017c     (.common:adc)
                  200006f4    00000130     (.common:display_tx)
                  20000824    00000120     rtsv7M4_T_le_v4SPD16_eabi.lib : trgmsg.c.obj (.bss:_CIOBUF_)
                  20000944    000000d6     (.common:cloud_config)
                  20000a1a    00000002     (.common:EXTI_cnt)
                  20000a1c    000000a0     (.common:display_uart_rx)
                  20000abc    000000a0     (.common:pc_uart_rx)
                  20000b5c    00000088     (.common:gprs_rx_buff)
                  20000be4    00000080     (.common:e2p_cloud_config)
                  20000c64    00000050     (.common:pc_uart_tx)
                  20000cb4    00000043     (.common:gps)
                  20000cf7    00000036     (.common:ram_data)
                  20000d2d    0000001f     (.common:time_main)
                  20000d4c    0000001c     (.common:measurements)
                  20000d68    00000018     (.common:gprs)
                  20000d80    00000010     (.common:e2p_device_info)
                  20000d90    00000010     (.common:e2p_location_info)
                  20000da0    0000000e     (.common:scheduler)
                  20000dae    0000000c     (.common:Alarms)
                  20000dba    00000008     (.common:e2p_config_time)
                  20000dc2    00000008     (.common:e2p_router_config)
                  20000dca    00000008     (.common:gps_data)
                  20000dd2    00000008     (.common:parmbuf)
                  20000dda    00000007     (.common:gprs_date_time)
                  20000de1    00000006     (.common:time_stamp)
                  20000de7    00000001     (.common:System_mode)
                  20000de8    00000004     (.common:u32DelayCounter)
                  20000dec    00000002     (.common:gprs_rx_isr_handler)
                  20000dee    00000001     (.common:gps_handler_state)
                  20000def    00000001     (.common:router_mode)

.data      0    200015f0    00000098     UNINITIALIZED
                  200015f0    00000045     gprs.obj (.data)
                  20001635    00000003     --HOLE--
                  20001638    00000014     Web_Comm.obj (.data)
                  2000164c    00000010     rtsv7M4_T_le_v4SPD16_eabi.lib : tmzone.c.obj (.data:_tz)
                  2000165c    00000008                                   : _lock.c.obj (.data:$O1$$)
                  20001664    00000004     SysTick_Timer.obj (.data)
                  20001668    00000008     ADC_Core.obj (.data)
                  20001670    00000008     UartCore.obj (.data)
                  20001678    00000004     _common.obj (.data)
                  2000167c    00000004     gps.obj (.data)
                  20001680    00000004     main.obj (.data)
                  20001684    00000004     rtsv7M4_T_le_v4SPD16_eabi.lib : rand.c.obj (.data)

.stack     0    20000df0    00000800     UNINITIALIZED
                  20000df0    00000004     rtsv7M4_T_le_v4SPD16_eabi.lib : boot_cortex_m.c.obj (.stack)
                  20000df4    000007fc     --HOLE--

__llvm_prf_cnts 
*          0    20000000    00000000     UNINITIALIZED

MODULE SUMMARY

       Module                         code    ro data   rw data
       ------                         ----    -------   -------
    .\
       tm4c1233e6pz_startup_ccs.obj   12      620       0      
    +--+------------------------------+-------+---------+---------+
       Total:                         12      620       0      
                                                               
    .\Sources\
       gprs.obj                       11052   33        1638   
       gps.obj                        3000    0         80     
       Clock.obj                      2628    44        37     
       E2P.obj                        2048    0         390    
       UartCore.obj                   1348    0         712    
       ADC_Core.obj                   1060    0         416    
       PC_Cmds.obj                    1180    0         1      
       main.obj                       1060    0         70     
       Display.obj                    896     0         0      
       _common.obj                    696     65        4      
       IO_cntrl.obj                   520     0         3      
       DS3231.obj                     460     0         0      
       SysTick_Timer.obj              368     0         22     
       Web_Comm.obj                   344     0         20     
    +--+------------------------------+-------+---------+---------+
       Total:                         26660   142       3393   
                                                               
    C:/ti/TivaWare_C_Series-2.2.0.295/driverlib/ccs/Debug/driverlib.lib
       gpio.obj                       752     144       0      
       sysctl.obj                     770     108       0      
       eeprom.obj                     444     0         0      
       adc.obj                        324     0         0      
       uart.obj                       194     0         0      
       i2c.obj                        142     0         0      
       interrupt.obj                  120     20        0      
       systick.obj                    56      0         0      
       cpu.obj                        12      0         0      
    +--+------------------------------+-------+---------+---------+
       Total:                         2814    272       0      
                                                               
    C:\ti\ccs1110\ccs\tools\compiler\ti-cgt-arm_20.2.6.LTS\lib\rtsv7M4_T_le_v4SPD16_eabi.lib
       mktime64.c.obj                 696     96        0      
       trgmsg.c.obj                   108     0         288    
       fd_div_t2.asm.obj              310     0         0      
       ctype.c.obj                    0       257       0      
       fd_mul_t2.asm.obj              252     0         0      
       memcpy_t2.asm.obj              156     0         0      
       ull_div_t2.asm.obj             150     0         0      
       memset_t2.asm.obj              122     0         0      
       ll_div_t2.asm.obj              110     0         0      
       ltoa.c.obj                     110     0         0      
       copy_decompress_lzss.c.obj     104     0         0      
       hosttime.c.obj                 96      0         0      
       rand.c.obj                     88      0         4      
       atoi.c.obj                     76      0         0      
       autoinit.c.obj                 68      0         0      
       fd_tou_t2.asm.obj              68      0         0      
       boot_cortex_m.c.obj            52      0         0      
       strstr.c.obj                   52      0         0      
       memcmp.c.obj                   36      0         0      
       u_tofd_t2.asm.obj              32      0         0      
       ll_mul_t2.asm.obj              24      0         0      
       strcmp.c.obj                   24      0         0      
       strcpy.c.obj                   20      0         0      
       strlen.c.obj                   20      0         0      
       time64.c.obj                   16      0         0      
       tmzone.c.obj                   0       0         16     
       copy_decompress_none.c.obj     14      0         0      
       copy_zero_init.c.obj           12      0         0      
       _lock.c.obj                    2       0         8      
       hostopen.c.obj                 0       0         8      
       exit.c.obj                     4       0         0      
       pre_init.c.obj                 4       0         0      
       div0.asm.obj                   2       0         0      
    +--+------------------------------+-------+---------+---------+
       Total:                         2828    353       324    
                                                               
       Stack:                         0       0         2048   
       Linker Generated:              0       93        0      
    +--+------------------------------+-------+---------+---------+
       Grand Total:                   32314   1480      5765   


LINKER GENERATED COPY TABLES

__TI_cinit_table @ 00008408 records: 2, size/record: 8, table size: 16
	.data: load addr=000083b8, load size=00000039 bytes, run addr=200015f0, run size=00000098 bytes, compression=lzss
	.bss: load addr=00008400, load size=00000008 bytes, run addr=20000000, run size=00000df0 bytes, compression=zero_init


LINKER GENERATED HANDLER TABLE

__TI_handler_table @ 000083f4 records: 3, size/record: 4, table size: 12
	index: 0, handler: __TI_decompress_lzss
	index: 1, handler: __TI_decompress_none
	index: 2, handler: __TI_zero_init


GLOBAL SYMBOLS: SORTED ALPHABETICALLY BY Name 

address   name                                   
-------   ----                                   
00008041  ADCIntClear                            
00007d29  ADCIntStatus                           
00007e45  ADCProcessorTrigger                    
00007895  ADCSequenceConfigure                   
00007e0d  ADCSequenceDataGet                     
00007fa1  ADCSequenceEnable                      
000074eb  ADCSequenceStepConfigure               
20001668  ADC_RAW_MAX                            
20000dae  Alarms                                 
000080ab  C$$EXIT                                
00007bb3  C$$IO$$                                
00008011  CPUcpsie                               
00004f65  DEBUGUARTIntHandler                    
00004f01  DISPLAYUARTIntHandler                  
00007a99  EEPROMInit                             
000072f5  EEPROMProgram                          
00007b15  EEPROMRead                             
20000a1a  EXTI_cnt                               
00006841  GPIODIntHandler                        
00007d57  GPIODirModeSet                         
0000807f  GPIOIntClear                           
0000801d  GPIOIntEnable                          
00007faf  GPIOIntStatus                          
000077ed  GPIOIntTypeSet                         
00006bf1  GPIOPadConfigSet                       
000078e5  GPIOPinConfigure                       
00008085  GPIOPinRead                            
00007e8d  GPIOPinTypeADC                         
00007ea3  GPIOPinTypeGPIOInput                   
00007e2b  GPIOPinTypeGPIOOutput                  
00007eb9  GPIOPinTypeI2C                         
00007ecf  GPIOPinTypeI2CSCL                      
00007ee5  GPIOPinTypeUART                        
0000808b  GPIOPinWrite                           
0000778d  HOSTtime64                             
0000805f  I2CMasterBusy                          
00008097  I2CMasterControl                       
0000809b  I2CMasterDataGet                       
0000809f  I2CMasterDataPut                       
0000804b  I2CMasterEnable                        
00007931  I2CMasterInitExpClk                    
00008067  I2CMasterSlaveAddrSet                  
00007fbd  I2CRxFIFOFlush                         
00007fcb  I2CTxFIFOFlush                         
000076bd  IntEnable                              
00007f61  IntMasterEnable                        
200001fc  JSON_Tx_Buff                           
00004e9d  LTEUARTIntHandler                      
00008035  ResetISR                               
00006fed  SysCtlClockGet                         
00007201  SysCtlClockSet                         
00008091  SysCtlDelay                            
00007bbd  SysCtlPeripheralDisable                
00007bf1  SysCtlPeripheralEnable                 
00007b4d  SysCtlPeripheralReady                  
00007845  SysCtlPeripheralReset                  
00007efd  SysTickEnable                          
00007f11  SysTickIntEnable                       
00006ab3  SysTickIntHandler                      
00007f71  SysTickPeriodSet                       
20000de7  System_mode                            
0000806f  UARTBusy                               
00007fd9  UARTCharGetNonBlocking                 
00007fe7  UARTCharPutNonBlocking                 
00007ff5  UARTCharsAvail                         
000079c9  UARTConfigSetExpClk                    
00007dcd  UARTDisable                            
00007f25  UARTEnable                             
000080a3  UARTIntClear                           
00008077  UARTIntEnable                          
00008055  UARTIntStatus                          
00005937  _Z10GetAdcDatav                        
00006a2d  _Z10I2CReceivev                        
00006837  _Z10ToggleLEDsv                        
00004359  _Z10asUnixTimeiiiiii                   
000028af  _Z10getREQmodev                        
000065ab  _Z10my_sprintfPciz                     
00001075  _Z10setREQmode13gprs_status_t          
0000425b  _Z10update_rtcPci                      
00002c71  _Z10valid_codePc                       
000029e9  _Z11TCP_Handlerv                       
00004e39  _Z11Usendbufferj                       
00006583  _Z11count_commaPct                     
00006565  _Z11getChecksumPhc                     
00003b51  _Z11getDateTimev                       
0000026d  _Z11get_rx_dataPc                      
00003509  _Z11gps_handlerv                       
00005af5  _Z11init_configv                       
000028a9  _Z11setNWstatus13gprs_status_t         
000025e5  _Z11tcp_connectv                       
000069cb  _Z11vRTCI2CInitv                       
00005575  _Z12ADC_PortIniti                      
0000418f  _Z12calcTimeDiff12time_stamp_tS_       
00000295  _Z12check_stringPKcPcPi                
0000249b  _Z12getNW_statusv                      
00005d13  _Z12getRAM_Alarmv                      
0000328d  _Z12get_locationv                      
00002489  _Z12get_pkt_recvv                      
00002035  _Z12gprs_connectv                      
00003fc9  _Z12is_leap_yearh                      
00001ed5  _Z12read_ip_portPc                     
000005e5  _Z12respos_recvdPc                     
00005ad5  _Z12setRAM_Alarm16Alarm_sts_bits_tb    
00001ebd  _Z12set_pkt_recvh                      
0000680f  _Z12vEXTIpinInitv                      
00006803  _Z12vGPIO_Togglejhh                    
000066f5  _Z12vLEDGPIOInitv                      
00004cfb  _Z12vLTEUARTInitv                      
0000401d  _Z13add_date_timeP12time_stamp_tS0_j   
000064e1  _Z13delete_SubStrPcS_c                 
00004c45  _Z13flushRxBufferi                     
00004c69  _Z13flushTxBufferi                     
00005d0d  _Z13getRAM_Statusv                     
00004b11  _Z13get_device_idv                     
00001e91  _Z13pong_receivedPc                    
00005ced  _Z13setRAM_Statushb                    
00004a85  _Z13set_device_idPc                    
00006aa3  _Z13vMAIN_DelayMSj                     
00004e25  _Z13vUART_SendChrjh                    
00004e07  _Z13vUART_SendIntji                    
00004de5  _Z13vUART_SendStrjPKh                  
00003ef9  _Z14StrToTimeStampPh                   
00003e83  _Z14getDaysOfMonthcj                   
00003213  _Z14get_gps_statusv                    
00003205  _Z14set_gps_status12gps_status_t       
00001bbd  _Z14tcp_disconnectv                    
00004caf  _Z14vDEBUGUARTInitv                    
000059cd  _Z14write_defaultsj                    
00005e9d  _Z15Data_Screen_lcdv                   
00003dff  _Z15check_date_timePcS_                
00001a91  _Z15generateMaskKeyPh                  
00001a6f  _Z15getServerStatusv                   
00001a65  _Z15get_upload_datav                   
00001a51  _Z15get_webconn_stsv                   
00002d99  _Z15gps_pkt_parsingP10gps_info_tPc     
00006d5d  _Z15manage_gps_gprsv                   
000019c9  _Z15match_cpsi_dataPc                  
00001985  _Z15setServerStatus13gprs_status_t     
0000197d  _Z15set_upload_data13upload_data_t     
00001977  _Z15set_webconn_stsh                   
00005ba9  _Z15update_ram_datav                   
0000673b  _Z15vGPIOPortEnablev                   
00004a53  _Z15vPERIPH_E2PInitv                   
00004dbf  _Z15vUART_SendBytesjPKhj               
00001621  _Z15websckt_connectv                   
00005df3  _Z16PrepareLcdBufferPhcc               
00005905  _Z16calculate_AC_ADCv                  
00005493  _Z16decodeMsgPC_Uartv                  
00003ddb  _Z16get_present_timeP12time_stamp_t    
000050d9  _Z16get_system_statev                  
0000518d  _Z16set_system_state10sys_mode_t       
00003a7d  _Z16update_date_timev                  
00004d5d  _Z16vDISPLAYUARTInitv                  
0000670d  _Z16vGPIO_UnlockGPIOjh                 
000066f5  _Z16vPERIPH_GPIOInitv                  
00004daf  _Z16vPERIPH_UARTInitv                  
00000ff5  _Z16websocket_packetPh                 
00003a25  _Z17check_expire_time12time_stamp_tS_  
0000499f  _Z17cloud_config_datav                 
000048ef  _Z17e2p_read_cfg_timev                 
00004885  _Z17e2p_read_locationv                 
0000648b  _Z17generateRandomKeyiPc               
000058d9  _Z17getBatteryVoltagev                 
000058a9  _Z17getChargerVoltagev                 
00001135  _Z17prepare_JSON_pcktv                 
00005471  _Z17tx_pending_dataPCv                 
00005999  _Z17vPERIPH_ClockInitv                 
0000032b  _Z18check_string_nobufPKc              
000039d5  _Z18convertToEpochTimePK12time_stamp_t 
0000481d  _Z18e2p_read_cloud_cfgv                
000047b9  _Z18e2p_write_cfg_timev                
00004567  _Z18e2p_write_locationv                
0000478f  _Z18get_fixed_locationv                
000045a9  _Z18set_fixed_locationPc               
000066cd  _Z18vInput_PollingReadv                
00000d09  _Z18websckt_disconnectv                
00003993  _Z19check_dateTime_dataP12time_stamp_t 
00004513  _Z19e2p_read_device_cfgv               
00004395  _Z19e2p_write_cloud_cfgv               
00000c3b  _Z19get_gprs_connct_stsv               
00000c35  _Z19get_pending_requestv               
000009b5  _Z19gprs_connect_statusv               
00000907  _Z19set_gprs_connct_stsh               
00000901  _Z19set_pending_requesth               
000066ad  _Z19vInit_InputTestpinsv               
00006a87  _Z19vPERIPH_SystickInitv               
000044e5  _Z20e2p_write_device_cfgv              
00005879  _Z20getRouter1_DCvoltagev              
00005847  _Z20getRouter2_DCvoltagev              
0000581d  _Z21getRouter1_DC_currentv             
000057f5  _Z21getRouter2_DC_currentv             
00004491  _Z23e2p_read_voltage_configv           
00004c0b  _Z23vUART_CheckFrameTimeouti           
00004453  _Z24e2p_write_voltage_configv          
000050e1  _Z24preparePC_ResponsePacket5cmd_tPchii
00006463  _Z25count_doubleSquareBracketPcj       
00004b95  _Z25prepare_graphical_tx_buffjPch      
0000599f  _Z26vMAIN_InitClockPeripheralsv        
0000444f  _Z7get_urlv                            
00003951  _Z7isDT_okv                            
00005709  _Z7readADCh                            
000063f5  _Z7reversePci                          
000043c5  _Z7set_urlPc                           
00006927  _Z8Read_RTCPhh                         
0000641b  _Z8intToStriPci                        
0000519d  _Z8response5cmd_ti                     
000006c1  _Z8tcp_sendPci                         
000068b5  _Z9Write_RTCPhh                        
00005dbd  _Z9clear_lcdv                          
00006a81  _Z9my_millisv                          
00000345  _Z9ping_sendv                          
0000573f  _Z9updateADC14ADC_Channels_th          
000056ab  _Z9vADC0Initv                          
20000824  __CIOBUF_                              
200015f0  __STACK_END                            
00000800  __STACK_SIZE                           
20000ff0  __STACK_TOP                            
00008408  __TI_CINIT_Base                        
00008418  __TI_CINIT_Limit                       
000083f4  __TI_Handler_Table_Base                
00008400  __TI_Handler_Table_Limit               
00007a11  __TI_auto_init_nobinit_nopinit         
00007725  __TI_decompress_lzss                   
00008003  __TI_decompress_none                   
ffffffff  __TI_pprof_out_hndl                    
ffffffff  __TI_prof_data_size                    
ffffffff  __TI_prof_data_start                   
00007c59  __TI_readmsg                           
00000000  __TI_static_base__                     
00007b85  __TI_writemsg                          
00008029  __TI_zero_init                         
00007a55  __aeabi_d2uiz                          
00006eb5  __aeabi_ddiv                           
00007105  __aeabi_dmul                           
000075df  __aeabi_idiv0                          
000075df  __aeabi_ldiv0                          
0000764f  __aeabi_ldivmod                        
00007e5d  __aeabi_lmul                           
00007565  __aeabi_memclr                         
00007565  __aeabi_memclr4                        
00007565  __aeabi_memclr8                        
000073b9  __aeabi_memcpy                         
000073b9  __aeabi_memcpy4                        
000073b9  __aeabi_memcpy8                        
00007567  __aeabi_memset                         
00007567  __aeabi_memset4                        
00007567  __aeabi_memset8                        
00007ded  __aeabi_ui2d                           
00007455  __aeabi_uldivmod                       
ffffffff  __binit__                              
ffffffff  __c_args__                             
0000613d  __mktime64                             
UNDEFED   __mpu_init                             
20000df0  __stack                                
20000000  __start___llvm_prf_cnts                
20000000  __stop___llvm_prf_cnts                 
00007f91  __time64                               
00007c8d  _c_int00_noargs                        
000080b0  _ctypes_                               
2000165c  _lock                                  
00006feb  _nop                                   
UNDEFED   _system_post_cinit                     
000080a7  _system_pre_init                       
2000164c  _tz                                    
20001660  _unlock                                
000080ab  abort                                  
20000578  adc                                    
0000797d  atoi                                   
ffffffff  binit                                  
20000944  cloud_config                           
20001640  conn_state                             
200006f4  display_tx                             
20000a1c  display_uart_rx                        
200003f0  dummy_json_string                      
20000be4  e2p_cloud_config                       
20000dba  e2p_config_time                        
20000d80  e2p_device_info                        
20000d90  e2p_location_info                      
20000dc2  e2p_router_config                      
00000000  g_pfnVectors                           
20000d68  gprs                                   
20000dda  gprs_date_time                         
2000163c  gprs_read_timeout                      
20000b5c  gprs_rx_buff                           
20000dec  gprs_rx_isr_handler                    
20000000  gprs_tx_buff                           
20000cb4  gps                                    
20000dca  gps_data                               
20000dee  gps_handler_state                      
20001638  gps_read_timeout                       
000075e1  ltoa                                   
00005c29  main                                   
20000d4c  measurements                           
00007d83  memcmp                                 
000073b9  memcpy                                 
0000756d  memset                                 
20001664  millis_cnt                             
20000dd2  parmbuf                                
20000abc  pc_uart_rx                             
20000c64  pc_uart_tx                             
20000cf7  ram_data                               
00007cc1  rand                                   
20000def  router_mode                            
20000da0  scheduler                              
00007da9  srand                                  
00007e75  strcmp                                 
00007f39  strcpy                                 
00007f4d  strlen                                 
00007cf5  strstr                                 
20000d2d  time_main                              
20000de1  time_stamp                             
20000de8  u32DelayCounter                        
20001680  upload_time                            


GLOBAL SYMBOLS: SORTED BY Symbol Address 

address   name                                   
-------   ----                                   
00000000  __TI_static_base__                     
00000000  g_pfnVectors                           
0000026d  _Z11get_rx_dataPc                      
00000295  _Z12check_stringPKcPcPi                
0000032b  _Z18check_string_nobufPKc              
00000345  _Z9ping_sendv                          
000005e5  _Z12respos_recvdPc                     
000006c1  _Z8tcp_sendPci                         
00000800  __STACK_SIZE                           
00000901  _Z19set_pending_requesth               
00000907  _Z19set_gprs_connct_stsh               
000009b5  _Z19gprs_connect_statusv               
00000c35  _Z19get_pending_requestv               
00000c3b  _Z19get_gprs_connct_stsv               
00000d09  _Z18websckt_disconnectv                
00000ff5  _Z16websocket_packetPh                 
00001075  _Z10setREQmode13gprs_status_t          
00001135  _Z17prepare_JSON_pcktv                 
00001621  _Z15websckt_connectv                   
00001977  _Z15set_webconn_stsh                   
0000197d  _Z15set_upload_data13upload_data_t     
00001985  _Z15setServerStatus13gprs_status_t     
000019c9  _Z15match_cpsi_dataPc                  
00001a51  _Z15get_webconn_stsv                   
00001a65  _Z15get_upload_datav                   
00001a6f  _Z15getServerStatusv                   
00001a91  _Z15generateMaskKeyPh                  
00001bbd  _Z14tcp_disconnectv                    
00001e91  _Z13pong_receivedPc                    
00001ebd  _Z12set_pkt_recvh                      
00001ed5  _Z12read_ip_portPc                     
00002035  _Z12gprs_connectv                      
00002489  _Z12get_pkt_recvv                      
0000249b  _Z12getNW_statusv                      
000025e5  _Z11tcp_connectv                       
000028a9  _Z11setNWstatus13gprs_status_t         
000028af  _Z10getREQmodev                        
000029e9  _Z11TCP_Handlerv                       
00002c71  _Z10valid_codePc                       
00002d99  _Z15gps_pkt_parsingP10gps_info_tPc     
00003205  _Z14set_gps_status12gps_status_t       
00003213  _Z14get_gps_statusv                    
0000328d  _Z12get_locationv                      
00003509  _Z11gps_handlerv                       
00003951  _Z7isDT_okv                            
00003993  _Z19check_dateTime_dataP12time_stamp_t 
000039d5  _Z18convertToEpochTimePK12time_stamp_t 
00003a25  _Z17check_expire_time12time_stamp_tS_  
00003a7d  _Z16update_date_timev                  
00003b51  _Z11getDateTimev                       
00003ddb  _Z16get_present_timeP12time_stamp_t    
00003dff  _Z15check_date_timePcS_                
00003e83  _Z14getDaysOfMonthcj                   
00003ef9  _Z14StrToTimeStampPh                   
00003fc9  _Z12is_leap_yearh                      
0000401d  _Z13add_date_timeP12time_stamp_tS0_j   
0000418f  _Z12calcTimeDiff12time_stamp_tS_       
0000425b  _Z10update_rtcPci                      
00004359  _Z10asUnixTimeiiiiii                   
00004395  _Z19e2p_write_cloud_cfgv               
000043c5  _Z7set_urlPc                           
0000444f  _Z7get_urlv                            
00004453  _Z24e2p_write_voltage_configv          
00004491  _Z23e2p_read_voltage_configv           
000044e5  _Z20e2p_write_device_cfgv              
00004513  _Z19e2p_read_device_cfgv               
00004567  _Z18e2p_write_locationv                
000045a9  _Z18set_fixed_locationPc               
0000478f  _Z18get_fixed_locationv                
000047b9  _Z18e2p_write_cfg_timev                
0000481d  _Z18e2p_read_cloud_cfgv                
00004885  _Z17e2p_read_locationv                 
000048ef  _Z17e2p_read_cfg_timev                 
0000499f  _Z17cloud_config_datav                 
00004a53  _Z15vPERIPH_E2PInitv                   
00004a85  _Z13set_device_idPc                    
00004b11  _Z13get_device_idv                     
00004b95  _Z25prepare_graphical_tx_buffjPch      
00004c0b  _Z23vUART_CheckFrameTimeouti           
00004c45  _Z13flushRxBufferi                     
00004c69  _Z13flushTxBufferi                     
00004caf  _Z14vDEBUGUARTInitv                    
00004cfb  _Z12vLTEUARTInitv                      
00004d5d  _Z16vDISPLAYUARTInitv                  
00004daf  _Z16vPERIPH_UARTInitv                  
00004dbf  _Z15vUART_SendBytesjPKhj               
00004de5  _Z13vUART_SendStrjPKh                  
00004e07  _Z13vUART_SendIntji                    
00004e25  _Z13vUART_SendChrjh                    
00004e39  _Z11Usendbufferj                       
00004e9d  LTEUARTIntHandler                      
00004f01  DISPLAYUARTIntHandler                  
00004f65  DEBUGUARTIntHandler                    
000050d9  _Z16get_system_statev                  
000050e1  _Z24preparePC_ResponsePacket5cmd_tPchii
0000518d  _Z16set_system_state10sys_mode_t       
0000519d  _Z8response5cmd_ti                     
00005471  _Z17tx_pending_dataPCv                 
00005493  _Z16decodeMsgPC_Uartv                  
00005575  _Z12ADC_PortIniti                      
000056ab  _Z9vADC0Initv                          
00005709  _Z7readADCh                            
0000573f  _Z9updateADC14ADC_Channels_th          
000057f5  _Z21getRouter2_DC_currentv             
0000581d  _Z21getRouter1_DC_currentv             
00005847  _Z20getRouter2_DCvoltagev              
00005879  _Z20getRouter1_DCvoltagev              
000058a9  _Z17getChargerVoltagev                 
000058d9  _Z17getBatteryVoltagev                 
00005905  _Z16calculate_AC_ADCv                  
00005937  _Z10GetAdcDatav                        
00005999  _Z17vPERIPH_ClockInitv                 
0000599f  _Z26vMAIN_InitClockPeripheralsv        
000059cd  _Z14write_defaultsj                    
00005ad5  _Z12setRAM_Alarm16Alarm_sts_bits_tb    
00005af5  _Z11init_configv                       
00005ba9  _Z15update_ram_datav                   
00005c29  main                                   
00005ced  _Z13setRAM_Statushb                    
00005d0d  _Z13getRAM_Statusv                     
00005d13  _Z12getRAM_Alarmv                      
00005dbd  _Z9clear_lcdv                          
00005df3  _Z16PrepareLcdBufferPhcc               
00005e9d  _Z15Data_Screen_lcdv                   
0000613d  __mktime64                             
000063f5  _Z7reversePci                          
0000641b  _Z8intToStriPci                        
00006463  _Z25count_doubleSquareBracketPcj       
0000648b  _Z17generateRandomKeyiPc               
000064e1  _Z13delete_SubStrPcS_c                 
00006565  _Z11getChecksumPhc                     
00006583  _Z11count_commaPct                     
000065ab  _Z10my_sprintfPciz                     
000066ad  _Z19vInit_InputTestpinsv               
000066cd  _Z18vInput_PollingReadv                
000066f5  _Z12vLEDGPIOInitv                      
000066f5  _Z16vPERIPH_GPIOInitv                  
0000670d  _Z16vGPIO_UnlockGPIOjh                 
0000673b  _Z15vGPIOPortEnablev                   
00006803  _Z12vGPIO_Togglejhh                    
0000680f  _Z12vEXTIpinInitv                      
00006837  _Z10ToggleLEDsv                        
00006841  GPIODIntHandler                        
000068b5  _Z9Write_RTCPhh                        
00006927  _Z8Read_RTCPhh                         
000069cb  _Z11vRTCI2CInitv                       
00006a2d  _Z10I2CReceivev                        
00006a81  _Z9my_millisv                          
00006a87  _Z19vPERIPH_SystickInitv               
00006aa3  _Z13vMAIN_DelayMSj                     
00006ab3  SysTickIntHandler                      
00006bf1  GPIOPadConfigSet                       
00006d5d  _Z15manage_gps_gprsv                   
00006eb5  __aeabi_ddiv                           
00006feb  _nop                                   
00006fed  SysCtlClockGet                         
00007105  __aeabi_dmul                           
00007201  SysCtlClockSet                         
000072f5  EEPROMProgram                          
000073b9  __aeabi_memcpy                         
000073b9  __aeabi_memcpy4                        
000073b9  __aeabi_memcpy8                        
000073b9  memcpy                                 
00007455  __aeabi_uldivmod                       
000074eb  ADCSequenceStepConfigure               
00007565  __aeabi_memclr                         
00007565  __aeabi_memclr4                        
00007565  __aeabi_memclr8                        
00007567  __aeabi_memset                         
00007567  __aeabi_memset4                        
00007567  __aeabi_memset8                        
0000756d  memset                                 
000075df  __aeabi_idiv0                          
000075df  __aeabi_ldiv0                          
000075e1  ltoa                                   
0000764f  __aeabi_ldivmod                        
000076bd  IntEnable                              
00007725  __TI_decompress_lzss                   
0000778d  HOSTtime64                             
000077ed  GPIOIntTypeSet                         
00007845  SysCtlPeripheralReset                  
00007895  ADCSequenceConfigure                   
000078e5  GPIOPinConfigure                       
00007931  I2CMasterInitExpClk                    
0000797d  atoi                                   
000079c9  UARTConfigSetExpClk                    
00007a11  __TI_auto_init_nobinit_nopinit         
00007a55  __aeabi_d2uiz                          
00007a99  EEPROMInit                             
00007b15  EEPROMRead                             
00007b4d  SysCtlPeripheralReady                  
00007b85  __TI_writemsg                          
00007bb3  C$$IO$$                                
00007bbd  SysCtlPeripheralDisable                
00007bf1  SysCtlPeripheralEnable                 
00007c59  __TI_readmsg                           
00007c8d  _c_int00_noargs                        
00007cc1  rand                                   
00007cf5  strstr                                 
00007d29  ADCIntStatus                           
00007d57  GPIODirModeSet                         
00007d83  memcmp                                 
00007da9  srand                                  
00007dcd  UARTDisable                            
00007ded  __aeabi_ui2d                           
00007e0d  ADCSequenceDataGet                     
00007e2b  GPIOPinTypeGPIOOutput                  
00007e45  ADCProcessorTrigger                    
00007e5d  __aeabi_lmul                           
00007e75  strcmp                                 
00007e8d  GPIOPinTypeADC                         
00007ea3  GPIOPinTypeGPIOInput                   
00007eb9  GPIOPinTypeI2C                         
00007ecf  GPIOPinTypeI2CSCL                      
00007ee5  GPIOPinTypeUART                        
00007efd  SysTickEnable                          
00007f11  SysTickIntEnable                       
00007f25  UARTEnable                             
00007f39  strcpy                                 
00007f4d  strlen                                 
00007f61  IntMasterEnable                        
00007f71  SysTickPeriodSet                       
00007f91  __time64                               
00007fa1  ADCSequenceEnable                      
00007faf  GPIOIntStatus                          
00007fbd  I2CRxFIFOFlush                         
00007fcb  I2CTxFIFOFlush                         
00007fd9  UARTCharGetNonBlocking                 
00007fe7  UARTCharPutNonBlocking                 
00007ff5  UARTCharsAvail                         
00008003  __TI_decompress_none                   
00008011  CPUcpsie                               
0000801d  GPIOIntEnable                          
00008029  __TI_zero_init                         
00008035  ResetISR                               
00008041  ADCIntClear                            
0000804b  I2CMasterEnable                        
00008055  UARTIntStatus                          
0000805f  I2CMasterBusy                          
00008067  I2CMasterSlaveAddrSet                  
0000806f  UARTBusy                               
00008077  UARTIntEnable                          
0000807f  GPIOIntClear                           
00008085  GPIOPinRead                            
0000808b  GPIOPinWrite                           
00008091  SysCtlDelay                            
00008097  I2CMasterControl                       
0000809b  I2CMasterDataGet                       
0000809f  I2CMasterDataPut                       
000080a3  UARTIntClear                           
000080a7  _system_pre_init                       
000080ab  C$$EXIT                                
000080ab  abort                                  
000080b0  _ctypes_                               
000083f4  __TI_Handler_Table_Base                
00008400  __TI_Handler_Table_Limit               
00008408  __TI_CINIT_Base                        
00008418  __TI_CINIT_Limit                       
20000000  __start___llvm_prf_cnts                
20000000  __stop___llvm_prf_cnts                 
20000000  gprs_tx_buff                           
200001fc  JSON_Tx_Buff                           
200003f0  dummy_json_string                      
20000578  adc                                    
200006f4  display_tx                             
20000824  __CIOBUF_                              
20000944  cloud_config                           
20000a1a  EXTI_cnt                               
20000a1c  display_uart_rx                        
20000abc  pc_uart_rx                             
20000b5c  gprs_rx_buff                           
20000be4  e2p_cloud_config                       
20000c64  pc_uart_tx                             
20000cb4  gps                                    
20000cf7  ram_data                               
20000d2d  time_main                              
20000d4c  measurements                           
20000d68  gprs                                   
20000d80  e2p_device_info                        
20000d90  e2p_location_info                      
20000da0  scheduler                              
20000dae  Alarms                                 
20000dba  e2p_config_time                        
20000dc2  e2p_router_config                      
20000dca  gps_data                               
20000dd2  parmbuf                                
20000dda  gprs_date_time                         
20000de1  time_stamp                             
20000de7  System_mode                            
20000de8  u32DelayCounter                        
20000dec  gprs_rx_isr_handler                    
20000dee  gps_handler_state                      
20000def  router_mode                            
20000df0  __stack                                
20000ff0  __STACK_TOP                            
200015f0  __STACK_END                            
20001638  gps_read_timeout                       
2000163c  gprs_read_timeout                      
20001640  conn_state                             
2000164c  _tz                                    
2000165c  _lock                                  
20001660  _unlock                                
20001664  millis_cnt                             
20001668  ADC_RAW_MAX                            
20001680  upload_time                            
ffffffff  __TI_pprof_out_hndl                    
ffffffff  __TI_prof_data_size                    
ffffffff  __TI_prof_data_start                   
ffffffff  __binit__                              
ffffffff  __c_args__                             
ffffffff  binit                                  
UNDEFED   __mpu_init                             
UNDEFED   _system_post_cinit                     

[313 symbols]
