<?xml version="1.0" encoding="ISO-8859-1" ?>
<link_info>
   <banner>TI ARM Linker PC v20.2.6.LTS</banner>
   <copyright>Copyright (c) 1996-2018 Texas Instruments Incorporated</copyright>
   <link_time>0x66586022</link_time>
   <link_errors>0x0</link_errors>
   <output_file>Telecom_IoT_v2_00.out</output_file>
   <entry_point>
      <name>_c_int00_noargs</name>
      <address>0xa4c1</address>
   </entry_point>
   <input_file_list>
      <input_file id="fl-2">
         <path>.\</path>
         <kind>object</kind>
         <file>tm4c1233e6pz_startup_ccs.obj</file>
         <name>tm4c1233e6pz_startup_ccs.obj</name>
      </input_file>
      <input_file id="fl-3">
         <path>.\Sources\</path>
         <kind>object</kind>
         <file>ADC_Core.obj</file>
         <name>ADC_Core.obj</name>
      </input_file>
      <input_file id="fl-4">
         <path>.\Sources\</path>
         <kind>object</kind>
         <file>Clock.obj</file>
         <name>Clock.obj</name>
      </input_file>
      <input_file id="fl-5">
         <path>.\Sources\</path>
         <kind>object</kind>
         <file>DS3231.obj</file>
         <name>DS3231.obj</name>
      </input_file>
      <input_file id="fl-6">
         <path>.\Sources\</path>
         <kind>object</kind>
         <file>Display.obj</file>
         <name>Display.obj</name>
      </input_file>
      <input_file id="fl-7">
         <path>.\Sources\</path>
         <kind>object</kind>
         <file>E2P.obj</file>
         <name>E2P.obj</name>
      </input_file>
      <input_file id="fl-8">
         <path>.\Sources\</path>
         <kind>object</kind>
         <file>IO_cntrl.obj</file>
         <name>IO_cntrl.obj</name>
      </input_file>
      <input_file id="fl-9">
         <path>.\Sources\</path>
         <kind>object</kind>
         <file>PC_Cmds.obj</file>
         <name>PC_Cmds.obj</name>
      </input_file>
      <input_file id="fl-a">
         <path>.\Sources\</path>
         <kind>object</kind>
         <file>SPI.obj</file>
         <name>SPI.obj</name>
      </input_file>
      <input_file id="fl-b">
         <path>.\Sources\</path>
         <kind>object</kind>
         <file>SysTick_Timer.obj</file>
         <name>SysTick_Timer.obj</name>
      </input_file>
      <input_file id="fl-c">
         <path>.\Sources\</path>
         <kind>object</kind>
         <file>Telecom_Ethernet.obj</file>
         <name>Telecom_Ethernet.obj</name>
      </input_file>
      <input_file id="fl-d">
         <path>.\Sources\</path>
         <kind>object</kind>
         <file>Telecom_server_query.obj</file>
         <name>Telecom_server_query.obj</name>
      </input_file>
      <input_file id="fl-e">
         <path>.\Sources\</path>
         <kind>object</kind>
         <file>UartCore.obj</file>
         <name>UartCore.obj</name>
      </input_file>
      <input_file id="fl-f">
         <path>.\Sources\</path>
         <kind>object</kind>
         <file>WDT.obj</file>
         <name>WDT.obj</name>
      </input_file>
      <input_file id="fl-10">
         <path>.\Sources\</path>
         <kind>object</kind>
         <file>Web_Comm.obj</file>
         <name>Web_Comm.obj</name>
      </input_file>
      <input_file id="fl-11">
         <path>.\Sources\</path>
         <kind>object</kind>
         <file>_common.obj</file>
         <name>_common.obj</name>
      </input_file>
      <input_file id="fl-12">
         <path>.\Sources\</path>
         <kind>object</kind>
         <file>delay.obj</file>
         <name>delay.obj</name>
      </input_file>
      <input_file id="fl-13">
         <path>.\Sources\</path>
         <kind>object</kind>
         <file>flashCore.obj</file>
         <name>flashCore.obj</name>
      </input_file>
      <input_file id="fl-14">
         <path>.\Sources\</path>
         <kind>object</kind>
         <file>flash_logger.obj</file>
         <name>flash_logger.obj</name>
      </input_file>
      <input_file id="fl-15">
         <path>.\Sources\</path>
         <kind>object</kind>
         <file>gprs.obj</file>
         <name>gprs.obj</name>
      </input_file>
      <input_file id="fl-16">
         <path>.\Sources\</path>
         <kind>object</kind>
         <file>gps.obj</file>
         <name>gps.obj</name>
      </input_file>
      <input_file id="fl-17">
         <path>.\Sources\</path>
         <kind>object</kind>
         <file>main.obj</file>
         <name>main.obj</name>
      </input_file>
      <input_file id="fl-18">
         <path>.\Sources\UIPEthernet\</path>
         <kind>object</kind>
         <file>Dhcp.obj</file>
         <name>Dhcp.obj</name>
      </input_file>
      <input_file id="fl-19">
         <path>.\Sources\UIPEthernet\</path>
         <kind>object</kind>
         <file>Dns.obj</file>
         <name>Dns.obj</name>
      </input_file>
      <input_file id="fl-1a">
         <path>.\Sources\UIPEthernet\</path>
         <kind>object</kind>
         <file>UIPClient.obj</file>
         <name>UIPClient.obj</name>
      </input_file>
      <input_file id="fl-1b">
         <path>.\Sources\UIPEthernet\</path>
         <kind>object</kind>
         <file>UIPEthernet.obj</file>
         <name>UIPEthernet.obj</name>
      </input_file>
      <input_file id="fl-1c">
         <path>.\Sources\UIPEthernet\</path>
         <kind>object</kind>
         <file>UIPServer.obj</file>
         <name>UIPServer.obj</name>
      </input_file>
      <input_file id="fl-1d">
         <path>.\Sources\UIPEthernet\</path>
         <kind>object</kind>
         <file>UIPUdp.obj</file>
         <name>UIPUdp.obj</name>
      </input_file>
      <input_file id="fl-1e">
         <path>.\Sources\UIPEthernet\mbed\</path>
         <kind>object</kind>
         <file>IPAddress.obj</file>
         <name>IPAddress.obj</name>
      </input_file>
      <input_file id="fl-1f">
         <path>.\Sources\UIPEthernet\mbed\</path>
         <kind>object</kind>
         <file>Print.obj</file>
         <name>Print.obj</name>
      </input_file>
      <input_file id="fl-20">
         <path>.\Sources\UIPEthernet\mbed\</path>
         <kind>object</kind>
         <file>WString.obj</file>
         <name>WString.obj</name>
      </input_file>
      <input_file id="fl-21">
         <path>.\Sources\UIPEthernet\mbed\</path>
         <kind>object</kind>
         <file>dtostrf.obj</file>
         <name>dtostrf.obj</name>
      </input_file>
      <input_file id="fl-22">
         <path>.\Sources\UIPEthernet\mbed\</path>
         <kind>object</kind>
         <file>itoa.obj</file>
         <name>itoa.obj</name>
      </input_file>
      <input_file id="fl-23">
         <path>.\Sources\UIPEthernet\mbed\</path>
         <kind>object</kind>
         <file>millis.obj</file>
         <name>millis.obj</name>
      </input_file>
      <input_file id="fl-24">
         <path>.\Sources\UIPEthernet\utility\</path>
         <kind>object</kind>
         <file>Enc28J60Network.obj</file>
         <name>Enc28J60Network.obj</name>
      </input_file>
      <input_file id="fl-25">
         <path>.\Sources\UIPEthernet\utility\</path>
         <kind>object</kind>
         <file>mempool.obj</file>
         <name>mempool.obj</name>
      </input_file>
      <input_file id="fl-26">
         <path>.\Sources\UIPEthernet\utility\</path>
         <kind>object</kind>
         <file>uip.obj</file>
         <name>uip.obj</name>
      </input_file>
      <input_file id="fl-27">
         <path>.\Sources\UIPEthernet\utility\</path>
         <kind>object</kind>
         <file>uip_arp.obj</file>
         <name>uip_arp.obj</name>
      </input_file>
      <input_file id="fl-2c">
         <kind>object</kind>
         <file>&lt;internal&gt;</file>
         <name>&lt;internal&gt;</name>
      </input_file>
      <input_file id="fl-e2">
         <path>C:\ti\ccs1110\ccs\tools\compiler\ti-cgt-arm_20.2.6.LTS\lib\</path>
         <kind>archive</kind>
         <file>rtsv7M4_T_le_v4SPD16_eabi.lib</file>
         <name>fd_div_t2.asm.obj</name>
      </input_file>
      <input_file id="fl-e3">
         <path>C:\ti\ccs1110\ccs\tools\compiler\ti-cgt-arm_20.2.6.LTS\lib\</path>
         <kind>archive</kind>
         <file>rtsv7M4_T_le_v4SPD16_eabi.lib</file>
         <name>fd_mul_t2.asm.obj</name>
      </input_file>
      <input_file id="fl-e4">
         <path>C:\ti\ccs1110\ccs\tools\compiler\ti-cgt-arm_20.2.6.LTS\lib\</path>
         <kind>archive</kind>
         <file>rtsv7M4_T_le_v4SPD16_eabi.lib</file>
         <name>fd_tou_t2.asm.obj</name>
      </input_file>
      <input_file id="fl-e5">
         <path>C:\ti\ccs1110\ccs\tools\compiler\ti-cgt-arm_20.2.6.LTS\lib\</path>
         <kind>archive</kind>
         <file>rtsv7M4_T_le_v4SPD16_eabi.lib</file>
         <name>memcpy_t2.asm.obj</name>
      </input_file>
      <input_file id="fl-e6">
         <path>C:\ti\ccs1110\ccs\tools\compiler\ti-cgt-arm_20.2.6.LTS\lib\</path>
         <kind>archive</kind>
         <file>rtsv7M4_T_le_v4SPD16_eabi.lib</file>
         <name>u_tofd_t2.asm.obj</name>
      </input_file>
      <input_file id="fl-e7">
         <path>C:\ti\ccs1110\ccs\tools\compiler\ti-cgt-arm_20.2.6.LTS\lib\</path>
         <kind>archive</kind>
         <file>rtsv7M4_T_le_v4SPD16_eabi.lib</file>
         <name>memset_t2.asm.obj</name>
      </input_file>
      <input_file id="fl-e8">
         <path>C:\ti\ccs1110\ccs\tools\compiler\ti-cgt-arm_20.2.6.LTS\lib\</path>
         <kind>archive</kind>
         <file>rtsv7M4_T_le_v4SPD16_eabi.lib</file>
         <name>copy_zero_init.c.obj</name>
      </input_file>
      <input_file id="fl-e9">
         <path>C:\ti\ccs1110\ccs\tools\compiler\ti-cgt-arm_20.2.6.LTS\lib\</path>
         <kind>archive</kind>
         <file>rtsv7M4_T_le_v4SPD16_eabi.lib</file>
         <name>copy_decompress_none.c.obj</name>
      </input_file>
      <input_file id="fl-ea">
         <path>C:\ti\ccs1110\ccs\tools\compiler\ti-cgt-arm_20.2.6.LTS\lib\</path>
         <kind>archive</kind>
         <file>rtsv7M4_T_le_v4SPD16_eabi.lib</file>
         <name>copy_decompress_lzss.c.obj</name>
      </input_file>
      <input_file id="fl-eb">
         <path>C:\ti\ccs1110\ccs\tools\compiler\ti-cgt-arm_20.2.6.LTS\lib\</path>
         <kind>archive</kind>
         <file>rtsv7M4_T_le_v4SPD16_eabi.lib</file>
         <name>atoi.c.obj</name>
      </input_file>
      <input_file id="fl-ec">
         <path>C:\ti\ccs1110\ccs\tools\compiler\ti-cgt-arm_20.2.6.LTS\lib\</path>
         <kind>archive</kind>
         <file>rtsv7M4_T_le_v4SPD16_eabi.lib</file>
         <name>ctype.c.obj</name>
      </input_file>
      <input_file id="fl-ed">
         <path>C:\ti\ccs1110\ccs\tools\compiler\ti-cgt-arm_20.2.6.LTS\lib\</path>
         <kind>archive</kind>
         <file>rtsv7M4_T_le_v4SPD16_eabi.lib</file>
         <name>isdigit.c.obj</name>
      </input_file>
      <input_file id="fl-ee">
         <path>C:\ti\ccs1110\ccs\tools\compiler\ti-cgt-arm_20.2.6.LTS\lib\</path>
         <kind>archive</kind>
         <file>rtsv7M4_T_le_v4SPD16_eabi.lib</file>
         <name>ltoa.c.obj</name>
      </input_file>
      <input_file id="fl-ef">
         <path>C:\ti\ccs1110\ccs\tools\compiler\ti-cgt-arm_20.2.6.LTS\lib\</path>
         <kind>archive</kind>
         <file>rtsv7M4_T_le_v4SPD16_eabi.lib</file>
         <name>memcmp.c.obj</name>
      </input_file>
      <input_file id="fl-f0">
         <path>C:\ti\ccs1110\ccs\tools\compiler\ti-cgt-arm_20.2.6.LTS\lib\</path>
         <kind>archive</kind>
         <file>rtsv7M4_T_le_v4SPD16_eabi.lib</file>
         <name>mktime64.c.obj</name>
      </input_file>
      <input_file id="fl-f1">
         <path>C:\ti\ccs1110\ccs\tools\compiler\ti-cgt-arm_20.2.6.LTS\lib\</path>
         <kind>archive</kind>
         <file>rtsv7M4_T_le_v4SPD16_eabi.lib</file>
         <name>rand.c.obj</name>
      </input_file>
      <input_file id="fl-f2">
         <path>C:\ti\ccs1110\ccs\tools\compiler\ti-cgt-arm_20.2.6.LTS\lib\</path>
         <kind>archive</kind>
         <file>rtsv7M4_T_le_v4SPD16_eabi.lib</file>
         <name>strcmp.c.obj</name>
      </input_file>
      <input_file id="fl-f3">
         <path>C:\ti\ccs1110\ccs\tools\compiler\ti-cgt-arm_20.2.6.LTS\lib\</path>
         <kind>archive</kind>
         <file>rtsv7M4_T_le_v4SPD16_eabi.lib</file>
         <name>strcpy.c.obj</name>
      </input_file>
      <input_file id="fl-f4">
         <path>C:\ti\ccs1110\ccs\tools\compiler\ti-cgt-arm_20.2.6.LTS\lib\</path>
         <kind>archive</kind>
         <file>rtsv7M4_T_le_v4SPD16_eabi.lib</file>
         <name>strlen.c.obj</name>
      </input_file>
      <input_file id="fl-f5">
         <path>C:\ti\ccs1110\ccs\tools\compiler\ti-cgt-arm_20.2.6.LTS\lib\</path>
         <kind>archive</kind>
         <file>rtsv7M4_T_le_v4SPD16_eabi.lib</file>
         <name>strncmp.c.obj</name>
      </input_file>
      <input_file id="fl-f6">
         <path>C:\ti\ccs1110\ccs\tools\compiler\ti-cgt-arm_20.2.6.LTS\lib\</path>
         <kind>archive</kind>
         <file>rtsv7M4_T_le_v4SPD16_eabi.lib</file>
         <name>strstr.c.obj</name>
      </input_file>
      <input_file id="fl-f7">
         <path>C:\ti\ccs1110\ccs\tools\compiler\ti-cgt-arm_20.2.6.LTS\lib\</path>
         <kind>archive</kind>
         <file>rtsv7M4_T_le_v4SPD16_eabi.lib</file>
         <name>tmzone.c.obj</name>
      </input_file>
      <input_file id="fl-f8">
         <path>C:\ti\ccs1110\ccs\tools\compiler\ti-cgt-arm_20.2.6.LTS\lib\</path>
         <kind>archive</kind>
         <file>rtsv7M4_T_le_v4SPD16_eabi.lib</file>
         <name>time64.c.obj</name>
      </input_file>
      <input_file id="fl-f9">
         <path>C:\ti\ccs1110\ccs\tools\compiler\ti-cgt-arm_20.2.6.LTS\lib\</path>
         <kind>archive</kind>
         <file>rtsv7M4_T_le_v4SPD16_eabi.lib</file>
         <name>boot_cortex_m.c.obj</name>
      </input_file>
      <input_file id="fl-fa">
         <path>C:\ti\ccs1110\ccs\tools\compiler\ti-cgt-arm_20.2.6.LTS\lib\</path>
         <kind>archive</kind>
         <file>rtsv7M4_T_le_v4SPD16_eabi.lib</file>
         <name>ll_mul_t2.asm.obj</name>
      </input_file>
      <input_file id="fl-fb">
         <path>C:\ti\ccs1110\ccs\tools\compiler\ti-cgt-arm_20.2.6.LTS\lib\</path>
         <kind>archive</kind>
         <file>rtsv7M4_T_le_v4SPD16_eabi.lib</file>
         <name>ll_div_t2.asm.obj</name>
      </input_file>
      <input_file id="fl-fc">
         <path>C:\ti\ccs1110\ccs\tools\compiler\ti-cgt-arm_20.2.6.LTS\lib\</path>
         <kind>archive</kind>
         <file>rtsv7M4_T_le_v4SPD16_eabi.lib</file>
         <name>ull_div_t2.asm.obj</name>
      </input_file>
      <input_file id="fl-fd">
         <path>C:\ti\ccs1110\ccs\tools\compiler\ti-cgt-arm_20.2.6.LTS\lib\</path>
         <kind>archive</kind>
         <file>rtsv7M4_T_le_v4SPD16_eabi.lib</file>
         <name>autoinit.c.obj</name>
      </input_file>
      <input_file id="fl-fe">
         <path>C:\ti\ccs1110\ccs\tools\compiler\ti-cgt-arm_20.2.6.LTS\lib\</path>
         <kind>archive</kind>
         <file>rtsv7M4_T_le_v4SPD16_eabi.lib</file>
         <name>pre_init.c.obj</name>
      </input_file>
      <input_file id="fl-ff">
         <path>C:\ti\ccs1110\ccs\tools\compiler\ti-cgt-arm_20.2.6.LTS\lib\</path>
         <kind>archive</kind>
         <file>rtsv7M4_T_le_v4SPD16_eabi.lib</file>
         <name>cpy_tbl.c.obj</name>
      </input_file>
      <input_file id="fl-100">
         <path>C:\ti\ccs1110\ccs\tools\compiler\ti-cgt-arm_20.2.6.LTS\lib\</path>
         <kind>archive</kind>
         <file>rtsv7M4_T_le_v4SPD16_eabi.lib</file>
         <name>exit.c.obj</name>
      </input_file>
      <input_file id="fl-101">
         <path>C:\ti\ccs1110\ccs\tools\compiler\ti-cgt-arm_20.2.6.LTS\lib\</path>
         <kind>archive</kind>
         <file>rtsv7M4_T_le_v4SPD16_eabi.lib</file>
         <name>_lock.c.obj</name>
      </input_file>
      <input_file id="fl-102">
         <path>C:\ti\ccs1110\ccs\tools\compiler\ti-cgt-arm_20.2.6.LTS\lib\</path>
         <kind>archive</kind>
         <file>rtsv7M4_T_le_v4SPD16_eabi.lib</file>
         <name>args_main.c.obj</name>
      </input_file>
      <input_file id="fl-103">
         <path>C:\ti\ccs1110\ccs\tools\compiler\ti-cgt-arm_20.2.6.LTS\lib\</path>
         <kind>archive</kind>
         <file>rtsv7M4_T_le_v4SPD16_eabi.lib</file>
         <name>hosttime.c.obj</name>
      </input_file>
      <input_file id="fl-104">
         <path>C:\ti\ccs1110\ccs\tools\compiler\ti-cgt-arm_20.2.6.LTS\lib\</path>
         <kind>archive</kind>
         <file>rtsv7M4_T_le_v4SPD16_eabi.lib</file>
         <name>trgmsg.c.obj</name>
      </input_file>
      <input_file id="fl-105">
         <path>C:\ti\ccs1110\ccs\tools\compiler\ti-cgt-arm_20.2.6.LTS\lib\</path>
         <kind>archive</kind>
         <file>rtsv7M4_T_le_v4SPD16_eabi.lib</file>
         <name>div0.asm.obj</name>
      </input_file>
      <input_file id="fl-106">
         <path>C:\ti\ccs1110\ccs\tools\compiler\ti-cgt-arm_20.2.6.LTS\lib\</path>
         <kind>archive</kind>
         <file>rtsv7M4_T_le_v4SPD16_eabi.lib</file>
         <name>hostopen.c.obj</name>
      </input_file>
      <input_file id="fl-107">
         <path>C:\ti\TivaWare_C_Series-2.2.0.295\driverlib\ccs\Debug\</path>
         <kind>archive</kind>
         <file>driverlib.lib</file>
         <name>adc.obj</name>
      </input_file>
      <input_file id="fl-108">
         <path>C:\ti\TivaWare_C_Series-2.2.0.295\driverlib\ccs\Debug\</path>
         <kind>archive</kind>
         <file>driverlib.lib</file>
         <name>eeprom.obj</name>
      </input_file>
      <input_file id="fl-109">
         <path>C:\ti\TivaWare_C_Series-2.2.0.295\driverlib\ccs\Debug\</path>
         <kind>archive</kind>
         <file>driverlib.lib</file>
         <name>gpio.obj</name>
      </input_file>
      <input_file id="fl-10a">
         <path>C:\ti\TivaWare_C_Series-2.2.0.295\driverlib\ccs\Debug\</path>
         <kind>archive</kind>
         <file>driverlib.lib</file>
         <name>i2c.obj</name>
      </input_file>
      <input_file id="fl-10b">
         <path>C:\ti\TivaWare_C_Series-2.2.0.295\driverlib\ccs\Debug\</path>
         <kind>archive</kind>
         <file>driverlib.lib</file>
         <name>interrupt.obj</name>
      </input_file>
      <input_file id="fl-10c">
         <path>C:\ti\TivaWare_C_Series-2.2.0.295\driverlib\ccs\Debug\</path>
         <kind>archive</kind>
         <file>driverlib.lib</file>
         <name>ssi.obj</name>
      </input_file>
      <input_file id="fl-10d">
         <path>C:\ti\TivaWare_C_Series-2.2.0.295\driverlib\ccs\Debug\</path>
         <kind>archive</kind>
         <file>driverlib.lib</file>
         <name>sysctl.obj</name>
      </input_file>
      <input_file id="fl-10e">
         <path>C:\ti\TivaWare_C_Series-2.2.0.295\driverlib\ccs\Debug\</path>
         <kind>archive</kind>
         <file>driverlib.lib</file>
         <name>systick.obj</name>
      </input_file>
      <input_file id="fl-10f">
         <path>C:\ti\TivaWare_C_Series-2.2.0.295\driverlib\ccs\Debug\</path>
         <kind>archive</kind>
         <file>driverlib.lib</file>
         <name>uart.obj</name>
      </input_file>
      <input_file id="fl-110">
         <path>C:\ti\TivaWare_C_Series-2.2.0.295\driverlib\ccs\Debug\</path>
         <kind>archive</kind>
         <file>driverlib.lib</file>
         <name>watchdog.obj</name>
      </input_file>
      <input_file id="fl-111">
         <path>C:\ti\TivaWare_C_Series-2.2.0.295\driverlib\ccs\Debug\</path>
         <kind>archive</kind>
         <file>driverlib.lib</file>
         <name>cpu.obj</name>
      </input_file>
   </input_file_list>
   <object_component_list>
      <object_component id="oc-12">
         <name>.intvecs</name>
         <load_address>0x0</load_address>
         <run_address>0x0</run_address>
         <size>0x26c</size>
         <input_file_ref idref="fl-2"/>
      </object_component>
      <object_component id="oc-43e">
         <name>.text</name>
         <load_address>0x26c</load_address>
         <run_address>0x26c</run_address>
         <size>0x2994</size>
         <input_file_ref idref="fl-15"/>
      </object_component>
      <object_component id="oc-28d">
         <name>.text</name>
         <load_address>0x2c00</load_address>
         <run_address>0x2c00</run_address>
         <size>0x1108</size>
         <input_file_ref idref="fl-4"/>
      </object_component>
      <object_component id="oc-43b">
         <name>.text</name>
         <load_address>0x3d08</load_address>
         <run_address>0x3d08</run_address>
         <size>0xfec</size>
         <input_file_ref idref="fl-16"/>
      </object_component>
      <object_component id="oc-154">
         <name>.text</name>
         <load_address>0x4cf4</load_address>
         <run_address>0x4cf4</run_address>
         <size>0xf50</size>
         <input_file_ref idref="fl-d"/>
      </object_component>
      <object_component id="oc-287">
         <name>.text</name>
         <load_address>0x5c44</load_address>
         <run_address>0x5c44</run_address>
         <size>0xa30</size>
         <input_file_ref idref="fl-7"/>
      </object_component>
      <object_component id="oc-2e8">
         <name>.text</name>
         <load_address>0x6674</load_address>
         <run_address>0x6674</run_address>
         <size>0x7c4</size>
         <input_file_ref idref="fl-3"/>
      </object_component>
      <object_component id="oc-39">
         <name>.text</name>
         <load_address>0x6e38</load_address>
         <run_address>0x6e38</run_address>
         <size>0x6d8</size>
         <input_file_ref idref="fl-e"/>
      </object_component>
      <object_component id="oc-139">
         <name>.text</name>
         <load_address>0x7510</load_address>
         <run_address>0x7510</run_address>
         <size>0x674</size>
         <input_file_ref idref="fl-9"/>
      </object_component>
      <object_component id="oc-187">
         <name>.text</name>
         <load_address>0x7b84</load_address>
         <run_address>0x7b84</run_address>
         <size>0x578</size>
         <input_file_ref idref="fl-17"/>
      </object_component>
      <object_component id="oc-133">
         <name>.text</name>
         <load_address>0x80fc</load_address>
         <run_address>0x80fc</run_address>
         <size>0x4cc</size>
         <input_file_ref idref="fl-11"/>
      </object_component>
      <object_component id="oc-2ee">
         <name>.text</name>
         <load_address>0x85c8</load_address>
         <run_address>0x85c8</run_address>
         <size>0x488</size>
         <input_file_ref idref="fl-6"/>
      </object_component>
      <object_component id="oc-3c5">
         <name>.text:__mktime64</name>
         <load_address>0x8a50</load_address>
         <run_address>0x8a50</run_address>
         <size>0x2b8</size>
         <input_file_ref idref="fl-f0"/>
      </object_component>
      <object_component id="oc-33">
         <name>.text</name>
         <load_address>0x8d08</load_address>
         <run_address>0x8d08</run_address>
         <size>0x25c</size>
         <input_file_ref idref="fl-8"/>
      </object_component>
      <object_component id="oc-2fa">
         <name>.text</name>
         <load_address>0x8f64</load_address>
         <run_address>0x8f64</run_address>
         <size>0x210</size>
         <input_file_ref idref="fl-5"/>
      </object_component>
      <object_component id="oc-2e5">
         <name>.text</name>
         <load_address>0x9174</load_address>
         <run_address>0x9174</run_address>
         <size>0x1bc</size>
         <input_file_ref idref="fl-10"/>
      </object_component>
      <object_component id="oc-2d">
         <name>.text</name>
         <load_address>0x9330</load_address>
         <run_address>0x9330</run_address>
         <size>0x194</size>
         <input_file_ref idref="fl-b"/>
      </object_component>
      <object_component id="oc-224">
         <name>.text:GPIOPadConfigSet</name>
         <load_address>0x94c4</load_address>
         <run_address>0x94c4</run_address>
         <size>0x16c</size>
         <input_file_ref idref="fl-109"/>
      </object_component>
      <object_component id="oc-485">
         <name>.text</name>
         <load_address>0x9630</load_address>
         <run_address>0x9630</run_address>
         <size>0x136</size>
         <input_file_ref idref="fl-e2"/>
      </object_component>
      <object_component id="oc-538">
         <name>.text:_nop</name>
         <load_address>0x9766</load_address>
         <run_address>0x9766</run_address>
         <size>0x2</size>
         <input_file_ref idref="fl-101"/>
      </object_component>
      <object_component id="oc-80">
         <name>.text:SysCtlClockGet</name>
         <load_address>0x9768</load_address>
         <run_address>0x9768</run_address>
         <size>0x118</size>
         <input_file_ref idref="fl-10d"/>
      </object_component>
      <object_component id="oc-47a">
         <name>.text</name>
         <load_address>0x9880</load_address>
         <run_address>0x9880</run_address>
         <size>0xfc</size>
         <input_file_ref idref="fl-e3"/>
      </object_component>
      <object_component id="oc-2f4">
         <name>.text:SysCtlClockSet</name>
         <load_address>0x997c</load_address>
         <run_address>0x997c</run_address>
         <size>0xf4</size>
         <input_file_ref idref="fl-10d"/>
      </object_component>
      <object_component id="oc-3b7">
         <name>.text:EEPROMProgram</name>
         <load_address>0x9a70</load_address>
         <run_address>0x9a70</run_address>
         <size>0xc4</size>
         <input_file_ref idref="fl-108"/>
      </object_component>
      <object_component id="oc-2d9">
         <name>.text</name>
         <load_address>0x9b34</load_address>
         <run_address>0x9b34</run_address>
         <size>0xb8</size>
         <input_file_ref idref="fl-f"/>
      </object_component>
      <object_component id="oc-4d">
         <name>.text</name>
         <load_address>0x9bec</load_address>
         <run_address>0x9bec</run_address>
         <size>0x9c</size>
         <input_file_ref idref="fl-e5"/>
      </object_component>
      <object_component id="oc-5f8">
         <name>.text</name>
         <load_address>0x9c88</load_address>
         <run_address>0x9c88</run_address>
         <size>0x96</size>
         <input_file_ref idref="fl-fc"/>
      </object_component>
      <object_component id="oc-451">
         <name>.text:ADCSequenceStepConfigure</name>
         <load_address>0x9d1e</load_address>
         <run_address>0x9d1e</run_address>
         <size>0x7a</size>
         <input_file_ref idref="fl-107"/>
      </object_component>
      <object_component id="oc-98">
         <name>.text</name>
         <load_address>0x9d98</load_address>
         <run_address>0x9d98</run_address>
         <size>0x7a</size>
         <input_file_ref idref="fl-e7"/>
      </object_component>
      <object_component id="oc-5f3">
         <name>.text</name>
         <load_address>0x9e12</load_address>
         <run_address>0x9e12</run_address>
         <size>0x2</size>
         <input_file_ref idref="fl-105"/>
      </object_component>
      <object_component id="oc-14b">
         <name>.text:ltoa</name>
         <load_address>0x9e14</load_address>
         <run_address>0x9e14</run_address>
         <size>0x6e</size>
         <input_file_ref idref="fl-ee"/>
      </object_component>
      <object_component id="oc-563">
         <name>.text</name>
         <load_address>0x9e82</load_address>
         <run_address>0x9e82</run_address>
         <size>0x6e</size>
         <input_file_ref idref="fl-fb"/>
      </object_component>
      <object_component id="oc-10f">
         <name>.text:IntEnable</name>
         <load_address>0x9ef0</load_address>
         <run_address>0x9ef0</run_address>
         <size>0x68</size>
         <input_file_ref idref="fl-10b"/>
      </object_component>
      <object_component id="oc-15">
         <name>.text:decompress:lzss:__TI_decompress_lzss</name>
         <load_address>0x9f58</load_address>
         <run_address>0x9f58</run_address>
         <size>0x68</size>
         <input_file_ref idref="fl-ea"/>
      </object_component>
      <object_component id="oc-382">
         <name>.text:HOSTtime64</name>
         <load_address>0x9fc0</load_address>
         <run_address>0x9fc0</run_address>
         <size>0x60</size>
         <input_file_ref idref="fl-103"/>
      </object_component>
      <object_component id="oc-eb">
         <name>.text:GPIOIntTypeSet</name>
         <load_address>0xa020</load_address>
         <run_address>0xa020</run_address>
         <size>0x58</size>
         <input_file_ref idref="fl-109"/>
      </object_component>
      <object_component id="oc-497">
         <name>.text:SysCtlPeripheralReset</name>
         <load_address>0xa078</load_address>
         <run_address>0xa078</run_address>
         <size>0x50</size>
         <input_file_ref idref="fl-10d"/>
      </object_component>
      <object_component id="oc-44b">
         <name>.text:ADCSequenceConfigure</name>
         <load_address>0xa0c8</load_address>
         <run_address>0xa0c8</run_address>
         <size>0x4e</size>
         <input_file_ref idref="fl-107"/>
      </object_component>
      <object_component id="oc-fd">
         <name>.text:GPIOPinConfigure</name>
         <load_address>0xa118</load_address>
         <run_address>0xa118</run_address>
         <size>0x4c</size>
         <input_file_ref idref="fl-109"/>
      </object_component>
      <object_component id="oc-4a9">
         <name>.text:I2CMasterInitExpClk</name>
         <load_address>0xa164</load_address>
         <run_address>0xa164</run_address>
         <size>0x4c</size>
         <input_file_ref idref="fl-10a"/>
      </object_component>
      <object_component id="oc-25d">
         <name>.text:atoi</name>
         <load_address>0xa1b0</load_address>
         <run_address>0xa1b0</run_address>
         <size>0x4c</size>
         <input_file_ref idref="fl-eb"/>
      </object_component>
      <object_component id="oc-109">
         <name>.text:UARTConfigSetExpClk</name>
         <load_address>0xa1fc</load_address>
         <run_address>0xa1fc</run_address>
         <size>0x46</size>
         <input_file_ref idref="fl-10f"/>
      </object_component>
      <object_component id="oc-321">
         <name>.text:__TI_auto_init_nobinit_nopinit:__TI_auto_init_nobinit_nopinit</name>
         <load_address>0xa244</load_address>
         <run_address>0xa244</run_address>
         <size>0x44</size>
         <input_file_ref idref="fl-fd"/>
      </object_component>
      <object_component id="oc-47f">
         <name>.text</name>
         <load_address>0xa288</load_address>
         <run_address>0xa288</run_address>
         <size>0x44</size>
         <input_file_ref idref="fl-e4"/>
      </object_component>
      <object_component id="oc-3b1">
         <name>.text:EEPROMInit</name>
         <load_address>0xa2cc</load_address>
         <run_address>0xa2cc</run_address>
         <size>0x40</size>
         <input_file_ref idref="fl-108"/>
      </object_component>
      <object_component id="oc-555">
         <name>.text:_EEPROMSectorMaskSet</name>
         <load_address>0xa30c</load_address>
         <run_address>0xa30c</run_address>
         <size>0x3c</size>
         <input_file_ref idref="fl-108"/>
      </object_component>
      <object_component id="oc-3bd">
         <name>.text:EEPROMRead</name>
         <load_address>0xa348</load_address>
         <run_address>0xa348</run_address>
         <size>0x38</size>
         <input_file_ref idref="fl-108"/>
      </object_component>
      <object_component id="oc-d9">
         <name>.text:SysCtlPeripheralReady</name>
         <load_address>0xa380</load_address>
         <run_address>0xa380</run_address>
         <size>0x38</size>
         <input_file_ref idref="fl-10d"/>
      </object_component>
      <object_component id="oc-513">
         <name>.text:__TI_writemsg</name>
         <load_address>0xa3b8</load_address>
         <run_address>0xa3b8</run_address>
         <size>0x38</size>
         <input_file_ref idref="fl-104"/>
      </object_component>
      <object_component id="oc-491">
         <name>.text:SysCtlPeripheralDisable</name>
         <load_address>0xa3f0</load_address>
         <run_address>0xa3f0</run_address>
         <size>0x34</size>
         <input_file_ref idref="fl-10d"/>
      </object_component>
      <object_component id="oc-d3">
         <name>.text:SysCtlPeripheralEnable</name>
         <load_address>0xa424</load_address>
         <run_address>0xa424</run_address>
         <size>0x34</size>
         <input_file_ref idref="fl-10d"/>
      </object_component>
      <object_component id="oc-54f">
         <name>.text:_EEPROMSectorMaskClear</name>
         <load_address>0xa458</load_address>
         <run_address>0xa458</run_address>
         <size>0x34</size>
         <input_file_ref idref="fl-108"/>
      </object_component>
      <object_component id="oc-519">
         <name>.text:__TI_readmsg</name>
         <load_address>0xa48c</load_address>
         <run_address>0xa48c</run_address>
         <size>0x34</size>
         <input_file_ref idref="fl-104"/>
      </object_component>
      <object_component id="oc-6b">
         <name>.text:_c_int00_noargs:_c_int00_noargs</name>
         <load_address>0xa4c0</load_address>
         <run_address>0xa4c0</run_address>
         <size>0x34</size>
         <input_file_ref idref="fl-f9"/>
      </object_component>
      <object_component id="oc-26f">
         <name>.text:rand</name>
         <load_address>0xa4f4</load_address>
         <run_address>0xa4f4</run_address>
         <size>0x34</size>
         <input_file_ref idref="fl-f1"/>
      </object_component>
      <object_component id="oc-263">
         <name>.text:strstr</name>
         <load_address>0xa528</load_address>
         <run_address>0xa528</run_address>
         <size>0x34</size>
         <input_file_ref idref="fl-f6"/>
      </object_component>
      <object_component id="oc-469">
         <name>.text:ADCIntStatus</name>
         <load_address>0xa55c</load_address>
         <run_address>0xa55c</run_address>
         <size>0x2e</size>
         <input_file_ref idref="fl-107"/>
      </object_component>
      <object_component id="oc-22a">
         <name>.text:GPIODirModeSet</name>
         <load_address>0xa58a</load_address>
         <run_address>0xa58a</run_address>
         <size>0x2c</size>
         <input_file_ref idref="fl-109"/>
      </object_component>
      <object_component id="oc-275">
         <name>.text:strncmp</name>
         <load_address>0xa5b6</load_address>
         <run_address>0xa5b6</run_address>
         <size>0x2c</size>
         <input_file_ref idref="fl-f5"/>
      </object_component>
      <object_component id="oc-2a8">
         <name>.text:memcmp</name>
         <load_address>0xa5e2</load_address>
         <run_address>0xa5e2</run_address>
         <size>0x24</size>
         <input_file_ref idref="fl-ef"/>
      </object_component>
      <object_component id="oc-269">
         <name>.text:srand</name>
         <load_address>0xa608</load_address>
         <run_address>0xa608</run_address>
         <size>0x24</size>
         <input_file_ref idref="fl-f1"/>
      </object_component>
      <object_component id="oc-239">
         <name>.text:UARTDisable</name>
         <load_address>0xa62c</load_address>
         <run_address>0xa62c</run_address>
         <size>0x20</size>
         <input_file_ref idref="fl-10f"/>
      </object_component>
      <object_component id="oc-475">
         <name>.text</name>
         <load_address>0xa64c</load_address>
         <run_address>0xa64c</run_address>
         <size>0x20</size>
         <input_file_ref idref="fl-e6"/>
      </object_component>
      <object_component id="oc-46f">
         <name>.text:ADCSequenceDataGet</name>
         <load_address>0xa66c</load_address>
         <run_address>0xa66c</run_address>
         <size>0x1e</size>
         <input_file_ref idref="fl-107"/>
      </object_component>
      <object_component id="oc-df">
         <name>.text:GPIOPinTypeGPIOOutput</name>
         <load_address>0xa68a</load_address>
         <run_address>0xa68a</run_address>
         <size>0x1a</size>
         <input_file_ref idref="fl-109"/>
      </object_component>
      <object_component id="oc-463">
         <name>.text:ADCProcessorTrigger</name>
         <load_address>0xa6a4</load_address>
         <run_address>0xa6a4</run_address>
         <size>0x18</size>
         <input_file_ref idref="fl-107"/>
      </object_component>
      <object_component id="oc-55e">
         <name>.text</name>
         <load_address>0xa6bc</load_address>
         <run_address>0xa6bc</run_address>
         <size>0x18</size>
         <input_file_ref idref="fl-fa"/>
      </object_component>
      <object_component id="oc-598">
         <name>.text:strcmp</name>
         <load_address>0xa6d4</load_address>
         <run_address>0xa6d4</run_address>
         <size>0x18</size>
         <input_file_ref idref="fl-f2"/>
      </object_component>
      <object_component id="oc-445">
         <name>.text:GPIOPinTypeADC</name>
         <load_address>0xa6ec</load_address>
         <run_address>0xa6ec</run_address>
         <size>0x16</size>
         <input_file_ref idref="fl-109"/>
      </object_component>
      <object_component id="oc-e5">
         <name>.text:GPIOPinTypeGPIOInput</name>
         <load_address>0xa702</load_address>
         <run_address>0xa702</run_address>
         <size>0x16</size>
         <input_file_ref idref="fl-109"/>
      </object_component>
      <object_component id="oc-4a3">
         <name>.text:GPIOPinTypeI2C</name>
         <load_address>0xa718</load_address>
         <run_address>0xa718</run_address>
         <size>0x16</size>
         <input_file_ref idref="fl-109"/>
      </object_component>
      <object_component id="oc-49d">
         <name>.text:GPIOPinTypeI2CSCL</name>
         <load_address>0xa72e</load_address>
         <run_address>0xa72e</run_address>
         <size>0x16</size>
         <input_file_ref idref="fl-109"/>
      </object_component>
      <object_component id="oc-103">
         <name>.text:GPIOPinTypeUART</name>
         <load_address>0xa744</load_address>
         <run_address>0xa744</run_address>
         <size>0x16</size>
         <input_file_ref idref="fl-109"/>
      </object_component>
      <object_component id="oc-92">
         <name>.text:SysTickEnable</name>
         <load_address>0xa75c</load_address>
         <run_address>0xa75c</run_address>
         <size>0x14</size>
         <input_file_ref idref="fl-10e"/>
      </object_component>
      <object_component id="oc-8c">
         <name>.text:SysTickIntEnable</name>
         <load_address>0xa770</load_address>
         <run_address>0xa770</run_address>
         <size>0x14</size>
         <input_file_ref idref="fl-10e"/>
      </object_component>
      <object_component id="oc-23f">
         <name>.text:UARTEnable</name>
         <load_address>0xa784</load_address>
         <run_address>0xa784</run_address>
         <size>0x14</size>
         <input_file_ref idref="fl-10f"/>
      </object_component>
      <object_component id="oc-2a0">
         <name>.text:strcpy</name>
         <load_address>0xa798</load_address>
         <run_address>0xa798</run_address>
         <size>0x14</size>
         <input_file_ref idref="fl-f3"/>
      </object_component>
      <object_component id="oc-257">
         <name>.text:strlen</name>
         <load_address>0xa7ac</load_address>
         <run_address>0xa7ac</run_address>
         <size>0x14</size>
         <input_file_ref idref="fl-f4"/>
      </object_component>
      <object_component id="oc-2ae">
         <name>.text:_Z3absl</name>
         <load_address>0xa7c0</load_address>
         <run_address>0xa7c0</run_address>
         <size>0x12</size>
         <input_file_ref idref="fl-d"/>
      </object_component>
      <object_component id="oc-2df">
         <name>.text:IntMasterEnable</name>
         <load_address>0xa7d2</load_address>
         <run_address>0xa7d2</run_address>
         <size>0x10</size>
         <input_file_ref idref="fl-10b"/>
      </object_component>
      <object_component id="oc-86">
         <name>.text:SysTickPeriodSet</name>
         <load_address>0xa7e4</load_address>
         <run_address>0xa7e4</run_address>
         <size>0x10</size>
         <input_file_ref idref="fl-10e"/>
      </object_component>
      <object_component id="oc-548">
         <name>.text:_EEPROMWaitForDone</name>
         <load_address>0xa7f4</load_address>
         <run_address>0xa7f4</run_address>
         <size>0x10</size>
         <input_file_ref idref="fl-108"/>
      </object_component>
      <object_component id="oc-251">
         <name>.text:__time64</name>
         <load_address>0xa804</load_address>
         <run_address>0xa804</run_address>
         <size>0x10</size>
         <input_file_ref idref="fl-f8"/>
      </object_component>
      <object_component id="oc-3cb">
         <name>.text:isdigit</name>
         <load_address>0xa814</load_address>
         <run_address>0xa814</run_address>
         <size>0x10</size>
         <input_file_ref idref="fl-ed"/>
      </object_component>
      <object_component id="oc-457">
         <name>.text:ADCSequenceEnable</name>
         <load_address>0xa824</load_address>
         <run_address>0xa824</run_address>
         <size>0xe</size>
         <input_file_ref idref="fl-107"/>
      </object_component>
      <object_component id="oc-bb">
         <name>.text:GPIOIntStatus</name>
         <load_address>0xa832</load_address>
         <run_address>0xa832</run_address>
         <size>0xe</size>
         <input_file_ref idref="fl-109"/>
      </object_component>
      <object_component id="oc-4af">
         <name>.text:I2CRxFIFOFlush</name>
         <load_address>0xa840</load_address>
         <run_address>0xa840</run_address>
         <size>0xe</size>
         <input_file_ref idref="fl-10a"/>
      </object_component>
      <object_component id="oc-4b5">
         <name>.text:I2CTxFIFOFlush</name>
         <load_address>0xa84e</load_address>
         <run_address>0xa84e</run_address>
         <size>0xe</size>
         <input_file_ref idref="fl-10a"/>
      </object_component>
      <object_component id="oc-127">
         <name>.text:UARTCharGetNonBlocking</name>
         <load_address>0xa85c</load_address>
         <run_address>0xa85c</run_address>
         <size>0xe</size>
         <input_file_ref idref="fl-10f"/>
      </object_component>
      <object_component id="oc-12d">
         <name>.text:UARTCharPutNonBlocking</name>
         <load_address>0xa86a</load_address>
         <run_address>0xa86a</run_address>
         <size>0xe</size>
         <input_file_ref idref="fl-10f"/>
      </object_component>
      <object_component id="oc-13f">
         <name>.text:UARTCharsAvail</name>
         <load_address>0xa878</load_address>
         <run_address>0xa878</run_address>
         <size>0xe</size>
         <input_file_ref idref="fl-10f"/>
      </object_component>
      <object_component id="oc-3fd">
         <name>.text:WatchdogLockState</name>
         <load_address>0xa886</load_address>
         <run_address>0xa886</run_address>
         <size>0xe</size>
         <input_file_ref idref="fl-110"/>
      </object_component>
      <object_component id="oc-1b">
         <name>.text:decompress:none:__TI_decompress_none</name>
         <load_address>0xa894</load_address>
         <run_address>0xa894</run_address>
         <size>0xe</size>
         <input_file_ref idref="fl-e9"/>
      </object_component>
      <object_component id="oc-434">
         <name>.text:CPUcpsie</name>
         <load_address>0xa8a2</load_address>
         <run_address>0xa8a2</run_address>
         <size>0xc</size>
         <input_file_ref idref="fl-111"/>
      </object_component>
      <object_component id="oc-f1">
         <name>.text:GPIOIntEnable</name>
         <load_address>0xa8ae</load_address>
         <run_address>0xa8ae</run_address>
         <size>0xc</size>
         <input_file_ref idref="fl-109"/>
      </object_component>
      <object_component id="oc-40f">
         <name>.text:WatchdogIntTypeSet</name>
         <load_address>0xa8ba</load_address>
         <run_address>0xa8ba</run_address>
         <size>0xc</size>
         <input_file_ref idref="fl-110"/>
      </object_component>
      <object_component id="oc-403">
         <name>.text:WatchdogUnlock</name>
         <load_address>0xa8c8</load_address>
         <run_address>0xa8c8</run_address>
         <size>0xc</size>
         <input_file_ref idref="fl-110"/>
      </object_component>
      <object_component id="oc-5f">
         <name>.text:decompress:ZI:__TI_zero_init</name>
         <load_address>0xa8d4</load_address>
         <run_address>0xa8d4</run_address>
         <size>0xc</size>
         <input_file_ref idref="fl-e8"/>
      </object_component>
      <object_component id="oc-27">
         <name>.text</name>
         <load_address>0xa8e0</load_address>
         <run_address>0xa8e0</run_address>
         <size>0xc</size>
         <input_file_ref idref="fl-2"/>
      </object_component>
      <object_component id="oc-45d">
         <name>.text:ADCIntClear</name>
         <load_address>0xa8ec</load_address>
         <run_address>0xa8ec</run_address>
         <size>0xa</size>
         <input_file_ref idref="fl-107"/>
      </object_component>
      <object_component id="oc-5b1">
         <name>.text:I2CMasterEnable</name>
         <load_address>0xa8f6</load_address>
         <run_address>0xa8f6</run_address>
         <size>0xa</size>
         <input_file_ref idref="fl-10a"/>
      </object_component>
      <object_component id="oc-11b">
         <name>.text:UARTIntStatus</name>
         <load_address>0xa900</load_address>
         <run_address>0xa900</run_address>
         <size>0xa</size>
         <input_file_ref idref="fl-10f"/>
      </object_component>
      <object_component id="oc-427">
         <name>.text:WatchdogEnable</name>
         <load_address>0xa90a</load_address>
         <run_address>0xa90a</run_address>
         <size>0xa</size>
         <input_file_ref idref="fl-110"/>
      </object_component>
      <object_component id="oc-409">
         <name>.text:WatchdogIntEnable</name>
         <load_address>0xa914</load_address>
         <run_address>0xa914</run_address>
         <size>0xa</size>
         <input_file_ref idref="fl-110"/>
      </object_component>
      <object_component id="oc-41b">
         <name>.text:WatchdogResetEnable</name>
         <load_address>0xa91e</load_address>
         <run_address>0xa91e</run_address>
         <size>0xa</size>
         <input_file_ref idref="fl-110"/>
      </object_component>
      <object_component id="oc-4cd">
         <name>.text:I2CMasterBusy</name>
         <load_address>0xa928</load_address>
         <run_address>0xa928</run_address>
         <size>0x8</size>
         <input_file_ref idref="fl-10a"/>
      </object_component>
      <object_component id="oc-4bb">
         <name>.text:I2CMasterSlaveAddrSet</name>
         <load_address>0xa930</load_address>
         <run_address>0xa930</run_address>
         <size>0x8</size>
         <input_file_ref idref="fl-10a"/>
      </object_component>
      <object_component id="oc-145">
         <name>.text:UARTBusy</name>
         <load_address>0xa938</load_address>
         <run_address>0xa938</run_address>
         <size>0x8</size>
         <input_file_ref idref="fl-10f"/>
      </object_component>
      <object_component id="oc-115">
         <name>.text:UARTIntEnable</name>
         <load_address>0xa940</load_address>
         <run_address>0xa940</run_address>
         <size>0x8</size>
         <input_file_ref idref="fl-10f"/>
      </object_component>
      <object_component id="oc-421">
         <name>.text:WatchdogLock</name>
         <load_address>0xa948</load_address>
         <run_address>0xa948</run_address>
         <size>0x8</size>
         <input_file_ref idref="fl-110"/>
      </object_component>
      <object_component id="oc-c1">
         <name>.text:GPIOIntClear</name>
         <load_address>0xa950</load_address>
         <run_address>0xa950</run_address>
         <size>0x6</size>
         <input_file_ref idref="fl-109"/>
      </object_component>
      <object_component id="oc-c7">
         <name>.text:GPIOPinRead</name>
         <load_address>0xa956</load_address>
         <run_address>0xa956</run_address>
         <size>0x6</size>
         <input_file_ref idref="fl-109"/>
      </object_component>
      <object_component id="oc-cd">
         <name>.text:GPIOPinWrite</name>
         <load_address>0xa95c</load_address>
         <run_address>0xa95c</run_address>
         <size>0x6</size>
         <input_file_ref idref="fl-109"/>
      </object_component>
      <object_component id="oc-48f">
         <name>.text:SysCtlDelay</name>
         <load_address>0xa962</load_address>
         <run_address>0xa962</run_address>
         <size>0x6</size>
         <input_file_ref idref="fl-10d"/>
      </object_component>
      <object_component id="oc-42d">
         <name>.text:WatchdogIntClear</name>
         <load_address>0xa968</load_address>
         <run_address>0xa968</run_address>
         <size>0x6</size>
         <input_file_ref idref="fl-110"/>
      </object_component>
      <object_component id="oc-4c7">
         <name>.text:I2CMasterControl</name>
         <load_address>0xa96e</load_address>
         <run_address>0xa96e</run_address>
         <size>0x4</size>
         <input_file_ref idref="fl-10a"/>
      </object_component>
      <object_component id="oc-4d3">
         <name>.text:I2CMasterDataGet</name>
         <load_address>0xa972</load_address>
         <run_address>0xa972</run_address>
         <size>0x4</size>
         <input_file_ref idref="fl-10a"/>
      </object_component>
      <object_component id="oc-4c1">
         <name>.text:I2CMasterDataPut</name>
         <load_address>0xa976</load_address>
         <run_address>0xa976</run_address>
         <size>0x4</size>
         <input_file_ref idref="fl-10a"/>
      </object_component>
      <object_component id="oc-121">
         <name>.text:UARTIntClear</name>
         <load_address>0xa97a</load_address>
         <run_address>0xa97a</run_address>
         <size>0x4</size>
         <input_file_ref idref="fl-10f"/>
      </object_component>
      <object_component id="oc-415">
         <name>.text:WatchdogReloadSet</name>
         <load_address>0xa97e</load_address>
         <run_address>0xa97e</run_address>
         <size>0x4</size>
         <input_file_ref idref="fl-110"/>
      </object_component>
      <object_component id="oc-181">
         <name>.text:_system_pre_init</name>
         <load_address>0xa982</load_address>
         <run_address>0xa982</run_address>
         <size>0x4</size>
         <input_file_ref idref="fl-fe"/>
      </object_component>
      <object_component id="oc-315">
         <name>.text:abort:abort</name>
         <load_address>0xa986</load_address>
         <run_address>0xa986</run_address>
         <size>0x4</size>
         <input_file_ref idref="fl-100"/>
      </object_component>
      <object_component id="oc-391">
         <name>.const:.string:_ctypes_</name>
         <load_address>0xa98c</load_address>
         <run_address>0xa98c</run_address>
         <size>0x101</size>
         <input_file_ref idref="fl-ec"/>
      </object_component>
      <object_component id="oc-234">
         <name>.const:g_pui32GPIOBaseAddrs</name>
         <load_address>0xaa90</load_address>
         <run_address>0xaa90</run_address>
         <size>0x90</size>
         <input_file_ref idref="fl-109"/>
      </object_component>
      <object_component id="oc-199">
         <name>.const:g_pui32Xtals</name>
         <load_address>0xab20</load_address>
         <run_address>0xab20</run_address>
         <size>0x6c</size>
         <input_file_ref idref="fl-10d"/>
      </object_component>
      <object_component id="oc-568">
         <name>.const:$O1$$</name>
         <load_address>0xab8c</load_address>
         <run_address>0xab8c</run_address>
         <size>0x60</size>
         <input_file_ref idref="fl-f0"/>
      </object_component>
      <object_component id="oc-27b">
         <name>.const:.string:$P$T0$1</name>
         <load_address>0xabec</load_address>
         <run_address>0xabec</run_address>
         <size>0x41</size>
         <input_file_ref idref="fl-11"/>
      </object_component>
      <object_component id="oc-3d2">
         <name>.const:$P$T0$1</name>
         <load_address>0xac30</load_address>
         <run_address>0xac30</run_address>
         <size>0x24</size>
         <input_file_ref idref="fl-4"/>
      </object_component>
      <object_component id="oc-592">
         <name>.const:.string:$P$T0$11</name>
         <load_address>0xac54</load_address>
         <run_address>0xac54</run_address>
         <size>0x19</size>
         <input_file_ref idref="fl-15"/>
      </object_component>
      <object_component id="oc-247">
         <name>.const:g_pui32EnRegs</name>
         <load_address>0xac70</load_address>
         <run_address>0xac70</run_address>
         <size>0x14</size>
         <input_file_ref idref="fl-10b"/>
      </object_component>
      <object_component id="oc-3d8">
         <name>.const:$P$T1$2</name>
         <load_address>0xac84</load_address>
         <run_address>0xac84</run_address>
         <size>0x8</size>
         <input_file_ref idref="fl-4"/>
      </object_component>
      <object_component id="oc-595">
         <name>.const:.string:$P$T1$18</name>
         <load_address>0xac8c</load_address>
         <run_address>0xac8c</run_address>
         <size>0x8</size>
         <input_file_ref idref="fl-15"/>
      </object_component>
      <object_component id="oc-651">
         <name>.cinit..data.load</name>
         <load_address>0xac98</load_address>
         <run_address>0xac98</run_address>
         <size>0x57</size>
      </object_component>
      <object_component id="oc-64f">
         <name>__TI_handler_table</name>
         <load_address>0xacf0</load_address>
         <run_address>0xacf0</run_address>
         <size>0xc</size>
      </object_component>
      <object_component id="oc-652">
         <name>.cinit..bss.load</name>
         <load_address>0xad00</load_address>
         <run_address>0xad00</run_address>
         <size>0x8</size>
      </object_component>
      <object_component id="oc-650">
         <name>__TI_cinit_table</name>
         <load_address>0xad08</load_address>
         <run_address>0xad08</run_address>
         <size>0x10</size>
      </object_component>
      <object_component id="oc-48a">
         <name>.data</name>
         <load_address>0x20002608</load_address>
         <run_address>0x20002608</run_address>
         <size>0x8</size>
         <input_file_ref idref="fl-3"/>
      </object_component>
      <object_component id="oc-a1">
         <name>.data</name>
         <load_address>0x20002604</load_address>
         <run_address>0x20002604</run_address>
         <size>0x4</size>
         <input_file_ref idref="fl-b"/>
      </object_component>
      <object_component id="oc-2c0">
         <name>.data:server_response_str</name>
         <load_address>0x200025b1</load_address>
         <run_address>0x200025b1</run_address>
         <size>0x1b</size>
         <input_file_ref idref="fl-d"/>
      </object_component>
      <object_component id="oc-152">
         <name>.data</name>
         <load_address>0x20002610</load_address>
         <run_address>0x20002610</run_address>
         <size>0x8</size>
         <input_file_ref idref="fl-e"/>
      </object_component>
      <object_component id="oc-2ba">
         <name>.data</name>
         <load_address>0x200025cc</load_address>
         <run_address>0x200025cc</run_address>
         <size>0x14</size>
         <input_file_ref idref="fl-10"/>
      </object_component>
      <object_component id="oc-27e">
         <name>.data</name>
         <load_address>0x20002618</load_address>
         <run_address>0x20002618</run_address>
         <size>0x4</size>
         <input_file_ref idref="fl-11"/>
      </object_component>
      <object_component id="oc-590">
         <name>.data</name>
         <load_address>0x20002570</load_address>
         <run_address>0x20002570</run_address>
         <size>0x41</size>
         <input_file_ref idref="fl-15"/>
      </object_component>
      <object_component id="oc-30b">
         <name>.data</name>
         <load_address>0x200025f0</load_address>
         <run_address>0x200025f0</run_address>
         <size>0xc</size>
         <input_file_ref idref="fl-16"/>
      </object_component>
      <object_component id="oc-300">
         <name>.data</name>
         <load_address>0x2000261c</load_address>
         <run_address>0x2000261c</run_address>
         <size>0x4</size>
         <input_file_ref idref="fl-17"/>
      </object_component>
      <object_component id="oc-39b">
         <name>.data</name>
         <load_address>0x20002620</load_address>
         <run_address>0x20002620</run_address>
         <size>0x4</size>
         <input_file_ref idref="fl-f1"/>
      </object_component>
      <object_component id="oc-3d5">
         <name>.data:_tz</name>
         <load_address>0x200025e0</load_address>
         <run_address>0x200025e0</run_address>
         <size>0x10</size>
         <input_file_ref idref="fl-f7"/>
      </object_component>
      <object_component id="oc-398">
         <name>.data:$O1$$</name>
         <load_address>0x200025fc</load_address>
         <run_address>0x200025fc</run_address>
         <size>0x8</size>
         <input_file_ref idref="fl-101"/>
      </object_component>
      <object_component id="oc-5db">
         <name>.bss:_CIOBUF_</name>
         <uninitialized>true</uninitialized>
         <run_address>0x2000202c</run_address>
         <size>0x120</size>
         <input_file_ref idref="fl-104"/>
      </object_component>
      <object_component id="oc-484">
         <name>.common:adc</name>
         <uninitialized>true</uninitialized>
         <run_address>0x20001d80</run_address>
         <size>0x17c</size>
      </object_component>
      <object_component id="oc-303">
         <name>.common:measurements</name>
         <uninitialized>true</uninitialized>
         <run_address>0x200024cc</run_address>
         <size>0x1c</size>
      </object_component>
      <object_component id="oc-3d1">
         <name>.common:time_stamp</name>
         <uninitialized>true</uninitialized>
         <run_address>0x2000255d</run_address>
         <size>0x6</size>
      </object_component>
      <object_component id="oc-3db">
         <name>.common:time_main</name>
         <uninitialized>true</uninitialized>
         <run_address>0x200024ad</run_address>
         <size>0x1f</size>
      </object_component>
      <object_component id="oc-297">
         <name>.common:e2p_router_config</name>
         <uninitialized>true</uninitialized>
         <run_address>0x2000253e</run_address>
         <size>0x8</size>
      </object_component>
      <object_component id="oc-311">
         <name>.common:e2p_cloud_config</name>
         <uninitialized>true</uninitialized>
         <run_address>0x20002364</run_address>
         <size>0x80</size>
      </object_component>
      <object_component id="oc-2b9">
         <name>.common:e2p_device_info</name>
         <uninitialized>true</uninitialized>
         <run_address>0x200024fc</run_address>
         <size>0x10</size>
      </object_component>
      <object_component id="oc-293">
         <name>.common:e2p_location_info</name>
         <uninitialized>true</uninitialized>
         <run_address>0x2000250c</run_address>
         <size>0x10</size>
      </object_component>
      <object_component id="oc-298">
         <name>.common:e2p_config_time</name>
         <uninitialized>true</uninitialized>
         <run_address>0x20002536</run_address>
         <size>0x8</size>
      </object_component>
      <object_component id="oc-3c3">
         <name>.common:cloud_config</name>
         <uninitialized>true</uninitialized>
         <run_address>0x2000214c</run_address>
         <size>0xd6</size>
      </object_component>
      <object_component id="oc-b1">
         <name>.common:EXTI_cnt</name>
         <uninitialized>true</uninitialized>
         <run_address>0x20002222</run_address>
         <size>0x2</size>
      </object_component>
      <object_component id="oc-312">
         <name>.common:router_mode</name>
         <uninitialized>true</uninitialized>
         <run_address>0x2000256f</run_address>
         <size>0x1</size>
      </object_component>
      <object_component id="oc-299">
         <name>.common:System_mode</name>
         <uninitialized>true</uninitialized>
         <run_address>0x20002567</run_address>
         <size>0x1</size>
      </object_component>
      <object_component id="oc-9d">
         <name>.common:u32DelayCounter</name>
         <uninitialized>true</uninitialized>
         <run_address>0x20002568</run_address>
         <size>0x4</size>
      </object_component>
      <object_component id="oc-a4">
         <name>.common:scheduler</name>
         <uninitialized>true</uninitialized>
         <run_address>0x2000251c</run_address>
         <size>0xe</size>
      </object_component>
      <object_component id="oc-2c3">
         <name>.common:Telecom_server_query</name>
         <uninitialized>true</uninitialized>
         <run_address>0x20002563</run_address>
         <size>0x4</size>
      </object_component>
      <object_component id="oc-2b5">
         <name>.common:dummy_json_string</name>
         <uninitialized>true</uninitialized>
         <run_address>0x20001bf8</run_address>
         <size>0x188</size>
      </object_component>
      <object_component id="oc-151">
         <name>.common:pc_uart_rx</name>
         <uninitialized>true</uninitialized>
         <run_address>0x200022c4</run_address>
         <size>0xa0</size>
      </object_component>
      <object_component id="oc-a9">
         <name>.common:display_uart_rx</name>
         <uninitialized>true</uninitialized>
         <run_address>0x20002224</run_address>
         <size>0xa0</size>
      </object_component>
      <object_component id="oc-153">
         <name>.common:pc_uart_tx</name>
         <uninitialized>true</uninitialized>
         <run_address>0x200023e4</run_address>
         <size>0x50</size>
      </object_component>
      <object_component id="oc-15c">
         <name>.common:display_tx</name>
         <uninitialized>true</uninitialized>
         <run_address>0x20001efc</run_address>
         <size>0x130</size>
      </object_component>
      <object_component id="oc-15d">
         <name>.common:gprs</name>
         <uninitialized>true</uninitialized>
         <run_address>0x200024e8</run_address>
         <size>0x14</size>
      </object_component>
      <object_component id="oc-15a">
         <name>.common:gprs_rx_buff</name>
         <uninitialized>true</uninitialized>
         <run_address>0x20001800</run_address>
         <size>0x1fc</size>
      </object_component>
      <object_component id="oc-15b">
         <name>.common:gprs_tx_buff</name>
         <uninitialized>true</uninitialized>
         <run_address>0x200019fc</run_address>
         <size>0x1fc</size>
      </object_component>
      <object_component id="oc-a5">
         <name>.common:gprs_rx_isr_handler</name>
         <uninitialized>true</uninitialized>
         <run_address>0x2000256c</run_address>
         <size>0x2</size>
      </object_component>
      <object_component id="oc-591">
         <name>.common:gprs_date_time</name>
         <uninitialized>true</uninitialized>
         <run_address>0x20002556</run_address>
         <size>0x7</size>
      </object_component>
      <object_component id="oc-58f">
         <name>.common:gps</name>
         <uninitialized>true</uninitialized>
         <run_address>0x20002434</run_address>
         <size>0x43</size>
      </object_component>
      <object_component id="oc-307">
         <name>.common:gps_data</name>
         <uninitialized>true</uninitialized>
         <run_address>0x20002546</run_address>
         <size>0x8</size>
      </object_component>
      <object_component id="oc-444">
         <name>.common:gps_handler_state</name>
         <uninitialized>true</uninitialized>
         <run_address>0x2000256e</run_address>
         <size>0x1</size>
      </object_component>
      <object_component id="oc-ad">
         <name>.common:ram_data</name>
         <uninitialized>true</uninitialized>
         <run_address>0x20002477</run_address>
         <size>0x36</size>
      </object_component>
      <object_component id="oc-313">
         <name>.common:Alarms</name>
         <uninitialized>true</uninitialized>
         <run_address>0x2000252a</run_address>
         <size>0xc</size>
      </object_component>
      <object_component id="oc-51f">
         <name>.common:parmbuf</name>
         <uninitialized>true</uninitialized>
         <run_address>0x2000254e</run_address>
         <size>0x8</size>
      </object_component>
      <object_component id="oc-24">
         <name>.stack</name>
         <uninitialized>true</uninitialized>
         <run_address>0x20000000</run_address>
         <size>0x4</size>
         <input_file_ref idref="fl-f9"/>
      </object_component>
      <object_component id="oc-654">
         <name>.stack</name>
         <uninitialized>true</uninitialized>
         <run_address>0x20000000</run_address>
         <size>0x0</size>
      </object_component>
      <object_component id="oc-41">
         <name>.debug_info</name>
         <load_address>0x0</load_address>
         <run_address>0x0</run_address>
         <size>0x3b5</size>
         <input_file_ref idref="fl-2"/>
      </object_component>
      <object_component id="oc-13">
         <name>.debug_info</name>
         <load_address>0x3b5</load_address>
         <run_address>0x3b5</run_address>
         <size>0xee</size>
         <input_file_ref idref="fl-2"/>
      </object_component>
      <object_component id="oc-2b">
         <name>.debug_info</name>
         <load_address>0x4a3</load_address>
         <run_address>0x4a3</run_address>
         <size>0x26d</size>
         <input_file_ref idref="fl-2"/>
      </object_component>
      <object_component id="oc-166">
         <name>.debug_info</name>
         <load_address>0x710</load_address>
         <run_address>0x710</run_address>
         <size>0x26b</size>
         <input_file_ref idref="fl-2"/>
      </object_component>
      <object_component id="oc-48">
         <name>.debug_info</name>
         <load_address>0x97b</load_address>
         <run_address>0x97b</run_address>
         <size>0x84</size>
         <input_file_ref idref="fl-2"/>
      </object_component>
      <object_component id="oc-2c5">
         <name>.debug_info</name>
         <load_address>0x9ff</load_address>
         <run_address>0x9ff</run_address>
         <size>0x2a4</size>
         <input_file_ref idref="fl-2"/>
      </object_component>
      <object_component id="oc-161">
         <name>.debug_info</name>
         <load_address>0xca3</load_address>
         <run_address>0xca3</run_address>
         <size>0xbb</size>
         <input_file_ref idref="fl-2"/>
      </object_component>
      <object_component id="oc-304">
         <name>.debug_info</name>
         <load_address>0xd5e</load_address>
         <run_address>0xd5e</run_address>
         <size>0x6c3</size>
         <input_file_ref idref="fl-3"/>
      </object_component>
      <object_component id="oc-48b">
         <name>.debug_info</name>
         <load_address>0x1421</load_address>
         <run_address>0x1421</run_address>
         <size>0xe6</size>
         <input_file_ref idref="fl-3"/>
      </object_component>
      <object_component id="oc-2e9">
         <name>.debug_info</name>
         <load_address>0x1507</load_address>
         <run_address>0x1507</run_address>
         <size>0x11d7</size>
         <input_file_ref idref="fl-3"/>
      </object_component>
      <object_component id="oc-1cc">
         <name>.debug_info</name>
         <load_address>0x26de</load_address>
         <run_address>0x26de</run_address>
         <size>0x24c</size>
         <input_file_ref idref="fl-3"/>
      </object_component>
      <object_component id="oc-1b3">
         <name>.debug_info</name>
         <load_address>0x292a</load_address>
         <run_address>0x292a</run_address>
         <size>0x2ac</size>
         <input_file_ref idref="fl-3"/>
      </object_component>
      <object_component id="oc-f8">
         <name>.debug_info</name>
         <load_address>0x2bd6</load_address>
         <run_address>0x2bd6</run_address>
         <size>0x8b</size>
         <input_file_ref idref="fl-3"/>
      </object_component>
      <object_component id="oc-1c2">
         <name>.debug_info</name>
         <load_address>0x2c61</load_address>
         <run_address>0x2c61</run_address>
         <size>0x2d6</size>
         <input_file_ref idref="fl-3"/>
      </object_component>
      <object_component id="oc-b6">
         <name>.debug_info</name>
         <load_address>0x2f37</load_address>
         <run_address>0x2f37</run_address>
         <size>0xbb</size>
         <input_file_ref idref="fl-3"/>
      </object_component>
      <object_component id="oc-1bd">
         <name>.debug_info</name>
         <load_address>0x2ff2</load_address>
         <run_address>0x2ff2</run_address>
         <size>0x2a1</size>
         <input_file_ref idref="fl-3"/>
      </object_component>
      <object_component id="oc-364">
         <name>.debug_info</name>
         <load_address>0x3293</load_address>
         <run_address>0x3293</run_address>
         <size>0x95d</size>
         <input_file_ref idref="fl-4"/>
      </object_component>
      <object_component id="oc-3d3">
         <name>.debug_info</name>
         <load_address>0x3bf0</load_address>
         <run_address>0x3bf0</run_address>
         <size>0xda</size>
         <input_file_ref idref="fl-4"/>
      </object_component>
      <object_component id="oc-3d9">
         <name>.debug_info</name>
         <load_address>0x3cca</load_address>
         <run_address>0x3cca</run_address>
         <size>0xd7</size>
         <input_file_ref idref="fl-4"/>
      </object_component>
      <object_component id="oc-28f">
         <name>.debug_info</name>
         <load_address>0x3da1</load_address>
         <run_address>0x3da1</run_address>
         <size>0x132c</size>
         <input_file_ref idref="fl-4"/>
      </object_component>
      <object_component id="oc-1d1">
         <name>.debug_info</name>
         <load_address>0x50cd</load_address>
         <run_address>0x50cd</run_address>
         <size>0xa8c</size>
         <input_file_ref idref="fl-4"/>
      </object_component>
      <object_component id="oc-3dd">
         <name>.debug_info</name>
         <load_address>0x5b59</load_address>
         <run_address>0x5b59</run_address>
         <size>0x1fe</size>
         <input_file_ref idref="fl-4"/>
      </object_component>
      <object_component id="oc-1f8">
         <name>.debug_info</name>
         <load_address>0x5d57</load_address>
         <run_address>0x5d57</run_address>
         <size>0x198</size>
         <input_file_ref idref="fl-4"/>
      </object_component>
      <object_component id="oc-210">
         <name>.debug_info</name>
         <load_address>0x5eef</load_address>
         <run_address>0x5eef</run_address>
         <size>0xf1</size>
         <input_file_ref idref="fl-4"/>
      </object_component>
      <object_component id="oc-282">
         <name>.debug_info</name>
         <load_address>0x5fe0</load_address>
         <run_address>0x5fe0</run_address>
         <size>0x2c</size>
         <input_file_ref idref="fl-4"/>
      </object_component>
      <object_component id="oc-50c">
         <name>.debug_info</name>
         <load_address>0x600c</load_address>
         <run_address>0x600c</run_address>
         <size>0x35</size>
         <input_file_ref idref="fl-4"/>
      </object_component>
      <object_component id="oc-1db">
         <name>.debug_info</name>
         <load_address>0x6041</load_address>
         <run_address>0x6041</run_address>
         <size>0x282</size>
         <input_file_ref idref="fl-4"/>
      </object_component>
      <object_component id="oc-4da">
         <name>.debug_info</name>
         <load_address>0x62c3</load_address>
         <run_address>0x62c3</run_address>
         <size>0x685</size>
         <input_file_ref idref="fl-5"/>
      </object_component>
      <object_component id="oc-2fd">
         <name>.debug_info</name>
         <load_address>0x6948</load_address>
         <run_address>0x6948</run_address>
         <size>0x71c</size>
         <input_file_ref idref="fl-5"/>
      </object_component>
      <object_component id="oc-361">
         <name>.debug_info</name>
         <load_address>0x7064</load_address>
         <run_address>0x7064</run_address>
         <size>0x8e3</size>
         <input_file_ref idref="fl-6"/>
      </object_component>
      <object_component id="oc-2ef">
         <name>.debug_info</name>
         <load_address>0x7947</load_address>
         <run_address>0x7947</run_address>
         <size>0x5c2</size>
         <input_file_ref idref="fl-6"/>
      </object_component>
      <object_component id="oc-1a9">
         <name>.debug_info</name>
         <load_address>0x7f09</load_address>
         <run_address>0x7f09</run_address>
         <size>0x31a</size>
         <input_file_ref idref="fl-6"/>
      </object_component>
      <object_component id="oc-1ae">
         <name>.debug_info</name>
         <load_address>0x8223</load_address>
         <run_address>0x8223</run_address>
         <size>0x109</size>
         <input_file_ref idref="fl-6"/>
      </object_component>
      <object_component id="oc-1b8">
         <name>.debug_info</name>
         <load_address>0x832c</load_address>
         <run_address>0x832c</run_address>
         <size>0x1f1</size>
         <input_file_ref idref="fl-6"/>
      </object_component>
      <object_component id="oc-1e0">
         <name>.debug_info</name>
         <load_address>0x851d</load_address>
         <run_address>0x851d</run_address>
         <size>0x2c</size>
         <input_file_ref idref="fl-6"/>
      </object_component>
      <object_component id="oc-1c7">
         <name>.debug_info</name>
         <load_address>0x8549</load_address>
         <run_address>0x8549</run_address>
         <size>0x35</size>
         <input_file_ref idref="fl-6"/>
      </object_component>
      <object_component id="oc-1d6">
         <name>.debug_info</name>
         <load_address>0x857e</load_address>
         <run_address>0x857e</run_address>
         <size>0x17e</size>
         <input_file_ref idref="fl-6"/>
      </object_component>
      <object_component id="oc-1fd">
         <name>.debug_info</name>
         <load_address>0x86fc</load_address>
         <run_address>0x86fc</run_address>
         <size>0xfb</size>
         <input_file_ref idref="fl-6"/>
      </object_component>
      <object_component id="oc-294">
         <name>.debug_info</name>
         <load_address>0x87f7</load_address>
         <run_address>0x87f7</run_address>
         <size>0xde9</size>
         <input_file_ref idref="fl-7"/>
      </object_component>
      <object_component id="oc-288">
         <name>.debug_info</name>
         <load_address>0x95e0</load_address>
         <run_address>0x95e0</run_address>
         <size>0x19cc</size>
         <input_file_ref idref="fl-7"/>
      </object_component>
      <object_component id="oc-215">
         <name>.debug_info</name>
         <load_address>0xafac</load_address>
         <run_address>0xafac</run_address>
         <size>0x3a8</size>
         <input_file_ref idref="fl-7"/>
      </object_component>
      <object_component id="oc-3e4">
         <name>.debug_info</name>
         <load_address>0xb354</load_address>
         <run_address>0xb354</run_address>
         <size>0x1a5</size>
         <input_file_ref idref="fl-7"/>
      </object_component>
      <object_component id="oc-1f3">
         <name>.debug_info</name>
         <load_address>0xb4f9</load_address>
         <run_address>0xb4f9</run_address>
         <size>0x355</size>
         <input_file_ref idref="fl-7"/>
      </object_component>
      <object_component id="oc-b2">
         <name>.debug_info</name>
         <load_address>0xb84e</load_address>
         <run_address>0xb84e</run_address>
         <size>0x66b</size>
         <input_file_ref idref="fl-8"/>
      </object_component>
      <object_component id="oc-37">
         <name>.debug_info</name>
         <load_address>0xbeb9</load_address>
         <run_address>0xbeb9</run_address>
         <size>0xa81</size>
         <input_file_ref idref="fl-8"/>
      </object_component>
      <object_component id="oc-29a">
         <name>.debug_info</name>
         <load_address>0xc93a</load_address>
         <run_address>0xc93a</run_address>
         <size>0xfbc</size>
         <input_file_ref idref="fl-9"/>
      </object_component>
      <object_component id="oc-13c">
         <name>.debug_info</name>
         <load_address>0xd8f6</load_address>
         <run_address>0xd8f6</run_address>
         <size>0xeb9</size>
         <input_file_ref idref="fl-9"/>
      </object_component>
      <object_component id="oc-204">
         <name>.debug_info</name>
         <load_address>0xe7af</load_address>
         <run_address>0xe7af</run_address>
         <size>0xee</size>
         <input_file_ref idref="fl-9"/>
      </object_component>
      <object_component id="oc-9e">
         <name>.debug_info</name>
[...]
      <symbol id="sm-b0b">
         <name>_Z26vMAIN_InitClockPeripheralsv</name>
         <value>0x7ddb</value>
         <object_component_ref idref="oc-187"/>
      </symbol>
      <symbol id="sm-b34">
         <name>__aeabi_ddiv</name>
         <value>0x9631</value>
         <object_component_ref idref="oc-485"/>
      </symbol>
      <symbol id="sm-b3f">
         <name>__aeabi_dmul</name>
         <value>0x9881</value>
         <object_component_ref idref="oc-47a"/>
      </symbol>
      <symbol id="sm-b49">
         <name>__aeabi_d2uiz</name>
         <value>0xa289</value>
         <object_component_ref idref="oc-47f"/>
      </symbol>
      <symbol id="sm-b64">
         <name>memcpy</name>
         <value>0x9bed</value>
         <object_component_ref idref="oc-4d"/>
      </symbol>
      <symbol id="sm-b65">
         <name>__aeabi_memcpy</name>
         <value>0x9bed</value>
         <object_component_ref idref="oc-4d"/>
      </symbol>
      <symbol id="sm-b66">
         <name>__aeabi_memcpy8</name>
         <value>0x9bed</value>
         <object_component_ref idref="oc-4d"/>
      </symbol>
      <symbol id="sm-b67">
         <name>__aeabi_memcpy4</name>
         <value>0x9bed</value>
         <object_component_ref idref="oc-4d"/>
      </symbol>
      <symbol id="sm-b71">
         <name>__aeabi_ui2d</name>
         <value>0xa64d</value>
         <object_component_ref idref="oc-475"/>
      </symbol>
      <symbol id="sm-b80">
         <name>__aeabi_memset</name>
         <value>0x9d9b</value>
         <object_component_ref idref="oc-98"/>
      </symbol>
      <symbol id="sm-b81">
         <name>memset</name>
         <value>0x9da1</value>
         <object_component_ref idref="oc-98"/>
      </symbol>
      <symbol id="sm-b82">
         <name>__aeabi_memset8</name>
         <value>0x9d9b</value>
         <object_component_ref idref="oc-98"/>
      </symbol>
      <symbol id="sm-b83">
         <name>__aeabi_memset4</name>
         <value>0x9d9b</value>
         <object_component_ref idref="oc-98"/>
      </symbol>
      <symbol id="sm-b84">
         <name>__aeabi_memclr8</name>
         <value>0x9d99</value>
         <object_component_ref idref="oc-98"/>
      </symbol>
      <symbol id="sm-b85">
         <name>__aeabi_memclr4</name>
         <value>0x9d99</value>
         <object_component_ref idref="oc-98"/>
      </symbol>
      <symbol id="sm-b86">
         <name>__aeabi_memclr</name>
         <value>0x9d99</value>
         <object_component_ref idref="oc-98"/>
      </symbol>
      <symbol id="sm-b98">
         <name>__TI_zero_init</name>
         <value>0xa8d5</value>
         <object_component_ref idref="oc-5f"/>
      </symbol>
      <symbol id="sm-baf">
         <name>__TI_decompress_none</name>
         <value>0xa895</value>
         <object_component_ref idref="oc-1b"/>
      </symbol>
      <symbol id="sm-bd2">
         <name>__TI_decompress_lzss</name>
         <value>0x9f59</value>
         <object_component_ref idref="oc-15"/>
      </symbol>
      <symbol id="sm-be8">
         <name>atoi</name>
         <value>0xa1b1</value>
         <object_component_ref idref="oc-25d"/>
      </symbol>
      <symbol id="sm-bf3">
         <name>_ctypes_</name>
         <value>0xa98c</value>
         <object_component_ref idref="oc-391"/>
      </symbol>
      <symbol id="sm-c02">
         <name>isdigit</name>
         <value>0xa815</value>
         <object_component_ref idref="oc-3cb"/>
      </symbol>
      <symbol id="sm-c13">
         <name>ltoa</name>
         <value>0x9e15</value>
         <object_component_ref idref="oc-14b"/>
      </symbol>
      <symbol id="sm-c23">
         <name>memcmp</name>
         <value>0xa5e3</value>
         <object_component_ref idref="oc-2a8"/>
      </symbol>
      <symbol id="sm-c5f">
         <name>__mktime64</name>
         <value>0x8a51</value>
         <object_component_ref idref="oc-3c5"/>
      </symbol>
      <symbol id="sm-c84">
         <name>rand</name>
         <value>0xa4f5</value>
         <object_component_ref idref="oc-26f"/>
      </symbol>
      <symbol id="sm-c85">
         <name>srand</name>
         <value>0xa609</value>
         <object_component_ref idref="oc-269"/>
      </symbol>
      <symbol id="sm-c94">
         <name>strcmp</name>
         <value>0xa6d5</value>
         <object_component_ref idref="oc-598"/>
      </symbol>
      <symbol id="sm-ca2">
         <name>strcpy</name>
         <value>0xa799</value>
         <object_component_ref idref="oc-2a0"/>
      </symbol>
      <symbol id="sm-cb0">
         <name>strlen</name>
         <value>0xa7ad</value>
         <object_component_ref idref="oc-257"/>
      </symbol>
      <symbol id="sm-cc0">
         <name>strncmp</name>
         <value>0xa5b7</value>
         <object_component_ref idref="oc-275"/>
      </symbol>
      <symbol id="sm-cd3">
         <name>strstr</name>
         <value>0xa529</value>
         <object_component_ref idref="oc-263"/>
      </symbol>
      <symbol id="sm-ce3">
         <name>_tz</name>
         <value>0x200025e0</value>
         <object_component_ref idref="oc-3d5"/>
      </symbol>
      <symbol id="sm-cf6">
         <name>__time64</name>
         <value>0xa805</value>
         <object_component_ref idref="oc-251"/>
      </symbol>
      <symbol id="sm-d09">
         <name>__stack</name>
         <value>0x20000000</value>
         <object_component_ref idref="oc-24"/>
      </symbol>
      <symbol id="sm-d0a">
         <name>_c_int00_noargs</name>
         <value>0xa4c1</value>
         <object_component_ref idref="oc-6b"/>
      </symbol>
      <symbol id="sm-d13">
         <name>__aeabi_lmul</name>
         <value>0xa6bd</value>
         <object_component_ref idref="oc-55e"/>
      </symbol>
      <symbol id="sm-d21">
         <name>__aeabi_ldivmod</name>
         <value>0x9e83</value>
         <object_component_ref idref="oc-563"/>
      </symbol>
      <symbol id="sm-d2e">
         <name>__aeabi_uldivmod</name>
         <value>0x9c89</value>
         <object_component_ref idref="oc-5f8"/>
      </symbol>
      <symbol id="sm-d56">
         <name>__TI_auto_init_nobinit_nopinit</name>
         <value>0xa245</value>
         <object_component_ref idref="oc-321"/>
      </symbol>
      <symbol id="sm-d60">
         <name>_system_pre_init</name>
         <value>0xa983</value>
         <object_component_ref idref="oc-181"/>
      </symbol>
      <symbol id="sm-d6c">
         <name>C$$EXIT</name>
         <value>0xa987</value>
         <object_component_ref idref="oc-315"/>
      </symbol>
      <symbol id="sm-d6d">
         <name>abort</name>
         <value>0xa987</value>
         <object_component_ref idref="oc-315"/>
      </symbol>
      <symbol id="sm-d82">
         <name>_nop</name>
         <value>0x9767</value>
         <object_component_ref idref="oc-538"/>
      </symbol>
      <symbol id="sm-d83">
         <name>_lock</name>
         <value>0x200025fc</value>
         <object_component_ref idref="oc-398"/>
      </symbol>
      <symbol id="sm-d84">
         <name>_unlock</name>
         <value>0x20002600</value>
         <object_component_ref idref="oc-398"/>
      </symbol>
      <symbol id="sm-d9e">
         <name>HOSTtime64</name>
         <value>0x9fc1</value>
         <object_component_ref idref="oc-382"/>
      </symbol>
      <symbol id="sm-dc2">
         <name>__TI_readmsg</name>
         <value>0xa48d</value>
         <object_component_ref idref="oc-519"/>
      </symbol>
      <symbol id="sm-dc3">
         <name>C$$IO$$</name>
         <value>0xa3e7</value>
         <object_component_ref idref="oc-513"/>
      </symbol>
      <symbol id="sm-dc4">
         <name>__CIOBUF_</name>
         <value>0x2000202c</value>
         <object_component_ref idref="oc-5db"/>
      </symbol>
      <symbol id="sm-dc5">
         <name>__TI_writemsg</name>
         <value>0xa3b9</value>
         <object_component_ref idref="oc-513"/>
      </symbol>
      <symbol id="sm-dcf">
         <name>__aeabi_idiv0</name>
         <value>0x9e13</value>
         <object_component_ref idref="oc-5f3"/>
      </symbol>
      <symbol id="sm-dd0">
         <name>__aeabi_ldiv0</name>
         <value>0x9e13</value>
         <object_component_ref idref="oc-5f3"/>
      </symbol>
      <symbol id="sm-dd6">
         <name>parmbuf</name>
         <value>0x2000254e</value>
      </symbol>
      <symbol id="sm-e2f">
         <name>ADCProcessorTrigger</name>
         <value>0xa6a5</value>
         <object_component_ref idref="oc-463"/>
      </symbol>
      <symbol id="sm-e30">
         <name>ADCSequenceEnable</name>
         <value>0xa825</value>
         <object_component_ref idref="oc-457"/>
      </symbol>
      <symbol id="sm-e31">
         <name>ADCSequenceConfigure</name>
         <value>0xa0c9</value>
         <object_component_ref idref="oc-44b"/>
      </symbol>
      <symbol id="sm-e32">
         <name>ADCSequenceStepConfigure</name>
         <value>0x9d1f</value>
         <object_component_ref idref="oc-451"/>
      </symbol>
      <symbol id="sm-e33">
         <name>ADCIntClear</name>
         <value>0xa8ed</value>
         <object_component_ref idref="oc-45d"/>
      </symbol>
      <symbol id="sm-e34">
         <name>ADCIntStatus</name>
         <value>0xa55d</value>
         <object_component_ref idref="oc-469"/>
      </symbol>
      <symbol id="sm-e35">
         <name>ADCSequenceDataGet</name>
         <value>0xa66d</value>
         <object_component_ref idref="oc-46f"/>
      </symbol>
      <symbol id="sm-e90">
         <name>EEPROMRead</name>
         <value>0xa349</value>
         <object_component_ref idref="oc-3bd"/>
      </symbol>
      <symbol id="sm-e91">
         <name>EEPROMProgram</name>
         <value>0x9a71</value>
         <object_component_ref idref="oc-3b7"/>
      </symbol>
      <symbol id="sm-e92">
         <name>EEPROMInit</name>
         <value>0xa2cd</value>
         <object_component_ref idref="oc-3b1"/>
      </symbol>
      <symbol id="sm-f24">
         <name>GPIOPinConfigure</name>
         <value>0xa119</value>
         <object_component_ref idref="oc-fd"/>
      </symbol>
      <symbol id="sm-f25">
         <name>GPIOPinTypeI2CSCL</name>
         <value>0xa72f</value>
         <object_component_ref idref="oc-49d"/>
      </symbol>
      <symbol id="sm-f26">
         <name>GPIOIntEnable</name>
         <value>0xa8af</value>
         <object_component_ref idref="oc-f1"/>
      </symbol>
      <symbol id="sm-f27">
         <name>GPIOPinTypeI2C</name>
         <value>0xa719</value>
         <object_component_ref idref="oc-4a3"/>
      </symbol>
      <symbol id="sm-f28">
         <name>GPIOIntTypeSet</name>
         <value>0xa021</value>
         <object_component_ref idref="oc-eb"/>
      </symbol>
      <symbol id="sm-f29">
         <name>GPIOPinTypeADC</name>
         <value>0xa6ed</value>
         <object_component_ref idref="oc-445"/>
      </symbol>
      <symbol id="sm-f2a">
         <name>GPIOPinTypeGPIOInput</name>
         <value>0xa703</value>
         <object_component_ref idref="oc-e5"/>
      </symbol>
      <symbol id="sm-f2b">
         <name>GPIOIntClear</name>
         <value>0xa951</value>
         <object_component_ref idref="oc-c1"/>
      </symbol>
      <symbol id="sm-f2c">
         <name>GPIOPinTypeUART</name>
         <value>0xa745</value>
         <object_component_ref idref="oc-103"/>
      </symbol>
      <symbol id="sm-f2d">
         <name>GPIOIntStatus</name>
         <value>0xa833</value>
         <object_component_ref idref="oc-bb"/>
      </symbol>
      <symbol id="sm-f2e">
         <name>GPIOPinTypeGPIOOutput</name>
         <value>0xa68b</value>
         <object_component_ref idref="oc-df"/>
      </symbol>
      <symbol id="sm-f2f">
         <name>GPIOPinRead</name>
         <value>0xa957</value>
         <object_component_ref idref="oc-c7"/>
      </symbol>
      <symbol id="sm-f30">
         <name>GPIODirModeSet</name>
         <value>0xa58b</value>
         <object_component_ref idref="oc-22a"/>
      </symbol>
      <symbol id="sm-f31">
         <name>GPIOPinWrite</name>
         <value>0xa95d</value>
         <object_component_ref idref="oc-cd"/>
      </symbol>
      <symbol id="sm-f32">
         <name>GPIOPadConfigSet</name>
         <value>0x94c5</value>
         <object_component_ref idref="oc-224"/>
      </symbol>
      <symbol id="sm-f84">
         <name>I2CRxFIFOFlush</name>
         <value>0xa841</value>
         <object_component_ref idref="oc-4af"/>
      </symbol>
      <symbol id="sm-f85">
         <name>I2CTxFIFOFlush</name>
         <value>0xa84f</value>
         <object_component_ref idref="oc-4b5"/>
      </symbol>
      <symbol id="sm-f86">
         <name>I2CMasterDataPut</name>
         <value>0xa977</value>
         <object_component_ref idref="oc-4c1"/>
      </symbol>
      <symbol id="sm-f87">
         <name>I2CMasterInitExpClk</name>
         <value>0xa165</value>
         <object_component_ref idref="oc-4a9"/>
      </symbol>
      <symbol id="sm-f88">
         <name>I2CMasterSlaveAddrSet</name>
         <value>0xa931</value>
         <object_component_ref idref="oc-4bb"/>
      </symbol>
      <symbol id="sm-f89">
         <name>I2CMasterDataGet</name>
         <value>0xa973</value>
         <object_component_ref idref="oc-4d3"/>
      </symbol>
      <symbol id="sm-f8a">
         <name>I2CMasterControl</name>
         <value>0xa96f</value>
         <object_component_ref idref="oc-4c7"/>
      </symbol>
      <symbol id="sm-f8b">
         <name>I2CMasterBusy</name>
         <value>0xa929</value>
         <object_component_ref idref="oc-4cd"/>
      </symbol>
      <symbol id="sm-f8c">
         <name>I2CMasterEnable</name>
         <value>0xa8f7</value>
         <object_component_ref idref="oc-5b1"/>
      </symbol>
      <symbol id="sm-fb4">
         <name>IntEnable</name>
         <value>0x9ef1</value>
         <object_component_ref idref="oc-10f"/>
      </symbol>
      <symbol id="sm-fb5">
         <name>IntMasterEnable</name>
         <value>0xa7d3</value>
         <object_component_ref idref="oc-2df"/>
      </symbol>
      <symbol id="sm-102a">
         <name>SysCtlClockSet</name>
         <value>0x997d</value>
         <object_component_ref idref="oc-2f4"/>
      </symbol>
      <symbol id="sm-102b">
         <name>SysCtlDelay</name>
         <value>0xa963</value>
         <object_component_ref idref="oc-48f"/>
      </symbol>
      <symbol id="sm-102c">
         <name>SysCtlPeripheralEnable</name>
         <value>0xa425</value>
         <object_component_ref idref="oc-d3"/>
      </symbol>
      <symbol id="sm-102d">
         <name>SysCtlClockGet</name>
         <value>0x9769</value>
         <object_component_ref idref="oc-80"/>
      </symbol>
      <symbol id="sm-102e">
         <name>SysCtlPeripheralDisable</name>
         <value>0xa3f1</value>
         <object_component_ref idref="oc-491"/>
      </symbol>
      <symbol id="sm-102f">
         <name>SysCtlPeripheralReady</name>
         <value>0xa381</value>
         <object_component_ref idref="oc-d9"/>
      </symbol>
      <symbol id="sm-1030">
         <name>SysCtlPeripheralReset</name>
         <value>0xa079</value>
         <object_component_ref idref="oc-497"/>
      </symbol>
      <symbol id="sm-1053">
         <name>SysTickEnable</name>
         <value>0xa75d</value>
         <object_component_ref idref="oc-92"/>
      </symbol>
      <symbol id="sm-1054">
         <name>SysTickIntEnable</name>
         <value>0xa771</value>
         <object_component_ref idref="oc-8c"/>
      </symbol>
      <symbol id="sm-1055">
         <name>SysTickPeriodSet</name>
         <value>0xa7e5</value>
         <object_component_ref idref="oc-86"/>
      </symbol>
      <symbol id="sm-10ae">
         <name>UARTCharPutNonBlocking</name>
         <value>0xa86b</value>
         <object_component_ref idref="oc-12d"/>
      </symbol>
      <symbol id="sm-10af">
         <name>UARTConfigSetExpClk</name>
         <value>0xa1fd</value>
         <object_component_ref idref="oc-109"/>
      </symbol>
      <symbol id="sm-10b0">
         <name>UARTDisable</name>
         <value>0xa62d</value>
         <object_component_ref idref="oc-239"/>
      </symbol>
      <symbol id="sm-10b1">
         <name>UARTBusy</name>
         <value>0xa939</value>
         <object_component_ref idref="oc-145"/>
      </symbol>
      <symbol id="sm-10b2">
         <name>UARTIntEnable</name>
         <value>0xa941</value>
         <object_component_ref idref="oc-115"/>
      </symbol>
      <symbol id="sm-10b3">
         <name>UARTCharsAvail</name>
         <value>0xa879</value>
         <object_component_ref idref="oc-13f"/>
      </symbol>
      <symbol id="sm-10b4">
         <name>UARTCharGetNonBlocking</name>
         <value>0xa85d</value>
         <object_component_ref idref="oc-127"/>
      </symbol>
      <symbol id="sm-10b5">
         <name>UARTEnable</name>
         <value>0xa785</value>
         <object_component_ref idref="oc-23f"/>
      </symbol>
      <symbol id="sm-10b6">
         <name>UARTIntClear</name>
         <value>0xa97b</value>
         <object_component_ref idref="oc-121"/>
      </symbol>
      <symbol id="sm-10b7">
         <name>UARTIntStatus</name>
         <value>0xa901</value>
         <object_component_ref idref="oc-11b"/>
      </symbol>
      <symbol id="sm-1106">
         <name>WatchdogIntClear</name>
         <value>0xa969</value>
         <object_component_ref idref="oc-42d"/>
      </symbol>
      <symbol id="sm-1107">
         <name>WatchdogUnlock</name>
         <value>0xa8c9</value>
         <object_component_ref idref="oc-403"/>
      </symbol>
      <symbol id="sm-1108">
         <name>WatchdogLockState</name>
         <value>0xa887</value>
         <object_component_ref idref="oc-3fd"/>
      </symbol>
      <symbol id="sm-1109">
         <name>WatchdogReloadSet</name>
         <value>0xa97f</value>
         <object_component_ref idref="oc-415"/>
      </symbol>
      <symbol id="sm-110a">
         <name>WatchdogResetEnable</name>
         <value>0xa91f</value>
         <object_component_ref idref="oc-41b"/>
      </symbol>
      <symbol id="sm-110b">
         <name>WatchdogEnable</name>
         <value>0xa90b</value>
         <object_component_ref idref="oc-427"/>
      </symbol>
      <symbol id="sm-110c">
         <name>WatchdogIntEnable</name>
         <value>0xa915</value>
         <object_component_ref idref="oc-409"/>
      </symbol>
      <symbol id="sm-110d">
         <name>WatchdogIntTypeSet</name>
         <value>0xa8bb</value>
         <object_component_ref idref="oc-40f"/>
      </symbol>
      <symbol id="sm-110e">
         <name>WatchdogLock</name>
         <value>0xa949</value>
         <object_component_ref idref="oc-421"/>
      </symbol>
      <symbol id="sm-1118">
         <name>CPUcpsie</name>
         <value>0xa8a3</value>
         <object_component_ref idref="oc-434"/>
      </symbol>
      <symbol id="sm-1119">
         <name>__TI_static_base__</name>
         <value>0x0</value>
      </symbol>
      <symbol id="sm-111c">
         <name>__mpu_init</name>
         <value>0x0</value>
      </symbol>
      <symbol id="sm-111d">
         <name>_system_post_cinit</name>
         <value>0x0</value>
      </symbol>
   </symbol_table>
   <title>Link successful</title>
</link_info>
