******************************************************************************
                  TI ARM Linker PC v20.2.6                     
******************************************************************************
>> Linked Fri May 10 13:45:57 2024

OUTPUT FILE NAME:   <Telecom_IoT_v2_00.out>
ENTRY POINT SYMBOL: "_c_int00_noargs"  address: 0000a3f1


MEMORY CONFIGURATION

         name            origin    length      used     unused   attr    fill
----------------------  --------  ---------  --------  --------  ----  --------
  FLASH                 00000000   00020000  0000b1ac  00014e54  R  X
  SRAM                  20000000   00008000  00001fbd  00006043  RW X


SEGMENT ALLOCATION MAP

run origin  load origin   length   init length attrs members
----------  ----------- ---------- ----------- ----- -------
00000000    00000000    0000b1b0   0000b1b0    r-x
  00000000    00000000    0000026c   0000026c    r-- .intvecs
  0000026c    0000026c    0000a7b4   0000a7b4    r-x .text
  0000aa20    0000aa20    00000708   00000708    r-- .const
  0000b128    0000b128    00000024   00000024    r-- .init_array
  0000b150    0000b150    00000060   00000060    r-- .cinit
20000000    20000000    00001fc8   00000000    rw-
  20000000    20000000    00001729   00000000    rw- .bss
  20001730    20001730    00000800   00000000    rw- .stack
  20001f30    20001f30    00000084   00000000    rw- .data
  20001fb8    20001fb8    00000010   00000000    rw- .sysmem


SECTION ALLOCATION MAP

 output                                  attributes/
section   page    origin      length       input sections
--------  ----  ----------  ----------   ----------------
.intvecs   0    00000000    0000026c     
                  00000000    0000026c     tm4c1233e6pz_startup_ccs.obj (.intvecs)

.text      0    0000026c    0000a7b4     
                  0000026c    00000f68     Telecom_Ethernet.obj (.text)
                  000011d4    00000ee0     uip.obj (.text)
                  000020b4    00000a44     Clock.obj (.text)
                  00002af8    00000834     Dhcp.obj (.text)
                  0000332c    00000800     E2P.obj (.text)
                  00003b2c    000007f0     Enc28J60Network.obj (.text)
                  0000431c    00000718     UIPClient.obj (.text)
                  00004a34    00000704     gprs.obj (.text)
                  00005138    00000624     UIPEthernet.obj (.text)
                  0000575c    00000544     UartCore.obj (.text)
                  00005ca0    0000049c     PC_Cmds.obj (.text)
                  0000613c    00000464     Dns.obj (.text)
                  000065a0    00000458     UIPUdp.obj (.text)
                  000069f8    00000454     main.obj (.text)
                  00006e4c    00000424     ADC_Core.obj (.text)
                  00007270    000003f4     uip_arp.obj (.text)
                  00007664    000003e0     Print.obj (.text)
                  00007a44    00000380     Display.obj (.text)
                  00007dc4    000002f0     _common.obj (.text)
                  000080b4    000002b8     rtsv7M4_T_le_v4SPD16_eabi.lib : mktime64.c.obj (.text:__mktime64)
                  0000836c    00000208     IO_cntrl.obj (.text)
                  00008574    000001dc     UIPServer.obj (.text)
                  00008750    000001cc     DS3231.obj (.text)
                  0000891c    000001b6     rtsv7M4_T_le_v4SPD16_eabi.lib : fd_add_t2.asm.obj (.text)
                  00008ad2    00000002     UIPClient.obj (.text:_ZN6ClientD1Ev)
                  00008ad4    00000184     SysTick_Timer.obj (.text)
                  00008c58    0000016c     driverlib.lib : gpio.obj (.text:GPIOPadConfigSet)
                  00008dc4    00000160     mempool.obj (.text)
                  00008f24    00000136     rtsv7M4_T_le_v4SPD16_eabi.lib : fd_div_t2.asm.obj (.text)
                  0000905a    00000002     UIPServer.obj (.text:_ZN6ServerD1Ev)
                  0000905c    00000118     driverlib.lib : sysctl.obj (.text:SysCtlClockGet)
                  00009174    00000100     rtsv7M4_T_le_v4SPD16_eabi.lib : memory.c.obj (.text:aligned_alloc)
                  00009274    000000fc                                   : fd_mul_t2.asm.obj (.text)
                  00009370    000000f4     driverlib.lib : sysctl.obj (.text:SysCtlClockSet)
                  00009464    000000e6     itoa.obj (.text)
                  0000954a    00000002     Telecom_Ethernet.obj (.text:_ZN9IPAddressD1Ev)
                  0000954c    000000e4     rtsv7M4_T_le_v4SPD16_eabi.lib : memory.c.obj (.text:free)
                  00009630    000000d4     IPAddress.obj (.text)
                  00009704    000000c4     driverlib.lib : eeprom.obj (.text:EEPROMProgram)
                  000097c8    0000009c     rtsv7M4_T_le_v4SPD16_eabi.lib : memcpy_t2.asm.obj (.text)
                  00009864    00000096                                   : ull_div_t2.asm.obj (.text)
                  000098fa    00000086                                   : fd_cmp_t2.asm.obj (.text:__aeabi_cdcmple)
                  00009980    00000086                                   : fd_cmp_t2.asm.obj (.text:__aeabi_cdrcmple)
                  00009a06    0000007a     driverlib.lib : adc.obj (.text:ADCSequenceStepConfigure)
                  00009a80    0000007a     rtsv7M4_T_le_v4SPD16_eabi.lib : memset_t2.asm.obj (.text)
                  00009afa    00000002     Dhcp.obj (.text:_ZN9PrintableD1Ev)
                  00009afc    00000070     rtsv7M4_T_le_v4SPD16_eabi.lib : memory.c.obj (.text:split)
                  00009b6c    0000006e                                   : ll_div_t2.asm.obj (.text)
                  00009bda    00000002     Telecom_Ethernet.obj (.text:_ZN9UIPClientD1Ev)
                  00009bdc    00000068     driverlib.lib : interrupt.obj (.text:IntEnable)
                  00009c44    00000068     rtsv7M4_T_le_v4SPD16_eabi.lib : copy_decompress_lzss.c.obj (.text:decompress:lzss:__TI_decompress_lzss)
                  00009cac    00000060                                   : hosttime.c.obj (.text:HOSTtime64)
                  00009d0c    00000060                                   : autoinit.c.obj (.text:__TI_auto_init_nobinit:__TI_auto_init_nobinit)
                  00009d6c    0000005e                                   : i_divt2.asm.obj (.text)
                  00009dca    00000058     driverlib.lib : gpio.obj (.text:GPIOIntTypeSet)
                  00009e22    00000002     UIPServer.obj (.text:_ZN9UIPServerD1Ev)
                  00009e24    00000050     driverlib.lib : sysctl.obj (.text:SysCtlPeripheralReset)
                  00009e74    0000004e                   : adc.obj (.text:ADCSequenceConfigure)
                  00009ec2    00000002     rtsv7M4_T_le_v4SPD16_eabi.lib : stdlib_typeinfo.cpp.obj (.text:_ZNSt9type_infoD1Ev)
                  00009ec4    0000004c     driverlib.lib : gpio.obj (.text:GPIOPinConfigure)
                  00009f10    0000004c                   : i2c.obj (.text:I2CMasterInitExpClk)
                  00009f5c    0000004c     rtsv7M4_T_le_v4SPD16_eabi.lib : atoi.c.obj (.text:atoi)
                  00009fa8    00000048                                   : exit.c.obj (.text:exit)
                  00009ff0    00000048                                   : fd_toi_t2.asm.obj (.text)
                  0000a038    00000046     driverlib.lib : uart.obj (.text:UARTConfigSetExpClk)
                  0000a07e    00000002     rtsv7M4_T_le_v4SPD16_eabi.lib : _lock.c.obj (.text:_nop)
                  0000a080    00000044                                   : dtor_list.c.obj (.text:_Z25__add_destruction_to_listPP20a_needed_destructionPFYvPvES2_S2_)
                  0000a0c4    00000044                                   : fd_tou_t2.asm.obj (.text)
                  0000a108    00000042                                   : dtor_list.c.obj (.text:_Z23__finalize_destructionsPP20a_needed_destructionPv)
                  0000a14a    00000002                                   : div0.asm.obj (.text)
                  0000a14c    00000040     driverlib.lib : eeprom.obj (.text:EEPROMInit)
                  0000a18c    00000040     rtsv7M4_T_le_v4SPD16_eabi.lib : u_divt2.asm.obj (.text)
                  0000a1cc    0000003c     driverlib.lib : ssi.obj (.text:SSIConfigSetExpClk)
                  0000a208    0000003c                   : eeprom.obj (.text:_EEPROMSectorMaskSet)
                  0000a244    00000038                   : eeprom.obj (.text:EEPROMRead)
                  0000a27c    00000038                   : sysctl.obj (.text:SysCtlPeripheralReady)
                  0000a2b4    00000038     rtsv7M4_T_le_v4SPD16_eabi.lib : trgmsg.c.obj (.text:__TI_writemsg)
                  0000a2ec    00000034     driverlib.lib : sysctl.obj (.text:SysCtlPeripheralDisable)
                  0000a320    00000034                   : sysctl.obj (.text:SysCtlPeripheralEnable)
                  0000a354    00000034                   : eeprom.obj (.text:_EEPROMSectorMaskClear)
                  0000a388    00000034     rtsv7M4_T_le_v4SPD16_eabi.lib : trgmsg.c.obj (.text:__TI_readmsg)
                  0000a3bc    00000034                                   : dtor_list.c.obj (.text:__aeabi_atexit)
                  0000a3f0    00000034                                   : boot_cortex_m.c.obj (.text:_c_int00_noargs:_c_int00_noargs)
                  0000a424    00000034                                   : rand.c.obj (.text:rand)
                  0000a458    00000034                                   : strstr.c.obj (.text:strstr)
                  0000a48c    0000002e     driverlib.lib : adc.obj (.text:ADCIntStatus)
                  0000a4ba    0000002e     rtsv7M4_T_le_v4SPD16_eabi.lib : i_tofd_t2.asm.obj (.text)
                  0000a4e8    0000002c     driverlib.lib : gpio.obj (.text:GPIODirModeSet)
                  0000a514    0000002c     delay.obj (.text)
                  0000a540    0000002c     rtsv7M4_T_le_v4SPD16_eabi.lib : strncmp.c.obj (.text:strncmp)
                  0000a56c    00000028                                   : memory.c.obj (.text:free_list_insert)
                  0000a594    00000024                                   : memcmp.c.obj (.text:memcmp)
                  0000a5b8    00000024                                   : rand.c.obj (.text:srand)
                  0000a5dc    00000020     driverlib.lib : uart.obj (.text:UARTDisable)
                  0000a5fc    00000020     rtsv7M4_T_le_v4SPD16_eabi.lib : u_tofd_t2.asm.obj (.text)
                  0000a61c    0000001e     driverlib.lib : adc.obj (.text:ADCSequenceDataGet)
                  0000a63a    0000001e     SPI.obj (.text)
                  0000a658    0000001c     rtsv7M4_T_le_v4SPD16_eabi.lib : memory.c.obj (.text:free_list_remove)
                  0000a674    0000001c     millis.obj (.text)
                  0000a690    0000001a     driverlib.lib : gpio.obj (.text:GPIOPinTypeGPIOOutput)
                  0000a6aa    00000018                   : adc.obj (.text:ADCProcessorTrigger)
                  0000a6c2    00000018     rtsv7M4_T_le_v4SPD16_eabi.lib : ll_mul_t2.asm.obj (.text)
                  0000a6da    00000018                                   : strcmp.c.obj (.text:strcmp)
                  0000a6f2    00000016     driverlib.lib : gpio.obj (.text:GPIOPinTypeADC)
                  0000a708    00000016                   : gpio.obj (.text:GPIOPinTypeGPIOInput)
                  0000a71e    00000016                   : gpio.obj (.text:GPIOPinTypeI2C)
                  0000a734    00000016                   : gpio.obj (.text:GPIOPinTypeI2CSCL)
                  0000a74a    00000016                   : gpio.obj (.text:GPIOPinTypeSSI)
                  0000a760    00000016                   : gpio.obj (.text:GPIOPinTypeUART)
                  0000a776    00000002     --HOLE-- [fill = 0]
                  0000a778    00000014                   : systick.obj (.text:SysTickEnable)
                  0000a78c    00000014                   : systick.obj (.text:SysTickIntEnable)
                  0000a7a0    00000014                   : uart.obj (.text:UARTEnable)
                  0000a7b4    00000014     rtsv7M4_T_le_v4SPD16_eabi.lib : strlen.c.obj (.text:strlen)
                  0000a7c8    00000012     driverlib.lib : ssi.obj (.text:SSIDataGetNonBlocking)
                  0000a7da    00000012     UIPClient.obj (.text:_ZN9UIPClientneERKS_)
                  0000a7ec    00000010     driverlib.lib : interrupt.obj (.text:IntMasterEnable)
                  0000a7fc    00000010                   : systick.obj (.text:SysTickPeriodSet)
                  0000a80c    00000010                   : eeprom.obj (.text:_EEPROMWaitForDone)
                  0000a81c    00000010     rtsv7M4_T_le_v4SPD16_eabi.lib : time64.c.obj (.text:__time64)
                  0000a82c    0000000e     driverlib.lib : adc.obj (.text:ADCSequenceEnable)
                  0000a83a    0000000e                   : gpio.obj (.text:GPIOIntStatus)
                  0000a848    0000000e                   : i2c.obj (.text:I2CRxFIFOFlush)
                  0000a856    0000000e                   : i2c.obj (.text:I2CTxFIFOFlush)
                  0000a864    0000000e                   : ssi.obj (.text:SSIDataPutNonBlocking)
                  0000a872    0000000e                   : uart.obj (.text:UARTCharGetNonBlocking)
                  0000a880    0000000e                   : uart.obj (.text:UARTCharPutNonBlocking)
                  0000a88e    0000000e                   : uart.obj (.text:UARTCharsAvail)
                  0000a89c    0000000e     rtsv7M4_T_le_v4SPD16_eabi.lib : typeinfo.c.obj (.text:_ZN10__cxxabiv117__class_type_infoD0Ev)
                  0000a8aa    0000000e                                   : typeinfo.c.obj (.text:_ZN10__cxxabiv120__si_class_type_infoD0Ev)
                  0000a8b8    0000000e                                   : typeinfo.c.obj (.text:_ZN10__cxxabiv121__vmi_class_type_infoD0Ev)
                  0000a8c6    0000000e                                   : copy_decompress_none.c.obj (.text:decompress:none:__TI_decompress_none)
                  0000a8d4    0000000c     driverlib.lib : cpu.obj (.text:CPUcpsie)
                  0000a8e0    0000000c                   : gpio.obj (.text:GPIOIntEnable)
                  0000a8ec    0000000c     Dhcp.obj (.text:_ZThn8_N6UIPUDP4readEPcj)
                  0000a8f8    0000000c     rtsv7M4_T_le_v4SPD16_eabi.lib : dtor_list.c.obj (.text:__cxa_finalize)
                  0000a904    0000000c                                   : guard.c.obj (.text:__cxa_guard_acquire)
                  0000a910    0000000c                                   : copy_zero_init.c.obj (.text:decompress:ZI:__TI_zero_init)
                  0000a91c    0000000c     tm4c1233e6pz_startup_ccs.obj (.text)
                  0000a928    0000000a     driverlib.lib : adc.obj (.text:ADCIntClear)
                  0000a932    0000000a                   : i2c.obj (.text:I2CMasterEnable)
                  0000a93c    0000000a                   : ssi.obj (.text:SSIEnable)
                  0000a946    0000000a                   : uart.obj (.text:UARTIntStatus)
                  0000a950    0000000a     UIPUdp.obj (.text:_ZN6UIPUDP4readEPcj)
                  0000a95a    0000000a     rtsv7M4_T_le_v4SPD16_eabi.lib : guard.c.obj (.text:__cxa_guard_release)
                  0000a964    00000008     driverlib.lib : i2c.obj (.text:I2CMasterBusy)
                  0000a96c    00000008                   : i2c.obj (.text:I2CMasterSlaveAddrSet)
                  0000a974    00000008                   : uart.obj (.text:UARTBusy)
                  0000a97c    00000008                   : uart.obj (.text:UARTIntEnable)
                  0000a984    00000008     Telecom_Ethernet.obj (.text:_ZThn8_N9UIPClientD0Ev)
                  0000a98c    00000008     UIPServer.obj (.text:_ZThn8_N9UIPServerD0Ev)
                  0000a994    00000008     rtsv7M4_T_le_v4SPD16_eabi.lib : new.cpp.obj (.text:_ZdlPv)
                  0000a99c    00000008                                   : memory.c.obj (.text:malloc)
                  0000a9a4    00000006     driverlib.lib : gpio.obj (.text:GPIOIntClear)
                  0000a9aa    00000006                   : gpio.obj (.text:GPIOPinRead)
                  0000a9b0    00000006                   : gpio.obj (.text:GPIOPinWrite)
                  0000a9b6    00000006                   : sysctl.obj (.text:SysCtlDelay)
                  0000a9bc    00000006     Telecom_Ethernet.obj (.text:_ZN6ClientD0Ev)
                  0000a9c2    00000006     UIPServer.obj (.text:_ZN6ServerD0Ev)
                  0000a9c8    00000006     Telecom_Ethernet.obj (.text:_ZN9IPAddressD0Ev)
                  0000a9ce    00000006     Telecom_Ethernet.obj (.text:_ZN9PrintableD0Ev)
                  0000a9d4    00000006     UIPClient.obj (.text:_ZN9UIPClientD0Ev)
                  0000a9da    00000006     UIPServer.obj (.text:_ZN9UIPServerD0Ev)
                  0000a9e0    00000006     rtsv7M4_T_le_v4SPD16_eabi.lib : dtor_list.c.obj (.text:__cxa_ia64_exit)
                  0000a9e6    00000006                                   : pure_virt.c.obj (.text:__cxa_pure_virtual)
                  0000a9ec    00000004     driverlib.lib : i2c.obj (.text:I2CMasterControl)
                  0000a9f0    00000004                   : i2c.obj (.text:I2CMasterDataGet)
                  0000a9f4    00000004                   : i2c.obj (.text:I2CMasterDataPut)
                  0000a9f8    00000004                   : uart.obj (.text:UARTIntClear)
                  0000a9fc    00000004     rtsv7M4_T_le_v4SPD16_eabi.lib : typeinfo.c.obj (.text:_ZN10__cxxabiv117__class_type_infoD1Ev)
                  0000aa00    00000004                                   : typeinfo.c.obj (.text:_ZN10__cxxabiv120__si_class_type_infoD1Ev)
                  0000aa04    00000004                                   : typeinfo.c.obj (.text:_ZN10__cxxabiv121__vmi_class_type_infoD1Ev)
                  0000aa08    00000004     UIPClient.obj (.text:_ZThn8_N9UIPClientD1Ev)
                  0000aa0c    00000004     UIPServer.obj (.text:_ZThn8_N9UIPServerD1Ev)
                  0000aa10    00000004     rtsv7M4_T_le_v4SPD16_eabi.lib : new.cpp.obj (.text:_ZdlPvj)
                  0000aa14    00000004                                   : error.c.obj (.text:__abort_execution)
                  0000aa18    00000004                                   : pre_init.c.obj (.text:_system_pre_init)
                  0000aa1c    00000004                                   : exit.c.obj (.text:abort:abort)

.const     0    0000aa20    00000708     
                  0000aa20    00000101     rtsv7M4_T_le_v4SPD16_eabi.lib : ctype.c.obj (.const:.string:_ctypes_)
                  0000ab21    00000003     --HOLE-- [fill = 0]
                  0000ab24    00000090     UIPUdp.obj (.const:_ZTV6UIPUDP)
                  0000abb4    00000090     driverlib.lib : gpio.obj (.const:g_pui32GPIOBaseAddrs)
                  0000ac44    0000008c     UIPClient.obj (.const:_ZTV9UIPClient)
                  0000acd0    0000006c     driverlib.lib : sysctl.obj (.const:g_pui32Xtals)
                  0000ad3c    00000060     rtsv7M4_T_le_v4SPD16_eabi.lib : mktime64.c.obj (.const:$O1$$)
                  0000ad9c    00000048     UIPUdp.obj (.const:_ZTV3UDP)
                  0000ade4    00000041     _common.obj (.const:.string:$P$T0$1)
                  0000ae25    00000003     --HOLE-- [fill = 0]
                  0000ae28    00000040     UIPClient.obj (.const:_ZTV6Client)
                  0000ae68    00000034     UIPServer.obj (.const:_ZTV9UIPServer)
                  0000ae9c    00000026     rtsv7M4_T_le_v4SPD16_eabi.lib : typeinfo.c.obj (.const:.typeinfo:_ZTSN10__cxxabiv121__vmi_class_type_infoE)
                  0000aec2    00000025                                   : typeinfo.c.obj (.const:.typeinfo:_ZTSN10__cxxabiv120__si_class_type_infoE)
                  0000aee7    00000001     --HOLE-- [fill = 0]
                  0000aee8    00000024     Clock.obj (.const:$P$T0$1)
                  0000af0c    00000022     rtsv7M4_T_le_v4SPD16_eabi.lib : typeinfo.c.obj (.const:.typeinfo:_ZTSN10__cxxabiv117__class_type_infoE)
                  0000af2e    00000002     --HOLE-- [fill = 0]
                  0000af30    00000020     UIPUdp.obj (.const:.typeinfo:_ZTI6UIPUDP)
                  0000af50    00000020     UIPClient.obj (.const:.typeinfo:_ZTI9UIPClient)
                  0000af70    00000020     UIPServer.obj (.const:.typeinfo:_ZTI9UIPServer)
                  0000af90    00000019     Telecom_Ethernet.obj (.const:.string:$P$T5$7)
                  0000afa9    00000003     --HOLE-- [fill = 0]
                  0000afac    00000014     UIPServer.obj (.const:_ZTV6Server)
                  0000afc0    00000014     IPAddress.obj (.const:_ZTV9IPAddress)
                  0000afd4    00000014     Dhcp.obj (.const:_ZTV9Printable)
                  0000afe8    00000014     driverlib.lib : interrupt.obj (.const:g_pui32EnRegs)
                  0000affc    00000010     Print.obj (.const:_ZTV5Print)
                  0000b00c    00000010     rtsv7M4_T_le_v4SPD16_eabi.lib : typeinfo.c.obj (.const:_ZTVN10__cxxabiv117__class_type_infoE)
                  0000b01c    00000010                                   : typeinfo.c.obj (.const:_ZTVN10__cxxabiv120__si_class_type_infoE)
                  0000b02c    00000010                                   : typeinfo.c.obj (.const:_ZTVN10__cxxabiv121__vmi_class_type_infoE)
                  0000b03c    0000000d                                   : stdlib_typeinfo.cpp.obj (.const:.typeinfo:_ZTSSt9type_info)
                  0000b049    00000003     --HOLE-- [fill = 0]
                  0000b04c    0000000c     IPAddress.obj (.const:.typeinfo:_ZTI9IPAddress)
                  0000b058    0000000c     rtsv7M4_T_le_v4SPD16_eabi.lib : typeinfo.c.obj (.const:.typeinfo:_ZTIN10__cxxabiv117__class_type_infoE)
                  0000b064    0000000c                                   : typeinfo.c.obj (.const:.typeinfo:_ZTIN10__cxxabiv120__si_class_type_infoE)
                  0000b070    0000000c                                   : typeinfo.c.obj (.const:.typeinfo:_ZTIN10__cxxabiv121__vmi_class_type_infoE)
                  0000b07c    0000000b     IPAddress.obj (.const:.typeinfo:_ZTS9IPAddress)
                  0000b087    0000000b     Dhcp.obj (.const:.typeinfo:_ZTS9Printable)
                  0000b092    0000000b     UIPClient.obj (.const:.typeinfo:_ZTS9UIPClient)
                  0000b09d    0000000b     UIPServer.obj (.const:.typeinfo:_ZTS9UIPServer)
                  0000b0a8    00000008     Clock.obj (.const:$P$T1$2)
                  0000b0b0    00000008     UIPUdp.obj (.const:.typeinfo:_ZTI3UDP)
                  0000b0b8    00000008     Print.obj (.const:.typeinfo:_ZTI5Print)
                  0000b0c0    00000008     UIPClient.obj (.const:.typeinfo:_ZTI6Client)
                  0000b0c8    00000008     UIPServer.obj (.const:.typeinfo:_ZTI6Server)
                  0000b0d0    00000008     Dhcp.obj (.const:.typeinfo:_ZTI9Printable)
                  0000b0d8    00000008     rtsv7M4_T_le_v4SPD16_eabi.lib : stdlib_typeinfo.cpp.obj (.const:.typeinfo:_ZTISt9type_info)
                  0000b0e0    00000008     UIPClient.obj (.const:.typeinfo:_ZTS6Client)
                  0000b0e8    00000008     UIPServer.obj (.const:.typeinfo:_ZTS6Server)
                  0000b0f0    00000008     UIPUdp.obj (.const:.typeinfo:_ZTS6UIPUDP)
                  0000b0f8    00000007     Print.obj (.const:.typeinfo:_ZTS5Print)
                  0000b0ff    00000006     Telecom_Ethernet.obj (.const:.string:$P$T3$1)
                  0000b105    00000006     Telecom_Ethernet.obj (.const:.string:$P$T6$11)
                  0000b10b    00000006     UIPEthernet.obj (.const:.string:$P$T6$1)
                  0000b111    00000006     uip_arp.obj (.const:broadcast_ethaddr)
                  0000b117    00000005     UIPUdp.obj (.const:.typeinfo:_ZTS3UDP)
                  0000b11c    00000004     uip.obj (.const:all_ones_addr)
                  0000b120    00000004     uip.obj (.const:all_zeroes_addr)
                  0000b124    00000004     uip_arp.obj (.const:broadcast_ipaddr)

.cinit     0    0000b150    00000060     
                  0000b150    0000003a     (.cinit..data.load) [load image, compression = lzss]
                  0000b18a    00000002     --HOLE-- [fill = 0]
                  0000b18c    0000000c     (__TI_handler_table)
                  0000b198    00000008     (.cinit..bss.load) [load image, compression = zero_init]
                  0000b1a0    00000010     (__TI_cinit_table)

.init_array 
*          0    0000b128    00000024     
                  0000b128    00000004     IPAddress.obj (.init_array)
                  0000b12c    00000004     UIPUdp.obj (.init_array)
                  0000b130    00000004     UIPServer.obj (.init_array)
                  0000b134    00000004     UIPEthernet.obj (.init_array)
                  0000b138    00000004     UIPClient.obj (.init_array)
                  0000b13c    00000004     Dns.obj (.init_array)
                  0000b140    00000004     Dhcp.obj (.init_array)
                  0000b144    00000004     main.obj (.init_array)
                  0000b148    00000004     Telecom_Ethernet.obj (.init_array)

.bss       0    20000000    00001729     UNINITIALIZED
                  20000000    00000230     (.common:_ZN10MemoryPool6blocksE)
                  20000230    0000020c     (.common:ethernet_rx_buff)
                  2000043c    00000208     (.common:ethernet_tx_buff)
                  20000644    00000204     (.common:JSON_Tx_Buff)
                  20000848    000001fc     (.common:gprs_tx_buff)
                  20000a44    00000188     (.common:dummy_json_string)
                  20000bcc    0000017c     (.common:adc)
                  20000d48    00000130     (.common:display_tx)
                  20000e78    00000120     rtsv7M4_T_le_v4SPD16_eabi.lib : trgmsg.c.obj (.bss:_CIOBUF_)
                  20000f98    000000d6     (.common:cloud_config)
                  2000106e    00000002     (.common:EXTI_cnt)
                  20001070    000000a0     (.common:display_uart_rx)
                  20001110    000000a0     (.common:pc_uart_rx)
                  200011b0    00000088     (.common:gprs_rx_buff)
                  20001238    00000080     (.common:e2p_cloud_config)
                  200012b8    00000080     (.common:uip_conns)
                  20001338    00000070     (.common:_ZN9UIPClient8all_dataE)
                  200013a8    00000064     (.common:uip_buf)
                  2000140c    00000060     uip_arp.obj (.bss:arp_table)
                  2000146c    0000005c     UIPEthernet.obj (.bss:s_dhcp)
                  200014c8    00000050     (.common:pc_uart_tx)
                  20001518    00000040     (.common:uip_udp_conns)
                  20001558    00000036     (.common:ram_data)
                  2000158e    0000001f     (.common:time_main)
                  200015ad    0000001c     (.common:measurements)
                  200015c9    00000001     UIPEthernet.obj (.bss:UIPEthernet)
                  200015ca    00000002     (.common:_ZN15Enc28J60Network13nextPacketPtrE)
                  200015cc    00000018     (.common:gprs)
                  200015e4    00000010     Telecom_Ethernet.obj (.bss:Eclient)
                  200015f4    00000010     Telecom_Ethernet.obj (.bss:client)
                  20001604    00000010     (.common:e2p_device_info)
                  20001614    00000010     (.common:e2p_location_info)
                  20001624    0000000e     (.common:scheduler)
                  20001632    0000000c     (.common:Alarms)
                  2000163e    00000002     (.common:gprs_rx_isr_handler)
                  20001640    00000008     Dhcp.obj (.bss)
                  20001648    00000008     Dhcp.obj (.bss:INADDR_NONE)
                  20001650    00000008     Dns.obj (.bss:INADDR_NONE)
                  20001658    00000008     IPAddress.obj (.bss:INADDR_NONE)
                  20001660    00000008     Telecom_Ethernet.obj (.bss:INADDR_NONE)
                  20001668    00000008     UIPClient.obj (.bss:INADDR_NONE)
                  20001670    00000008     UIPEthernet.obj (.bss:INADDR_NONE)
                  20001678    00000008     UIPServer.obj (.bss:INADDR_NONE)
                  20001680    00000008     UIPUdp.obj (.bss:INADDR_NONE)
                  20001688    00000008     main.obj (.bss:INADDR_NONE)
                  20001690    00000008     Telecom_Ethernet.obj (.bss)
                  20001698    00000008     UIPEthernet.obj (.bss:_ZN16UIPEthernetClass17_dnsServerAddressE)
                  200016a0    00000008     uip.obj (.bss)
                  200016a8    00000008     (.common:e2p_config_time)
                  200016b0    00000008     (.common:e2p_router_config)
                  200016b8    00000008     (.common:gps_data)
                  200016c0    00000008     (.common:parmbuf)
                  200016c8    00000008     (.common:uip_listenports)
                  200016d0    00000006     (.common:_ZN15Enc28J60Network10receivePktE)
                  200016d6    00000006     (.common:time_stamp)
                  200016dc    00000004     UIPClient.obj (.bss:_ZZN9UIPClient7connectE9IPAddresstE4conn)
                  200016e0    00000004     uip_arp.obj (.bss:ipaddr)
                  200016e4    00000004     uip.obj (.bss:iss)
                  200016e8    00000004     uip_arp.obj (.bss)
                  200016ec    00000004     (.common:_ZN16UIPEthernetClass14periodic_timerE)
                  200016f0    00000004     (.common:__dso_handle)
                  200016f4    00000004     (.common:_millis)
                  200016f8    00000004     (.common:startTime)
                  200016fc    00000004     (.common:u32DelayCounter)
                  20001700    00000004     (.common:uip_acc32)
                  20001704    00000004     (.common:uip_appdata)
                  20001708    00000004     (.common:uip_conn)
                  2000170c    00000004     (.common:uip_draddr)
                  20001710    00000004     (.common:uip_hostaddr)
                  20001714    00000004     (.common:uip_netmask)
                  20001718    00000004     (.common:uip_sappdata)
                  2000171c    00000004     (.common:uip_udp_conn)
                  20001720    00000002     (.common:uip_len)
                  20001722    00000002     (.common:uip_slen)
                  20001724    00000001     (.common:System_mode)
                  20001725    00000001     (.common:ether_connect_sts)
                  20001726    00000001     (.common:ether_network_sts)
                  20001727    00000001     (.common:router_mode)
                  20001728    00000001     (.common:uip_flags)

.stack     0    20001730    00000800     UNINITIALIZED
                  20001730    00000004     rtsv7M4_T_le_v4SPD16_eabi.lib : boot_cortex_m.c.obj (.stack)
                  20001734    000007fc     --HOLE--

.data      0    20001f30    00000084     UNINITIALIZED
                  20001f30    0000001d     Telecom_Ethernet.obj (.data)
                  20001f4d    00000001     Dhcp.obj (.data)
                  20001f4e    00000002     UIPClient.obj (.data:_ZZN9UIPClient7connectE9IPAddresstE7timeout)
                  20001f50    00000010     rtsv7M4_T_le_v4SPD16_eabi.lib : tmzone.c.obj (.data:_tz)
                  20001f60    0000000c                                   : exit.c.obj (.data:$O1$$)
                  20001f6c    00000008                                   : _lock.c.obj (.data:$O1$$)
                  20001f74    00000008                                   : memory.c.obj (.data:$O1$$)
                  20001f7c    00000004     Enc28J60Network.obj (.data)
                  20001f80    00000008     ADC_Core.obj (.data)
                  20001f88    00000008     UIPEthernet.obj (.data)
                  20001f90    00000008     UartCore.obj (.data)
                  20001f98    00000006     uip.obj (.data:uip_ethaddr)
                  20001f9e    00000001     UIPClient.obj (.data:_ZZN9UIPClient7connectE9IPAddresstE10first_call)
                  20001f9f    00000001     --HOLE--
                  20001fa0    00000004     SysTick_Timer.obj (.data)
                  20001fa4    00000004     _common.obj (.data)
                  20001fa8    00000004     main.obj (.data)
                  20001fac    00000004     rtsv7M4_T_le_v4SPD16_eabi.lib : dtor_list.c.obj (.data)
                  20001fb0    00000004                                   : rand.c.obj (.data)

.sysmem    0    20001fb8    00000010     UNINITIALIZED
                  20001fb8    00000010     rtsv7M4_T_le_v4SPD16_eabi.lib : memory.c.obj (.sysmem)

__llvm_prf_cnts 
*          0    20000000    00000000     UNINITIALIZED

MODULE SUMMARY

       Module                         code    ro data   rw data
       ------                         ----    -------   -------
    .\
       tm4c1233e6pz_startup_ccs.obj   12      620       0      
    +--+------------------------------+-------+---------+---------+
       Total:                         12      620       0      
                                                               
    .\Sources\
       Telecom_Ethernet.obj           3974    41        1123   
       gprs.obj                       1796    0         1578   
       Clock.obj                      2628    44        37     
       E2P.obj                        2048    0         390    
       UartCore.obj                   1348    0         712    
       ADC_Core.obj                   1060    0         416    
       main.obj                       1108    4         78     
       PC_Cmds.obj                    1180    0         1      
       Display.obj                    896     0         0      
       _common.obj                    752     65        4      
       IO_cntrl.obj                   520     0         3      
       DS3231.obj                     460     0         0      
       SysTick_Timer.obj              388     0         22     
       delay.obj                      44      0         0      
       SPI.obj                        30      0         0      
       gps.obj                        0       0         8      
    +--+------------------------------+-------+---------+---------+
       Total:                         18232   154       4372   
                                                               
    .\Sources\UIPEthernet\
       UIPClient.obj                  1846    267       127    
       Dhcp.obj                       2114    43        21     
       UIPEthernet.obj                1572    10        121    
       UIPUdp.obj                     1122    273       8      
       Dns.obj                        1124    4         8      
       UIPServer.obj                  504     135       8      
    +--+------------------------------+-------+---------+---------+
       Total:                         8282    732       293    
                                                               
    .\Sources\UIPEthernet\mbed\
       Print.obj                      992     31        0      
       IPAddress.obj                  212     47        8      
       itoa.obj                       230     0         0      
       millis.obj                     28      0         4      
    +--+------------------------------+-------+---------+---------+
       Total:                         1462    78        12     
                                                               
    .\Sources\UIPEthernet\utility\
       uip.obj                        3808    8         355    
       Enc28J60Network.obj            2032    0         12     
       uip_arp.obj                    1012    10        104    
       mempool.obj                    352     0         560    
    +--+------------------------------+-------+---------+---------+
       Total:                         7204    18        1031   
                                                               
    C:/ti/TivaWare_C_Series-2.2.0.295/driverlib/ccs/Debug/driverlib.lib
       gpio.obj                       774     144       0      
       sysctl.obj                     770     108       0      
       eeprom.obj                     444     0         0      
       adc.obj                        324     0         0      
       uart.obj                       194     0         0      
       i2c.obj                        142     0         0      
       interrupt.obj                  120     20        0      
       ssi.obj                        102     0         0      
       systick.obj                    56      0         0      
       cpu.obj                        12      0         0      
    +--+------------------------------+-------+---------+---------+
       Total:                         2938    272       0      
                                                               
    C:\ti\ccs1110\ccs\tools\compiler\ti-cgt-arm_20.2.6.LTS\lib\rtsv7M4_T_le_v4SPD16_eabi.lib
       mktime64.c.obj                 696     96        0      
       memory.c.obj                   672     0         8      
       fd_add_t2.asm.obj              438     0         0      
       trgmsg.c.obj                   108     0         288    
       fd_div_t2.asm.obj              310     0         0      
       fd_cmp_t2.asm.obj              268     0         0      
       ctype.c.obj                    0       257       0      
       fd_mul_t2.asm.obj              252     0         0      
       typeinfo.c.obj                 54      193       0      
       dtor_list.c.obj                204     0         8      
       memcpy_t2.asm.obj              156     0         0      
       ull_div_t2.asm.obj             150     0         0      
       memset_t2.asm.obj              122     0         0      
       ll_div_t2.asm.obj              110     0         0      
       copy_decompress_lzss.c.obj     104     0         0      
       autoinit.c.obj                 96      0         0      
       hosttime.c.obj                 96      0         0      
       i_divt2.asm.obj                94      0         0      
       rand.c.obj                     88      0         4      
       exit.c.obj                     76      0         12     
       atoi.c.obj                     76      0         0      
       fd_toi_t2.asm.obj              72      0         0      
       fd_tou_t2.asm.obj              68      0         0      
       u_divt2.asm.obj                64      0         0      
       boot_cortex_m.c.obj            52      0         0      
       strstr.c.obj                   52      0         0      
       i_tofd_t2.asm.obj              46      0         0      
       strncmp.c.obj                  44      0         0      
       memcmp.c.obj                   36      0         0      
       u_tofd_t2.asm.obj              32      0         0      
       ll_mul_t2.asm.obj              24      0         0      
       strcmp.c.obj                   24      0         0      
       stdlib_typeinfo.cpp.obj        2       21        0      
       guard.c.obj                    22      0         0      
       strlen.c.obj                   20      0         0      
       time64.c.obj                   16      0         0      
       tmzone.c.obj                   0       0         16     
       copy_decompress_none.c.obj     14      0         0      
       copy_zero_init.c.obj           12      0         0      
       new.cpp.obj                    12      0         0      
       _lock.c.obj                    2       0         8      
       hostopen.c.obj                 0       0         8      
       pure_virt.c.obj                6       0         0      
       error.c.obj                    4       0         0      
       pre_init.c.obj                 4       0         0      
       div0.asm.obj                   2       0         0      
    +--+------------------------------+-------+---------+---------+
       Total:                         4800    567       352    
                                                               
       Heap:                          0       0         16     
       Stack:                         0       0         2048   
       Linker Generated:              0       94        0      
    +--+------------------------------+-------+---------+---------+
       Grand Total:                   42930   2535      8124   


LINKER GENERATED COPY TABLES

__TI_cinit_table @ 0000b1a0 records: 2, size/record: 8, table size: 16
	.data: load addr=0000b150, load size=0000003a bytes, run addr=20001f30, run size=00000084 bytes, compression=lzss
	.bss: load addr=0000b198, load size=00000008 bytes, run addr=20000000, run size=00001729 bytes, compression=zero_init


LINKER GENERATED HANDLER TABLE

__TI_handler_table @ 0000b18c records: 3, size/record: 4, table size: 12
	index: 0, handler: __TI_decompress_lzss
	index: 1, handler: __TI_decompress_none
	index: 2, handler: __TI_zero_init


GLOBAL SYMBOLS: SORTED ALPHABETICALLY BY Name 

address   name                                                              
-------   ----                                                              
0000a929  ADCIntClear                                                       
0000a48d  ADCIntStatus                                                      
0000a6ab  ADCProcessorTrigger                                               
00009e75  ADCSequenceConfigure                                              
0000a61d  ADCSequenceDataGet                                                
0000a82d  ADCSequenceEnable                                                 
00009a07  ADCSequenceStepConfigure                                          
20001f80  ADC_RAW_MAX                                                       
20001632  Alarms                                                            
0000aa1d  C$$EXIT                                                           
0000a2e3  C$$IO$$                                                           
0000a8d5  CPUcpsie                                                          
00005b2d  DEBUGUARTIntHandler                                               
00005ac9  DISPLAYUARTIntHandler                                             
0000a14d  EEPROMInit                                                        
00009705  EEPROMProgram                                                     
0000a245  EEPROMRead                                                        
20001f7c  ENC28J60ControlCS                                                 
2000106e  EXTI_cnt                                                          
200015e4  Eclient                                                           
00008501  GPIODIntHandler                                                   
0000a4e9  GPIODirModeSet                                                    
0000a9a5  GPIOIntClear                                                      
0000a8e1  GPIOIntEnable                                                     
0000a83b  GPIOIntStatus                                                     
00009dcb  GPIOIntTypeSet                                                    
00008c59  GPIOPadConfigSet                                                  
00009ec5  GPIOPinConfigure                                                  
0000a9ab  GPIOPinRead                                                       
0000a6f3  GPIOPinTypeADC                                                    
0000a709  GPIOPinTypeGPIOInput                                              
0000a691  GPIOPinTypeGPIOOutput                                             
0000a71f  GPIOPinTypeI2C                                                    
0000a735  GPIOPinTypeI2CSCL                                                 
0000a74b  GPIOPinTypeSSI                                                    
0000a761  GPIOPinTypeUART                                                   
0000a9b1  GPIOPinWrite                                                      
00009cad  HOSTtime64                                                        
0000a965  I2CMasterBusy                                                     
0000a9ed  I2CMasterControl                                                  
0000a9f1  I2CMasterDataGet                                                  
0000a9f5  I2CMasterDataPut                                                  
0000a933  I2CMasterEnable                                                   
00009f11  I2CMasterInitExpClk                                               
0000a96d  I2CMasterSlaveAddrSet                                             
0000a849  I2CRxFIFOFlush                                                    
0000a857  I2CTxFIFOFlush                                                    
00009bdd  IntEnable                                                         
0000a7ed  IntMasterEnable                                                   
20000644  JSON_Tx_Buff                                                      
00005a65  LTEUARTIntHandler                                                 
0000a91d  ResetISR                                                          
0000b128  SHT$$INIT_ARRAY$$Base                                             
0000b14c  SHT$$INIT_ARRAY$$Limit                                            
0000a1cd  SSIConfigSetExpClk                                                
0000a7c9  SSIDataGetNonBlocking                                             
0000a865  SSIDataPutNonBlocking                                             
0000a93d  SSIEnable                                                         
0000905d  SysCtlClockGet                                                    
00009371  SysCtlClockSet                                                    
0000a9b7  SysCtlDelay                                                       
0000a2ed  SysCtlPeripheralDisable                                           
0000a321  SysCtlPeripheralEnable                                            
0000a27d  SysCtlPeripheralReady                                             
00009e25  SysCtlPeripheralReset                                             
0000a779  SysTickEnable                                                     
0000a78d  SysTickIntEnable                                                  
00008b07  SysTickIntHandler                                                 
0000a7fd  SysTickPeriodSet                                                  
0000a683  SysTick_Handler                                                   
20001724  System_mode                                                       
0000a975  UARTBusy                                                          
0000a873  UARTCharGetNonBlocking                                            
0000a881  UARTCharPutNonBlocking                                            
0000a88f  UARTCharsAvail                                                    
0000a039  UARTConfigSetExpClk                                               
0000a5dd  UARTDisable                                                       
0000a7a1  UARTEnable                                                        
0000a9f9  UARTIntClear                                                      
0000a97d  UARTIntEnable                                                     
0000a947  UARTIntStatus                                                     
200015c9  UIPEthernet                                                       
0000720f  _Z10GetAdcDatav                                                   
000088c9  _Z10I2CReceivev                                                   
000084f7  _Z10ToggleLEDsv                                                   
00002abd  _Z10asUnixTimeiiiiii                                              
00004eff  _Z10getREQmodev                                                   
00007fb5  _Z10my_sprintfPciz                                                
00004ba5  _Z10setREQmode13gprs_status_t                                     
000029bf  _Z10update_rtcPci                                                 
00000a51  _Z10ws_connectv                                                   
00005a01  _Z11Usendbufferj                                                  
00007f8d  _Z11count_commaPct                                                
00007f6f  _Z11getChecksumPhc                                                
000022b5  _Z11getDateTimev                                                  
00004a51  _Z11get_rx_dataPc                                                 
00006b61  _Z11init_configv                                                  
00004ef7  _Z11setNWstatus13gprs_status_t                                    
00008867  _Z11vRTCI2CInitv                                                  
00006e4d  _Z12ADC_PortIniti                                                 
000028f3  _Z12calcTimeDiff12time_stamp_tS_                                  
00004a79  _Z12check_stringPKcPcPi                                           
00004eed  _Z12getNW_statusv                                                 
00006dd3  _Z12getRAM_Alarmv                                                 
00004ee5  _Z12get_pkt_recvv                                                 
0000272d  _Z12is_leap_yearh                                                 
00006b41  _Z12setRAM_Alarm16Alarm_sts_bits_tb                               
00004edd  _Z12set_pkt_recvh                                                 
000084cf  _Z12vEXTIpinInitv                                                 
000084c3  _Z12vGPIO_Togglejhh                                               
000083b5  _Z12vLEDGPIOInitv                                                 
000058c3  _Z12vLTEUARTInitv                                                 
0000a63b  _Z13SPI_transrecvjh                                               
00002781  _Z13add_date_timeP12time_stamp_tS0_j                              
00007eeb  _Z13delete_SubStrPcS_c                                            
00000f49  _Z13ethernet_initv                                                
0000580d  _Z13flushRxBufferi                                                
00005831  _Z13flushTxBufferi                                                
00006dcd  _Z13getRAM_Statusv                                                
00003aa9  _Z13get_device_idv                                                
00006dad  _Z13setRAM_Statushb                                               
00003a1d  _Z13set_device_idPc                                               
00008af7  _Z13vMAIN_DelayMSj                                                
000059ed  _Z13vUART_SendChrjh                                               
000059cf  _Z13vUART_SendIntji                                               
000059ad  _Z13vUART_SendStrjPKh                                             
0000265d  _Z14StrToTimeStampPh                                              
00000669  _Z14ether_tcp_sendPci                                             
000025e7  _Z14getDaysOfMonthcj                                              
00005877  _Z14vDEBUGUARTInitv                                               
00006a31  _Z14write_defaultsj                                               
00007b25  _Z15Data_Screen_lcdv                                              
00000f0d  _Z15HTTP_valid_codePc                                             
00002563  _Z15check_date_timePcS_                                           
00003b2d  _Z15ether_cs_activev                                              
00000841  _Z15ether_ping_sendv                                              
00004eb1  _Z15generateMaskKeyPh                                             
00004ea7  _Z15getServerStatusv                                              
00004e9d  _Z15get_upload_datav                                              
00004e97  _Z15get_webconn_stsv                                              
00004e8f  _Z15setServerStatus13gprs_status_t                                
00004e87  _Z15set_upload_data13upload_data_t                                
00004e81  _Z15set_webconn_stsh                                              
00006c15  _Z15update_ram_datav                                              
000083fb  _Z15vGPIOPortEnablev                                              
000039eb  _Z15vPERIPH_E2PInitv                                              
00005987  _Z15vUART_SendBytesjPKhj                                          
00007a7b  _Z16PrepareLcdBufferPhcc                                          
000071dd  _Z16calculate_AC_ADCv                                             
0000605b  _Z16decodeMsgPC_Uartv                                             
00000961  _Z16ether_valid_codePc                                            
00000ccd  _Z16ethernet_handlerv                                             
0000253f  _Z16get_present_timeP12time_stamp_t                               
00005ca1  _Z16get_system_statev                                             
00005d55  _Z16set_system_state10sys_mode_t                                  
000021e1  _Z16update_date_timev                                             
00005925  _Z16vDISPLAYUARTInitv                                             
000005b5  _Z16vETHERNETSPIInitv                                             
000083cd  _Z16vGPIO_UnlockGPIOjh                                            
000083b5  _Z16vPERIPH_GPIOInitv                                             
00005977  _Z16vPERIPH_UARTInitv                                             
00004b25  _Z16websocket_packetPh                                            
00002189  _Z17check_expire_time12time_stamp_tS_                             
00003937  _Z17cloud_config_datav                                            
00003887  _Z17e2p_read_cfg_timev                                            
0000381d  _Z17e2p_read_locationv                                            
00003b37  _Z17ether_cs_inactivev                                            
00000545  _Z17ether_tcp_connectv                                            
00007e95  _Z17generateRandomKeyiPc                                          
000071b1  _Z17getBatteryVoltagev                                            
00007181  _Z17getChargerVoltagev                                            
00004bbd  _Z17prepare_JSON_pcktv                                            
00006039  _Z17tx_pending_dataPCv                                            
000069f9  _Z17vPERIPH_ClockInitv                                            
00004b0f  _Z18check_string_nobufPKc                                         
00002139  _Z18convertToEpochTimePK12time_stamp_t                            
000037b5  _Z18e2p_read_cloud_cfgv                                           
00003751  _Z18e2p_write_cfg_timev                                           
000034ff  _Z18e2p_write_locationv                                           
00000523  _Z18ether_respos_recvdPc                                          
00003727  _Z18get_fixed_locationv                                           
00003541  _Z18set_fixed_locationPc                                          
0000838d  _Z18vInput_PollingReadv                                           
000020f7  _Z19check_dateTime_dataP12time_stamp_t                            
000034ab  _Z19e2p_read_device_cfgv                                          
0000332d  _Z19e2p_write_cloud_cfgv                                          
00000517  _Z19flush_ether_rx_buffv                                          
000002bf  _Z19flush_ether_tx_buffv                                          
00004a49  _Z19get_gprs_connct_stsv                                          
00004a43  _Z19get_pending_requestv                                          
00004a3b  _Z19set_gprs_connct_stsh                                          
00004a35  _Z19set_pending_requesth                                          
0000836d  _Z19vInit_InputTestpinsv                                          
00008adb  _Z19vPERIPH_SystickInitv                                          
0000347d  _Z20e2p_write_device_cfgv                                         
00007151  _Z20getRouter1_DCvoltagev                                         
0000711f  _Z20getRouter2_DCvoltagev                                         
000070f5  _Z21getRouter1_DC_currentv                                        
000070cd  _Z21getRouter2_DC_currentv                                        
00000511  _Z21get_ethernet_NWstatusv                                        
0000050b  _Z21set_ethernet_NWstatush                                        
00000387  _Z22check_ethernet_messagev                                       
000002cb  _Z22ether_websocket_packetPh                                      
000002b3  _Z22ethernet_pong_receivedPh                                      
0000a109  _Z23__finalize_destructionsPP20a_needed_destructionPv             
00003429  _Z23e2p_read_voltage_configv                                      
000002ad  _Z23get_ethernet_connct_stsv                                      
000002a7  _Z23set_ethernet_connct_stsh                                      
000057d3  _Z23vUART_CheckFrameTimeouti                                      
000033eb  _Z24e2p_write_voltage_configv                                     
00005ca9  _Z24preparePC_ResponsePacket5cmd_tPchii                           
0000a081  _Z25__add_destruction_to_listPP20a_needed_destructionPFYvPvES2_S2_
00007e6d  _Z25count_doubleSquareBracketPcj                                  
0000575d  _Z25prepare_graphical_tx_buffjPch                                 
000069ff  _Z26vMAIN_InitClockPeripheralsv                                   
00004259  _Z36enc28J60_mempool_block_move_callbackttt                       
000033e7  _Z7get_urlv                                                       
000020b5  _Z7isDT_okv                                                       
00006fe1  _Z7readADCh                                                       
00007dff  _Z7reversePci                                                     
0000335d  _Z7set_urlPc                                                      
000087c3  _Z8Read_RTCPhh                                                    
00007e25  _Z8intToStriPci                                                   
00005d65  _Z8response5cmd_ti                                                
0000a515  _Z8sleep_usi                                                      
00008751  _Z9Write_RTCPhh                                                   
00007a45  _Z9clear_lcdv                                                     
00008ad5  _Z9my_millisv                                                     
00007dc5  _Z9my_strstrPKcS0_i                                               
00007017  _Z9updateADC14ADC_Channels_th                                     
00006f83  _Z9vADC0Initv                                                     
00008e51  _ZN10MemoryPool10allocBlockEt                                     
00008e3b  _ZN10MemoryPool11resizeBlockEht                                   
00008e27  _ZN10MemoryPool11resizeBlockEhtt                                  
00008e09  _ZN10MemoryPool4initEv                                            
20000000  _ZN10MemoryPool6blocksE                                           
00008dfb  _ZN10MemoryPool9blockSizeEh                                       
00008dc5  _ZN10MemoryPool9freeBlockEh                                       
0000a89d  _ZN10__cxxabiv117__class_type_infoD0Ev                            
0000a9fd  _ZN10__cxxabiv117__class_type_infoD1Ev                            
0000a9fd  _ZN10__cxxabiv117__class_type_infoD2Ev                            
0000a8ab  _ZN10__cxxabiv120__si_class_type_infoD0Ev                         
0000aa01  _ZN10__cxxabiv120__si_class_type_infoD1Ev                         
0000aa01  _ZN10__cxxabiv120__si_class_type_infoD2Ev                         
0000a8b9  _ZN10__cxxabiv121__vmi_class_type_infoD0Ev                        
0000aa05  _ZN10__cxxabiv121__vmi_class_type_infoD1Ev                        
0000aa05  _ZN10__cxxabiv121__vmi_class_type_infoD2Ev                        
000042cb  _ZN15Enc28J60Network10copyPacketEhthtt                            
00004039  _ZN15Enc28J60Network10freePacketEv                                
0000424b  _ZN15Enc28J60Network10linkStatusEv                                
00004201  _ZN15Enc28J60Network10readBufferEtPh                              
00004235  _ZN15Enc28J60Network10readPacketEhtPht                            
200016d0  _ZN15Enc28J60Network10receivePktE                                 
0000415f  _ZN15Enc28J60Network10sendPacketEh                                
00004039  _ZN15Enc28J60Network10setERXRDPTEv                                
00003dad  _ZN15Enc28J60Network10setReadPtrEhtt                              
00003fb7  _ZN15Enc28J60Network11readRegByteEh                               
000040f5  _ZN15Enc28J60Network11writeBufferEtPh                             
0000412d  _ZN15Enc28J60Network11writePacketEhtPht                           
00003fa1  _ZN15Enc28J60Network12writeRegByteEhh                             
00003b95  _ZN15Enc28J60Network12writeRegPairEht                             
200015ca  _ZN15Enc28J60Network13nextPacketPtrE                              
0000404f  _ZN15Enc28J60Network13receivePacketEv                             
00004019  _ZN15Enc28J60Network15enableBroadcastEb                           
00004005  _ZN15Enc28J60Network15enableMulticastEv                           
00003fdd  _ZN15Enc28J60Network16disableBroadcastEb                          
00003fc9  _ZN15Enc28J60Network16disableMulticastEv                          
20001f7f  _ZN15Enc28J60Network17broadcast_enabledE                          
20001f7d  _ZN15Enc28J60Network4bankE                                        
00003e99  _ZN15Enc28J60Network4initEPh                                      
00003df1  _ZN15Enc28J60Network6chksumEthtt                                  
00003da3  _ZN15Enc28J60Network6clkoutEh                                     
20001f7e  _ZN15Enc28J60Network6erevidE                                      
00003c1d  _ZN15Enc28J60Network6readOpEhh                                    
00003d87  _ZN15Enc28J60Network7initSPIEv                                    
00003c6b  _ZN15Enc28J60Network7phyReadEh                                    
00003d63  _ZN15Enc28J60Network7powerOnEv                                    
00003c59  _ZN15Enc28J60Network7readRegEh                                    
00003b6b  _ZN15Enc28J60Network7setBankEh                                    
00003b41  _ZN15Enc28J60Network7writeOpEhhh                                  
00003d37  _ZN15Enc28J60Network8phyWriteEht                                  
00003d09  _ZN15Enc28J60Network8powerOffEv                                   
00003cdf  _ZN15Enc28J60Network8readByteEt                                   
00003c07  _ZN15Enc28J60Network8writeRegEhh                                  
00003cb5  _ZN15Enc28J60Network9PhyStatusEv                                  
00003be5  _ZN15Enc28J60Network9blockSizeEh                                  
00003bdf  _ZN15Enc28J60Network9geterevidEv                                  
00003bb7  _ZN15Enc28J60Network9writeByteEth                                 
00005705  _ZN16UIPEthernetClass10linkStatusEv                               
000056d3  _ZN16UIPEthernetClass10subnetMaskEv                               
20001f8a  _ZN16UIPEthernetClass10uip_hdrlenE                                
20001f89  _ZN16UIPEthernetClass10uip_packetE                                
000056c3  _ZN16UIPEthernetClass11dnsServerIPEv                              
20001f8b  _ZN16UIPEthernetClass11packetstateE                               
00005665  _ZN16UIPEthernetClass12dhcp_handlerEv                             
000052c7  _ZN16UIPEthernetClass12network_sendEv                             
00005645  _ZN16UIPEthernetClass14hardwareStatusEv                           
200016ec  _ZN16UIPEthernetClass14periodic_timerE                            
20001698  _ZN16UIPEthernetClass17_dnsServerAddressE                         
00005175  _ZN16UIPEthernetClass18upper_layer_chksumEh                       
0000563f  _ZN16UIPEthernetClass4initEh                                      
00005323  _ZN16UIPEthernetClass4tickEv                                      
20001f8c  _ZN16UIPEthernetClass5_dhcpE                                      
0000562b  _ZN16UIPEthernetClass5beginEPKh                                   
00005601  _ZN16UIPEthernetClass5beginEPKh9IPAddress                         
000055c9  _ZN16UIPEthernetClass5beginEPKh9IPAddressS2_                      
0000556d  _ZN16UIPEthernetClass5beginEPKh9IPAddressS2_S2_                   
00005525  _ZN16UIPEthernetClass5beginEPKh9IPAddressS2_S2_S2_                
00005139  _ZN16UIPEthernetClass6chksumEtPKht                                
000054e5  _ZN16UIPEthernetClass7localIPEv                                   
000054a9  _ZN16UIPEthernetClass7netInitEPKh                                 
000051e9  _ZN16UIPEthernetClass8ipchksumEv                                  
00005449  _ZN16UIPEthernetClass8maintainEv                                  
00005261  _ZN16UIPEthernetClass9configureE9IPAddressS0_S0_S0_               
00005239  _ZN16UIPEthernetClass9gatewayIPEv                                 
20001f88  _ZN16UIPEthernetClass9in_packetE                                  
00005237  _ZN16UIPEthernetClassC1Ev                                         
00005237  _ZN16UIPEthernetClassC2Ev                                         
000077e9  _ZN5Print10printFloatEdh                                          
000076a1  _ZN5Print11printNumberEmh                                         
000079e1  _ZN5Print5printEPK19__FlashStringHelper                           
000077c7  _ZN5Print5printEPKc                                               
000079a5  _ZN5Print5printERK6String                                         
00007981  _ZN5Print5printERK9Printable                                      
0000771b  _ZN5Print5printEc                                                 
00007943  _ZN5Print5printEdi                                                
000077af  _ZN5Print5printEhi                                                
00007797  _ZN5Print5printEii                                                
0000777f  _ZN5Print5printEji                                                
00007725  _ZN5Print5printEli                                                
000076f1  _ZN5Print5printEmi                                                
00007665  _ZN5Print5writeEPKhj                                              
000079f5  _ZN5Print7printlnEPK19__FlashStringHelper                         
000079cd  _ZN5Print7printlnEPKc                                             
000079b3  _ZN5Print7printlnERK6String                                       
00007991  _ZN5Print7printlnERK9Printable                                    
0000796d  _ZN5Print7printlnEc                                               
00007951  _ZN5Print7printlnEdi                                              
000077b3  _ZN5Print7printlnEhi                                              
0000779b  _ZN5Print7printlnEii                                              
00007783  _ZN5Print7printlnEji                                              
0000776b  _ZN5Print7printlnEli                                              
00007707  _ZN5Print7printlnEmi                                              
00007691  _ZN5Print7printlnEv                                               
0000a9bd  _ZN6ClientD0Ev                                                    
00008ad3  _ZN6ClientD1Ev                                                    
0000a9c3  _ZN6ServerD0Ev                                                    
0000905b  _ZN6ServerD1Ev                                                    
000066ed  _ZN6UIPUDP10remotePortEv                                          
00006811  _ZN6UIPUDP11beginPacketE9IPAddresst                               
00006945  _ZN6UIPUDP11beginPacketEPKct                                      
00006791  _ZN6UIPUDP11parsePacketEv                                         
0000671b  _ZN6UIPUDP4peekEv                                                 
0000a951  _ZN6UIPUDP4readEPcj                                               
00006747  _ZN6UIPUDP4readEPhj                                               
000069a7  _ZN6UIPUDP4readEv                                                 
000068b5  _ZN6UIPUDP4stopEv                                                 
0000663b  _ZN6UIPUDP5_sendEP18uip_udp_userdata_t                            
00006901  _ZN6UIPUDP5beginEt                                                
00006701  _ZN6UIPUDP5flushEv                                                
000067b5  _ZN6UIPUDP5writeEPKhj                                             
000069c9  _ZN6UIPUDP5writeEh                                                
000066c7  _ZN6UIPUDP8remoteIPEv                                             
000066b1  _ZN6UIPUDP9availableEv                                            
0000666d  _ZN6UIPUDP9endPacketEv                                            
000067db  _ZN6UIPUDPC1Ev                                                    
000067db  _ZN6UIPUDPC2Ev                                                    
00006411  _ZN9DNSClient12BuildRequestEPKc                                   
000064f9  _ZN9DNSClient13getHostByNameEPKcR9IPAddress                       
000061c3  _ZN9DNSClient15ProcessResponseEtR9IPAddress                       
000061b9  _ZN9DNSClient5beginERK9IPAddress                                  
00006157  _ZN9DNSClient9inet_atonEPKcR9IPAddress                            
00003255  _ZN9DhcpClass10checkLeaseEv                                       
00003245  _ZN9DhcpClass10getLocalIpEv                                       
0000323f  _ZN9DhcpClass12getGatewayIpEv                                     
00002b37  _ZN9DhcpClass12presend_DHCPEv                                     
000031d9  _ZN9DhcpClass13beginWithDHCPEPh                                   
000031d3  _ZN9DhcpClass13getSubnetMaskEv                                    
000031cd  _ZN9DhcpClass14getDnsServerIpEv                                   
000031c7  _ZN9DhcpClass15getDhcpServerIpEv                                  
000031bd  _ZN9DhcpClass16reset_DHCP_leaseEv                                 
00002b39  _ZN9DhcpClass17parseDHCPResponseERj                               
00002e25  _ZN9DhcpClass17send_DHCP_MESSAGEEht                               
00003049  _ZN9DhcpClass18request_DHCP_leaseEv                               
00002b13  _ZN9DhcpClass9printByteEPch                                       
000096e1  _ZN9IPAddressC1EPKh                                               
00009631  _ZN9IPAddressC1Ehhhh                                              
000096d5  _ZN9IPAddressC1Ej                                                 
000096c7  _ZN9IPAddressC1Ev                                                 
000096e1  _ZN9IPAddressC2EPKh                                               
00009631  _ZN9IPAddressC2Ehhhh                                              
000096d5  _ZN9IPAddressC2Ej                                                 
000096c7  _ZN9IPAddressC2Ev                                                 
0000a9c9  _ZN9IPAddressD0Ev                                                 
0000954b  _ZN9IPAddressD1Ev                                                 
000096bf  _ZN9IPAddressaSEPKh                                               
000096bb  _ZN9IPAddressaSEj                                                 
0000a9cf  _ZN9PrintableD0Ev                                                 
00009afb  _ZN9PrintableD1Ev                                                 
00004575  _ZN9UIPClient10_availableEP14uip_userdata_t                       
000049d9  _ZN9UIPClient10remotePortEv                                       
0000436f  _ZN9UIPClient12_flushBlocksEPh                                    
0000431d  _ZN9UIPClient13_allocateDataEv                                    
000045c1  _ZN9UIPClient13_currentBlockEPh                                   
0000469f  _ZN9UIPClient17availableForWriteEv                                
000048fd  _ZN9UIPClient4peekEv                                              
0000484d  _ZN9UIPClient4readEPhj                                            
00004821  _ZN9UIPClient4readEv                                              
0000458f  _ZN9UIPClient4stopEv                                              
0000492f  _ZN9UIPClient5flushEv                                             
00004673  _ZN9UIPClient5writeEPKhj                                          
0000467f  _ZN9UIPClient5writeEh                                             
000045e9  _ZN9UIPClient6_writeEP14uip_userdata_tPKhj                        
000046f1  _ZN9UIPClient7connectE9IPAddresst                                 
000047c1  _ZN9UIPClient7connectEPKct                                        
20001338  _ZN9UIPClient8all_dataE                                           
000049ab  _ZN9UIPClient8remoteIPEv                                          
00004351  _ZN9UIPClient9_eatBlockEPh                                        
0000494f  _ZN9UIPClient9availableEv                                         
0000455b  _ZN9UIPClient9connectedEv                                         
0000498d  _ZN9UIPClientC1EP14uip_userdata_t                                 
00004971  _ZN9UIPClientC1Ev                                                 
0000498d  _ZN9UIPClientC2EP14uip_userdata_t                                 
00004971  _ZN9UIPClientC2Ev                                                 
0000a9d5  _ZN9UIPClientD0Ev                                                 
00009bdb  _ZN9UIPClientD1Ev                                                 
00004539  _ZN9UIPClientcvbEv                                                
000046d1  _ZN9UIPClienteqERKS_                                              
0000a7db  _ZN9UIPClientneERKS_                                              
000086eb  _ZN9UIPServer3endEv                                               
000086bf  _ZN9UIPServer5beginEt                                             
0000858f  _ZN9UIPServer5beginEv                                             
00008679  _ZN9UIPServer5writeEPKhj                                          
000086d7  _ZN9UIPServer5writeEh                                             
00008625  _ZN9UIPServer6acceptEv                                            
000085d9  _ZN9UIPServer9availableEv                                         
000085ad  _ZN9UIPServerC1Et                                                 
000085ad  _ZN9UIPServerC2Et                                                 
0000a9db  _ZN9UIPServerD0Ev                                                 
00009e23  _ZN9UIPServerD1Ev                                                 
000085a9  _ZN9UIPServercvbEv                                                
0000967b  _ZNK9IPAddress7printToER5Print                                    
00009663  _ZNK9IPAddresseqEPKh                                              
00009ec3  _ZNSt9type_infoD1Ev                                               
00009ec3  _ZNSt9type_infoD2Ev                                               
0000aa1d  _ZSt17__throw_bad_allocv                                          
0000b0b0  _ZTI3UDP                                                          
0000b0b8  _ZTI5Print                                                        
0000b0c0  _ZTI6Client                                                       
0000b0c8  _ZTI6Server                                                       
0000af30  _ZTI6UIPUDP                                                       
0000b04c  _ZTI9IPAddress                                                    
0000b0d0  _ZTI9Printable                                                    
0000af50  _ZTI9UIPClient                                                    
0000af70  _ZTI9UIPServer                                                    
0000b058  _ZTIN10__cxxabiv117__class_type_infoE                             
0000b064  _ZTIN10__cxxabiv120__si_class_type_infoE                          
0000b070  _ZTIN10__cxxabiv121__vmi_class_type_infoE                         
0000b0d8  _ZTISt9type_info                                                  
0000b117  _ZTS3UDP                                                          
0000b0f8  _ZTS5Print                                                        
0000b0e0  _ZTS6Client                                                       
0000b0e8  _ZTS6Server                                                       
0000b0f0  _ZTS6UIPUDP                                                       
0000b07c  _ZTS9IPAddress                                                    
0000b087  _ZTS9Printable                                                    
0000b092  _ZTS9UIPClient                                                    
0000b09d  _ZTS9UIPServer                                                    
0000af0c  _ZTSN10__cxxabiv117__class_type_infoE                             
0000aec2  _ZTSN10__cxxabiv120__si_class_type_infoE                          
0000ae9c  _ZTSN10__cxxabiv121__vmi_class_type_infoE                         
0000b03c  _ZTSSt9type_info                                                  
0000ad9c  _ZTV3UDP                                                          
0000affc  _ZTV5Print                                                        
0000ae28  _ZTV6Client                                                       
0000afac  _ZTV6Server                                                       
0000ab24  _ZTV6UIPUDP                                                       
0000afc0  _ZTV9IPAddress                                                    
0000afd4  _ZTV9Printable                                                    
0000ac44  _ZTV9UIPClient                                                    
0000ae68  _ZTV9UIPServer                                                    
0000b00c  _ZTVN10__cxxabiv117__class_type_infoE                             
0000b01c  _ZTVN10__cxxabiv120__si_class_type_infoE                          
0000b02c  _ZTVN10__cxxabiv121__vmi_class_type_infoE                         
000066fb  _ZThn8_N6UIPUDP10remotePortEv                                     
000068a5  _ZThn8_N6UIPUDP11beginPacketE9IPAddresst                          
000069a1  _ZThn8_N6UIPUDP11beginPacketEPKct                                 
[...]
0000a14b  __aeabi_idiv0                                                     
0000a14b  __aeabi_ldiv0                                                     
0000a14d  EEPROMInit                                                        
0000a18d  __aeabi_uidiv                                                     
0000a18d  __aeabi_uidivmod                                                  
0000a1cd  SSIConfigSetExpClk                                                
0000a245  EEPROMRead                                                        
0000a27d  SysCtlPeripheralReady                                             
0000a2b5  __TI_writemsg                                                     
0000a2e3  C$$IO$$                                                           
0000a2ed  SysCtlPeripheralDisable                                           
0000a321  SysCtlPeripheralEnable                                            
0000a389  __TI_readmsg                                                      
0000a3bd  __aeabi_atexit                                                    
0000a3f1  _c_int00_noargs                                                   
0000a425  rand                                                              
0000a459  strstr                                                            
0000a48d  ADCIntStatus                                                      
0000a4bb  __aeabi_i2d                                                       
0000a4e9  GPIODirModeSet                                                    
0000a515  _Z8sleep_usi                                                      
0000a541  strncmp                                                           
0000a595  memcmp                                                            
0000a5b9  srand                                                             
0000a5dd  UARTDisable                                                       
0000a5fd  __aeabi_ui2d                                                      
0000a61d  ADCSequenceDataGet                                                
0000a63b  _Z13SPI_transrecvjh                                               
0000a675  millis_start                                                      
0000a67d  millis                                                            
0000a683  SysTick_Handler                                                   
0000a691  GPIOPinTypeGPIOOutput                                             
0000a6ab  ADCProcessorTrigger                                               
0000a6c3  __aeabi_lmul                                                      
0000a6db  strcmp                                                            
0000a6f3  GPIOPinTypeADC                                                    
0000a709  GPIOPinTypeGPIOInput                                              
0000a71f  GPIOPinTypeI2C                                                    
0000a735  GPIOPinTypeI2CSCL                                                 
0000a74b  GPIOPinTypeSSI                                                    
0000a761  GPIOPinTypeUART                                                   
0000a779  SysTickEnable                                                     
0000a78d  SysTickIntEnable                                                  
0000a7a1  UARTEnable                                                        
0000a7b5  strlen                                                            
0000a7c9  SSIDataGetNonBlocking                                             
0000a7db  _ZN9UIPClientneERKS_                                              
0000a7ed  IntMasterEnable                                                   
0000a7fd  SysTickPeriodSet                                                  
0000a81d  __time64                                                          
0000a82d  ADCSequenceEnable                                                 
0000a83b  GPIOIntStatus                                                     
0000a849  I2CRxFIFOFlush                                                    
0000a857  I2CTxFIFOFlush                                                    
0000a865  SSIDataPutNonBlocking                                             
0000a873  UARTCharGetNonBlocking                                            
0000a881  UARTCharPutNonBlocking                                            
0000a88f  UARTCharsAvail                                                    
0000a89d  _ZN10__cxxabiv117__class_type_infoD0Ev                            
0000a8ab  _ZN10__cxxabiv120__si_class_type_infoD0Ev                         
0000a8b9  _ZN10__cxxabiv121__vmi_class_type_infoD0Ev                        
0000a8c7  __TI_decompress_none                                              
0000a8d5  CPUcpsie                                                          
0000a8e1  GPIOIntEnable                                                     
0000a8ed  _ZThn8_N6UIPUDP4readEPcj                                          
0000a8f9  __cxa_finalize                                                    
0000a905  __cxa_guard_acquire                                               
0000a911  __TI_zero_init                                                    
0000a91d  ResetISR                                                          
0000a929  ADCIntClear                                                       
0000a933  I2CMasterEnable                                                   
0000a93d  SSIEnable                                                         
0000a947  UARTIntStatus                                                     
0000a951  _ZN6UIPUDP4readEPcj                                               
0000a95b  __cxa_guard_release                                               
0000a965  I2CMasterBusy                                                     
0000a96d  I2CMasterSlaveAddrSet                                             
0000a975  UARTBusy                                                          
0000a97d  UARTIntEnable                                                     
0000a985  _ZThn8_N9UIPClientD0Ev                                            
0000a98d  _ZThn8_N9UIPServerD0Ev                                            
0000a995  _ZdlPv                                                            
0000a99d  malloc                                                            
0000a9a5  GPIOIntClear                                                      
0000a9ab  GPIOPinRead                                                       
0000a9b1  GPIOPinWrite                                                      
0000a9b7  SysCtlDelay                                                       
0000a9bd  _ZN6ClientD0Ev                                                    
0000a9c3  _ZN6ServerD0Ev                                                    
0000a9c9  _ZN9IPAddressD0Ev                                                 
0000a9cf  _ZN9PrintableD0Ev                                                 
0000a9d5  _ZN9UIPClientD0Ev                                                 
0000a9db  _ZN9UIPServerD0Ev                                                 
0000a9e1  __cxa_ia64_exit                                                   
0000a9e7  __cxa_pure_virtual                                                
0000a9ed  I2CMasterControl                                                  
0000a9f1  I2CMasterDataGet                                                  
0000a9f5  I2CMasterDataPut                                                  
0000a9f9  UARTIntClear                                                      
0000a9fd  _ZN10__cxxabiv117__class_type_infoD1Ev                            
0000a9fd  _ZN10__cxxabiv117__class_type_infoD2Ev                            
0000aa01  _ZN10__cxxabiv120__si_class_type_infoD1Ev                         
0000aa01  _ZN10__cxxabiv120__si_class_type_infoD2Ev                         
0000aa05  _ZN10__cxxabiv121__vmi_class_type_infoD1Ev                        
0000aa05  _ZN10__cxxabiv121__vmi_class_type_infoD2Ev                        
0000aa09  _ZThn8_N9UIPClientD1Ev                                            
0000aa0d  _ZThn8_N9UIPServerD1Ev                                            
0000aa11  _ZdlPvj                                                           
0000aa15  __abort_execution                                                 
0000aa19  _system_pre_init                                                  
0000aa1d  C$$EXIT                                                           
0000aa1d  _ZSt17__throw_bad_allocv                                          
0000aa1d  abort                                                             
0000aa20  _ctypes_                                                          
0000ab24  _ZTV6UIPUDP                                                       
0000ac44  _ZTV9UIPClient                                                    
0000ad9c  _ZTV3UDP                                                          
0000ae28  _ZTV6Client                                                       
0000ae68  _ZTV9UIPServer                                                    
0000ae9c  _ZTSN10__cxxabiv121__vmi_class_type_infoE                         
0000aec2  _ZTSN10__cxxabiv120__si_class_type_infoE                          
0000af0c  _ZTSN10__cxxabiv117__class_type_infoE                             
0000af30  _ZTI6UIPUDP                                                       
0000af50  _ZTI9UIPClient                                                    
0000af70  _ZTI9UIPServer                                                    
0000afac  _ZTV6Server                                                       
0000afc0  _ZTV9IPAddress                                                    
0000afd4  _ZTV9Printable                                                    
0000affc  _ZTV5Print                                                        
0000b00c  _ZTVN10__cxxabiv117__class_type_infoE                             
0000b01c  _ZTVN10__cxxabiv120__si_class_type_infoE                          
0000b02c  _ZTVN10__cxxabiv121__vmi_class_type_infoE                         
0000b03c  _ZTSSt9type_info                                                  
0000b04c  _ZTI9IPAddress                                                    
0000b058  _ZTIN10__cxxabiv117__class_type_infoE                             
0000b064  _ZTIN10__cxxabiv120__si_class_type_infoE                          
0000b070  _ZTIN10__cxxabiv121__vmi_class_type_infoE                         
0000b07c  _ZTS9IPAddress                                                    
0000b087  _ZTS9Printable                                                    
0000b092  _ZTS9UIPClient                                                    
0000b09d  _ZTS9UIPServer                                                    
0000b0b0  _ZTI3UDP                                                          
0000b0b8  _ZTI5Print                                                        
0000b0c0  _ZTI6Client                                                       
0000b0c8  _ZTI6Server                                                       
0000b0d0  _ZTI9Printable                                                    
0000b0d8  _ZTISt9type_info                                                  
0000b0e0  _ZTS6Client                                                       
0000b0e8  _ZTS6Server                                                       
0000b0f0  _ZTS6UIPUDP                                                       
0000b0f8  _ZTS5Print                                                        
0000b117  _ZTS3UDP                                                          
0000b128  SHT$$INIT_ARRAY$$Base                                             
0000b14c  SHT$$INIT_ARRAY$$Limit                                            
0000b18c  __TI_Handler_Table_Base                                           
0000b198  __TI_Handler_Table_Limit                                          
0000b1a0  __TI_CINIT_Base                                                   
0000b1b0  __TI_CINIT_Limit                                                  
20000000  _ZN10MemoryPool6blocksE                                           
20000000  __start___llvm_prf_cnts                                           
20000000  __stop___llvm_prf_cnts                                            
20000230  ethernet_rx_buff                                                  
2000043c  ethernet_tx_buff                                                  
20000644  JSON_Tx_Buff                                                      
20000848  gprs_tx_buff                                                      
20000a44  dummy_json_string                                                 
20000bcc  adc                                                               
20000d48  display_tx                                                        
20000e78  __CIOBUF_                                                         
20000f98  cloud_config                                                      
2000106e  EXTI_cnt                                                          
20001070  display_uart_rx                                                   
20001110  pc_uart_rx                                                        
200011b0  gprs_rx_buff                                                      
20001238  e2p_cloud_config                                                  
200012b8  uip_conns                                                         
20001338  _ZN9UIPClient8all_dataE                                           
200013a8  uip_buf                                                           
200014c8  pc_uart_tx                                                        
20001518  uip_udp_conns                                                     
20001558  ram_data                                                          
2000158e  time_main                                                         
200015ad  measurements                                                      
200015c9  UIPEthernet                                                       
200015ca  _ZN15Enc28J60Network13nextPacketPtrE                              
200015cc  gprs                                                              
200015e4  Eclient                                                           
200015f4  client                                                            
20001604  e2p_device_info                                                   
20001614  e2p_location_info                                                 
20001624  scheduler                                                         
20001632  Alarms                                                            
2000163e  gprs_rx_isr_handler                                               
20001698  _ZN16UIPEthernetClass17_dnsServerAddressE                         
200016a8  e2p_config_time                                                   
200016b0  e2p_router_config                                                 
200016b8  gps_data                                                          
200016c0  parmbuf                                                           
200016c8  uip_listenports                                                   
200016d0  _ZN15Enc28J60Network10receivePktE                                 
200016d6  time_stamp                                                        
200016dc  _ZZN9UIPClient7connectE9IPAddresstE4conn                          
200016ec  _ZN16UIPEthernetClass14periodic_timerE                            
200016f0  __dso_handle                                                      
200016f4  _millis                                                           
200016f8  startTime                                                         
200016fc  u32DelayCounter                                                   
20001700  uip_acc32                                                         
20001704  uip_appdata                                                       
20001708  uip_conn                                                          
2000170c  uip_draddr                                                        
20001710  uip_hostaddr                                                      
20001714  uip_netmask                                                       
20001718  uip_sappdata                                                      
2000171c  uip_udp_conn                                                      
20001720  uip_len                                                           
20001722  uip_slen                                                          
20001724  System_mode                                                       
20001725  ether_connect_sts                                                 
20001726  ether_network_sts                                                 
20001727  router_mode                                                       
20001728  uip_flags                                                         
20001730  __stack                                                           
20001930  __STACK_TOP                                                       
20001f30  __STACK_END                                                       
20001f30  ethernet_state                                                    
20001f4e  _ZZN9UIPClient7connectE9IPAddresstE7timeout                       
20001f50  _tz                                                               
20001f60  __TI_cleanup_ptr                                                  
20001f64  __TI_dtors_ptr                                                    
20001f68  __TI_enable_exit_profile_output                                   
20001f6c  _lock                                                             
20001f70  _unlock                                                           
20001f7c  ENC28J60ControlCS                                                 
20001f7d  _ZN15Enc28J60Network4bankE                                        
20001f7e  _ZN15Enc28J60Network6erevidE                                      
20001f7f  _ZN15Enc28J60Network17broadcast_enabledE                          
20001f80  ADC_RAW_MAX                                                       
20001f88  _ZN16UIPEthernetClass9in_packetE                                  
20001f89  _ZN16UIPEthernetClass10uip_packetE                                
20001f8a  _ZN16UIPEthernetClass10uip_hdrlenE                                
20001f8b  _ZN16UIPEthernetClass11packetstateE                               
20001f8c  _ZN16UIPEthernetClass5_dhcpE                                      
20001f98  uip_ethaddr                                                       
20001f9e  _ZZN9UIPClient7connectE9IPAddresstE10first_call                   
20001fa0  millis_cnt                                                        
20001fa8  upload_time                                                       
20001fb8  _sys_memory                                                       
ffffffff  __TI_pprof_out_hndl                                               
ffffffff  __TI_prof_data_size                                               
ffffffff  __TI_prof_data_start                                              
ffffffff  __binit__                                                         
ffffffff  __c_args__                                                        
ffffffff  binit                                                             
UNDEFED   __mpu_init                                                        
UNDEFED   _system_post_cinit                                                

[703 symbols]
