******************************************************************************
                  TI ARM Linker PC v20.2.6                     
******************************************************************************
>> Linked Fri Jul  5 10:58:47 2024

OUTPUT FILE NAME:   <Telecom_IoT_v2_00.out>
ENTRY POINT SYMBOL: "_c_int00_noargs"  address: 00011dd5


MEMORY CONFIGURATION

         name            origin    length      used     unused   attr    fill
----------------------  --------  ---------  --------  --------  ----  --------
  FLASH                 00000000   00020000  00013422  0000cbde  R  X
  SRAM                  20000000   00008000  00004351  00003caf  RW X


SEGMENT ALLOCATION MAP

run origin  load origin   length   init length attrs members
----------  ----------- ---------- ----------- ----- -------
00000000    00000000    00013428   00013428    r-x
  00000000    00000000    0000026c   0000026c    r-- .intvecs
  0000026c    0000026c    0001261a   0001261a    r-x .text
  00012888    00012888    00000ae0   00000ae0    r-- .const
  00013368    00013368    00000024   00000024    r-- .init_array
  00013390    00013390    00000098   00000098    r-- .cinit
20000000    20000000    00004358   00000000    rw-
  20000000    20000000    0000026c   00000000    rw- .vtable
  2000026c    2000026c    00002801   00000000    rw- .bss
  20002a70    20002a70    00001800   00000000    rw- .stack
  20004270    20004270    000000d4   00000000    rw- .data
  20004348    20004348    00000010   00000000    rw- .sysmem


SECTION ALLOCATION MAP

 output                                  attributes/
section   page    origin      length       input sections
--------  ----  ----------  ----------   ----------------
.intvecs   0    00000000    0000026c     
                  00000000    0000026c     tm4c1233e6pz_startup_ccs.obj (.intvecs)

.text      0    0000026c    0001261a     
                  0000026c    00001564     uip.obj (.text)
                  000017d0    00001150     Clock.obj (.text)
                  00002920    00001098     GLCD.obj (.text)
                  000039b8    00001018     gps.obj (.text)
                  000049d0    00000c90     Telecom_Ethernet.obj (.text)
                  00005660    00000bac     UIPClient.obj (.text)
                  0000620c    00000b94     Enc28J60Network.obj (.text)
                  00006da0    00000b28     Telecom_server_query.obj (.text)
                  000078c8    00000b04     Dhcp.obj (.text)
                  000083cc    00000ab8     UIPEthernet.obj (.text)
                  00008e84    00000a58     main.obj (.text)
                  000098dc    00000a44     IO_cntrl.obj (.text)
                  0000a320    000009e8     PC_Cmds.obj (.text)
                  0000ad08    000009e0     E2P.obj (.text)
                  0000b6e8    000009cc     flashCore.obj (.text)
                  0000c0b4    0000084c     ADC_Core.obj (.text)
                  0000c900    00000794     UIPUdp.obj (.text)
                  0000d094    00000730     flash_logger.obj (.text)
                  0000d7c4    000005e4     uip_arp.obj (.text)
                  0000dda8    000005b8     Print.obj (.text)
                  0000e360    000005b4     UartCore.obj (.text)
                  0000e914    000005b0     Dns.obj (.text)
                  0000eec4    00000510     _common.obj (.text)
                  0000f3d4    000002f0     mempool.obj (.text)
                  0000f6c4    000002b8     rtsv7M4_T_le_v4SPD16_eabi.lib : mktime64.c.obj (.text:__mktime64)
                  0000f97c    00000284     UIPServer.obj (.text)
                  0000fc00    00000210     DS3231.obj (.text)
                  0000fe10    000001f0     gprs.obj (.text)
                  00010000    000001e4     SysTick_Timer.obj (.text)
                  000101e4    000001b6     rtsv7M4_T_le_v4SPD16_eabi.lib : fd_add_t2.asm.obj (.text)
                  0001039a    00000192     itoa.obj (.text)
                  0001052c    0000016c     driverlib.lib : gpio.obj (.text:GPIOPadConfigSet)
                  00010698    0000016c     IPAddress.obj (.text)
                  00010804    00000136     rtsv7M4_T_le_v4SPD16_eabi.lib : fd_div_t2.asm.obj (.text)
                  0001093a    00000002                                   : stdlib_typeinfo.cpp.obj (.text:_ZNSt9type_infoD1Ev)
                  0001093c    00000118     driverlib.lib : sysctl.obj (.text:SysCtlClockGet)
                  00010a54    00000100     rtsv7M4_T_le_v4SPD16_eabi.lib : memory.c.obj (.text:aligned_alloc)
                  00010b54    000000fc                                   : fd_mul_t2.asm.obj (.text)
                  00010c50    000000f4     driverlib.lib : sysctl.obj (.text:SysCtlClockSet)
                  00010d44    000000e4     rtsv7M4_T_le_v4SPD16_eabi.lib : memory.c.obj (.text:free)
                  00010e28    000000d8     WDT.obj (.text)
                  00010f00    000000c4     driverlib.lib : eeprom.obj (.text:EEPROMProgram)
                  00010fc4    0000009c     rtsv7M4_T_le_v4SPD16_eabi.lib : memcpy_t2.asm.obj (.text)
                  00011060    00000096                                   : ull_div_t2.asm.obj (.text)
                  000110f6    00000086                                   : fd_cmp_t2.asm.obj (.text:__aeabi_cdcmple)
                  0001117c    00000086                                   : fd_cmp_t2.asm.obj (.text:__aeabi_cdrcmple)
                  00011202    0000007a     driverlib.lib : adc.obj (.text:ADCSequenceStepConfigure)
                  0001127c    0000007a     rtsv7M4_T_le_v4SPD16_eabi.lib : memset_t2.asm.obj (.text)
                  000112f6    00000002                                   : _lock.c.obj (.text:_nop)
                  000112f8    00000070                                   : memory.c.obj (.text:split)
                  00011368    0000006e                                   : ll_div_t2.asm.obj (.text)
                  000113d6    00000002                                   : div0.asm.obj (.text)
                  000113d8    00000068     driverlib.lib : interrupt.obj (.text:IntEnable)
                  00011440    00000068     rtsv7M4_T_le_v4SPD16_eabi.lib : copy_decompress_lzss.c.obj (.text:decompress:lzss:__TI_decompress_lzss)
                  000114a8    00000068     delay.obj (.text)
                  00011510    00000060     rtsv7M4_T_le_v4SPD16_eabi.lib : hosttime.c.obj (.text:HOSTtime64)
                  00011570    00000060     driverlib.lib : timer.obj (.text:TimerConfigure)
                  000115d0    00000060     rtsv7M4_T_le_v4SPD16_eabi.lib : autoinit.c.obj (.text:__TI_auto_init_nobinit:__TI_auto_init_nobinit)
                  00011630    0000005c     Print.obj (.text:__isnan)
                  0001168c    00000058     driverlib.lib : gpio.obj (.text:GPIOIntTypeSet)
                  000116e4    00000058     tiot_timer.obj (.text)
                  0001173c    00000054     Print.obj (.text:__isinf)
                  00011790    00000050     driverlib.lib : sysctl.obj (.text:SysCtlPeripheralReset)
                  000117e0    0000004e                   : adc.obj (.text:ADCSequenceConfigure)
                  0001182e    00000002     --HOLE-- [fill = 0]
                  00011830    0000004c                   : gpio.obj (.text:GPIOPinConfigure)
                  0001187c    0000004c                   : i2c.obj (.text:I2CMasterInitExpClk)
                  000118c8    0000004c     rtsv7M4_T_le_v4SPD16_eabi.lib : atoi.c.obj (.text:atoi)
                  00011914    00000048                                   : exit.c.obj (.text:exit)
                  0001195c    00000048                                   : fd_toi_t2.asm.obj (.text)
                  000119a4    00000046     driverlib.lib : uart.obj (.text:UARTConfigSetExpClk)
                  000119ea    00000002     --HOLE-- [fill = 0]
                  000119ec    00000044                   : gpio.obj (.text:_GPIOIntNumberGet)
                  00011a30    00000044     rtsv7M4_T_le_v4SPD16_eabi.lib : dtor_list.c.obj (.text:_Z25__add_destruction_to_listPP20a_needed_destructionPFYvPvES2_S2_)
                  00011a74    00000044                                   : fd_tou_t2.asm.obj (.text)
                  00011ab8    00000042                                   : dtor_list.c.obj (.text:_Z23__finalize_destructionsPP20a_needed_destructionPv)
                  00011afa    00000002     --HOLE-- [fill = 0]
                  00011afc    00000040     driverlib.lib : eeprom.obj (.text:EEPROMInit)
                  00011b3c    00000040     rtsv7M4_T_le_v4SPD16_eabi.lib : u_divt2.asm.obj (.text)
                  00011b7c    0000003c     driverlib.lib : ssi.obj (.text:SSIConfigSetExpClk)
                  00011bb8    0000003c                   : eeprom.obj (.text:_EEPROMSectorMaskSet)
                  00011bf4    00000038                   : eeprom.obj (.text:EEPROMRead)
                  00011c2c    00000038                   : sysctl.obj (.text:SysCtlPeripheralReady)
                  00011c64    00000038     rtsv7M4_T_le_v4SPD16_eabi.lib : trgmsg.c.obj (.text:__TI_writemsg)
                  00011c9c    00000034     driverlib.lib : interrupt.obj (.text:IntRegister)
                  00011cd0    00000034                   : sysctl.obj (.text:SysCtlPeripheralDisable)
                  00011d04    00000034                   : sysctl.obj (.text:SysCtlPeripheralEnable)
                  00011d38    00000034                   : eeprom.obj (.text:_EEPROMSectorMaskClear)
                  00011d6c    00000034     rtsv7M4_T_le_v4SPD16_eabi.lib : trgmsg.c.obj (.text:__TI_readmsg)
                  00011da0    00000034                                   : dtor_list.c.obj (.text:__aeabi_atexit)
                  00011dd4    00000034                                   : boot_cortex_m.c.obj (.text:_c_int00_noargs:_c_int00_noargs)
                  00011e08    00000034                                   : rand.c.obj (.text:rand)
                  00011e3c    00000034                                   : strstr.c.obj (.text:strstr)
                  00011e70    0000002e     driverlib.lib : adc.obj (.text:ADCIntStatus)
                  00011e9e    0000002e     rtsv7M4_T_le_v4SPD16_eabi.lib : i_tofd_t2.asm.obj (.text)
                  00011ecc    0000002c     driverlib.lib : gpio.obj (.text:GPIODirModeSet)
                  00011ef8    0000002c     SPI.obj (.text)
                  00011f24    0000002c     rtsv7M4_T_le_v4SPD16_eabi.lib : strncmp.c.obj (.text:strncmp)
                  00011f50    00000028                                   : memory.c.obj (.text:free_list_insert)
                  00011f78    00000024     Print.obj (.text:_ZN5Print5writeEPKc)
                  00011f9c    00000024     Dhcp.obj (.text:_ZN9IPAddressC1ERKS_)
                  00011fc0    00000024     Dhcp.obj (.text:_ZThn8_N6UIPUDP4readEPcj)
                  00011fe4    00000024     rtsv7M4_T_le_v4SPD16_eabi.lib : memcmp.c.obj (.text:memcmp)
                  00012008    00000024                                   : rand.c.obj (.text:srand)
                  0001202c    00000022     UIPClient.obj (.text:_ZN9UIPClientneERKS_)
                  0001204e    00000002     --HOLE-- [fill = 0]
                  00012050    00000020     driverlib.lib : uart.obj (.text:UARTDisable)
                  00012070    00000020     Print.obj (.text:_Z14__libcpp_isinfIdEbT_)
                  00012090    00000020     Print.obj (.text:_Z14__libcpp_isnanIdEbT_)
                  000120b0    00000020     rtsv7M4_T_le_v4SPD16_eabi.lib : u_tofd_t2.asm.obj (.text)
                  000120d0    0000001e     driverlib.lib : adc.obj (.text:ADCSequenceDataGet)
                  000120ee    00000002     --HOLE-- [fill = 0]
                  000120f0    0000001c     UIPClient.obj (.text:_ZN5PrintC1Ev)
                  0001210c    0000001c     Dhcp.obj (.text:_ZNK9IPAddresseqERKS_)
                  00012128    0000001c     rtsv7M4_T_le_v4SPD16_eabi.lib : memory.c.obj (.text:free_list_remove)
                  00012144    0000001c     millis.obj (.text)
                  00012160    0000001a     driverlib.lib : gpio.obj (.text:GPIOPinTypeGPIOOutput)
                  0001217a    0000001a     Dns.obj (.text:_ZN9IPAddressaSERKS_)
                  00012194    00000018     driverlib.lib : adc.obj (.text:ADCProcessorTrigger)
                  000121ac    00000018                   : gpio.obj (.text:GPIOIntRegister)
                  000121c4    00000018     Print.obj (.text:_Z5isinfIdENSt3__29enable_ifIXaasr3std3__213is_arithmeticIT_EE5valuesr3std3__214numeric_limitsIS2_EE12has_infinityEbE4typeES2_)
                  000121dc    00000018     Print.obj (.text:_Z5isnanIdENSt3__29enable_ifIXsr3std3__217is_floating_pointIT_EE5valueEbE4typeES2_)
                  000121f4    00000018     UIPUdp.obj (.text:_ZN3UDPC1Ev)
                  0001220c    00000018     Telecom_Ethernet.obj (.text:_ZN5Print5writeEPKcj)
                  00012224    00000018     UIPClient.obj (.text:_ZN6ClientC1Ev)
                  0001223c    00000018     UIPServer.obj (.text:_ZN6ServerC1Ev)
                  00012254    00000018     Dhcp.obj (.text:_ZN6UIPUDP4readEPcj)
                  0001226c    00000018     Dhcp.obj (.text:_ZN9PrintableC1ERKS_)
                  00012284    00000018     IPAddress.obj (.text:_ZN9PrintableC1Ev)
                  0001229c    00000018     rtsv7M4_T_le_v4SPD16_eabi.lib : ll_mul_t2.asm.obj (.text)
                  000122b4    00000018                                   : strcmp.c.obj (.text:strcmp)
                  000122cc    00000016     driverlib.lib : gpio.obj (.text:GPIOPinTypeADC)
                  000122e2    00000016                   : gpio.obj (.text:GPIOPinTypeGPIOInput)
                  000122f8    00000016                   : gpio.obj (.text:GPIOPinTypeI2C)
                  0001230e    00000016                   : gpio.obj (.text:GPIOPinTypeI2CSCL)
                  00012324    00000016                   : gpio.obj (.text:GPIOPinTypeSSI)
                  0001233a    00000016                   : gpio.obj (.text:GPIOPinTypeUART)
                  00012350    00000016     UIPClient.obj (.text:_ZN9DNSClientC1Ev)
                  00012366    00000016     UIPClient.obj (.text:_ZThn8_N9UIPClientD1Ev)
                  0001237c    00000016     UIPServer.obj (.text:_ZThn8_N9UIPServerD1Ev)
                  00012392    00000002     --HOLE-- [fill = 0]
                  00012394    00000014     driverlib.lib : systick.obj (.text:SysTickEnable)
                  000123a8    00000014                   : systick.obj (.text:SysTickIntEnable)
                  000123bc    00000014                   : uart.obj (.text:UARTEnable)
                  000123d0    00000014     Telecom_Ethernet.obj (.text:_ZN6ClientD0Ev)
                  000123e4    00000014     UIPServer.obj (.text:_ZN6ServerD0Ev)
                  000123f8    00000014     Telecom_Ethernet.obj (.text:_ZN9IPAddressD0Ev)
                  0001240c    00000014     Dns.obj (.text:_ZN9IPAddressixEi)
                  00012420    00000014     Telecom_Ethernet.obj (.text:_ZN9PrintableD0Ev)
                  00012434    00000014     Telecom_Ethernet.obj (.text:_ZN9UIPClientD0Ev)
                  00012448    00000014     UIPServer.obj (.text:_ZN9UIPServerD0Ev)
                  0001245c    00000014     rtsv7M4_T_le_v4SPD16_eabi.lib : strcpy.c.obj (.text:strcpy)
                  00012470    00000014                                   : strlen.c.obj (.text:strlen)
                  00012484    00000012     driverlib.lib : ssi.obj (.text:SSIDataGetNonBlocking)
                  00012496    00000012                   : timer.obj (.text:TimerLoadSet)
                  000124a8    00000012                   : timer.obj (.text:TimerPrescaleSet)
                  000124ba    00000012     Telecom_server_query.obj (.text:_Z3absl)
                  000124cc    00000012     Telecom_Ethernet.obj (.text:_ZThn8_N9UIPClientD0Ev)
                  000124de    00000012     UIPServer.obj (.text:_ZThn8_N9UIPServerD0Ev)
                  000124f0    00000010     driverlib.lib : interrupt.obj (.text:IntMasterEnable)
                  00012500    00000010                   : systick.obj (.text:SysTickPeriodSet)
                  00012510    00000010                   : eeprom.obj (.text:_EEPROMWaitForDone)
                  00012520    00000010     UIPEthernet.obj (.text:_ZN9DhcpClassC1Ev)
                  00012530    00000010     Dhcp.obj (.text:_ZN9PrintableC2ERKS_)
                  00012540    00000010     Telecom_Ethernet.obj (.text:_ZN9UIPClientD1Ev)
                  00012550    00000010     UIPServer.obj (.text:_ZN9UIPServerD1Ev)
                  00012560    00000010     rtsv7M4_T_le_v4SPD16_eabi.lib : time64.c.obj (.text:__time64)
                  00012570    00000010                                   : isdigit.c.obj (.text:isdigit)
                  00012580    0000000e     driverlib.lib : adc.obj (.text:ADCSequenceEnable)
                  0001258e    0000000e                   : gpio.obj (.text:GPIOIntStatus)
                  0001259c    0000000e                   : i2c.obj (.text:I2CRxFIFOFlush)
                  000125aa    0000000e                   : i2c.obj (.text:I2CTxFIFOFlush)
                  000125b8    0000000e                   : ssi.obj (.text:SSIDataPutNonBlocking)
                  000125c6    0000000e                   : timer.obj (.text:TimerEnable)
                  000125d4    0000000e                   : uart.obj (.text:UARTCharGetNonBlocking)
                  000125e2    0000000e                   : uart.obj (.text:UARTCharPutNonBlocking)
                  000125f0    0000000e                   : uart.obj (.text:UARTCharsAvail)
                  000125fe    0000000e                   : watchdog.obj (.text:WatchdogLockState)
                  0001260c    0000000e     rtsv7M4_T_le_v4SPD16_eabi.lib : typeinfo.c.obj (.text:_ZN10__cxxabiv117__class_type_infoD0Ev)
                  0001261a    0000000e                                   : typeinfo.c.obj (.text:_ZN10__cxxabiv120__si_class_type_infoD0Ev)
                  00012628    0000000e                                   : typeinfo.c.obj (.text:_ZN10__cxxabiv121__vmi_class_type_infoD0Ev)
                  00012636    0000000e     UIPClient.obj (.text:_ZN9DNSClientD1Ev)
                  00012644    0000000e     Dns.obj (.text:_ZN9IPAddress11raw_addressEv)
                  00012652    0000000e     Telecom_Ethernet.obj (.text:_ZN9IPAddressD1Ev)
                  00012660    0000000e     Dns.obj (.text:_ZN9PrintableaSERKS_)
                  0001266e    0000000e     Print.obj (.text:_ZNK6String5c_strEv)
                  0001267c    0000000e     Print.obj (.text:_ZNK6String6lengthEv)
                  0001268a    0000000e     Dns.obj (.text:_ZNK9IPAddresscvjEv)
                  00012698    0000000e     rtsv7M4_T_le_v4SPD16_eabi.lib : copy_decompress_none.c.obj (.text:decompress:none:__TI_decompress_none)
                  000126a6    0000000c     driverlib.lib : cpu.obj (.text:CPUcpsie)
                  000126b2    0000000c                   : gpio.obj (.text:GPIOIntEnable)
                  000126be    00000002     --HOLE-- [fill = 0]
                  000126c0    0000000c                   : sysctl.obj (.text:SysCtlResetCauseGet)
                  000126cc    0000000c                   : watchdog.obj (.text:WatchdogIntTypeSet)
                  000126d8    0000000c                   : watchdog.obj (.text:WatchdogUnlock)
                  000126e4    0000000c     UIPUdp.obj (.text:_ZN3UDPC2Ev)
                  000126f0    0000000c     UIPClient.obj (.text:_ZN5PrintC2Ev)
                  000126fc    0000000c     UIPClient.obj (.text:_ZN6ClientC2Ev)
                  00012708    0000000c     Telecom_Ethernet.obj (.text:_ZN6ClientD1Ev)
                  00012714    0000000c     Telecom_Ethernet.obj (.text:_ZN6ClientD2Ev)
                  00012720    0000000c     UIPServer.obj (.text:_ZN6ServerC2Ev)
                  0001272c    0000000c     UIPServer.obj (.text:_ZN6ServerD1Ev)
                  00012738    0000000c     UIPServer.obj (.text:_ZN6ServerD2Ev)
                  00012744    0000000c     IPAddress.obj (.text:_ZN9PrintableC2Ev)
                  00012750    0000000c     Telecom_Ethernet.obj (.text:_ZN9PrintableD1Ev)
                  0001275c    0000000c     Telecom_Ethernet.obj (.text:_ZN9PrintableD2Ev)
                  00012768    0000000c     rtsv7M4_T_le_v4SPD16_eabi.lib : dtor_list.c.obj (.text:__cxa_finalize)
                  00012774    0000000c                                   : guard.c.obj (.text:__cxa_guard_acquire)
                  00012780    0000000c                                   : copy_zero_init.c.obj (.text:decompress:ZI:__TI_zero_init)
                  0001278c    0000000c     tm4c1233e6pz_startup_ccs.obj (.text)
                  00012798    0000000a     driverlib.lib : adc.obj (.text:ADCIntClear)
                  000127a2    0000000a                   : i2c.obj (.text:I2CMasterEnable)
                  000127ac    0000000a                   : ssi.obj (.text:SSIEnable)
                  000127b6    0000000a                   : uart.obj (.text:UARTIntStatus)
                  000127c0    0000000a                   : watchdog.obj (.text:WatchdogEnable)
                  000127ca    0000000a                   : watchdog.obj (.text:WatchdogIntEnable)
                  000127d4    0000000a                   : watchdog.obj (.text:WatchdogResetEnable)
                  000127de    0000000a     rtsv7M4_T_le_v4SPD16_eabi.lib : guard.c.obj (.text:__cxa_guard_release)
                  000127e8    00000008     driverlib.lib : i2c.obj (.text:I2CMasterBusy)
                  000127f0    00000008                   : i2c.obj (.text:I2CMasterSlaveAddrSet)
                  000127f8    00000008                   : timer.obj (.text:TimerIntEnable)
                  00012800    00000008                   : uart.obj (.text:UARTBusy)
                  00012808    00000008                   : uart.obj (.text:UARTIntEnable)
                  00012810    00000008                   : watchdog.obj (.text:WatchdogLock)
                  00012818    00000008     rtsv7M4_T_le_v4SPD16_eabi.lib : new.cpp.obj (.text:_ZdlPv)
                  00012820    00000008                                   : memory.c.obj (.text:malloc)
                  00012828    00000006     driverlib.lib : gpio.obj (.text:GPIOIntClear)
                  0001282e    00000006                   : gpio.obj (.text:GPIOPinRead)
                  00012834    00000006                   : gpio.obj (.text:GPIOPinWrite)
                  0001283a    00000006                   : sysctl.obj (.text:SysCtlDelay)
                  00012840    00000006                   : watchdog.obj (.text:WatchdogIntClear)
                  00012846    00000006     rtsv7M4_T_le_v4SPD16_eabi.lib : dtor_list.c.obj (.text:__cxa_ia64_exit)
                  0001284c    00000006                                   : pure_virt.c.obj (.text:__cxa_pure_virtual)
                  00012852    00000004     driverlib.lib : i2c.obj (.text:I2CMasterControl)
                  00012856    00000004                   : i2c.obj (.text:I2CMasterDataGet)
                  0001285a    00000004                   : i2c.obj (.text:I2CMasterDataPut)
                  0001285e    00000004                   : timer.obj (.text:TimerIntClear)
                  00012862    00000004                   : uart.obj (.text:UARTIntClear)
                  00012866    00000004                   : watchdog.obj (.text:WatchdogReloadSet)
                  0001286a    00000004     rtsv7M4_T_le_v4SPD16_eabi.lib : typeinfo.c.obj (.text:_ZN10__cxxabiv117__class_type_infoD1Ev)
                  0001286e    00000004                                   : typeinfo.c.obj (.text:_ZN10__cxxabiv120__si_class_type_infoD1Ev)
                  00012872    00000004                                   : typeinfo.c.obj (.text:_ZN10__cxxabiv121__vmi_class_type_infoD1Ev)
                  00012876    00000004                                   : new.cpp.obj (.text:_ZdlPvj)
                  0001287a    00000004                                   : error.c.obj (.text:__abort_execution)
                  0001287e    00000004                                   : pre_init.c.obj (.text:_system_pre_init)
                  00012882    00000004                                   : exit.c.obj (.text:abort:abort)

.const     0    00012888    00000ae0     
                  00012888    000001d6     GLCD.obj (.const:.string:font5x8)
                  00012a5e    00000101     rtsv7M4_T_le_v4SPD16_eabi.lib : ctype.c.obj (.const:.string:_ctypes_)
                  00012b5f    00000001     --HOLE-- [fill = 0]
                  00012b60    000000d8     driverlib.lib : gpio.obj (.const:g_ppui32GPIOIntMapSnowflake)
                  00012c38    000000c0                   : gpio.obj (.const:g_ppui32GPIOIntMapBlizzard)
                  00012cf8    00000090     UIPUdp.obj (.const:_ZTV6UIPUDP)
                  00012d88    00000090     driverlib.lib : gpio.obj (.const:g_pui32GPIOBaseAddrs)
                  00012e18    0000008c     UIPClient.obj (.const:_ZTV9UIPClient)
                  00012ea4    0000006c     driverlib.lib : sysctl.obj (.const:g_pui32Xtals)
                  00012f10    00000060     rtsv7M4_T_le_v4SPD16_eabi.lib : mktime64.c.obj (.const:$O1$$)
                  00012f70    0000004e     GLCD.obj (.const:.string:BattFont5x8)
                  00012fbe    00000002     --HOLE-- [fill = 0]
                  00012fc0    00000048     UIPUdp.obj (.const:_ZTV3UDP)
                  00013008    00000041     _common.obj (.const:.string:$P$T0$1)
                  00013049    00000003     --HOLE-- [fill = 0]
                  0001304c    00000040     UIPClient.obj (.const:_ZTV6Client)
                  0001308c    00000034     UIPServer.obj (.const:_ZTV9UIPServer)
                  000130c0    00000026     rtsv7M4_T_le_v4SPD16_eabi.lib : typeinfo.c.obj (.const:.typeinfo:_ZTSN10__cxxabiv121__vmi_class_type_infoE)
                  000130e6    00000025                                   : typeinfo.c.obj (.const:.typeinfo:_ZTSN10__cxxabiv120__si_class_type_infoE)
                  0001310b    00000001     --HOLE-- [fill = 0]
                  0001310c    00000024     Clock.obj (.const:$P$T0$1)
                  00013130    00000022     rtsv7M4_T_le_v4SPD16_eabi.lib : typeinfo.c.obj (.const:.typeinfo:_ZTSN10__cxxabiv117__class_type_infoE)
                  00013152    00000002     --HOLE-- [fill = 0]
                  00013154    00000020     UIPUdp.obj (.const:.typeinfo:_ZTI6UIPUDP)
                  00013174    00000020     UIPClient.obj (.const:.typeinfo:_ZTI9UIPClient)
                  00013194    00000020     UIPServer.obj (.const:.typeinfo:_ZTI9UIPServer)
                  000131b4    00000019     Telecom_Ethernet.obj (.const:.string:$P$T1$5)
                  000131cd    00000014     GLCD.obj (.const:.string:NetworkFont5x8)
                  000131e1    00000003     --HOLE-- [fill = 0]
                  000131e4    00000014     UIPServer.obj (.const:_ZTV6Server)
                  000131f8    00000014     IPAddress.obj (.const:_ZTV9IPAddress)
                  0001320c    00000014     Dhcp.obj (.const:_ZTV9Printable)
                  00013220    00000014     driverlib.lib : interrupt.obj (.const:g_pui32EnRegs)
                  00013234    00000010     Print.obj (.const:_ZTV5Print)
                  00013244    00000010     rtsv7M4_T_le_v4SPD16_eabi.lib : typeinfo.c.obj (.const:_ZTVN10__cxxabiv117__class_type_infoE)
                  00013254    00000010                                   : typeinfo.c.obj (.const:_ZTVN10__cxxabiv120__si_class_type_infoE)
                  00013264    00000010                                   : typeinfo.c.obj (.const:_ZTVN10__cxxabiv121__vmi_class_type_infoE)
                  00013274    0000000d                                   : stdlib_typeinfo.cpp.obj (.const:.typeinfo:_ZTSSt9type_info)
                  00013281    00000003     --HOLE-- [fill = 0]
                  00013284    0000000c     IPAddress.obj (.const:.typeinfo:_ZTI9IPAddress)
                  00013290    0000000c     rtsv7M4_T_le_v4SPD16_eabi.lib : typeinfo.c.obj (.const:.typeinfo:_ZTIN10__cxxabiv117__class_type_infoE)
                  0001329c    0000000c                                   : typeinfo.c.obj (.const:.typeinfo:_ZTIN10__cxxabiv120__si_class_type_infoE)
                  000132a8    0000000c                                   : typeinfo.c.obj (.const:.typeinfo:_ZTIN10__cxxabiv121__vmi_class_type_infoE)
                  000132b4    0000000b     IPAddress.obj (.const:.typeinfo:_ZTS9IPAddress)
                  000132bf    0000000b     Dhcp.obj (.const:.typeinfo:_ZTS9Printable)
                  000132ca    0000000b     UIPClient.obj (.const:.typeinfo:_ZTS9UIPClient)
                  000132d5    0000000b     UIPServer.obj (.const:.typeinfo:_ZTS9UIPServer)
                  000132e0    00000008     Clock.obj (.const:$P$T1$2)
                  000132e8    00000008     Telecom_Ethernet.obj (.const:.string:$P$T3$12)
                  000132f0    00000008     UIPUdp.obj (.const:.typeinfo:_ZTI3UDP)
                  000132f8    00000008     Print.obj (.const:.typeinfo:_ZTI5Print)
                  00013300    00000008     UIPClient.obj (.const:.typeinfo:_ZTI6Client)
                  00013308    00000008     UIPServer.obj (.const:.typeinfo:_ZTI6Server)
                  00013310    00000008     Dhcp.obj (.const:.typeinfo:_ZTI9Printable)
                  00013318    00000008     rtsv7M4_T_le_v4SPD16_eabi.lib : stdlib_typeinfo.cpp.obj (.const:.typeinfo:_ZTISt9type_info)
                  00013320    00000008     UIPClient.obj (.const:.typeinfo:_ZTS6Client)
                  00013328    00000008     UIPServer.obj (.const:.typeinfo:_ZTS6Server)
                  00013330    00000008     UIPUdp.obj (.const:.typeinfo:_ZTS6UIPUDP)
                  00013338    00000007     Print.obj (.const:.typeinfo:_ZTS5Print)
                  0001333f    00000006     Telecom_Ethernet.obj (.const:.string:$P$T0$1)
                  00013345    00000006     Telecom_Ethernet.obj (.const:.string:$P$T2$8)
                  0001334b    00000006     UIPEthernet.obj (.const:.string:$P$T6$1)
                  00013351    00000006     uip_arp.obj (.const:broadcast_ethaddr)
                  00013357    00000005     UIPUdp.obj (.const:.typeinfo:_ZTS3UDP)
                  0001335c    00000004     uip.obj (.const:all_ones_addr)
                  00013360    00000004     uip.obj (.const:all_zeroes_addr)
                  00013364    00000004     uip_arp.obj (.const:broadcast_ipaddr)

.cinit     0    00013390    00000098     
                  00013390    0000005e     (.cinit..data.load) [load image, compression = lzss]
                  000133ee    00000002     --HOLE-- [fill = 0]
                  000133f0    0000000c     (__TI_handler_table)
                  000133fc    00000004     --HOLE-- [fill = 0]
                  00013400    00000008     (.cinit..bss.load) [load image, compression = zero_init]
                  00013408    00000008     (.cinit..vtable.load) [load image, compression = zero_init]
                  00013410    00000018     (__TI_cinit_table)

.init_array 
*          0    00013368    00000024     
                  00013368    00000004     IPAddress.obj (.init_array)
                  0001336c    00000004     UIPUdp.obj (.init_array)
                  00013370    00000004     UIPServer.obj (.init_array)
                  00013374    00000004     UIPEthernet.obj (.init_array)
                  00013378    00000004     UIPClient.obj (.init_array)
                  0001337c    00000004     Dns.obj (.init_array)
                  00013380    00000004     Dhcp.obj (.init_array)
                  00013384    00000004     main.obj (.init_array)
                  00013388    00000004     Telecom_Ethernet.obj (.init_array)

.vtable    0    20000000    0000026c     UNINITIALIZED
                  20000000    0000026c     driverlib.lib : interrupt.obj (.vtable)

.bss       0    2000026c    00002801     UNINITIALIZED
                  2000026c    00000a34     (.common:ethernet_rx_buff)
                  20000ca0    00000a30     (.common:ethernet_tx_buff)
                  200016d0    00000230     (.common:_ZN10MemoryPool6blocksE)
                  20001900    000001fc     (.common:gprs_rx_buff)
                  20001afc    000001fc     (.common:gprs_tx_buff)
                  20001cf8    00000188     (.common:dummy_json_string)
                  20001e80    0000017c     (.common:adc)
                  20001ffc    00000130     (.common:display_tx)
                  2000212c    00000120     rtsv7M4_T_le_v4SPD16_eabi.lib : trgmsg.c.obj (.bss:_CIOBUF_)
                  2000224c    000000d6     (.common:cloud_config)
                  20002322    00000002     (.common:BCD_MODE)
                  20002324    000000a0     (.common:display_uart_rx)
                  200023c4    000000a0     (.common:pc_uart_rx)
                  20002464    00000080     (.common:e2p_cloud_config)
                  200024e4    00000080     (.common:uip_conns)
                  20002564    00000070     (.common:_ZN9UIPClient8all_dataE)
                  200025d4    00000064     (.common:uip_buf)
                  20002638    00000060     uip_arp.obj (.bss:arp_table)
                  20002698    0000005c     UIPEthernet.obj (.bss:s_dhcp)
                  200026f4    00000050     (.common:pc_uart_tx)
                  20002744    00000044     (.common:gps)
                  20002788    00000040     (.common:FLR_log_data)
                  200027c8    00000040     (.common:FL_log_data)
                  20002808    00000040     (.common:uip_udp_conns)
                  20002848    00000036     (.common:ram_data)
                  2000287e    00000029     (.common:adc_arr)
                  200028a7    0000001f     (.common:time_main)
                  200028c6    0000001c     (.common:measurements)
                  200028e2    00000002     (.common:EXTI_cnt)
                  200028e4    00000014     (.common:gprs)
                  200028f8    00000010     Telecom_Ethernet.obj (.bss:Eclient)
                  20002908    00000010     Telecom_Ethernet.obj (.bss:client)
                  20002918    00000010     (.common:e2p_device_info)
                  20002928    00000010     (.common:e2p_location_info)
                  20002938    00000010     (.common:freq_updated_data)
                  20002948    0000000e     (.common:scheduler)
                  20002956    0000000c     Telecom_Ethernet.obj (.bss)
                  20002962    0000000c     (.common:Alarms)
                  2000296e    0000000a     (.common:Telecom_Ethernet)
                  20002978    00000008     Dhcp.obj (.bss)
                  20002980    00000008     Dhcp.obj (.bss:INADDR_NONE)
                  20002988    00000008     Dns.obj (.bss:INADDR_NONE)
                  20002990    00000008     IPAddress.obj (.bss:INADDR_NONE)
                  20002998    00000008     Telecom_Ethernet.obj (.bss:INADDR_NONE)
                  200029a0    00000008     UIPClient.obj (.bss:INADDR_NONE)
                  200029a8    00000008     UIPEthernet.obj (.bss:INADDR_NONE)
                  200029b0    00000008     UIPServer.obj (.bss:INADDR_NONE)
                  200029b8    00000008     UIPUdp.obj (.bss:INADDR_NONE)
                  200029c0    00000008     main.obj (.bss:INADDR_NONE)
                  200029c8    00000008     UIPEthernet.obj (.bss:_ZN16UIPEthernetClass17_dnsServerAddressE)
                  200029d0    00000008     uip.obj (.bss)
                  200029d8    00000008     (.common:e2p_config_time)
                  200029e0    00000008     (.common:e2p_router_config)
                  200029e8    00000008     (.common:gps_data)
                  200029f0    00000008     (.common:parmbuf)
                  200029f8    00000008     (.common:uip_listenports)
                  20002a00    00000007     (.common:gps_date_time)
                  20002a07    00000001     UIPEthernet.obj (.bss:UIPEthernet)
                  20002a08    00000006     (.common:_ZN15Enc28J60Network10receivePktE)
                  20002a0e    00000006     (.common:time_stamp)
                  20002a14    00000004     UIPClient.obj (.bss:_ZZN9UIPClient7connectE9IPAddresstE4conn)
                  20002a18    00000004     uip_arp.obj (.bss:ipaddr)
                  20002a1c    00000004     uip.obj (.bss:iss)
                  20002a20    00000004     uip_arp.obj (.bss)
                  20002a24    00000004     (.common:Telecom_server_query)
                  20002a28    00000004     (.common:_ZN16UIPEthernetClass14periodic_timerE)
                  20002a2c    00000004     (.common:__dso_handle)
                  20002a30    00000004     (.common:_millis)
                  20002a34    00000004     (.common:startTime)
                  20002a38    00000004     (.common:u32DelayCounter)
                  20002a3c    00000004     (.common:uip_acc32)
                  20002a40    00000004     (.common:uip_appdata)
                  20002a44    00000004     (.common:uip_conn)
                  20002a48    00000004     (.common:uip_draddr)
                  20002a4c    00000004     (.common:uip_hostaddr)
                  20002a50    00000004     (.common:uip_netmask)
                  20002a54    00000004     (.common:uip_sappdata)
                  20002a58    00000004     (.common:uip_udp_conn)
                  20002a5c    00000003     (.common:relay_state)
                  20002a5f    00000001     (.common:System_mode)
                  20002a60    00000002     (.common:_ZN15Enc28J60Network13nextPacketPtrE)
                  20002a62    00000002     (.common:gprs_rx_isr_handler)
                  20002a64    00000002     (.common:uip_len)
                  20002a66    00000002     (.common:uip_slen)
                  20002a68    00000001     (.common:WDT)
                  20002a69    00000001     (.common:gps_handler_state)
                  20002a6a    00000001     (.common:network_status)
                  20002a6b    00000001     (.common:uip_flags)
                  20002a6c    00000001     (.common:voltage_mode)

.stack     0    20002a70    00001800     UNINITIALIZED
                  20002a70    00000004     rtsv7M4_T_le_v4SPD16_eabi.lib : boot_cortex_m.c.obj (.stack)
                  20002a74    000017fc     --HOLE--

.data      0    20004270    000000d4     UNINITIALIZED
                  20004270    0000001b     Telecom_server_query.obj (.data:server_response_str)
                  2000428b    00000004     Enc28J60Network.obj (.data)
                  2000428f    00000001     Dhcp.obj (.data)
                  20004290    00000012     ADC_Core.obj (.data)
                  200042a2    00000002     IO_cntrl.obj (.data)
                  200042a4    00000010     flash_logger.obj (.data:FL_data)
                  200042b4    00000010     rtsv7M4_T_le_v4SPD16_eabi.lib : tmzone.c.obj (.data:_tz)
                  200042c4    00000010     main.obj (.data)
                  200042d4    0000000d     Telecom_Ethernet.obj (.data)
                  200042e1    00000001     UIPClient.obj (.data:_ZZN9UIPClient7connectE9IPAddresstE10first_call)
                  200042e2    00000002     UIPClient.obj (.data:_ZZN9UIPClient7connectE9IPAddresstE7timeout)
                  200042e4    0000000c     rtsv7M4_T_le_v4SPD16_eabi.lib : exit.c.obj (.data:$O1$$)
                  200042f0    0000000c     UartCore.obj (.data)
                  200042fc    0000000c     gps.obj (.data)
                  20004308    00000008     rtsv7M4_T_le_v4SPD16_eabi.lib : _lock.c.obj (.data:$O1$$)
                  20004310    00000008                                   : memory.c.obj (.data:$O1$$)
                  20004318    00000008     GLCD.obj (.data)
                  20004320    00000008     SysTick_Timer.obj (.data)
                  20004328    00000008     UIPEthernet.obj (.data)
                  20004330    00000006     uip.obj (.data:uip_ethaddr)
                  20004336    00000002     --HOLE--
                  20004338    00000004     _common.obj (.data)
                  2000433c    00000004     rtsv7M4_T_le_v4SPD16_eabi.lib : dtor_list.c.obj (.data)
                  20004340    00000004                                   : rand.c.obj (.data)

.sysmem    0    20004348    00000010     UNINITIALIZED
                  20004348    00000010     rtsv7M4_T_le_v4SPD16_eabi.lib : memory.c.obj (.sysmem)

__llvm_prf_cnts 
*          0    20000000    00000000     UNINITIALIZED

MODULE SUMMARY

       Module                         code    ro data   rw data
       ------                         ----    -------   -------
    .\
       tm4c1233e6pz_startup_ccs.obj   12      620       0      
    +--+------------------------------+-------+---------+---------+
       Total:                         12      620       0      
                                                               
    .\Sources\
       Telecom_Ethernet.obj           3416    49        5295   
       GLCD.obj                       4248    568       8      
       Clock.obj                      4432    44        37     
       gps.obj                        4120    0         96     
       Telecom_server_query.obj       2874    0         424    
       E2P.obj                        2528    0         390    
       main.obj                       2648    4         36     
       IO_cntrl.obj                   2628    0         10     
       ADC_Core.obj                   2124    0         467    
       PC_Cmds.obj                    2536    0         1      
       flashCore.obj                  2508    0         0      
       UartCore.obj                   1460    0         716    
       flash_logger.obj               1840    0         214    
       gprs.obj                       496     0         1038   
       _common.obj                    1296    65        4      
       DS3231.obj                     528     0         0      
       SysTick_Timer.obj              484     0         26     
       WDT.obj                        216     0         1      
       delay.obj                      104     0         0      
       tiot_timer.obj                 88      0         0      
       SPI.obj                        44      0         0      
    +--+------------------------------+-------+---------+---------+
       Total:                         40618   730       8763   
                                                               
    .\Sources\UIPEthernet\
       UIPClient.obj                  3156    267       127    
       Dhcp.obj                       2984    43        21     
       UIPEthernet.obj                2760    10        121    
       UIPUdp.obj                     1976    273       8      
       Dns.obj                        1544    4         8      
       UIPServer.obj                  800     135       8      
    +--+------------------------------+-------+---------+---------+
       Total:                         13220   732       293    
                                                               
    .\Sources\UIPEthernet\mbed\
       Print.obj                      1816    31        0      
       IPAddress.obj                  400     47        8      
       itoa.obj                       402     0         0      
       millis.obj                     28      0         4      
    +--+------------------------------+-------+---------+---------+
       Total:                         2646    78        12     
                                                               
    .\Sources\UIPEthernet\utility\
       uip.obj                        5476    8         355    
       Enc28J60Network.obj            2964    0         12     
       uip_arp.obj                    1508    10        104    
       mempool.obj                    752     0         560    
    +--+------------------------------+-------+---------+---------+
       Total:                         10700   18        1031   
                                                               
    C:/ti/TivaWare_C_Series-2.2.0.295/driverlib/ccs/Debug/driverlib.lib
       gpio.obj                       866     552       0      
       sysctl.obj                     782     108       0      
       interrupt.obj                  172     20        620    
       eeprom.obj                     444     0         0      
       adc.obj                        324     0         0      
       uart.obj                       194     0         0      
       timer.obj                      158     0         0      
       i2c.obj                        142     0         0      
       ssi.obj                        102     0         0      
       watchdog.obj                   86      0         0      
       systick.obj                    56      0         0      
       cpu.obj                        12      0         0      
    +--+------------------------------+-------+---------+---------+
       Total:                         3338    680       620    
                                                               
    C:\ti\ccs1110\ccs\tools\compiler\ti-cgt-arm_20.2.6.LTS\lib\rtsv7M4_T_le_v4SPD16_eabi.lib
       mktime64.c.obj                 696     96        0      
       memory.c.obj                   672     0         8      
       fd_add_t2.asm.obj              438     0         0      
       trgmsg.c.obj                   108     0         288    
       fd_div_t2.asm.obj              310     0         0      
       fd_cmp_t2.asm.obj              268     0         0      
       ctype.c.obj                    0       257       0      
       fd_mul_t2.asm.obj              252     0         0      
       typeinfo.c.obj                 54      193       0      
       dtor_list.c.obj                204     0         8      
       memcpy_t2.asm.obj              156     0         0      
       ull_div_t2.asm.obj             150     0         0      
       memset_t2.asm.obj              122     0         0      
       ll_div_t2.asm.obj              110     0         0      
       copy_decompress_lzss.c.obj     104     0         0      
       autoinit.c.obj                 96      0         0      
       hosttime.c.obj                 96      0         0      
       rand.c.obj                     88      0         4      
       exit.c.obj                     76      0         12     
       atoi.c.obj                     76      0         0      
       fd_toi_t2.asm.obj              72      0         0      
       fd_tou_t2.asm.obj              68      0         0      
       u_divt2.asm.obj                64      0         0      
       boot_cortex_m.c.obj            52      0         0      
       strstr.c.obj                   52      0         0      
       i_tofd_t2.asm.obj              46      0         0      
       strncmp.c.obj                  44      0         0      
       memcmp.c.obj                   36      0         0      
       u_tofd_t2.asm.obj              32      0         0      
       ll_mul_t2.asm.obj              24      0         0      
       strcmp.c.obj                   24      0         0      
       stdlib_typeinfo.cpp.obj        2       21        0      
       guard.c.obj                    22      0         0      
       strcpy.c.obj                   20      0         0      
       strlen.c.obj                   20      0         0      
       isdigit.c.obj                  16      0         0      
       time64.c.obj                   16      0         0      
       tmzone.c.obj                   0       0         16     
       copy_decompress_none.c.obj     14      0         0      
       copy_zero_init.c.obj           12      0         0      
       new.cpp.obj                    12      0         0      
       _lock.c.obj                    2       0         8      
       hostopen.c.obj                 0       0         8      
       pure_virt.c.obj                6       0         0      
       error.c.obj                    4       0         0      
       pre_init.c.obj                 4       0         0      
       div0.asm.obj                   2       0         0      
    +--+------------------------------+-------+---------+---------+
       Total:                         4742    567       352    
                                                               
       Heap:                          0       0         16     
       Stack:                         0       0         6144   
       Linker Generated:              0       146       0      
    +--+------------------------------+-------+---------+---------+
       Grand Total:                   75276   3571      17231  


LINKER GENERATED COPY TABLES

__TI_cinit_table @ 00013410 records: 3, size/record: 8, table size: 24
	.data: load addr=00013390, load size=0000005e bytes, run addr=20004270, run size=000000d4 bytes, compression=lzss
	.bss: load addr=00013400, load size=00000008 bytes, run addr=2000026c, run size=00002801 bytes, compression=zero_init
	.vtable: load addr=00013408, load size=00000008 bytes, run addr=20000000, run size=0000026c bytes, compression=zero_init


LINKER GENERATED HANDLER TABLE

__TI_handler_table @ 000133f0 records: 3, size/record: 4, table size: 12
	index: 0, handler: __TI_zero_init
	index: 1, handler: __TI_decompress_lzss
	index: 2, handler: __TI_decompress_none


GLOBAL SYMBOLS: SORTED ALPHABETICALLY BY Name 

address   name                                                                                                                          
-------   ----                                                                                                                          
20004324  ACVoltReadMillis                                                                                                              
00012799  ADCIntClear                                                                                                                   
00011e71  ADCIntStatus                                                                                                                  
00012195  ADCProcessorTrigger                                                                                                           
000117e1  ADCSequenceConfigure                                                                                                          
000120d1  ADCSequenceDataGet                                                                                                            
00012581  ADCSequenceEnable                                                                                                             
00011203  ADCSequenceStepConfigure                                                                                                      
20002962  Alarms                                                                                                                        
20002322  BCD_MODE                                                                                                                      
00012883  C$$EXIT                                                                                                                       
00011c93  C$$IO$$                                                                                                                       
000126a7  CPUcpsie                                                                                                                      
0000e417  DEBUGUARTIntHandler                                                                                                           
00011afd  EEPROMInit                                                                                                                    
00010f01  EEPROMProgram                                                                                                                 
00011bf5  EEPROMRead                                                                                                                    
2000428b  ENC28J60ControlCS                                                                                                             
200028e2  EXTI_cnt                                                                                                                      
200028f8  Eclient                                                                                                                       
20002788  FLR_log_data                                                                                                                  
200027c8  FL_log_data                                                                                                                   
200042d0  GLCD_startup_time                                                                                                             
000098dd  GPIODIntHandler                                                                                                               
00011ecd  GPIODirModeSet                                                                                                                
00012829  GPIOIntClear                                                                                                                  
000126b3  GPIOIntEnable                                                                                                                 
000121ad  GPIOIntRegister                                                                                                               
0001258f  GPIOIntStatus                                                                                                                 
0001168d  GPIOIntTypeSet                                                                                                                
0001052d  GPIOPadConfigSet                                                                                                              
00011831  GPIOPinConfigure                                                                                                              
0001282f  GPIOPinRead                                                                                                                   
000122cd  GPIOPinTypeADC                                                                                                                
000122e3  GPIOPinTypeGPIOInput                                                                                                          
00012161  GPIOPinTypeGPIOOutput                                                                                                         
000122f9  GPIOPinTypeI2C                                                                                                                
0001230f  GPIOPinTypeI2CSCL                                                                                                             
00012325  GPIOPinTypeSSI                                                                                                                
0001233b  GPIOPinTypeUART                                                                                                               
00012835  GPIOPinWrite                                                                                                                  
00011511  HOSTtime64                                                                                                                    
000127e9  I2CMasterBusy                                                                                                                 
00012853  I2CMasterControl                                                                                                              
00012857  I2CMasterDataGet                                                                                                              
0001285b  I2CMasterDataPut                                                                                                              
000127a3  I2CMasterEnable                                                                                                               
0001187d  I2CMasterInitExpClk                                                                                                           
000127f1  I2CMasterSlaveAddrSet                                                                                                         
0001259d  I2CRxFIFOFlush                                                                                                                
000125ab  I2CTxFIFOFlush                                                                                                                
000113d9  IntEnable                                                                                                                     
000124f1  IntMasterEnable                                                                                                               
00011c9d  IntRegister                                                                                                                   
0000e5a1  LTEUARTIntHandler                                                                                                             
20004298  NE_ADC_RAW_MAX                                                                                                                
20004290  PN_ADC_RAW_MAX                                                                                                                
0001278d  ResetISR                                                                                                                      
00013368  SHT$$INIT_ARRAY$$Base                                                                                                         
0001338c  SHT$$INIT_ARRAY$$Limit                                                                                                        
00011b7d  SSIConfigSetExpClk                                                                                                            
00012485  SSIDataGetNonBlocking                                                                                                         
000125b9  SSIDataPutNonBlocking                                                                                                         
000127ad  SSIEnable                                                                                                                     
0001093d  SysCtlClockGet                                                                                                                
00010c51  SysCtlClockSet                                                                                                                
0001283b  SysCtlDelay                                                                                                                   
00011cd1  SysCtlPeripheralDisable                                                                                                       
00011d05  SysCtlPeripheralEnable                                                                                                        
00011c2d  SysCtlPeripheralReady                                                                                                         
00011791  SysCtlPeripheralReset                                                                                                         
000126c1  SysCtlResetCauseGet                                                                                                           
00012395  SysTickEnable                                                                                                                 
000123a9  SysTickIntEnable                                                                                                              
0001001d  SysTickIntHandler                                                                                                             
00012501  SysTickPeriodSet                                                                                                              
0001214d  SysTick_Handler                                                                                                               
20002a5f  System_mode                                                                                                                   
2000296e  Telecom_Ethernet                                                                                                              
20002a24  Telecom_server_query                                                                                                          
00011571  TimerConfigure                                                                                                                
000125c7  TimerEnable                                                                                                                   
0001285f  TimerIntClear                                                                                                                 
000127f9  TimerIntEnable                                                                                                                
0001171f  TimerIntHandler                                                                                                               
00012497  TimerLoadSet                                                                                                                  
000124a9  TimerPrescaleSet                                                                                                              
00012801  UARTBusy                                                                                                                      
000125d5  UARTCharGetNonBlocking                                                                                                        
000125e3  UARTCharPutNonBlocking                                                                                                        
000125f1  UARTCharsAvail                                                                                                                
000119a5  UARTConfigSetExpClk                                                                                                           
00012051  UARTDisable                                                                                                                   
000123bd  UARTEnable                                                                                                                    
00012863  UARTIntClear                                                                                                                  
00012809  UARTIntEnable                                                                                                                 
000127b7  UARTIntStatus                                                                                                                 
20002a07  UIPEthernet                                                                                                                   
20002a68  WDT                                                                                                                           
000127c1  WatchdogEnable                                                                                                                
00012841  WatchdogIntClear                                                                                                              
000127cb  WatchdogIntEnable                                                                                                             
00010e29  WatchdogIntHandler                                                                                                            
000126cd  WatchdogIntTypeSet                                                                                                            
00012811  WatchdogLock                                                                                                                  
000125ff  WatchdogLockState                                                                                                             
00012867  WatchdogReloadSet                                                                                                             
000127d5  WatchdogResetEnable                                                                                                           
000126d9  WatchdogUnlock                                                                                                                
0000c0a3  _Z10Chip_Erasev                                                                                                               
0000c86b  _Z10GetAdcDatav                                                                                                               
0000fc5f  _Z10I2CReceivev                                                                                                               
00009cb1  _Z10ToggleLEDsv                                                                                                               
00001a85  _Z10asUnixTimeiiiiii                                                                                                          
0000d3fb  _Z10clear_logsv                                                                                                               
00007849  _Z10getREQmodev                                                                                                               
0000ef27  _Z10my_sprintfPciz                                                                                                            
00003901  _Z10print_dashv                                                                                                               
00007835  _Z10setREQmode13gprs_status_t                                                                                                 
000037d5  _Z10updateGlcdv                                                                                                               
00002355  _Z10update_rtcPci                                                                                                             
000047e9  _Z10utcTOlocalP15gps_date_time_t                                                                                              
000116e5  _Z10vTimerInitv                                                                                                               
00004e49  _Z10ws_connectv                                                                                                               
0000504d  _Z10ws_disconnv                                                                                                               
00009d41  _Z11SetODU_Mode14voltage_mode_t                                                                                               
0000bed7  _Z11SetSI_Inputv                                                                                                              
0000bef3  _Z11SetSO_Inputv                                                                                                              
0000e6b9  _Z11Usendbufferj                                                                                                              
0000d42b  _Z11clear_flashv                                                                                                              
0000f2f3  _Z11count_commaPct                                                                                                            
0000baf9  _Z11flashCopyMRPcS_                                                                                                           
0000eed1  _Z11getChecksumPhc                                                                                                            
00001dc1  _Z11getDateTimev                                                                                                              
0000d449  _Z11get_log_cnti                                                                                                              
0000fe5d  _Z11get_rx_dataPc                                                                                                             
00003be1  _Z11gps_handlerv                                                                                                              
00009383  _Z11init_configv                                                                                                              
0000fc01  _Z11vRTCI2CInitv                                                                                                              
0000c0b5  _Z12ADC_PortIniti                                                                                                             
00003195  _Z12AlarmDisplayv                                                                                                             
00006da1  _Z12Query_decodePcPKcS_i                                                                                                      
0000bdf7  _Z12Sector_Erasem                                                                                                             
0000bec9  _Z12SetSI_Outputv                                                                                                             
0000bee5  _Z12SetSO_Outputv                                                                                                             
00001ad5  _Z12calcTimeDiff12time_stamp_tS_                                                                                              
0000fe8f  _Z12check_stringPKcPcPi                                                                                                       
0000d417  _Z12clear_log_idv                                                                                                             
0000b98b  _Z12flashSwResetv                                                                                                             
0000d2fd  _Z12flashWriteTRv                                                                                                             
000090af  _Z12getRAM_Alarmv                                                                                                             
00009849  _Z12getRSTreasonv                                                                                                             
000039b9  _Z12get_locationv                                                                                                             
0000d4f1  _Z12get_log_dataimPc                                                                                                          
0000542b  _Z12get_pkt_recvv                                                                                                             
00002843  _Z12is_leap_yearh                                                                                                             
00006ec1  _Z12server_queryv                                                                                                             
00009077  _Z12setRAM_Alarm16Alarm_sts_bits_tb                                                                                           
00005431  _Z12set_pkt_recvb                                                                                                             
00009c85  _Z12vEXTIpinInitv                                                                                                             
0000a22d  _Z12vEarthDetectv                                                                                                             
00009c0d  _Z12vGPIO_Togglejhh                                                                                                           
00009a33  _Z12vLEDGPIOInitv                                                                                                             
0000e3af  _Z12vLTEUARTInitv                                                                                                             
00011ef9  _Z13SPI_transrecvjh                                                                                                           
000025fd  _Z13add_date_timeP12time_stamp_tS0_j                                                                                          
00009ea9  _Z13controlRelaysv                                                                                                            
0000f169  _Z13delete_SubStrPcS_c                                                                                                        
0000b9a3  _Z13enable_wp_pinv                                                                                                            
00004a3f  _Z13ethernet_initv                                                                                                            
0000e7a1  _Z13flushRxBufferi                                                                                                            
0000e7d5  _Z13flushTxBufferi                                                                                                            
0000c5fd  _Z13getODUCurrentv                                                                                                            
0000c6c1  _Z13getODUVoltagev                                                                                                            
000090ed  _Z13getRAM_Statusv                                                                                                            
0000b2b7  _Z13get_device_idv                                                                                                            
0000c83f  _Z13readACVoltagev                                                                                                            
000090b5  _Z13setRAM_Statushb                                                                                                           
0000b215  _Z13set_device_idPc                                                                                                           
0001015b  _Z13vMAIN_DelayMSj                                                                                                            
0000e5fb  _Z13vUART_SendChrjh                                                                                                           
0000e681  _Z13vUART_SendIntji                                                                                                           
0000e619  _Z13vUART_SendStrjPKh                                                                                                         
00002a89  _Z14GLCD_Initalizev                                                                                                           
00002be1  _Z14GLCD_WriteCharc                                                                                                           
00002a11  _Z14GLCD_WriteDatah                                                                                                           
0000b6e9  _Z14Reset_Hold_Lowv                                                                                                           
000024dd  _Z14StrToTimeStampPh                                                                                                          
00012071  _Z14__libcpp_isinfIdEbT_                                                                                                      
00012091  _Z14__libcpp_isnanIdEbT_                                                                                                      
00005271  _Z14ether_tcp_sendPci                                                                                                         
00001c1f  _Z14getDaysOfMonthcj                                                                                                          
0000c78b  _Z14getSMPSVoltagev                                                                                                           
00004985  _Z14get_gps_statusv                                                                                                           
000049a9  _Z14get_loc_statusv                                                                                                           
0000a089  _Z14isSupplyStablev                                                                                                           
0000ba4d  _Z14readContToBuffmjPc                                                                                                        
00004995  _Z14set_gps_status13gprs_status_t                                                                                             
000049af  _Z14set_loc_statusb                                                                                                           
0000e361  _Z14vDEBUGUARTInitv                                                                                                           
00009229  _Z14write_defaultsj                                                                                                           
00002dcd  _Z15Data_Screen_lcdv                                                                                                          
00002bb3  _Z15GLCD_Clear_Lineh                                                                                                          
00005561  _Z15HTTP_valid_codePc                                                                                                         
0000b6f7  _Z15Reset_Hold_Highv                                                                                                          
0000192b  _Z15check_date_timePcS_                                                                                                       
000062b3  _Z15ether_cs_activev                                                                                                          
00004f71  _Z15ether_ping_sendv                                                                                                          
0000b7bb  _Z15flashClrTR_Logsv                                                                                                          
0000d095  _Z15flashWriteMR_BRv                                                                                                          
0000fe1d  _Z15generateMaskKeyPh                                                                                                         
00010ef1  _Z15getWDTreset_flgv                                                                                                          
[...]
00013274  _ZTSSt9type_info                                                                                                              
00013284  _ZTI9IPAddress                                                                                                                
00013290  _ZTIN10__cxxabiv117__class_type_infoE                                                                                         
0001329c  _ZTIN10__cxxabiv120__si_class_type_infoE                                                                                      
000132a8  _ZTIN10__cxxabiv121__vmi_class_type_infoE                                                                                     
000132b4  _ZTS9IPAddress                                                                                                                
000132bf  _ZTS9Printable                                                                                                                
000132ca  _ZTS9UIPClient                                                                                                                
000132d5  _ZTS9UIPServer                                                                                                                
000132f0  _ZTI3UDP                                                                                                                      
000132f8  _ZTI5Print                                                                                                                    
00013300  _ZTI6Client                                                                                                                   
00013308  _ZTI6Server                                                                                                                   
00013310  _ZTI9Printable                                                                                                                
00013318  _ZTISt9type_info                                                                                                              
00013320  _ZTS6Client                                                                                                                   
00013328  _ZTS6Server                                                                                                                   
00013330  _ZTS6UIPUDP                                                                                                                   
00013338  _ZTS5Print                                                                                                                    
00013357  _ZTS3UDP                                                                                                                      
00013368  SHT$$INIT_ARRAY$$Base                                                                                                         
0001338c  SHT$$INIT_ARRAY$$Limit                                                                                                        
000133f0  __TI_Handler_Table_Base                                                                                                       
000133fc  __TI_Handler_Table_Limit                                                                                                      
00013410  __TI_CINIT_Base                                                                                                               
00013428  __TI_CINIT_Limit                                                                                                              
20000000  __start___llvm_prf_cnts                                                                                                       
20000000  __stop___llvm_prf_cnts                                                                                                        
20000000  g_pfnRAMVectors                                                                                                               
2000026c  ethernet_rx_buff                                                                                                              
20000ca0  ethernet_tx_buff                                                                                                              
200016d0  _ZN10MemoryPool6blocksE                                                                                                       
20001900  gprs_rx_buff                                                                                                                  
20001afc  gprs_tx_buff                                                                                                                  
20001cf8  dummy_json_string                                                                                                             
20001e80  adc                                                                                                                           
20001ffc  display_tx                                                                                                                    
2000212c  __CIOBUF_                                                                                                                     
2000224c  cloud_config                                                                                                                  
20002322  BCD_MODE                                                                                                                      
20002324  display_uart_rx                                                                                                               
200023c4  pc_uart_rx                                                                                                                    
20002464  e2p_cloud_config                                                                                                              
200024e4  uip_conns                                                                                                                     
20002564  _ZN9UIPClient8all_dataE                                                                                                       
200025d4  uip_buf                                                                                                                       
200026f4  pc_uart_tx                                                                                                                    
20002744  gps                                                                                                                           
20002788  FLR_log_data                                                                                                                  
200027c8  FL_log_data                                                                                                                   
20002808  uip_udp_conns                                                                                                                 
20002848  ram_data                                                                                                                      
2000287e  adc_arr                                                                                                                       
200028a7  time_main                                                                                                                     
200028c6  measurements                                                                                                                  
200028e2  EXTI_cnt                                                                                                                      
200028e4  gprs                                                                                                                          
200028f8  Eclient                                                                                                                       
20002908  client                                                                                                                        
20002918  e2p_device_info                                                                                                               
20002928  e2p_location_info                                                                                                             
20002938  freq_updated_data                                                                                                             
20002948  scheduler                                                                                                                     
20002962  Alarms                                                                                                                        
2000296e  Telecom_Ethernet                                                                                                              
200029c8  _ZN16UIPEthernetClass17_dnsServerAddressE                                                                                     
200029d8  e2p_config_time                                                                                                               
200029e0  e2p_router_config                                                                                                             
200029e8  gps_data                                                                                                                      
200029f0  parmbuf                                                                                                                       
200029f8  uip_listenports                                                                                                               
20002a00  gps_date_time                                                                                                                 
20002a07  UIPEthernet                                                                                                                   
20002a08  _ZN15Enc28J60Network10receivePktE                                                                                             
20002a0e  time_stamp                                                                                                                    
20002a14  _ZZN9UIPClient7connectE9IPAddresstE4conn                                                                                      
20002a24  Telecom_server_query                                                                                                          
20002a28  _ZN16UIPEthernetClass14periodic_timerE                                                                                        
20002a2c  __dso_handle                                                                                                                  
20002a30  _millis                                                                                                                       
20002a34  startTime                                                                                                                     
20002a38  u32DelayCounter                                                                                                               
20002a3c  uip_acc32                                                                                                                     
20002a40  uip_appdata                                                                                                                   
20002a44  uip_conn                                                                                                                      
20002a48  uip_draddr                                                                                                                    
20002a4c  uip_hostaddr                                                                                                                  
20002a50  uip_netmask                                                                                                                   
20002a54  uip_sappdata                                                                                                                  
20002a58  uip_udp_conn                                                                                                                  
20002a5c  relay_state                                                                                                                   
20002a5f  System_mode                                                                                                                   
20002a60  _ZN15Enc28J60Network13nextPacketPtrE                                                                                          
20002a62  gprs_rx_isr_handler                                                                                                           
20002a64  uip_len                                                                                                                       
20002a66  uip_slen                                                                                                                      
20002a68  WDT                                                                                                                           
20002a69  gps_handler_state                                                                                                             
20002a6a  network_status                                                                                                                
20002a6b  uip_flags                                                                                                                     
20002a6c  voltage_mode                                                                                                                  
20002a70  __stack                                                                                                                       
20002c70  __STACK_TOP                                                                                                                   
20004270  __STACK_END                                                                                                                   
20004270  server_response_str                                                                                                           
2000428b  ENC28J60ControlCS                                                                                                             
2000428c  _ZN15Enc28J60Network4bankE                                                                                                    
2000428d  _ZN15Enc28J60Network6erevidE                                                                                                  
2000428e  _ZN15Enc28J60Network17broadcast_enabledE                                                                                      
20004290  PN_ADC_RAW_MAX                                                                                                                
20004298  NE_ADC_RAW_MAX                                                                                                                
200042b4  _tz                                                                                                                           
200042c4  upload_time                                                                                                                   
200042c8  save_offline_time                                                                                                             
200042cc  relay_startup_time                                                                                                            
200042d0  GLCD_startup_time                                                                                                             
200042e1  _ZZN9UIPClient7connectE9IPAddresstE10first_call                                                                               
200042e2  _ZZN9UIPClient7connectE9IPAddresstE7timeout                                                                                   
200042e4  __TI_cleanup_ptr                                                                                                              
200042e8  __TI_dtors_ptr                                                                                                                
200042ec  __TI_enable_exit_profile_output                                                                                               
200042f0  g_bIntFlag                                                                                                                    
200042fc  gps_interval_start                                                                                                            
20004300  cnt_gps_1sec                                                                                                                  
20004308  _lock                                                                                                                         
2000430c  _unlock                                                                                                                       
20004318  screen_x                                                                                                                      
20004320  millis_cnt                                                                                                                    
20004324  ACVoltReadMillis                                                                                                              
20004328  _ZN16UIPEthernetClass9in_packetE                                                                                              
20004329  _ZN16UIPEthernetClass10uip_packetE                                                                                            
2000432a  _ZN16UIPEthernetClass10uip_hdrlenE                                                                                            
2000432b  _ZN16UIPEthernetClass11packetstateE                                                                                           
2000432c  _ZN16UIPEthernetClass5_dhcpE                                                                                                  
20004330  uip_ethaddr                                                                                                                   
20004348  _sys_memory                                                                                                                   
ffffffff  __TI_pprof_out_hndl                                                                                                           
ffffffff  __TI_prof_data_size                                                                                                           
ffffffff  __TI_prof_data_start                                                                                                          
ffffffff  __binit__                                                                                                                     
ffffffff  __c_args__                                                                                                                    
ffffffff  binit                                                                                                                         
UNDEFED   __mpu_init                                                                                                                    
UNDEFED   _system_post_cinit                                                                                                            

[909 symbols]
