******************************************************************************
                  TI ARM Linker PC v20.2.6                     
******************************************************************************
>> Linked Wed Jul 17 11:43:05 2024

OUTPUT FILE NAME:   <Telecom_IoT_v2_00.out>
ENTRY POINT SYMBOL: "_c_int00_noargs"  address: 00011f05


MEMORY CONFIGURATION

         name            origin    length      used     unused   attr    fill
----------------------  --------  ---------  --------  --------  ----  --------
  FLASH                 00000000   00020000  0001351e  0000cae2  R  X
  SRAM                  20000000   00008000  00004354  00003cac  RW X


SEGMENT ALLOCATION MAP

run origin  load origin   length   init length attrs members
----------  ----------- ---------- ----------- ----- -------
00000000    00000000    00013520   00013520    r-x
  00000000    00000000    0000026c   0000026c    r-- .intvecs
  0000026c    0000026c    0001271e   0001271e    r-x .text
  0001298c    0001298c    00000ae0   00000ae0    r-- .const
  0001346c    0001346c    00000024   00000024    r-- .init_array
  00013490    00013490    00000090   00000090    r-- .cinit
20000000    20000000    00004358   00000000    rw-
  20000000    20000000    0000026c   00000000    rw- .vtable
  2000026c    2000026c    00002800   00000000    rw- .bss
  20002a70    20002a70    00001800   00000000    rw- .stack
  20004270    20004270    000000d8   00000000    rw- .data
  20004348    20004348    00000010   00000000    rw- .sysmem


SECTION ALLOCATION MAP

 output                                  attributes/
section   page    origin      length       input sections
--------  ----  ----------  ----------   ----------------
.intvecs   0    00000000    0000026c     
                  00000000    0000026c     tm4c1233e6pz_startup_ccs.obj (.intvecs)

.text      0    0000026c    0001271e     
                  0000026c    00001564     uip.obj (.text)
                  000017d0    00001150     Clock.obj (.text)
                  00002920    00001094     GLCD.obj (.text)
                  000039b4    00001018     gps.obj (.text)
                  000049cc    00000c90     Telecom_Ethernet.obj (.text)
                  0000565c    00000c64     IO_cntrl.obj (.text)
                  000062c0    00000bac     UIPClient.obj (.text)
                  00006e6c    00000b94     Enc28J60Network.obj (.text)
                  00007a00    00000b28     Telecom_server_query.obj (.text)
                  00008528    00000b04     Dhcp.obj (.text)
                  0000902c    00000ab8     UIPEthernet.obj (.text)
                  00009ae4    00000a3c     main.obj (.text)
                  0000a520    000009e8     PC_Cmds.obj (.text)
                  0000af08    000009e0     E2P.obj (.text)
                  0000b8e8    000009cc     flashCore.obj (.text)
                  0000c2b4    00000840     ADC_Core.obj (.text)
                  0000caf4    00000794     UIPUdp.obj (.text)
                  0000d288    00000730     flash_logger.obj (.text)
                  0000d9b8    000005e4     uip_arp.obj (.text)
                  0000df9c    000005bc     UartCore.obj (.text)
                  0000e558    000005b8     Print.obj (.text)
                  0000eb10    000005b0     Dns.obj (.text)
                  0000f0c0    00000510     _common.obj (.text)
                  0000f5d0    000002f0     mempool.obj (.text)
                  0000f8c0    000002b8     rtsv7M4_T_le_v4SPD16_eabi.lib : mktime64.c.obj (.text:__mktime64)
                  0000fb78    00000284     UIPServer.obj (.text)
                  0000fdfc    00000210     DS3231.obj (.text)
                  0001000c    000001f0     SysTick_Timer.obj (.text)
                  000101fc    000001f0     gprs.obj (.text)
                  000103ec    000001b6     rtsv7M4_T_le_v4SPD16_eabi.lib : fd_add_t2.asm.obj (.text)
                  000105a2    00000192     itoa.obj (.text)
                  00010734    0000016c     driverlib.lib : gpio.obj (.text:GPIOPadConfigSet)
                  000108a0    0000016c     IPAddress.obj (.text)
                  00010a0c    00000136     rtsv7M4_T_le_v4SPD16_eabi.lib : fd_div_t2.asm.obj (.text)
                  00010b42    00000002                                   : stdlib_typeinfo.cpp.obj (.text:_ZNSt9type_infoD1Ev)
                  00010b44    00000118     driverlib.lib : sysctl.obj (.text:SysCtlClockGet)
                  00010c5c    00000100     rtsv7M4_T_le_v4SPD16_eabi.lib : memory.c.obj (.text:aligned_alloc)
                  00010d5c    000000fc                                   : fd_mul_t2.asm.obj (.text)
                  00010e58    000000f4     driverlib.lib : sysctl.obj (.text:SysCtlClockSet)
                  00010f4c    000000e4     rtsv7M4_T_le_v4SPD16_eabi.lib : memory.c.obj (.text:free)
                  00011030    000000c4     driverlib.lib : eeprom.obj (.text:EEPROMProgram)
                  000110f4    0000009c     rtsv7M4_T_le_v4SPD16_eabi.lib : memcpy_t2.asm.obj (.text)
                  00011190    00000096                                   : ull_div_t2.asm.obj (.text)
                  00011226    00000086                                   : fd_cmp_t2.asm.obj (.text:__aeabi_cdcmple)
                  000112ac    00000086                                   : fd_cmp_t2.asm.obj (.text:__aeabi_cdrcmple)
                  00011332    0000007a     driverlib.lib : adc.obj (.text:ADCSequenceStepConfigure)
                  000113ac    0000007a     rtsv7M4_T_le_v4SPD16_eabi.lib : memset_t2.asm.obj (.text)
                  00011426    00000002                                   : _lock.c.obj (.text:_nop)
                  00011428    00000070                                   : memory.c.obj (.text:split)
                  00011498    0000006e                                   : ll_div_t2.asm.obj (.text)
                  00011506    00000002                                   : div0.asm.obj (.text)
                  00011508    00000068     driverlib.lib : interrupt.obj (.text:IntEnable)
                  00011570    00000068     rtsv7M4_T_le_v4SPD16_eabi.lib : copy_decompress_lzss.c.obj (.text:decompress:lzss:__TI_decompress_lzss)
                  000115d8    00000068     delay.obj (.text)
                  00011640    00000060     rtsv7M4_T_le_v4SPD16_eabi.lib : hosttime.c.obj (.text:HOSTtime64)
                  000116a0    00000060     driverlib.lib : timer.obj (.text:TimerConfigure)
                  00011700    00000060     rtsv7M4_T_le_v4SPD16_eabi.lib : autoinit.c.obj (.text:__TI_auto_init_nobinit:__TI_auto_init_nobinit)
                  00011760    0000005c     Print.obj (.text:__isnan)
                  000117bc    00000058     driverlib.lib : gpio.obj (.text:GPIOIntTypeSet)
                  00011814    00000058     tiot_timer.obj (.text)
                  0001186c    00000054     Print.obj (.text:__isinf)
                  000118c0    00000050     driverlib.lib : sysctl.obj (.text:SysCtlPeripheralReset)
                  00011910    0000004e                   : adc.obj (.text:ADCSequenceConfigure)
                  0001195e    00000002     --HOLE-- [fill = 0]
                  00011960    0000004c                   : gpio.obj (.text:GPIOPinConfigure)
                  000119ac    0000004c                   : i2c.obj (.text:I2CMasterInitExpClk)
                  000119f8    0000004c     rtsv7M4_T_le_v4SPD16_eabi.lib : atoi.c.obj (.text:atoi)
                  00011a44    00000048                                   : exit.c.obj (.text:exit)
                  00011a8c    00000048                                   : fd_toi_t2.asm.obj (.text)
                  00011ad4    00000046     driverlib.lib : uart.obj (.text:UARTConfigSetExpClk)
                  00011b1a    00000002     --HOLE-- [fill = 0]
                  00011b1c    00000044                   : gpio.obj (.text:_GPIOIntNumberGet)
                  00011b60    00000044     rtsv7M4_T_le_v4SPD16_eabi.lib : dtor_list.c.obj (.text:_Z25__add_destruction_to_listPP20a_needed_destructionPFYvPvES2_S2_)
                  00011ba4    00000044                                   : fd_tou_t2.asm.obj (.text)
                  00011be8    00000042                                   : dtor_list.c.obj (.text:_Z23__finalize_destructionsPP20a_needed_destructionPv)
                  00011c2a    00000002     --HOLE-- [fill = 0]
                  00011c2c    00000040     driverlib.lib : eeprom.obj (.text:EEPROMInit)
                  00011c6c    00000040     rtsv7M4_T_le_v4SPD16_eabi.lib : u_divt2.asm.obj (.text)
                  00011cac    0000003c     driverlib.lib : ssi.obj (.text:SSIConfigSetExpClk)
                  00011ce8    0000003c                   : eeprom.obj (.text:_EEPROMSectorMaskSet)
                  00011d24    00000038                   : eeprom.obj (.text:EEPROMRead)
                  00011d5c    00000038                   : sysctl.obj (.text:SysCtlPeripheralReady)
                  00011d94    00000038     rtsv7M4_T_le_v4SPD16_eabi.lib : trgmsg.c.obj (.text:__TI_writemsg)
                  00011dcc    00000034     driverlib.lib : interrupt.obj (.text:IntRegister)
                  00011e00    00000034                   : sysctl.obj (.text:SysCtlPeripheralDisable)
                  00011e34    00000034                   : sysctl.obj (.text:SysCtlPeripheralEnable)
                  00011e68    00000034                   : eeprom.obj (.text:_EEPROMSectorMaskClear)
                  00011e9c    00000034     rtsv7M4_T_le_v4SPD16_eabi.lib : trgmsg.c.obj (.text:__TI_readmsg)
                  00011ed0    00000034                                   : dtor_list.c.obj (.text:__aeabi_atexit)
                  00011f04    00000034                                   : boot_cortex_m.c.obj (.text:_c_int00_noargs:_c_int00_noargs)
                  00011f38    00000034                                   : rand.c.obj (.text:rand)
                  00011f6c    00000034                                   : strstr.c.obj (.text:strstr)
                  00011fa0    0000002e     driverlib.lib : adc.obj (.text:ADCIntStatus)
                  00011fce    0000002e     rtsv7M4_T_le_v4SPD16_eabi.lib : i_tofd_t2.asm.obj (.text)
                  00011ffc    0000002c     driverlib.lib : gpio.obj (.text:GPIODirModeSet)
                  00012028    0000002c     SPI.obj (.text)
                  00012054    0000002c     rtsv7M4_T_le_v4SPD16_eabi.lib : strncmp.c.obj (.text:strncmp)
                  00012080    00000028                                   : memory.c.obj (.text:free_list_insert)
                  000120a8    00000024     Print.obj (.text:_ZN5Print5writeEPKc)
                  000120cc    00000024     Dhcp.obj (.text:_ZN9IPAddressC1ERKS_)
                  000120f0    00000024     Dhcp.obj (.text:_ZThn8_N6UIPUDP4readEPcj)
                  00012114    00000024     rtsv7M4_T_le_v4SPD16_eabi.lib : memcmp.c.obj (.text:memcmp)
                  00012138    00000024                                   : rand.c.obj (.text:srand)
                  0001215c    00000022     UIPClient.obj (.text:_ZN9UIPClientneERKS_)
                  0001217e    00000002     --HOLE-- [fill = 0]
                  00012180    00000020     driverlib.lib : uart.obj (.text:UARTDisable)
                  000121a0    00000020     Print.obj (.text:_Z14__libcpp_isinfIdEbT_)
                  000121c0    00000020     Print.obj (.text:_Z14__libcpp_isnanIdEbT_)
                  000121e0    00000020     rtsv7M4_T_le_v4SPD16_eabi.lib : u_tofd_t2.asm.obj (.text)
                  00012200    0000001e     driverlib.lib : adc.obj (.text:ADCSequenceDataGet)
                  0001221e    00000002     --HOLE-- [fill = 0]
                  00012220    0000001c     UIPClient.obj (.text:_ZN5PrintC1Ev)
                  0001223c    0000001c     Dhcp.obj (.text:_ZNK9IPAddresseqERKS_)
                  00012258    0000001c     rtsv7M4_T_le_v4SPD16_eabi.lib : memory.c.obj (.text:free_list_remove)
                  00012274    0000001c     millis.obj (.text)
                  00012290    0000001a     driverlib.lib : gpio.obj (.text:GPIOPinTypeGPIOOutput)
                  000122aa    0000001a     Dns.obj (.text:_ZN9IPAddressaSERKS_)
                  000122c4    00000018     driverlib.lib : adc.obj (.text:ADCProcessorTrigger)
                  000122dc    00000018                   : gpio.obj (.text:GPIOIntRegister)
                  000122f4    00000018     Print.obj (.text:_Z5isinfIdENSt3__29enable_ifIXaasr3std3__213is_arithmeticIT_EE5valuesr3std3__214numeric_limitsIS2_EE12has_infinityEbE4typeES2_)
                  0001230c    00000018     Print.obj (.text:_Z5isnanIdENSt3__29enable_ifIXsr3std3__217is_floating_pointIT_EE5valueEbE4typeES2_)
                  00012324    00000018     UIPUdp.obj (.text:_ZN3UDPC1Ev)
                  0001233c    00000018     Telecom_Ethernet.obj (.text:_ZN5Print5writeEPKcj)
                  00012354    00000018     UIPClient.obj (.text:_ZN6ClientC1Ev)
                  0001236c    00000018     UIPServer.obj (.text:_ZN6ServerC1Ev)
                  00012384    00000018     Dhcp.obj (.text:_ZN6UIPUDP4readEPcj)
                  0001239c    00000018     Dhcp.obj (.text:_ZN9PrintableC1ERKS_)
                  000123b4    00000018     IPAddress.obj (.text:_ZN9PrintableC1Ev)
                  000123cc    00000018     rtsv7M4_T_le_v4SPD16_eabi.lib : ll_mul_t2.asm.obj (.text)
                  000123e4    00000018                                   : strcmp.c.obj (.text:strcmp)
                  000123fc    00000016     driverlib.lib : gpio.obj (.text:GPIOPinTypeADC)
                  00012412    00000016                   : gpio.obj (.text:GPIOPinTypeGPIOInput)
                  00012428    00000016                   : gpio.obj (.text:GPIOPinTypeI2C)
                  0001243e    00000016                   : gpio.obj (.text:GPIOPinTypeI2CSCL)
                  00012454    00000016                   : gpio.obj (.text:GPIOPinTypeSSI)
                  0001246a    00000016                   : gpio.obj (.text:GPIOPinTypeUART)
                  00012480    00000016     UIPClient.obj (.text:_ZN9DNSClientC1Ev)
                  00012496    00000016     UIPClient.obj (.text:_ZThn8_N9UIPClientD1Ev)
                  000124ac    00000016     UIPServer.obj (.text:_ZThn8_N9UIPServerD1Ev)
                  000124c2    00000002     --HOLE-- [fill = 0]
                  000124c4    00000014     driverlib.lib : systick.obj (.text:SysTickEnable)
                  000124d8    00000014                   : systick.obj (.text:SysTickIntEnable)
                  000124ec    00000014                   : uart.obj (.text:UARTEnable)
                  00012500    00000014     Telecom_Ethernet.obj (.text:_ZN6ClientD0Ev)
                  00012514    00000014     UIPServer.obj (.text:_ZN6ServerD0Ev)
                  00012528    00000014     Telecom_Ethernet.obj (.text:_ZN9IPAddressD0Ev)
                  0001253c    00000014     Dns.obj (.text:_ZN9IPAddressixEi)
                  00012550    00000014     Telecom_Ethernet.obj (.text:_ZN9PrintableD0Ev)
                  00012564    00000014     Telecom_Ethernet.obj (.text:_ZN9UIPClientD0Ev)
                  00012578    00000014     UIPServer.obj (.text:_ZN9UIPServerD0Ev)
                  0001258c    00000014     rtsv7M4_T_le_v4SPD16_eabi.lib : strcpy.c.obj (.text:strcpy)
                  000125a0    00000014                                   : strlen.c.obj (.text:strlen)
                  000125b4    00000012     driverlib.lib : ssi.obj (.text:SSIDataGetNonBlocking)
                  000125c6    00000012                   : timer.obj (.text:TimerLoadSet)
                  000125d8    00000012                   : timer.obj (.text:TimerPrescaleSet)
                  000125ea    00000012     Telecom_server_query.obj (.text:_Z3absl)
                  000125fc    00000012     Telecom_Ethernet.obj (.text:_ZThn8_N9UIPClientD0Ev)
                  0001260e    00000012     UIPServer.obj (.text:_ZThn8_N9UIPServerD0Ev)
                  00012620    00000010     driverlib.lib : interrupt.obj (.text:IntMasterDisable)
                  00012630    00000010                   : interrupt.obj (.text:IntMasterEnable)
                  00012640    00000010                   : sysctl.obj (.text:SysCtlReset)
                  00012650    00000010                   : systick.obj (.text:SysTickPeriodSet)
                  00012660    00000010                   : eeprom.obj (.text:_EEPROMWaitForDone)
                  00012670    00000010     UIPEthernet.obj (.text:_ZN9DhcpClassC1Ev)
                  00012680    00000010     Dhcp.obj (.text:_ZN9PrintableC2ERKS_)
                  00012690    00000010     Telecom_Ethernet.obj (.text:_ZN9UIPClientD1Ev)
                  000126a0    00000010     UIPServer.obj (.text:_ZN9UIPServerD1Ev)
                  000126b0    00000010     rtsv7M4_T_le_v4SPD16_eabi.lib : time64.c.obj (.text:__time64)
                  000126c0    00000010                                   : isdigit.c.obj (.text:isdigit)
                  000126d0    0000000e     driverlib.lib : adc.obj (.text:ADCSequenceEnable)
                  000126de    0000000e                   : gpio.obj (.text:GPIOIntStatus)
                  000126ec    0000000e                   : i2c.obj (.text:I2CRxFIFOFlush)
                  000126fa    0000000e                   : i2c.obj (.text:I2CTxFIFOFlush)
                  00012708    0000000e                   : ssi.obj (.text:SSIDataPutNonBlocking)
                  00012716    0000000e                   : timer.obj (.text:TimerEnable)
                  00012724    0000000e                   : uart.obj (.text:UARTCharGetNonBlocking)
                  00012732    0000000e                   : uart.obj (.text:UARTCharPutNonBlocking)
                  00012740    0000000e                   : uart.obj (.text:UARTCharsAvail)
                  0001274e    0000000e     rtsv7M4_T_le_v4SPD16_eabi.lib : typeinfo.c.obj (.text:_ZN10__cxxabiv117__class_type_infoD0Ev)
                  0001275c    0000000e                                   : typeinfo.c.obj (.text:_ZN10__cxxabiv120__si_class_type_infoD0Ev)
                  0001276a    0000000e                                   : typeinfo.c.obj (.text:_ZN10__cxxabiv121__vmi_class_type_infoD0Ev)
                  00012778    0000000e     UIPClient.obj (.text:_ZN9DNSClientD1Ev)
                  00012786    0000000e     Dns.obj (.text:_ZN9IPAddress11raw_addressEv)
                  00012794    0000000e     Telecom_Ethernet.obj (.text:_ZN9IPAddressD1Ev)
                  000127a2    0000000e     Dns.obj (.text:_ZN9PrintableaSERKS_)
                  000127b0    0000000e     Print.obj (.text:_ZNK6String5c_strEv)
                  000127be    0000000e     Print.obj (.text:_ZNK6String6lengthEv)
                  000127cc    0000000e     Dns.obj (.text:_ZNK9IPAddresscvjEv)
                  000127da    0000000e     rtsv7M4_T_le_v4SPD16_eabi.lib : copy_decompress_none.c.obj (.text:decompress:none:__TI_decompress_none)
                  000127e8    0000000c     driverlib.lib : cpu.obj (.text:CPUcpsid)
                  000127f4    0000000c                   : cpu.obj (.text:CPUcpsie)
                  00012800    0000000c                   : gpio.obj (.text:GPIOIntEnable)
                  0001280c    0000000c                   : sysctl.obj (.text:SysCtlResetCauseGet)
                  00012818    0000000c     UIPUdp.obj (.text:_ZN3UDPC2Ev)
                  00012824    0000000c     UIPClient.obj (.text:_ZN5PrintC2Ev)
                  00012830    0000000c     UIPClient.obj (.text:_ZN6ClientC2Ev)
                  0001283c    0000000c     Telecom_Ethernet.obj (.text:_ZN6ClientD1Ev)
                  00012848    0000000c     Telecom_Ethernet.obj (.text:_ZN6ClientD2Ev)
                  00012854    0000000c     UIPServer.obj (.text:_ZN6ServerC2Ev)
                  00012860    0000000c     UIPServer.obj (.text:_ZN6ServerD1Ev)
                  0001286c    0000000c     UIPServer.obj (.text:_ZN6ServerD2Ev)
                  00012878    0000000c     IPAddress.obj (.text:_ZN9PrintableC2Ev)
                  00012884    0000000c     Telecom_Ethernet.obj (.text:_ZN9PrintableD1Ev)
                  00012890    0000000c     Telecom_Ethernet.obj (.text:_ZN9PrintableD2Ev)
                  0001289c    0000000c     rtsv7M4_T_le_v4SPD16_eabi.lib : dtor_list.c.obj (.text:__cxa_finalize)
                  000128a8    0000000c                                   : guard.c.obj (.text:__cxa_guard_acquire)
                  000128b4    0000000c                                   : copy_zero_init.c.obj (.text:decompress:ZI:__TI_zero_init)
                  000128c0    0000000c     tm4c1233e6pz_startup_ccs.obj (.text)
                  000128cc    0000000a     driverlib.lib : adc.obj (.text:ADCIntClear)
                  000128d6    0000000a                   : i2c.obj (.text:I2CMasterEnable)
                  000128e0    0000000a                   : ssi.obj (.text:SSIEnable)
                  000128ea    0000000a                   : uart.obj (.text:UARTIntStatus)
                  000128f4    0000000a     rtsv7M4_T_le_v4SPD16_eabi.lib : guard.c.obj (.text:__cxa_guard_release)
                  000128fe    00000008     driverlib.lib : i2c.obj (.text:I2CMasterBusy)
                  00012906    00000008                   : i2c.obj (.text:I2CMasterSlaveAddrSet)
                  0001290e    00000008                   : timer.obj (.text:TimerIntEnable)
                  00012916    00000008                   : uart.obj (.text:UARTBusy)
                  0001291e    00000008                   : uart.obj (.text:UARTIntEnable)
                  00012926    00000008     rtsv7M4_T_le_v4SPD16_eabi.lib : new.cpp.obj (.text:_ZdlPv)
                  0001292e    00000008                                   : memory.c.obj (.text:malloc)
                  00012936    00000006     driverlib.lib : gpio.obj (.text:GPIOIntClear)
                  0001293c    00000006                   : gpio.obj (.text:GPIOPinRead)
                  00012942    00000006                   : gpio.obj (.text:GPIOPinWrite)
                  00012948    00000006                   : sysctl.obj (.text:SysCtlDelay)
                  0001294e    00000006     rtsv7M4_T_le_v4SPD16_eabi.lib : dtor_list.c.obj (.text:__cxa_ia64_exit)
                  00012954    00000006                                   : pure_virt.c.obj (.text:__cxa_pure_virtual)
                  0001295a    00000004     driverlib.lib : i2c.obj (.text:I2CMasterControl)
                  0001295e    00000004                   : i2c.obj (.text:I2CMasterDataGet)
                  00012962    00000004                   : i2c.obj (.text:I2CMasterDataPut)
                  00012966    00000004                   : timer.obj (.text:TimerIntClear)
                  0001296a    00000004                   : uart.obj (.text:UARTIntClear)
                  0001296e    00000004     rtsv7M4_T_le_v4SPD16_eabi.lib : typeinfo.c.obj (.text:_ZN10__cxxabiv117__class_type_infoD1Ev)
                  00012972    00000004                                   : typeinfo.c.obj (.text:_ZN10__cxxabiv120__si_class_type_infoD1Ev)
                  00012976    00000004                                   : typeinfo.c.obj (.text:_ZN10__cxxabiv121__vmi_class_type_infoD1Ev)
                  0001297a    00000004                                   : new.cpp.obj (.text:_ZdlPvj)
                  0001297e    00000004                                   : error.c.obj (.text:__abort_execution)
                  00012982    00000004                                   : pre_init.c.obj (.text:_system_pre_init)
                  00012986    00000004                                   : exit.c.obj (.text:abort:abort)

.const     0    0001298c    00000ae0     
                  0001298c    000001d6     GLCD.obj (.const:.string:font5x8)
                  00012b62    00000101     rtsv7M4_T_le_v4SPD16_eabi.lib : ctype.c.obj (.const:.string:_ctypes_)
                  00012c63    00000001     --HOLE-- [fill = 0]
                  00012c64    000000d8     driverlib.lib : gpio.obj (.const:g_ppui32GPIOIntMapSnowflake)
                  00012d3c    000000c0                   : gpio.obj (.const:g_ppui32GPIOIntMapBlizzard)
                  00012dfc    00000090     UIPUdp.obj (.const:_ZTV6UIPUDP)
                  00012e8c    00000090     driverlib.lib : gpio.obj (.const:g_pui32GPIOBaseAddrs)
                  00012f1c    0000008c     UIPClient.obj (.const:_ZTV9UIPClient)
                  00012fa8    0000006c     driverlib.lib : sysctl.obj (.const:g_pui32Xtals)
                  00013014    00000060     rtsv7M4_T_le_v4SPD16_eabi.lib : mktime64.c.obj (.const:$O1$$)
                  00013074    0000004e     GLCD.obj (.const:.string:BattFont5x8)
                  000130c2    00000002     --HOLE-- [fill = 0]
                  000130c4    00000048     UIPUdp.obj (.const:_ZTV3UDP)
                  0001310c    00000041     _common.obj (.const:.string:$P$T0$1)
                  0001314d    00000003     --HOLE-- [fill = 0]
                  00013150    00000040     UIPClient.obj (.const:_ZTV6Client)
                  00013190    00000034     UIPServer.obj (.const:_ZTV9UIPServer)
                  000131c4    00000026     rtsv7M4_T_le_v4SPD16_eabi.lib : typeinfo.c.obj (.const:.typeinfo:_ZTSN10__cxxabiv121__vmi_class_type_infoE)
                  000131ea    00000025                                   : typeinfo.c.obj (.const:.typeinfo:_ZTSN10__cxxabiv120__si_class_type_infoE)
                  0001320f    00000001     --HOLE-- [fill = 0]
                  00013210    00000024     Clock.obj (.const:$P$T0$1)
                  00013234    00000022     rtsv7M4_T_le_v4SPD16_eabi.lib : typeinfo.c.obj (.const:.typeinfo:_ZTSN10__cxxabiv117__class_type_infoE)
                  00013256    00000002     --HOLE-- [fill = 0]
                  00013258    00000020     UIPUdp.obj (.const:.typeinfo:_ZTI6UIPUDP)
                  00013278    00000020     UIPClient.obj (.const:.typeinfo:_ZTI9UIPClient)
                  00013298    00000020     UIPServer.obj (.const:.typeinfo:_ZTI9UIPServer)
                  000132b8    00000019     Telecom_Ethernet.obj (.const:.string:$P$T1$5)
                  000132d1    00000014     GLCD.obj (.const:.string:NetworkFont5x8)
                  000132e5    00000003     --HOLE-- [fill = 0]
                  000132e8    00000014     UIPServer.obj (.const:_ZTV6Server)
                  000132fc    00000014     IPAddress.obj (.const:_ZTV9IPAddress)
                  00013310    00000014     Dhcp.obj (.const:_ZTV9Printable)
                  00013324    00000014     driverlib.lib : interrupt.obj (.const:g_pui32EnRegs)
                  00013338    00000010     Print.obj (.const:_ZTV5Print)
                  00013348    00000010     rtsv7M4_T_le_v4SPD16_eabi.lib : typeinfo.c.obj (.const:_ZTVN10__cxxabiv117__class_type_infoE)
                  00013358    00000010                                   : typeinfo.c.obj (.const:_ZTVN10__cxxabiv120__si_class_type_infoE)
                  00013368    00000010                                   : typeinfo.c.obj (.const:_ZTVN10__cxxabiv121__vmi_class_type_infoE)
                  00013378    0000000d                                   : stdlib_typeinfo.cpp.obj (.const:.typeinfo:_ZTSSt9type_info)
                  00013385    00000003     --HOLE-- [fill = 0]
                  00013388    0000000c     IPAddress.obj (.const:.typeinfo:_ZTI9IPAddress)
                  00013394    0000000c     rtsv7M4_T_le_v4SPD16_eabi.lib : typeinfo.c.obj (.const:.typeinfo:_ZTIN10__cxxabiv117__class_type_infoE)
                  000133a0    0000000c                                   : typeinfo.c.obj (.const:.typeinfo:_ZTIN10__cxxabiv120__si_class_type_infoE)
                  000133ac    0000000c                                   : typeinfo.c.obj (.const:.typeinfo:_ZTIN10__cxxabiv121__vmi_class_type_infoE)
                  000133b8    0000000b     IPAddress.obj (.const:.typeinfo:_ZTS9IPAddress)
                  000133c3    0000000b     Dhcp.obj (.const:.typeinfo:_ZTS9Printable)
                  000133ce    0000000b     UIPClient.obj (.const:.typeinfo:_ZTS9UIPClient)
                  000133d9    0000000b     UIPServer.obj (.const:.typeinfo:_ZTS9UIPServer)
                  000133e4    00000008     Clock.obj (.const:$P$T1$2)
                  000133ec    00000008     Telecom_Ethernet.obj (.const:.string:$P$T3$12)
                  000133f4    00000008     UIPUdp.obj (.const:.typeinfo:_ZTI3UDP)
                  000133fc    00000008     Print.obj (.const:.typeinfo:_ZTI5Print)
                  00013404    00000008     UIPClient.obj (.const:.typeinfo:_ZTI6Client)
                  0001340c    00000008     UIPServer.obj (.const:.typeinfo:_ZTI6Server)
                  00013414    00000008     Dhcp.obj (.const:.typeinfo:_ZTI9Printable)
                  0001341c    00000008     rtsv7M4_T_le_v4SPD16_eabi.lib : stdlib_typeinfo.cpp.obj (.const:.typeinfo:_ZTISt9type_info)
                  00013424    00000008     UIPClient.obj (.const:.typeinfo:_ZTS6Client)
                  0001342c    00000008     UIPServer.obj (.const:.typeinfo:_ZTS6Server)
                  00013434    00000008     UIPUdp.obj (.const:.typeinfo:_ZTS6UIPUDP)
                  0001343c    00000007     Print.obj (.const:.typeinfo:_ZTS5Print)
                  00013443    00000006     Telecom_Ethernet.obj (.const:.string:$P$T0$1)
                  00013449    00000006     Telecom_Ethernet.obj (.const:.string:$P$T2$8)
                  0001344f    00000006     UIPEthernet.obj (.const:.string:$P$T6$1)
                  00013455    00000006     uip_arp.obj (.const:broadcast_ethaddr)
                  0001345b    00000005     UIPUdp.obj (.const:.typeinfo:_ZTS3UDP)
                  00013460    00000004     uip.obj (.const:all_ones_addr)
                  00013464    00000004     uip.obj (.const:all_zeroes_addr)
                  00013468    00000004     uip_arp.obj (.const:broadcast_ipaddr)

.cinit     0    00013490    00000090     
                  00013490    0000005a     (.cinit..data.load) [load image, compression = lzss]
                  000134ea    00000002     --HOLE-- [fill = 0]
                  000134ec    0000000c     (__TI_handler_table)
                  000134f8    00000008     (.cinit..bss.load) [load image, compression = zero_init]
                  00013500    00000008     (.cinit..vtable.load) [load image, compression = zero_init]
                  00013508    00000018     (__TI_cinit_table)

.init_array 
*          0    0001346c    00000024     
                  0001346c    00000004     IPAddress.obj (.init_array)
                  00013470    00000004     UIPUdp.obj (.init_array)
                  00013474    00000004     UIPServer.obj (.init_array)
                  00013478    00000004     UIPEthernet.obj (.init_array)
                  0001347c    00000004     UIPClient.obj (.init_array)
                  00013480    00000004     Dns.obj (.init_array)
                  00013484    00000004     Dhcp.obj (.init_array)
                  00013488    00000004     main.obj (.init_array)
                  0001348c    00000004     Telecom_Ethernet.obj (.init_array)

.vtable    0    20000000    0000026c     UNINITIALIZED
                  20000000    0000026c     driverlib.lib : interrupt.obj (.vtable)

.bss       0    2000026c    00002800     UNINITIALIZED
                  2000026c    00000a34     (.common:ethernet_rx_buff)
                  20000ca0    00000a30     (.common:ethernet_tx_buff)
                  200016d0    00000230     (.common:_ZN10MemoryPool6blocksE)
                  20001900    000001fc     (.common:gprs_rx_buff)
                  20001afc    000001fc     (.common:gprs_tx_buff)
                  20001cf8    00000188     (.common:dummy_json_string)
                  20001e80    0000017c     (.common:adc)
                  20001ffc    00000130     (.common:display_tx)
                  2000212c    00000120     rtsv7M4_T_le_v4SPD16_eabi.lib : trgmsg.c.obj (.bss:_CIOBUF_)
                  2000224c    000000d6     (.common:cloud_config)
                  20002322    00000002     (.common:BCD_MODE)
                  20002324    000000a0     (.common:display_uart_rx)
                  200023c4    000000a0     (.common:pc_uart_rx)
                  20002464    00000080     (.common:e2p_cloud_config)
                  200024e4    00000080     (.common:uip_conns)
                  20002564    00000070     (.common:_ZN9UIPClient8all_dataE)
                  200025d4    00000064     (.common:uip_buf)
                  20002638    00000060     uip_arp.obj (.bss:arp_table)
                  20002698    0000005c     UIPEthernet.obj (.bss:s_dhcp)
                  200026f4    00000050     (.common:pc_uart_tx)
                  20002744    00000044     (.common:gps)
                  20002788    00000040     (.common:FLR_log_data)
                  200027c8    00000040     (.common:FL_log_data)
                  20002808    00000040     (.common:uip_udp_conns)
                  20002848    00000036     (.common:ram_data)
                  2000287e    00000029     (.common:adc_arr)
                  200028a7    0000001f     (.common:time_main)
                  200028c6    0000001c     (.common:measurements)
                  200028e2    00000002     (.common:EXTI_cnt)
                  200028e4    00000014     (.common:gprs)
                  200028f8    00000010     Telecom_Ethernet.obj (.bss:Eclient)
                  20002908    00000010     Telecom_Ethernet.obj (.bss:client)
                  20002918    00000010     (.common:e2p_device_info)
                  20002928    00000010     (.common:e2p_location_info)
                  20002938    00000010     (.common:freq_updated_data)
                  20002948    0000000e     (.common:scheduler)
                  20002956    0000000c     Telecom_Ethernet.obj (.bss)
                  20002962    0000000c     (.common:Alarms)
                  2000296e    0000000a     (.common:Telecom_Ethernet)
                  20002978    00000008     Dhcp.obj (.bss)
                  20002980    00000008     Dhcp.obj (.bss:INADDR_NONE)
                  20002988    00000008     Dns.obj (.bss:INADDR_NONE)
                  20002990    00000008     IPAddress.obj (.bss:INADDR_NONE)
                  20002998    00000008     Telecom_Ethernet.obj (.bss:INADDR_NONE)
                  200029a0    00000008     UIPClient.obj (.bss:INADDR_NONE)
                  200029a8    00000008     UIPEthernet.obj (.bss:INADDR_NONE)
                  200029b0    00000008     UIPServer.obj (.bss:INADDR_NONE)
                  200029b8    00000008     UIPUdp.obj (.bss:INADDR_NONE)
                  200029c0    00000008     main.obj (.bss:INADDR_NONE)
                  200029c8    00000008     UIPEthernet.obj (.bss:_ZN16UIPEthernetClass17_dnsServerAddressE)
                  200029d0    00000008     uip.obj (.bss)
                  200029d8    00000008     (.common:e2p_config_time)
                  200029e0    00000008     (.common:e2p_router_config)
                  200029e8    00000008     (.common:gps_data)
                  200029f0    00000008     (.common:parmbuf)
                  200029f8    00000008     (.common:uip_listenports)
                  20002a00    00000007     (.common:gps_date_time)
                  20002a07    00000001     UIPEthernet.obj (.bss:UIPEthernet)
                  20002a08    00000006     (.common:_ZN15Enc28J60Network10receivePktE)
                  20002a0e    00000006     (.common:time_stamp)
                  20002a14    00000004     UIPClient.obj (.bss:_ZZN9UIPClient7connectE9IPAddresstE4conn)
                  20002a18    00000004     uip_arp.obj (.bss:ipaddr)
                  20002a1c    00000004     uip.obj (.bss:iss)
                  20002a20    00000004     uip_arp.obj (.bss)
                  20002a24    00000004     (.common:Telecom_server_query)
                  20002a28    00000004     (.common:_ZN16UIPEthernetClass14periodic_timerE)
                  20002a2c    00000004     (.common:__dso_handle)
                  20002a30    00000004     (.common:_millis)
                  20002a34    00000004     (.common:startTime)
                  20002a38    00000004     (.common:u32DelayCounter)
                  20002a3c    00000004     (.common:uip_acc32)
                  20002a40    00000004     (.common:uip_appdata)
                  20002a44    00000004     (.common:uip_conn)
                  20002a48    00000004     (.common:uip_draddr)
                  20002a4c    00000004     (.common:uip_hostaddr)
                  20002a50    00000004     (.common:uip_netmask)
                  20002a54    00000004     (.common:uip_sappdata)
                  20002a58    00000004     (.common:uip_udp_conn)
                  20002a5c    00000003     (.common:relay_state)
                  20002a5f    00000001     (.common:System_mode)
                  20002a60    00000002     (.common:_ZN15Enc28J60Network13nextPacketPtrE)
                  20002a62    00000002     (.common:gprs_rx_isr_handler)
                  20002a64    00000002     (.common:uip_len)
                  20002a66    00000002     (.common:uip_slen)
                  20002a68    00000001     (.common:gps_handler_state)
                  20002a69    00000001     (.common:network_status)
                  20002a6a    00000001     (.common:uip_flags)
                  20002a6b    00000001     (.common:voltage_mode)

.stack     0    20002a70    00001800     UNINITIALIZED
                  20002a70    00000004     rtsv7M4_T_le_v4SPD16_eabi.lib : boot_cortex_m.c.obj (.stack)
                  20002a74    000017fc     --HOLE--

.data      0    20004270    000000d8     UNINITIALIZED
                  20004270    0000001b     Telecom_server_query.obj (.data:server_response_str)
                  2000428b    00000004     Enc28J60Network.obj (.data)
                  2000428f    00000001     Dhcp.obj (.data)
                  20004290    00000012     ADC_Core.obj (.data)
                  200042a2    00000002     IO_cntrl.obj (.data)
                  200042a4    00000010     flash_logger.obj (.data:FL_data)
                  200042b4    00000010     rtsv7M4_T_le_v4SPD16_eabi.lib : tmzone.c.obj (.data:_tz)
                  200042c4    00000010     main.obj (.data)
                  200042d4    0000000d     Telecom_Ethernet.obj (.data)
                  200042e1    00000001     UIPClient.obj (.data:_ZZN9UIPClient7connectE9IPAddresstE10first_call)
                  200042e2    00000002     UIPClient.obj (.data:_ZZN9UIPClient7connectE9IPAddresstE7timeout)
                  200042e4    0000000c     rtsv7M4_T_le_v4SPD16_eabi.lib : exit.c.obj (.data:$O1$$)
                  200042f0    0000000c     SysTick_Timer.obj (.data)
                  200042fc    0000000c     UartCore.obj (.data)
                  20004308    0000000c     gps.obj (.data)
                  20004314    00000008     rtsv7M4_T_le_v4SPD16_eabi.lib : _lock.c.obj (.data:$O1$$)
                  2000431c    00000008                                   : memory.c.obj (.data:$O1$$)
                  20004324    00000008     GLCD.obj (.data)
                  2000432c    00000008     UIPEthernet.obj (.data)
                  20004334    00000006     uip.obj (.data:uip_ethaddr)
                  2000433a    00000002     --HOLE--
                  2000433c    00000004     _common.obj (.data)
                  20004340    00000004     rtsv7M4_T_le_v4SPD16_eabi.lib : dtor_list.c.obj (.data)
                  20004344    00000004                                   : rand.c.obj (.data)

.sysmem    0    20004348    00000010     UNINITIALIZED
                  20004348    00000010     rtsv7M4_T_le_v4SPD16_eabi.lib : memory.c.obj (.sysmem)

__llvm_prf_cnts 
*          0    20000000    00000000     UNINITIALIZED

MODULE SUMMARY

       Module                         code    ro data   rw data
       ------                         ----    -------   -------
    .\
       tm4c1233e6pz_startup_ccs.obj   12      620       0      
    +--+------------------------------+-------+---------+---------+
       Total:                         12      620       0      
                                                               
    .\Sources\
       Telecom_Ethernet.obj           3416    49        5295   
       GLCD.obj                       4244    568       8      
       Clock.obj                      4432    44        37     
       gps.obj                        4120    0         96     
       Telecom_server_query.obj       2874    0         424    
       IO_cntrl.obj                   3172    0         10     
       E2P.obj                        2528    0         390    
       main.obj                       2620    4         36     
       ADC_Core.obj                   2112    0         467    
       PC_Cmds.obj                    2536    0         1      
       flashCore.obj                  2508    0         0      
       UartCore.obj                   1468    0         716    
       flash_logger.obj               1840    0         214    
       gprs.obj                       496     0         1038   
       _common.obj                    1296    65        4      
       DS3231.obj                     528     0         0      
       SysTick_Timer.obj              496     0         30     
       delay.obj                      104     0         0      
       tiot_timer.obj                 88      0         0      
       SPI.obj                        44      0         0      
    +--+------------------------------+-------+---------+---------+
       Total:                         40922   730       8766   
                                                               
    .\Sources\UIPEthernet\
       UIPClient.obj                  3156    267       127    
       Dhcp.obj                       2984    43        21     
       UIPEthernet.obj                2760    10        121    
       UIPUdp.obj                     1976    273       8      
       Dns.obj                        1544    4         8      
       UIPServer.obj                  800     135       8      
    +--+------------------------------+-------+---------+---------+
       Total:                         13220   732       293    
                                                               
    .\Sources\UIPEthernet\mbed\
       Print.obj                      1816    31        0      
       IPAddress.obj                  400     47        8      
       itoa.obj                       402     0         0      
       millis.obj                     28      0         4      
    +--+------------------------------+-------+---------+---------+
       Total:                         2646    78        12     
                                                               
    .\Sources\UIPEthernet\utility\
       uip.obj                        5476    8         355    
       Enc28J60Network.obj            2964    0         12     
       uip_arp.obj                    1508    10        104    
       mempool.obj                    752     0         560    
    +--+------------------------------+-------+---------+---------+
       Total:                         10700   18        1031   
                                                               
    C:/ti/TivaWare_C_Series-2.2.0.295/driverlib/ccs/Debug/driverlib.lib
       gpio.obj                       866     552       0      
       sysctl.obj                     798     108       0      
       interrupt.obj                  188     20        620    
       eeprom.obj                     444     0         0      
       adc.obj                        324     0         0      
       uart.obj                       194     0         0      
       timer.obj                      158     0         0      
       i2c.obj                        142     0         0      
       ssi.obj                        102     0         0      
       systick.obj                    56      0         0      
       cpu.obj                        24      0         0      
    +--+------------------------------+-------+---------+---------+
       Total:                         3296    680       620    
                                                               
    C:\ti\ccs1110\ccs\tools\compiler\ti-cgt-arm_20.2.6.LTS\lib\rtsv7M4_T_le_v4SPD16_eabi.lib
       mktime64.c.obj                 696     96        0      
       memory.c.obj                   672     0         8      
       fd_add_t2.asm.obj              438     0         0      
       trgmsg.c.obj                   108     0         288    
       fd_div_t2.asm.obj              310     0         0      
       fd_cmp_t2.asm.obj              268     0         0      
       ctype.c.obj                    0       257       0      
       fd_mul_t2.asm.obj              252     0         0      
       typeinfo.c.obj                 54      193       0      
       dtor_list.c.obj                204     0         8      
       memcpy_t2.asm.obj              156     0         0      
       ull_div_t2.asm.obj             150     0         0      
       memset_t2.asm.obj              122     0         0      
       ll_div_t2.asm.obj              110     0         0      
       copy_decompress_lzss.c.obj     104     0         0      
       autoinit.c.obj                 96      0         0      
       hosttime.c.obj                 96      0         0      
       rand.c.obj                     88      0         4      
       exit.c.obj                     76      0         12     
       atoi.c.obj                     76      0         0      
       fd_toi_t2.asm.obj              72      0         0      
       fd_tou_t2.asm.obj              68      0         0      
       u_divt2.asm.obj                64      0         0      
       boot_cortex_m.c.obj            52      0         0      
       strstr.c.obj                   52      0         0      
       i_tofd_t2.asm.obj              46      0         0      
       strncmp.c.obj                  44      0         0      
       memcmp.c.obj                   36      0         0      
       u_tofd_t2.asm.obj              32      0         0      
       ll_mul_t2.asm.obj              24      0         0      
       strcmp.c.obj                   24      0         0      
       stdlib_typeinfo.cpp.obj        2       21        0      
       guard.c.obj                    22      0         0      
       strcpy.c.obj                   20      0         0      
       strlen.c.obj                   20      0         0      
       isdigit.c.obj                  16      0         0      
       time64.c.obj                   16      0         0      
       tmzone.c.obj                   0       0         16     
       copy_decompress_none.c.obj     14      0         0      
       copy_zero_init.c.obj           12      0         0      
       new.cpp.obj                    12      0         0      
       _lock.c.obj                    2       0         8      
       hostopen.c.obj                 0       0         8      
       pure_virt.c.obj                6       0         0      
       error.c.obj                    4       0         0      
       pre_init.c.obj                 4       0         0      
       div0.asm.obj                   2       0         0      
    +--+------------------------------+-------+---------+---------+
       Total:                         4742    567       352    
                                                               
       Heap:                          0       0         16     
       Stack:                         0       0         6144   
       Linker Generated:              0       142       0      
    +--+------------------------------+-------+---------+---------+
       Grand Total:                   75538   3567      17234  


LINKER GENERATED COPY TABLES

__TI_cinit_table @ 00013508 records: 3, size/record: 8, table size: 24
	.data: load addr=00013490, load size=0000005a bytes, run addr=20004270, run size=000000d8 bytes, compression=lzss
	.bss: load addr=000134f8, load size=00000008 bytes, run addr=2000026c, run size=00002800 bytes, compression=zero_init
	.vtable: load addr=00013500, load size=00000008 bytes, run addr=20000000, run size=0000026c bytes, compression=zero_init


LINKER GENERATED HANDLER TABLE

__TI_handler_table @ 000134ec records: 3, size/record: 4, table size: 12
	index: 0, handler: __TI_zero_init
	index: 1, handler: __TI_decompress_lzss
	index: 2, handler: __TI_decompress_none


GLOBAL SYMBOLS: SORTED ALPHABETICALLY BY Name 

address   name                                                                                                                          
-------   ----                                                                                                                          
200042f4  ACVoltReadMillis                                                                                                              
000128cd  ADCIntClear                                                                                                                   
00011fa1  ADCIntStatus                                                                                                                  
000122c5  ADCProcessorTrigger                                                                                                           
00011911  ADCSequenceConfigure                                                                                                          
00012201  ADCSequenceDataGet                                                                                                            
000126d1  ADCSequenceEnable                                                                                                             
00011333  ADCSequenceStepConfigure                                                                                                      
20002962  Alarms                                                                                                                        
20002322  BCD_MODE                                                                                                                      
00012987  C$$EXIT                                                                                                                       
00011dc3  C$$IO$$                                                                                                                       
000127e9  CPUcpsid                                                                                                                      
000127f5  CPUcpsie                                                                                                                      
0000e053  DEBUGUARTIntHandler                                                                                                           
00011c2d  EEPROMInit                                                                                                                    
00011031  EEPROMProgram                                                                                                                 
00011d25  EEPROMRead                                                                                                                    
2000428b  ENC28J60ControlCS                                                                                                             
200028e2  EXTI_cnt                                                                                                                      
200028f8  Eclient                                                                                                                       
20002788  FLR_log_data                                                                                                                  
200027c8  FL_log_data                                                                                                                   
200042d0  GLCD_startup_time                                                                                                             
0000565d  GPIODIntHandler                                                                                                               
00011ffd  GPIODirModeSet                                                                                                                
00012937  GPIOIntClear                                                                                                                  
00012801  GPIOIntEnable                                                                                                                 
000122dd  GPIOIntRegister                                                                                                               
000126df  GPIOIntStatus                                                                                                                 
000117bd  GPIOIntTypeSet                                                                                                                
00010735  GPIOPadConfigSet                                                                                                              
00011961  GPIOPinConfigure                                                                                                              
0001293d  GPIOPinRead                                                                                                                   
000123fd  GPIOPinTypeADC                                                                                                                
00012413  GPIOPinTypeGPIOInput                                                                                                          
00012291  GPIOPinTypeGPIOOutput                                                                                                         
00012429  GPIOPinTypeI2C                                                                                                                
0001243f  GPIOPinTypeI2CSCL                                                                                                             
00012455  GPIOPinTypeSSI                                                                                                                
0001246b  GPIOPinTypeUART                                                                                                               
00012943  GPIOPinWrite                                                                                                                  
00011641  HOSTtime64                                                                                                                    
000128ff  I2CMasterBusy                                                                                                                 
0001295b  I2CMasterControl                                                                                                              
0001295f  I2CMasterDataGet                                                                                                              
00012963  I2CMasterDataPut                                                                                                              
000128d7  I2CMasterEnable                                                                                                               
000119ad  I2CMasterInitExpClk                                                                                                           
00012907  I2CMasterSlaveAddrSet                                                                                                         
000126ed  I2CRxFIFOFlush                                                                                                                
000126fb  I2CTxFIFOFlush                                                                                                                
00011509  IntEnable                                                                                                                     
00012621  IntMasterDisable                                                                                                              
00012631  IntMasterEnable                                                                                                               
00011dcd  IntRegister                                                                                                                   
0000e1dd  LTEUARTIntHandler                                                                                                             
20004298  NE_ADC_RAW_MAX                                                                                                                
20004290  PN_ADC_RAW_MAX                                                                                                                
000128c1  ResetISR                                                                                                                      
0001346c  SHT$$INIT_ARRAY$$Base                                                                                                         
00013490  SHT$$INIT_ARRAY$$Limit                                                                                                        
00011cad  SSIConfigSetExpClk                                                                                                            
000125b5  SSIDataGetNonBlocking                                                                                                         
00012709  SSIDataPutNonBlocking                                                                                                         
000128e1  SSIEnable                                                                                                                     
00010b45  SysCtlClockGet                                                                                                                
00010e59  SysCtlClockSet                                                                                                                
00012949  SysCtlDelay                                                                                                                   
00011e01  SysCtlPeripheralDisable                                                                                                       
00011e35  SysCtlPeripheralEnable                                                                                                        
00011d5d  SysCtlPeripheralReady                                                                                                         
000118c1  SysCtlPeripheralReset                                                                                                         
00012641  SysCtlReset                                                                                                                   
0001280d  SysCtlResetCauseGet                                                                                                           
000124c5  SysTickEnable                                                                                                                 
000124d9  SysTickIntEnable                                                                                                              
00010029  SysTickIntHandler                                                                                                             
00012651  SysTickPeriodSet                                                                                                              
0001227d  SysTick_Handler                                                                                                               
20002a5f  System_mode                                                                                                                   
2000296e  Telecom_Ethernet                                                                                                              
20002a24  Telecom_server_query                                                                                                          
000116a1  TimerConfigure                                                                                                                
00012717  TimerEnable                                                                                                                   
00012967  TimerIntClear                                                                                                                 
0001290f  TimerIntEnable                                                                                                                
0001184f  TimerIntHandler                                                                                                               
000125c7  TimerLoadSet                                                                                                                  
000125d9  TimerPrescaleSet                                                                                                              
00012917  UARTBusy                                                                                                                      
00012725  UARTCharGetNonBlocking                                                                                                        
00012733  UARTCharPutNonBlocking                                                                                                        
00012741  UARTCharsAvail                                                                                                                
00011ad5  UARTConfigSetExpClk                                                                                                           
00012181  UARTDisable                                                                                                                   
000124ed  UARTEnable                                                                                                                    
0001296b  UARTIntClear                                                                                                                  
0001291f  UARTIntEnable                                                                                                                 
000128eb  UARTIntStatus                                                                                                                 
20002a07  UIPEthernet                                                                                                                   
0000c2a3  _Z10Chip_Erasev                                                                                                               
0000ca65  _Z10GetAdcDatav                                                                                                               
0000fe5b  _Z10I2CReceivev                                                                                                               
00005a31  _Z10ToggleLEDsv                                                                                                               
00001a85  _Z10asUnixTimeiiiiii                                                                                                          
0000d5ef  _Z10clear_logsv                                                                                                               
000084a9  _Z10getREQmodev                                                                                                               
0000f123  _Z10my_sprintfPciz                                                                                                            
000038fd  _Z10print_dashv                                                                                                               
00008495  _Z10setREQmode13gprs_status_t                                                                                                 
000037d1  _Z10updateGlcdv                                                                                                               
00002355  _Z10update_rtcPci                                                                                                             
000047e5  _Z10utcTOlocalP15gps_date_time_t                                                                                              
00011815  _Z10vTimerInitv                                                                                                               
00004e45  _Z10ws_connectv                                                                                                               
00005049  _Z10ws_disconnv                                                                                                               
00005ac1  _Z11SetODU_Mode14voltage_mode_t                                                                                               
0000c0d7  _Z11SetSI_Inputv                                                                                                              
0000c0f3  _Z11SetSO_Inputv                                                                                                              
0000e2fd  _Z11Usendbufferj                                                                                                              
0000d61f  _Z11clear_flashv                                                                                                              
0000f4ef  _Z11count_commaPct                                                                                                            
0000bcf9  _Z11flashCopyMRPcS_                                                                                                           
0000f0cd  _Z11getChecksumPhc                                                                                                            
00001dc1  _Z11getDateTimev                                                                                                              
0000d63d  _Z11get_log_cnti                                                                                                              
00010249  _Z11get_rx_dataPc                                                                                                             
00003bdd  _Z11gps_handlerv                                                                                                              
00009fab  _Z11init_configv                                                                                                              
0000fdfd  _Z11vRTCI2CInitv                                                                                                              
0000c2b5  _Z12ADC_PortIniti                                                                                                             
00003195  _Z12AlarmDisplayv                                                                                                             
00007a01  _Z12Query_decodePcPKcS_i                                                                                                      
0000bff7  _Z12Sector_Erasem                                                                                                             
0000c0c9  _Z12SetSI_Outputv                                                                                                             
0000c0e5  _Z12SetSO_Outputv                                                                                                             
00001ad5  _Z12calcTimeDiff12time_stamp_tS_                                                                                              
0001027b  _Z12check_stringPKcPcPi                                                                                                       
0000d60b  _Z12clear_log_idv                                                                                                             
0000bb8b  _Z12flashSwResetv                                                                                                             
0000d4f1  _Z12flashWriteTRv                                                                                                             
00009cf5  _Z12getRAM_Alarmv                                                                                                             
0000a489  _Z12getRSTreasonv                                                                                                             
000039b5  _Z12get_locationv                                                                                                             
0000d6e5  _Z12get_log_dataimPc                                                                                                          
00005427  _Z12get_pkt_recvv                                                                                                             
00002843  _Z12is_leap_yearh                                                                                                             
00007b21  _Z12server_queryv                                                                                                             
00009cbd  _Z12setRAM_Alarm16Alarm_sts_bits_tb                                                                                           
0000542d  _Z12set_pkt_recvb                                                                                                             
00005a05  _Z12vEXTIpinInitv                                                                                                             
00006111  _Z12vEarthDetectv                                                                                                             
0000598d  _Z12vGPIO_Togglejhh                                                                                                           
000057b3  _Z12vLEDGPIOInitv                                                                                                             
0000dfeb  _Z12vLTEUARTInitv                                                                                                             
00012029  _Z13SPI_transrecvjh                                                                                                           
000025fd  _Z13add_date_timeP12time_stamp_tS0_j                                                                                          
00005c61  _Z13controlRelaysv                                                                                                            
0000f365  _Z13delete_SubStrPcS_c                                                                                                        
0000bba3  _Z13enable_wp_pinv                                                                                                            
00004a3b  _Z13ethernet_initv                                                                                                            
0000e3e5  _Z13flushRxBufferi                                                                                                            
0000e419  _Z13flushTxBufferi                                                                                                            
0000c805  _Z13getODUCurrentv                                                                                                            
0000c8c9  _Z13getODUVoltagev                                                                                                            
00009d33  _Z13getRAM_Statusv                                                                                                            
0000b4b7  _Z13get_device_idv                                                                                                            
0000ca39  _Z13readACVoltagev                                                                                                            
00009cfb  _Z13setRAM_Statushb                                                                                                           
0000b415  _Z13set_device_idPc                                                                                                           
0001016f  _Z13vMAIN_DelayMSj                                                                                                            
0000e241  _Z13vUART_SendChrjh                                                                                                           
0000e2d1  _Z13vUART_SendIntji                                                                                                           
0000e25f  _Z13vUART_SendStrjPKh                                                                                                         
00002a89  _Z14GLCD_Initalizev                                                                                                           
00002be1  _Z14GLCD_WriteCharc                                                                                                           
00002a11  _Z14GLCD_WriteDatah                                                                                                           
0000b8e9  _Z14Reset_Hold_Lowv                                                                                                           
000024dd  _Z14StrToTimeStampPh                                                                                                          
000121a1  _Z14__libcpp_isinfIdEbT_                                                                                                      
000121c1  _Z14__libcpp_isnanIdEbT_                                                                                                      
0000526d  _Z14ether_tcp_sendPci                                                                                                         
00001c1f  _Z14getDaysOfMonthcj                                                                                                          
0000c985  _Z14getSMPSVoltagev                                                                                                           
00004981  _Z14get_gps_statusv                                                                                                           
000049a5  _Z14get_loc_statusv                                                                                                           
00005f39  _Z14isSupplyStablev                                                                                                           
0000bc4d  _Z14readContToBuffmjPc                                                                                                        
00004991  _Z14set_gps_status13gprs_status_t                                                                                             
000049ab  _Z14set_loc_statusb                                                                                                           
0000df9d  _Z14vDEBUGUARTInitv                                                                                                           
00009e6d  _Z14write_defaultsj                                                                                                           
00002dcd  _Z15Data_Screen_lcdv                                                                                                          
00002bb3  _Z15GLCD_Clear_Lineh                                                                                                          
0000555d  _Z15HTTP_valid_codePc                                                                                                         
0000b8f7  _Z15Reset_Hold_Highv                                                                                                          
0000192b  _Z15check_date_timePcS_                                                                                                       
00006f13  _Z15ether_cs_activev                                                                                                          
00004f6d  _Z15ether_ping_sendv                                                                                                          
0000b9bb  _Z15flashClrTR_Logsv                                                                                                          
0000d289  _Z15flashWriteMR_BRv                                                                                                          
00010209  _Z15generateMaskKeyPh                                                                                                         
0000d93b  _Z15get_unsent_logsv                                                                                                          
00010399  _Z15get_upload_datav                                                                                                          
000103b5  _Z15get_webconn_stsv                                                                                                          
000040dd  _Z15gps_pkt_parsingP10gps_info_tPc                                                                                            
0000b96f  _Z15init_flash_pinsv                                                                                                          
00010385  _Z15set_upload_data13upload_data_t                                                                                            
000103a1  _Z15set_webconn_stsh                                                                                                          
00009c53  _Z15update_ram_datav                                                                                                          
00005ff3  _Z15vEarthCheckInitv                                                                                                          
00005fcd  _Z15vFreqDetectInitv                                                                                                          
000056b1  _Z15vGPIOPortEnablev                                                                                                          
0000af09  _Z15vPERIPH_E2PInitv                                                                                                          
0000e28d  _Z15vUART_SendBytesjPKhj                                                                                                      
0000344d  _Z16AlarmDisplayTestv                                                                                                         
0000613f  _Z16ControlODU_Relayh                                                                                                         
00002b5f  _Z16GLCD_ClearScreenv                                                                                                         
[...]
00013378  _ZTSSt9type_info                                                                                                              
00013388  _ZTI9IPAddress                                                                                                                
00013394  _ZTIN10__cxxabiv117__class_type_infoE                                                                                         
000133a0  _ZTIN10__cxxabiv120__si_class_type_infoE                                                                                      
000133ac  _ZTIN10__cxxabiv121__vmi_class_type_infoE                                                                                     
000133b8  _ZTS9IPAddress                                                                                                                
000133c3  _ZTS9Printable                                                                                                                
000133ce  _ZTS9UIPClient                                                                                                                
000133d9  _ZTS9UIPServer                                                                                                                
000133f4  _ZTI3UDP                                                                                                                      
000133fc  _ZTI5Print                                                                                                                    
00013404  _ZTI6Client                                                                                                                   
0001340c  _ZTI6Server                                                                                                                   
00013414  _ZTI9Printable                                                                                                                
0001341c  _ZTISt9type_info                                                                                                              
00013424  _ZTS6Client                                                                                                                   
0001342c  _ZTS6Server                                                                                                                   
00013434  _ZTS6UIPUDP                                                                                                                   
0001343c  _ZTS5Print                                                                                                                    
0001345b  _ZTS3UDP                                                                                                                      
0001346c  SHT$$INIT_ARRAY$$Base                                                                                                         
00013490  SHT$$INIT_ARRAY$$Limit                                                                                                        
000134ec  __TI_Handler_Table_Base                                                                                                       
000134f8  __TI_Handler_Table_Limit                                                                                                      
00013508  __TI_CINIT_Base                                                                                                               
00013520  __TI_CINIT_Limit                                                                                                              
20000000  __start___llvm_prf_cnts                                                                                                       
20000000  __stop___llvm_prf_cnts                                                                                                        
20000000  g_pfnRAMVectors                                                                                                               
2000026c  ethernet_rx_buff                                                                                                              
20000ca0  ethernet_tx_buff                                                                                                              
200016d0  _ZN10MemoryPool6blocksE                                                                                                       
20001900  gprs_rx_buff                                                                                                                  
20001afc  gprs_tx_buff                                                                                                                  
20001cf8  dummy_json_string                                                                                                             
20001e80  adc                                                                                                                           
20001ffc  display_tx                                                                                                                    
2000212c  __CIOBUF_                                                                                                                     
2000224c  cloud_config                                                                                                                  
20002322  BCD_MODE                                                                                                                      
20002324  display_uart_rx                                                                                                               
200023c4  pc_uart_rx                                                                                                                    
20002464  e2p_cloud_config                                                                                                              
200024e4  uip_conns                                                                                                                     
20002564  _ZN9UIPClient8all_dataE                                                                                                       
200025d4  uip_buf                                                                                                                       
200026f4  pc_uart_tx                                                                                                                    
20002744  gps                                                                                                                           
20002788  FLR_log_data                                                                                                                  
200027c8  FL_log_data                                                                                                                   
20002808  uip_udp_conns                                                                                                                 
20002848  ram_data                                                                                                                      
2000287e  adc_arr                                                                                                                       
200028a7  time_main                                                                                                                     
200028c6  measurements                                                                                                                  
200028e2  EXTI_cnt                                                                                                                      
200028e4  gprs                                                                                                                          
200028f8  Eclient                                                                                                                       
20002908  client                                                                                                                        
20002918  e2p_device_info                                                                                                               
20002928  e2p_location_info                                                                                                             
20002938  freq_updated_data                                                                                                             
20002948  scheduler                                                                                                                     
20002962  Alarms                                                                                                                        
2000296e  Telecom_Ethernet                                                                                                              
200029c8  _ZN16UIPEthernetClass17_dnsServerAddressE                                                                                     
200029d8  e2p_config_time                                                                                                               
200029e0  e2p_router_config                                                                                                             
200029e8  gps_data                                                                                                                      
200029f0  parmbuf                                                                                                                       
200029f8  uip_listenports                                                                                                               
20002a00  gps_date_time                                                                                                                 
20002a07  UIPEthernet                                                                                                                   
20002a08  _ZN15Enc28J60Network10receivePktE                                                                                             
20002a0e  time_stamp                                                                                                                    
20002a14  _ZZN9UIPClient7connectE9IPAddresstE4conn                                                                                      
20002a24  Telecom_server_query                                                                                                          
20002a28  _ZN16UIPEthernetClass14periodic_timerE                                                                                        
20002a2c  __dso_handle                                                                                                                  
20002a30  _millis                                                                                                                       
20002a34  startTime                                                                                                                     
20002a38  u32DelayCounter                                                                                                               
20002a3c  uip_acc32                                                                                                                     
20002a40  uip_appdata                                                                                                                   
20002a44  uip_conn                                                                                                                      
20002a48  uip_draddr                                                                                                                    
20002a4c  uip_hostaddr                                                                                                                  
20002a50  uip_netmask                                                                                                                   
20002a54  uip_sappdata                                                                                                                  
20002a58  uip_udp_conn                                                                                                                  
20002a5c  relay_state                                                                                                                   
20002a5f  System_mode                                                                                                                   
20002a60  _ZN15Enc28J60Network13nextPacketPtrE                                                                                          
20002a62  gprs_rx_isr_handler                                                                                                           
20002a64  uip_len                                                                                                                       
20002a66  uip_slen                                                                                                                      
20002a68  gps_handler_state                                                                                                             
20002a69  network_status                                                                                                                
20002a6a  uip_flags                                                                                                                     
20002a6b  voltage_mode                                                                                                                  
20002a70  __stack                                                                                                                       
20002c70  __STACK_TOP                                                                                                                   
20004270  __STACK_END                                                                                                                   
20004270  server_response_str                                                                                                           
2000428b  ENC28J60ControlCS                                                                                                             
2000428c  _ZN15Enc28J60Network4bankE                                                                                                    
2000428d  _ZN15Enc28J60Network6erevidE                                                                                                  
2000428e  _ZN15Enc28J60Network17broadcast_enabledE                                                                                      
20004290  PN_ADC_RAW_MAX                                                                                                                
20004298  NE_ADC_RAW_MAX                                                                                                                
200042b4  _tz                                                                                                                           
200042c4  upload_time                                                                                                                   
200042c8  save_offline_time                                                                                                             
200042cc  relay_startup_time                                                                                                            
200042d0  GLCD_startup_time                                                                                                             
200042e1  _ZZN9UIPClient7connectE9IPAddresstE10first_call                                                                               
200042e2  _ZZN9UIPClient7connectE9IPAddresstE7timeout                                                                                   
200042e4  __TI_cleanup_ptr                                                                                                              
200042e8  __TI_dtors_ptr                                                                                                                
200042ec  __TI_enable_exit_profile_output                                                                                               
200042f0  millis_cnt                                                                                                                    
200042f4  ACVoltReadMillis                                                                                                              
200042f8  counter_10sec                                                                                                                 
200042fc  g_bIntFlag                                                                                                                    
20004308  gps_interval_start                                                                                                            
2000430c  cnt_gps_1sec                                                                                                                  
20004314  _lock                                                                                                                         
20004318  _unlock                                                                                                                       
20004324  screen_x                                                                                                                      
2000432c  _ZN16UIPEthernetClass9in_packetE                                                                                              
2000432d  _ZN16UIPEthernetClass10uip_packetE                                                                                            
2000432e  _ZN16UIPEthernetClass10uip_hdrlenE                                                                                            
2000432f  _ZN16UIPEthernetClass11packetstateE                                                                                           
20004330  _ZN16UIPEthernetClass5_dhcpE                                                                                                  
20004334  uip_ethaddr                                                                                                                   
20004348  _sys_memory                                                                                                                   
ffffffff  __TI_pprof_out_hndl                                                                                                           
ffffffff  __TI_prof_data_size                                                                                                           
ffffffff  __TI_prof_data_start                                                                                                          
ffffffff  __binit__                                                                                                                     
ffffffff  __c_args__                                                                                                                    
ffffffff  binit                                                                                                                         
UNDEFED   __mpu_init                                                                                                                    
UNDEFED   _system_post_cinit                                                                                                            

[899 symbols]
