******************************************************************************
                  TI ARM Linker PC v20.2.6                     
******************************************************************************
>> Linked Thu Jun 13 15:59:16 2024

OUTPUT FILE NAME:   <Telecom_IoT_v2_00.out>
ENTRY POINT SYMBOL: "_c_int00_noargs"  address: 00011a59


MEMORY CONFIGURATION

         name            origin    length      used     unused   attr    fill
----------------------  --------  ---------  --------  --------  ----  --------
  FLASH                 00000000   00020000  00012c16  0000d3ea  R  X
  SRAM                  20000000   00008000  000040a2  00003f5e  RW X


SEGMENT ALLOCATION MAP

run origin  load origin   length   init length attrs members
----------  ----------- ---------- ----------- ----- -------
00000000    00000000    00012c18   00012c18    r-x
  00000000    00000000    0000026c   0000026c    r-- .intvecs
  0000026c    0000026c    000121f6   000121f6    r-x .text
  00012464    00012464    00000710   00000710    r-- .const
  00012b74    00012b74    00000024   00000024    r-- .init_array
  00012b98    00012b98    00000080   00000080    r-- .cinit
20000000    20000000    000040a8   00000000    rw-
  20000000    20000000    000027da   00000000    rw- .bss
  200027e0    200027e0    00001800   00000000    rw- .stack
  20003fe0    20003fe0    000000b8   00000000    rw- .data
  20004098    20004098    00000010   00000000    rw- .sysmem


SECTION ALLOCATION MAP

 output                                  attributes/
section   page    origin      length       input sections
--------  ----  ----------  ----------   ----------------
.intvecs   0    00000000    0000026c     
                  00000000    0000026c     tm4c1233e6pz_startup_ccs.obj (.intvecs)

.text      0    0000026c    000121f6     
                  0000026c    00001564     uip.obj (.text)
                  000017d0    00001488     Telecom_Ethernet.obj (.text)
                  00002c58    00001358     Telecom_server_query.obj (.text)
                  00003fb0    00001108     Clock.obj (.text)
                  000050b8    00000f04     flash_logger.obj (.text)
                  00005fbc    00000d80     gps.obj (.text)
                  00006d3c    00000bd0     UIPClient.obj (.text)
                  0000790c    00000b94     Enc28J60Network.obj (.text)
                  000084a0    00000b6c     Dhcp.obj (.text)
                  0000900c    00000ae0     UIPEthernet.obj (.text)
                  00009aec    00000a6c     PC_Cmds.obj (.text)
                  0000a558    00000a30     ADC_Core.obj (.text)
                  0000af88    00000a30     E2P.obj (.text)
                  0000b9b8    000009c0     flashCore.obj (.text)
                  0000c378    00000794     UIPUdp.obj (.text)
                  0000cb0c    00000620     main.obj (.text)
                  0000d12c    000005e4     uip_arp.obj (.text)
                  0000d710    000005bc     UartCore.obj (.text)
                  0000dccc    000005b8     Print.obj (.text)
                  0000e284    000005b0     Dns.obj (.text)
                  0000e834    0000057c     IO_cntrl.obj (.text)
                  0000edb0    000004cc     _common.obj (.text)
                  0000f27c    000002f0     mempool.obj (.text)
                  0000f56c    000002b8     rtsv7M4_T_le_v4SPD16_eabi.lib : mktime64.c.obj (.text:__mktime64)
                  0000f824    00000284     UIPServer.obj (.text)
                  0000faa8    00000230     gprs.obj (.text)
                  0000fcd8    00000210     DS3231.obj (.text)
                  0000fee8    000001b8     SysTick_Timer.obj (.text)
                  000100a0    000001b6     rtsv7M4_T_le_v4SPD16_eabi.lib : fd_add_t2.asm.obj (.text)
                  00010256    00000192     itoa.obj (.text)
                  000103e8    0000016c     driverlib.lib : gpio.obj (.text:GPIOPadConfigSet)
                  00010554    0000016c     IPAddress.obj (.text)
                  000106c0    00000136     rtsv7M4_T_le_v4SPD16_eabi.lib : fd_div_t2.asm.obj (.text)
                  000107f6    00000002                                   : stdlib_typeinfo.cpp.obj (.text:_ZNSt9type_infoD1Ev)
                  000107f8    00000118     driverlib.lib : sysctl.obj (.text:SysCtlClockGet)
                  00010910    00000100     rtsv7M4_T_le_v4SPD16_eabi.lib : memory.c.obj (.text:aligned_alloc)
                  00010a10    000000fc                                   : fd_mul_t2.asm.obj (.text)
                  00010b0c    000000f4     driverlib.lib : sysctl.obj (.text:SysCtlClockSet)
                  00010c00    000000e4     rtsv7M4_T_le_v4SPD16_eabi.lib : memory.c.obj (.text:free)
                  00010ce4    000000c4     driverlib.lib : eeprom.obj (.text:EEPROMProgram)
                  00010da8    0000009c     rtsv7M4_T_le_v4SPD16_eabi.lib : memcpy_t2.asm.obj (.text)
                  00010e44    00000096                                   : ull_div_t2.asm.obj (.text)
                  00010eda    00000086                                   : fd_cmp_t2.asm.obj (.text:__aeabi_cdcmple)
                  00010f60    00000086                                   : fd_cmp_t2.asm.obj (.text:__aeabi_cdrcmple)
                  00010fe6    0000007a     driverlib.lib : adc.obj (.text:ADCSequenceStepConfigure)
                  00011060    0000007a     rtsv7M4_T_le_v4SPD16_eabi.lib : memset_t2.asm.obj (.text)
                  000110da    00000002                                   : _lock.c.obj (.text:_nop)
                  000110dc    00000070                                   : memory.c.obj (.text:split)
                  0001114c    0000006e                                   : ll_div_t2.asm.obj (.text)
                  000111ba    00000002                                   : div0.asm.obj (.text)
                  000111bc    00000068     driverlib.lib : interrupt.obj (.text:IntEnable)
                  00011224    00000068     rtsv7M4_T_le_v4SPD16_eabi.lib : copy_decompress_lzss.c.obj (.text:decompress:lzss:__TI_decompress_lzss)
                  0001128c    00000060                                   : hosttime.c.obj (.text:HOSTtime64)
                  000112ec    00000060                                   : autoinit.c.obj (.text:__TI_auto_init_nobinit:__TI_auto_init_nobinit)
                  0001134c    0000005c     Print.obj (.text:__isnan)
                  000113a8    00000058     driverlib.lib : gpio.obj (.text:GPIOIntTypeSet)
                  00011400    00000054     Print.obj (.text:__isinf)
                  00011454    00000050     driverlib.lib : sysctl.obj (.text:SysCtlPeripheralReset)
                  000114a4    0000004e                   : adc.obj (.text:ADCSequenceConfigure)
                  000114f2    00000002     --HOLE-- [fill = 0]
                  000114f4    0000004c                   : gpio.obj (.text:GPIOPinConfigure)
                  00011540    0000004c                   : i2c.obj (.text:I2CMasterInitExpClk)
                  0001158c    0000004c     rtsv7M4_T_le_v4SPD16_eabi.lib : atoi.c.obj (.text:atoi)
                  000115d8    00000048                                   : exit.c.obj (.text:exit)
                  00011620    00000048                                   : fd_toi_t2.asm.obj (.text)
                  00011668    00000046     driverlib.lib : uart.obj (.text:UARTConfigSetExpClk)
                  000116ae    00000002     --HOLE-- [fill = 0]
                  000116b0    00000044     rtsv7M4_T_le_v4SPD16_eabi.lib : dtor_list.c.obj (.text:_Z25__add_destruction_to_listPP20a_needed_destructionPFYvPvES2_S2_)
                  000116f4    00000044                                   : fd_tou_t2.asm.obj (.text)
                  00011738    00000042                                   : dtor_list.c.obj (.text:_Z23__finalize_destructionsPP20a_needed_destructionPv)
                  0001177a    00000002     --HOLE-- [fill = 0]
                  0001177c    00000040     driverlib.lib : eeprom.obj (.text:EEPROMInit)
                  000117bc    00000040     rtsv7M4_T_le_v4SPD16_eabi.lib : u_divt2.asm.obj (.text)
                  000117fc    0000003c     driverlib.lib : ssi.obj (.text:SSIConfigSetExpClk)
                  00011838    0000003c                   : eeprom.obj (.text:_EEPROMSectorMaskSet)
                  00011874    00000038                   : eeprom.obj (.text:EEPROMRead)
                  000118ac    00000038                   : sysctl.obj (.text:SysCtlPeripheralReady)
                  000118e4    00000038     rtsv7M4_T_le_v4SPD16_eabi.lib : trgmsg.c.obj (.text:__TI_writemsg)
                  0001191c    00000038     delay.obj (.text)
                  00011954    00000034     driverlib.lib : sysctl.obj (.text:SysCtlPeripheralDisable)
                  00011988    00000034                   : sysctl.obj (.text:SysCtlPeripheralEnable)
                  000119bc    00000034                   : eeprom.obj (.text:_EEPROMSectorMaskClear)
                  000119f0    00000034     rtsv7M4_T_le_v4SPD16_eabi.lib : trgmsg.c.obj (.text:__TI_readmsg)
                  00011a24    00000034                                   : dtor_list.c.obj (.text:__aeabi_atexit)
                  00011a58    00000034                                   : boot_cortex_m.c.obj (.text:_c_int00_noargs:_c_int00_noargs)
                  00011a8c    00000034                                   : rand.c.obj (.text:rand)
                  00011ac0    00000034                                   : strstr.c.obj (.text:strstr)
                  00011af4    0000002e     driverlib.lib : adc.obj (.text:ADCIntStatus)
                  00011b22    0000002e     rtsv7M4_T_le_v4SPD16_eabi.lib : i_tofd_t2.asm.obj (.text)
                  00011b50    0000002c     driverlib.lib : gpio.obj (.text:GPIODirModeSet)
                  00011b7c    0000002c     SPI.obj (.text)
                  00011ba8    0000002c     rtsv7M4_T_le_v4SPD16_eabi.lib : strncmp.c.obj (.text:strncmp)
                  00011bd4    00000028                                   : memory.c.obj (.text:free_list_insert)
                  00011bfc    00000024     Print.obj (.text:_ZN5Print5writeEPKc)
                  00011c20    00000024     Dhcp.obj (.text:_ZN9IPAddressC1ERKS_)
                  00011c44    00000024     Dhcp.obj (.text:_ZThn8_N6UIPUDP4readEPcj)
                  00011c68    00000024     rtsv7M4_T_le_v4SPD16_eabi.lib : memcmp.c.obj (.text:memcmp)
                  00011c8c    00000024                                   : rand.c.obj (.text:srand)
                  00011cb0    00000022     UIPClient.obj (.text:_ZN9UIPClientneERKS_)
                  00011cd2    00000002     --HOLE-- [fill = 0]
                  00011cd4    00000020     driverlib.lib : uart.obj (.text:UARTDisable)
                  00011cf4    00000020     Print.obj (.text:_Z14__libcpp_isinfIdEbT_)
                  00011d14    00000020     Print.obj (.text:_Z14__libcpp_isnanIdEbT_)
                  00011d34    00000020     rtsv7M4_T_le_v4SPD16_eabi.lib : u_tofd_t2.asm.obj (.text)
                  00011d54    0000001e     driverlib.lib : adc.obj (.text:ADCSequenceDataGet)
                  00011d72    00000002     --HOLE-- [fill = 0]
                  00011d74    0000001c     UIPClient.obj (.text:_ZN5PrintC1Ev)
                  00011d90    0000001c     Dhcp.obj (.text:_ZNK9IPAddresseqERKS_)
                  00011dac    0000001c     rtsv7M4_T_le_v4SPD16_eabi.lib : memory.c.obj (.text:free_list_remove)
                  00011dc8    0000001c     millis.obj (.text)
                  00011de4    0000001a     driverlib.lib : gpio.obj (.text:GPIOPinTypeGPIOOutput)
                  00011dfe    0000001a     Telecom_Ethernet.obj (.text:_ZN9IPAddressaSERKS_)
                  00011e18    00000018     driverlib.lib : adc.obj (.text:ADCProcessorTrigger)
                  00011e30    00000018     Print.obj (.text:_Z5isinfIdENSt3__29enable_ifIXaasr3std3__213is_arithmeticIT_EE5valuesr3std3__214numeric_limitsIS2_EE12has_infinityEbE4typeES2_)
                  00011e48    00000018     Print.obj (.text:_Z5isnanIdENSt3__29enable_ifIXsr3std3__217is_floating_pointIT_EE5valueEbE4typeES2_)
                  00011e60    00000018     UIPUdp.obj (.text:_ZN3UDPC1Ev)
                  00011e78    00000018     Telecom_Ethernet.obj (.text:_ZN5Print5writeEPKcj)
                  00011e90    00000018     UIPClient.obj (.text:_ZN6ClientC1Ev)
                  00011ea8    00000018     UIPServer.obj (.text:_ZN6ServerC1Ev)
                  00011ec0    00000018     Dhcp.obj (.text:_ZN6UIPUDP4readEPcj)
                  00011ed8    00000018     Dhcp.obj (.text:_ZN9PrintableC1ERKS_)
                  00011ef0    00000018     IPAddress.obj (.text:_ZN9PrintableC1Ev)
                  00011f08    00000018     rtsv7M4_T_le_v4SPD16_eabi.lib : ll_mul_t2.asm.obj (.text)
                  00011f20    00000018                                   : strcmp.c.obj (.text:strcmp)
                  00011f38    00000016     driverlib.lib : gpio.obj (.text:GPIOPinTypeADC)
                  00011f4e    00000016                   : gpio.obj (.text:GPIOPinTypeGPIOInput)
                  00011f64    00000016                   : gpio.obj (.text:GPIOPinTypeI2C)
                  00011f7a    00000016                   : gpio.obj (.text:GPIOPinTypeI2CSCL)
                  00011f90    00000016                   : gpio.obj (.text:GPIOPinTypeSSI)
                  00011fa6    00000016                   : gpio.obj (.text:GPIOPinTypeUART)
                  00011fbc    00000016     UIPClient.obj (.text:_ZN9DNSClientC1Ev)
                  00011fd2    00000016     UIPClient.obj (.text:_ZThn8_N9UIPClientD1Ev)
                  00011fe8    00000016     UIPServer.obj (.text:_ZThn8_N9UIPServerD1Ev)
                  00011ffe    00000002     --HOLE-- [fill = 0]
                  00012000    00000014     driverlib.lib : systick.obj (.text:SysTickEnable)
                  00012014    00000014                   : systick.obj (.text:SysTickIntEnable)
                  00012028    00000014                   : uart.obj (.text:UARTEnable)
                  0001203c    00000014     Telecom_Ethernet.obj (.text:_ZN6ClientD0Ev)
                  00012050    00000014     UIPServer.obj (.text:_ZN6ServerD0Ev)
                  00012064    00000014     Telecom_Ethernet.obj (.text:_ZN9IPAddressD0Ev)
                  00012078    00000014     Telecom_Ethernet.obj (.text:_ZN9IPAddressixEi)
                  0001208c    00000014     Telecom_Ethernet.obj (.text:_ZN9PrintableD0Ev)
                  000120a0    00000014     Telecom_Ethernet.obj (.text:_ZN9UIPClientD0Ev)
                  000120b4    00000014     UIPServer.obj (.text:_ZN9UIPServerD0Ev)
                  000120c8    00000014     rtsv7M4_T_le_v4SPD16_eabi.lib : strcpy.c.obj (.text:strcpy)
                  000120dc    00000014                                   : strlen.c.obj (.text:strlen)
                  000120f0    00000012     driverlib.lib : ssi.obj (.text:SSIDataGetNonBlocking)
                  00012102    00000012     Telecom_server_query.obj (.text:_Z3absl)
                  00012114    00000012     Telecom_Ethernet.obj (.text:_ZThn8_N9UIPClientD0Ev)
                  00012126    00000012     UIPServer.obj (.text:_ZThn8_N9UIPServerD0Ev)
                  00012138    00000010     driverlib.lib : interrupt.obj (.text:IntMasterEnable)
                  00012148    00000010                   : sysctl.obj (.text:SysCtlReset)
                  00012158    00000010                   : systick.obj (.text:SysTickPeriodSet)
                  00012168    00000010                   : eeprom.obj (.text:_EEPROMWaitForDone)
                  00012178    00000010     UIPEthernet.obj (.text:_ZN9DhcpClassC1Ev)
                  00012188    00000010     Dhcp.obj (.text:_ZN9PrintableC2ERKS_)
                  00012198    00000010     Telecom_Ethernet.obj (.text:_ZN9UIPClientD1Ev)
                  000121a8    00000010     UIPServer.obj (.text:_ZN9UIPServerD1Ev)
                  000121b8    00000010     rtsv7M4_T_le_v4SPD16_eabi.lib : time64.c.obj (.text:__time64)
                  000121c8    00000010                                   : isdigit.c.obj (.text:isdigit)
                  000121d8    0000000e     driverlib.lib : adc.obj (.text:ADCSequenceEnable)
                  000121e6    0000000e                   : gpio.obj (.text:GPIOIntStatus)
                  000121f4    0000000e                   : i2c.obj (.text:I2CRxFIFOFlush)
                  00012202    0000000e                   : i2c.obj (.text:I2CTxFIFOFlush)
                  00012210    0000000e                   : ssi.obj (.text:SSIDataPutNonBlocking)
                  0001221e    0000000e                   : uart.obj (.text:UARTCharGetNonBlocking)
                  0001222c    0000000e                   : uart.obj (.text:UARTCharPutNonBlocking)
                  0001223a    0000000e                   : uart.obj (.text:UARTCharsAvail)
                  00012248    0000000e     rtsv7M4_T_le_v4SPD16_eabi.lib : typeinfo.c.obj (.text:_ZN10__cxxabiv117__class_type_infoD0Ev)
                  00012256    0000000e                                   : typeinfo.c.obj (.text:_ZN10__cxxabiv120__si_class_type_infoD0Ev)
                  00012264    0000000e                                   : typeinfo.c.obj (.text:_ZN10__cxxabiv121__vmi_class_type_infoD0Ev)
                  00012272    0000000e     UIPClient.obj (.text:_ZN9DNSClientD1Ev)
                  00012280    0000000e     Dns.obj (.text:_ZN9IPAddress11raw_addressEv)
                  0001228e    0000000e     Telecom_Ethernet.obj (.text:_ZN9IPAddressD1Ev)
                  0001229c    0000000e     Telecom_Ethernet.obj (.text:_ZN9PrintableaSERKS_)
                  000122aa    0000000e     Print.obj (.text:_ZNK6String5c_strEv)
                  000122b8    0000000e     Print.obj (.text:_ZNK6String6lengthEv)
                  000122c6    0000000e     Dns.obj (.text:_ZNK9IPAddresscvjEv)
                  000122d4    0000000e     rtsv7M4_T_le_v4SPD16_eabi.lib : copy_decompress_none.c.obj (.text:decompress:none:__TI_decompress_none)
                  000122e2    0000000c     driverlib.lib : cpu.obj (.text:CPUcpsie)
                  000122ee    0000000c                   : gpio.obj (.text:GPIOIntEnable)
                  000122fa    0000000c     UIPUdp.obj (.text:_ZN3UDPC2Ev)
                  00012306    0000000c     UIPClient.obj (.text:_ZN5PrintC2Ev)
                  00012312    0000000c     UIPClient.obj (.text:_ZN6ClientC2Ev)
                  0001231e    0000000c     Telecom_Ethernet.obj (.text:_ZN6ClientD1Ev)
                  0001232a    0000000c     Telecom_Ethernet.obj (.text:_ZN6ClientD2Ev)
                  00012336    0000000c     UIPServer.obj (.text:_ZN6ServerC2Ev)
                  00012342    0000000c     UIPServer.obj (.text:_ZN6ServerD1Ev)
                  0001234e    0000000c     UIPServer.obj (.text:_ZN6ServerD2Ev)
                  0001235a    0000000c     IPAddress.obj (.text:_ZN9PrintableC2Ev)
                  00012366    0000000c     Telecom_Ethernet.obj (.text:_ZN9PrintableD1Ev)
                  00012372    0000000c     Telecom_Ethernet.obj (.text:_ZN9PrintableD2Ev)
                  0001237e    00000002     --HOLE-- [fill = 0]
                  00012380    0000000c     rtsv7M4_T_le_v4SPD16_eabi.lib : dtor_list.c.obj (.text:__cxa_finalize)
                  0001238c    0000000c                                   : guard.c.obj (.text:__cxa_guard_acquire)
                  00012398    0000000c                                   : copy_zero_init.c.obj (.text:decompress:ZI:__TI_zero_init)
                  000123a4    0000000c     tm4c1233e6pz_startup_ccs.obj (.text)
                  000123b0    0000000a     driverlib.lib : adc.obj (.text:ADCIntClear)
                  000123ba    0000000a                   : i2c.obj (.text:I2CMasterEnable)
                  000123c4    0000000a                   : ssi.obj (.text:SSIEnable)
                  000123ce    0000000a                   : uart.obj (.text:UARTIntStatus)
                  000123d8    0000000a     rtsv7M4_T_le_v4SPD16_eabi.lib : guard.c.obj (.text:__cxa_guard_release)
                  000123e2    00000008     driverlib.lib : i2c.obj (.text:I2CMasterBusy)
                  000123ea    00000008                   : i2c.obj (.text:I2CMasterSlaveAddrSet)
                  000123f2    00000008                   : uart.obj (.text:UARTBusy)
                  000123fa    00000008                   : uart.obj (.text:UARTIntEnable)
                  00012402    00000008     rtsv7M4_T_le_v4SPD16_eabi.lib : new.cpp.obj (.text:_ZdlPv)
                  0001240a    00000008                                   : memory.c.obj (.text:malloc)
                  00012412    00000006     driverlib.lib : gpio.obj (.text:GPIOIntClear)
                  00012418    00000006                   : gpio.obj (.text:GPIOPinRead)
                  0001241e    00000006                   : gpio.obj (.text:GPIOPinWrite)
                  00012424    00000006                   : sysctl.obj (.text:SysCtlDelay)
                  0001242a    00000006     rtsv7M4_T_le_v4SPD16_eabi.lib : dtor_list.c.obj (.text:__cxa_ia64_exit)
                  00012430    00000006                                   : pure_virt.c.obj (.text:__cxa_pure_virtual)
                  00012436    00000004     driverlib.lib : i2c.obj (.text:I2CMasterControl)
                  0001243a    00000004                   : i2c.obj (.text:I2CMasterDataGet)
                  0001243e    00000004                   : i2c.obj (.text:I2CMasterDataPut)
                  00012442    00000004                   : uart.obj (.text:UARTIntClear)
                  00012446    00000004     rtsv7M4_T_le_v4SPD16_eabi.lib : typeinfo.c.obj (.text:_ZN10__cxxabiv117__class_type_infoD1Ev)
                  0001244a    00000004                                   : typeinfo.c.obj (.text:_ZN10__cxxabiv120__si_class_type_infoD1Ev)
                  0001244e    00000004                                   : typeinfo.c.obj (.text:_ZN10__cxxabiv121__vmi_class_type_infoD1Ev)
                  00012452    00000004                                   : new.cpp.obj (.text:_ZdlPvj)
                  00012456    00000004                                   : error.c.obj (.text:__abort_execution)
                  0001245a    00000004                                   : pre_init.c.obj (.text:_system_pre_init)
                  0001245e    00000004                                   : exit.c.obj (.text:abort:abort)

.const     0    00012464    00000710     
                  00012464    00000101     rtsv7M4_T_le_v4SPD16_eabi.lib : ctype.c.obj (.const:.string:_ctypes_)
                  00012565    00000003     --HOLE-- [fill = 0]
                  00012568    00000090     UIPUdp.obj (.const:_ZTV6UIPUDP)
                  000125f8    00000090     driverlib.lib : gpio.obj (.const:g_pui32GPIOBaseAddrs)
                  00012688    0000008c     UIPClient.obj (.const:_ZTV9UIPClient)
                  00012714    0000006c     driverlib.lib : sysctl.obj (.const:g_pui32Xtals)
                  00012780    00000060     rtsv7M4_T_le_v4SPD16_eabi.lib : mktime64.c.obj (.const:$O1$$)
                  000127e0    00000048     UIPUdp.obj (.const:_ZTV3UDP)
                  00012828    00000041     _common.obj (.const:.string:$P$T0$1)
                  00012869    00000003     --HOLE-- [fill = 0]
                  0001286c    00000040     UIPClient.obj (.const:_ZTV6Client)
                  000128ac    00000034     UIPServer.obj (.const:_ZTV9UIPServer)
                  000128e0    00000026     rtsv7M4_T_le_v4SPD16_eabi.lib : typeinfo.c.obj (.const:.typeinfo:_ZTSN10__cxxabiv121__vmi_class_type_infoE)
                  00012906    00000025                                   : typeinfo.c.obj (.const:.typeinfo:_ZTSN10__cxxabiv120__si_class_type_infoE)
                  0001292b    00000001     --HOLE-- [fill = 0]
                  0001292c    00000024     Clock.obj (.const:$P$T0$1)
                  00012950    00000022     rtsv7M4_T_le_v4SPD16_eabi.lib : typeinfo.c.obj (.const:.typeinfo:_ZTSN10__cxxabiv117__class_type_infoE)
                  00012972    00000002     --HOLE-- [fill = 0]
                  00012974    00000020     UIPUdp.obj (.const:.typeinfo:_ZTI6UIPUDP)
                  00012994    00000020     UIPClient.obj (.const:.typeinfo:_ZTI9UIPClient)
                  000129b4    00000020     UIPServer.obj (.const:.typeinfo:_ZTI9UIPServer)
                  000129d4    00000019     Telecom_Ethernet.obj (.const:.string:$P$T5$5)
                  000129ed    00000003     --HOLE-- [fill = 0]
                  000129f0    00000014     UIPServer.obj (.const:_ZTV6Server)
                  00012a04    00000014     IPAddress.obj (.const:_ZTV9IPAddress)
                  00012a18    00000014     Dhcp.obj (.const:_ZTV9Printable)
                  00012a2c    00000014     driverlib.lib : interrupt.obj (.const:g_pui32EnRegs)
                  00012a40    00000010     Print.obj (.const:_ZTV5Print)
                  00012a50    00000010     rtsv7M4_T_le_v4SPD16_eabi.lib : typeinfo.c.obj (.const:_ZTVN10__cxxabiv117__class_type_infoE)
                  00012a60    00000010                                   : typeinfo.c.obj (.const:_ZTVN10__cxxabiv120__si_class_type_infoE)
                  00012a70    00000010                                   : typeinfo.c.obj (.const:_ZTVN10__cxxabiv121__vmi_class_type_infoE)
                  00012a80    0000000d                                   : stdlib_typeinfo.cpp.obj (.const:.typeinfo:_ZTSSt9type_info)
                  00012a8d    00000003     --HOLE-- [fill = 0]
                  00012a90    0000000c     IPAddress.obj (.const:.typeinfo:_ZTI9IPAddress)
                  00012a9c    0000000c     rtsv7M4_T_le_v4SPD16_eabi.lib : typeinfo.c.obj (.const:.typeinfo:_ZTIN10__cxxabiv117__class_type_infoE)
                  00012aa8    0000000c                                   : typeinfo.c.obj (.const:.typeinfo:_ZTIN10__cxxabiv120__si_class_type_infoE)
                  00012ab4    0000000c                                   : typeinfo.c.obj (.const:.typeinfo:_ZTIN10__cxxabiv121__vmi_class_type_infoE)
                  00012ac0    0000000b     IPAddress.obj (.const:.typeinfo:_ZTS9IPAddress)
                  00012acb    0000000b     Dhcp.obj (.const:.typeinfo:_ZTS9Printable)
                  00012ad6    0000000b     UIPClient.obj (.const:.typeinfo:_ZTS9UIPClient)
                  00012ae1    0000000b     UIPServer.obj (.const:.typeinfo:_ZTS9UIPServer)
                  00012aec    00000008     Clock.obj (.const:$P$T1$2)
                  00012af4    00000008     Telecom_Ethernet.obj (.const:.string:$P$T7$12)
                  00012afc    00000008     UIPUdp.obj (.const:.typeinfo:_ZTI3UDP)
                  00012b04    00000008     Print.obj (.const:.typeinfo:_ZTI5Print)
                  00012b0c    00000008     UIPClient.obj (.const:.typeinfo:_ZTI6Client)
                  00012b14    00000008     UIPServer.obj (.const:.typeinfo:_ZTI6Server)
                  00012b1c    00000008     Dhcp.obj (.const:.typeinfo:_ZTI9Printable)
                  00012b24    00000008     rtsv7M4_T_le_v4SPD16_eabi.lib : stdlib_typeinfo.cpp.obj (.const:.typeinfo:_ZTISt9type_info)
                  00012b2c    00000008     UIPClient.obj (.const:.typeinfo:_ZTS6Client)
                  00012b34    00000008     UIPServer.obj (.const:.typeinfo:_ZTS6Server)
                  00012b3c    00000008     UIPUdp.obj (.const:.typeinfo:_ZTS6UIPUDP)
                  00012b44    00000007     Print.obj (.const:.typeinfo:_ZTS5Print)
                  00012b4b    00000006     Telecom_Ethernet.obj (.const:.string:$P$T3$1)
                  00012b51    00000006     UIPEthernet.obj (.const:.string:$P$T6$1)
                  00012b57    00000006     Telecom_Ethernet.obj (.const:.string:$P$T6$8)
                  00012b5d    00000006     uip_arp.obj (.const:broadcast_ethaddr)
                  00012b63    00000005     UIPUdp.obj (.const:.typeinfo:_ZTS3UDP)
                  00012b68    00000004     uip.obj (.const:all_ones_addr)
                  00012b6c    00000004     uip.obj (.const:all_zeroes_addr)
                  00012b70    00000004     uip_arp.obj (.const:broadcast_ipaddr)

.cinit     0    00012b98    00000080     
                  00012b98    00000056     (.cinit..data.load) [load image, compression = lzss]
                  00012bee    00000002     --HOLE-- [fill = 0]
                  00012bf0    0000000c     (__TI_handler_table)
                  00012bfc    00000004     --HOLE-- [fill = 0]
                  00012c00    00000008     (.cinit..bss.load) [load image, compression = zero_init]
                  00012c08    00000010     (__TI_cinit_table)

.init_array 
*          0    00012b74    00000024     
                  00012b74    00000004     IPAddress.obj (.init_array)
                  00012b78    00000004     UIPUdp.obj (.init_array)
                  00012b7c    00000004     UIPServer.obj (.init_array)
                  00012b80    00000004     UIPEthernet.obj (.init_array)
                  00012b84    00000004     UIPClient.obj (.init_array)
                  00012b88    00000004     Dns.obj (.init_array)
                  00012b8c    00000004     Dhcp.obj (.init_array)
                  00012b90    00000004     main.obj (.init_array)
                  00012b94    00000004     Telecom_Ethernet.obj (.init_array)

.bss       0    20000000    000027da     UNINITIALIZED
                  20000000    00000a34     (.common:ethernet_rx_buff)
                  20000a34    00000a30     (.common:ethernet_tx_buff)
                  20001464    00000230     (.common:_ZN10MemoryPool6blocksE)
                  20001694    000001fc     (.common:gprs_rx_buff)
                  20001890    000001fc     (.common:gprs_tx_buff)
                  20001a8c    00000188     (.common:dummy_json_string)
                  20001c14    0000017c     (.common:adc)
                  20001d90    00000130     (.common:display_tx)
                  20001ec0    00000120     rtsv7M4_T_le_v4SPD16_eabi.lib : trgmsg.c.obj (.bss:_CIOBUF_)
                  20001fe0    000000d6     (.common:cloud_config)
                  200020b6    00000002     (.common:EXTI_cnt)
                  200020b8    000000a0     (.common:display_uart_rx)
                  20002158    000000a0     (.common:pc_uart_rx)
                  200021f8    00000080     (.common:e2p_cloud_config)
                  20002278    00000080     (.common:uip_conns)
                  200022f8    00000070     (.common:_ZN9UIPClient8all_dataE)
                  20002368    00000064     (.common:uip_buf)
                  200023cc    00000060     uip_arp.obj (.bss:arp_table)
                  2000242c    0000005c     UIPEthernet.obj (.bss:s_dhcp)
                  20002488    00000050     (.common:pc_uart_tx)
                  200024d8    00000044     (.common:FLR_log_data)
                  2000251c    00000044     (.common:FL_log_data)
                  20002560    00000043     (.common:gps)
                  200025a3    00000001     UIPEthernet.obj (.bss:UIPEthernet)
                  200025a4    00000040     (.common:uip_udp_conns)
                  200025e4    0000003a     (.common:ram_data)
                  2000261e    00000020     (.common:measurements)
                  2000263e    0000001f     (.common:time_main)
                  2000265d    00000001     (.common:System_mode)
                  2000265e    00000002     (.common:_ZN15Enc28J60Network13nextPacketPtrE)
                  20002660    00000014     (.common:gprs)
                  20002674    00000010     Telecom_Ethernet.obj (.bss:Eclient)
                  20002684    00000010     Telecom_Ethernet.obj (.bss:client)
                  20002694    00000010     (.common:e2p_device_info)
                  200026a4    00000010     (.common:e2p_location_info)
                  200026b4    00000010     (.common:freq_updated_data)
                  200026c4    0000000e     (.common:scheduler)
                  200026d2    0000000c     Telecom_Ethernet.obj (.bss)
                  200026de    0000000c     (.common:Alarms)
                  200026ea    0000000b     (.common:Telecom_Ethernet)
                  200026f5    00000002     (.common:gprs_rx_isr_handler)
                  200026f7    00000001     (.common:gps_handler_state)
                  200026f8    00000008     Dhcp.obj (.bss)
                  20002700    00000008     Dhcp.obj (.bss:INADDR_NONE)
                  20002708    00000008     Dns.obj (.bss:INADDR_NONE)
                  20002710    00000008     IPAddress.obj (.bss:INADDR_NONE)
                  20002718    00000008     Telecom_Ethernet.obj (.bss:INADDR_NONE)
                  20002720    00000008     UIPClient.obj (.bss:INADDR_NONE)
                  20002728    00000008     UIPEthernet.obj (.bss:INADDR_NONE)
                  20002730    00000008     UIPServer.obj (.bss:INADDR_NONE)
                  20002738    00000008     UIPUdp.obj (.bss:INADDR_NONE)
                  20002740    00000008     main.obj (.bss:INADDR_NONE)
                  20002748    00000008     UIPEthernet.obj (.bss:_ZN16UIPEthernetClass17_dnsServerAddressE)
                  20002750    00000008     uip.obj (.bss)
                  20002758    00000008     (.common:e2p_config_time)
                  20002760    00000008     (.common:e2p_router_config)
                  20002768    00000008     (.common:gps_data)
                  20002770    00000008     (.common:parmbuf)
                  20002778    00000008     (.common:uip_listenports)
                  20002780    00000006     (.common:_ZN15Enc28J60Network10receivePktE)
                  20002786    00000006     (.common:time_stamp)
                  2000278c    00000004     UIPClient.obj (.bss:_ZZN9UIPClient7connectE9IPAddresstE4conn)
                  20002790    00000004     uip_arp.obj (.bss:ipaddr)
                  20002794    00000004     uip.obj (.bss:iss)
                  20002798    00000004     uip_arp.obj (.bss)
                  2000279c    00000004     (.common:Telecom_server_query)
                  200027a0    00000004     (.common:_ZN16UIPEthernetClass14periodic_timerE)
                  200027a4    00000004     (.common:__dso_handle)
                  200027a8    00000004     (.common:_millis)
                  200027ac    00000004     (.common:startTime)
                  200027b0    00000004     (.common:u32DelayCounter)
                  200027b4    00000004     (.common:uip_acc32)
                  200027b8    00000004     (.common:uip_appdata)
                  200027bc    00000004     (.common:uip_conn)
                  200027c0    00000004     (.common:uip_draddr)
                  200027c4    00000004     (.common:uip_hostaddr)
                  200027c8    00000004     (.common:uip_netmask)
                  200027cc    00000004     (.common:uip_sappdata)
                  200027d0    00000004     (.common:uip_udp_conn)
                  200027d4    00000002     (.common:uip_len)
                  200027d6    00000002     (.common:uip_slen)
                  200027d8    00000001     (.common:uip_flags)
                  200027d9    00000001     (.common:voltage_mode)

.stack     0    200027e0    00001800     UNINITIALIZED
                  200027e0    00000004     rtsv7M4_T_le_v4SPD16_eabi.lib : boot_cortex_m.c.obj (.stack)
                  200027e4    000017fc     --HOLE--

.data      0    20003fe0    000000b8     UNINITIALIZED
                  20003fe0    0000001b     Telecom_server_query.obj (.data:server_response_str)
                  20003ffb    00000004     Enc28J60Network.obj (.data)
                  20003fff    00000001     Dhcp.obj (.data)
                  20004000    00000010     ADC_Core.obj (.data)
                  20004010    00000010     flash_logger.obj (.data:FL_data)
                  20004020    00000010     rtsv7M4_T_le_v4SPD16_eabi.lib : tmzone.c.obj (.data:_tz)
                  20004030    0000000d     Telecom_Ethernet.obj (.data)
                  2000403d    00000001     IO_cntrl.obj (.data)
                  2000403e    00000002     UIPClient.obj (.data:_ZZN9UIPClient7connectE9IPAddresstE7timeout)
                  20004040    0000000c     rtsv7M4_T_le_v4SPD16_eabi.lib : exit.c.obj (.data:$O1$$)
                  2000404c    0000000c     gps.obj (.data)
                  20004058    00000008     rtsv7M4_T_le_v4SPD16_eabi.lib : _lock.c.obj (.data:$O1$$)
                  20004060    00000008                                   : memory.c.obj (.data:$O1$$)
                  20004068    00000008     UIPEthernet.obj (.data)
                  20004070    00000008     UartCore.obj (.data)
                  20004078    00000008     main.obj (.data)
                  20004080    00000006     uip.obj (.data:uip_ethaddr)
                  20004086    00000001     UIPClient.obj (.data:_ZZN9UIPClient7connectE9IPAddresstE10first_call)
                  20004087    00000001     --HOLE--
                  20004088    00000004     SysTick_Timer.obj (.data)
                  2000408c    00000004     _common.obj (.data)
                  20004090    00000004     rtsv7M4_T_le_v4SPD16_eabi.lib : dtor_list.c.obj (.data)
                  20004094    00000004                                   : rand.c.obj (.data)

.sysmem    0    20004098    00000010     UNINITIALIZED
                  20004098    00000010     rtsv7M4_T_le_v4SPD16_eabi.lib : memory.c.obj (.sysmem)

__llvm_prf_cnts 
*          0    20000000    00000000     UNINITIALIZED

MODULE SUMMARY

       Module                         code    ro data   rw data
       ------                         ----    -------   -------
    .\
       tm4c1233e6pz_startup_ccs.obj   12      620       0      
    +--+------------------------------+-------+---------+---------+
       Total:                         12      620       0      
                                                               
    .\Sources\
       Telecom_Ethernet.obj           5516    49        5296   
       Telecom_server_query.obj       4970    0         423    
       Clock.obj                      4360    44        37     
       flash_logger.obj               3844    0         226    
       gps.obj                        3456    0         88     
       ADC_Core.obj                   2608    0         428    
       E2P.obj                        2608    0         390    
       PC_Cmds.obj                    2668    0         1      
       flashCore.obj                  2496    0         0      
       UartCore.obj                   1468    0         712    
       main.obj                       1568    4         28     
       gprs.obj                       560     0         1038   
       IO_cntrl.obj                   1404    0         4      
       _common.obj                    1228    65        4      
       DS3231.obj                     528     0         0      
       SysTick_Timer.obj              440     0         22     
       delay.obj                      56      0         0      
       SPI.obj                        44      0         0      
    +--+------------------------------+-------+---------+---------+
       Total:                         39822   162       8697   
                                                               
    .\Sources\UIPEthernet\
       UIPClient.obj                  3192    267       127    
       Dhcp.obj                       3088    43        21     
       UIPEthernet.obj                2800    10        121    
       UIPUdp.obj                     1976    273       8      
       Dns.obj                        1484    4         8      
       UIPServer.obj                  800     135       8      
    +--+------------------------------+-------+---------+---------+
       Total:                         13340   732       293    
                                                               
    .\Sources\UIPEthernet\mbed\
       Print.obj                      1816    31        0      
       IPAddress.obj                  400     47        8      
       itoa.obj                       402     0         0      
       millis.obj                     28      0         4      
    +--+------------------------------+-------+---------+---------+
       Total:                         2646    78        12     
                                                               
    .\Sources\UIPEthernet\utility\
       uip.obj                        5476    8         355    
       Enc28J60Network.obj            2964    0         12     
       uip_arp.obj                    1508    10        104    
       mempool.obj                    752     0         560    
    +--+------------------------------+-------+---------+---------+
       Total:                         10700   18        1031   
                                                               
    C:/ti/TivaWare_C_Series-2.2.0.295/driverlib/ccs/Debug/driverlib.lib
       gpio.obj                       774     144       0      
       sysctl.obj                     786     108       0      
       eeprom.obj                     444     0         0      
       adc.obj                        324     0         0      
       uart.obj                       194     0         0      
       i2c.obj                        142     0         0      
       interrupt.obj                  120     20        0      
       ssi.obj                        102     0         0      
       systick.obj                    56      0         0      
       cpu.obj                        12      0         0      
    +--+------------------------------+-------+---------+---------+
       Total:                         2954    272       0      
                                                               
    C:\ti\ccs1110\ccs\tools\compiler\ti-cgt-arm_20.2.6.LTS\lib\rtsv7M4_T_le_v4SPD16_eabi.lib
       mktime64.c.obj                 696     96        0      
       memory.c.obj                   672     0         8      
       fd_add_t2.asm.obj              438     0         0      
       trgmsg.c.obj                   108     0         288    
       fd_div_t2.asm.obj              310     0         0      
       fd_cmp_t2.asm.obj              268     0         0      
       ctype.c.obj                    0       257       0      
       fd_mul_t2.asm.obj              252     0         0      
       typeinfo.c.obj                 54      193       0      
       dtor_list.c.obj                204     0         8      
       memcpy_t2.asm.obj              156     0         0      
       ull_div_t2.asm.obj             150     0         0      
       memset_t2.asm.obj              122     0         0      
       ll_div_t2.asm.obj              110     0         0      
       copy_decompress_lzss.c.obj     104     0         0      
       autoinit.c.obj                 96      0         0      
       hosttime.c.obj                 96      0         0      
       rand.c.obj                     88      0         4      
       exit.c.obj                     76      0         12     
       atoi.c.obj                     76      0         0      
       fd_toi_t2.asm.obj              72      0         0      
       fd_tou_t2.asm.obj              68      0         0      
       u_divt2.asm.obj                64      0         0      
       boot_cortex_m.c.obj            52      0         0      
       strstr.c.obj                   52      0         0      
       i_tofd_t2.asm.obj              46      0         0      
       strncmp.c.obj                  44      0         0      
       memcmp.c.obj                   36      0         0      
       u_tofd_t2.asm.obj              32      0         0      
       ll_mul_t2.asm.obj              24      0         0      
       strcmp.c.obj                   24      0         0      
       stdlib_typeinfo.cpp.obj        2       21        0      
       guard.c.obj                    22      0         0      
       strcpy.c.obj                   20      0         0      
       strlen.c.obj                   20      0         0      
       isdigit.c.obj                  16      0         0      
       time64.c.obj                   16      0         0      
       tmzone.c.obj                   0       0         16     
       copy_decompress_none.c.obj     14      0         0      
       copy_zero_init.c.obj           12      0         0      
       new.cpp.obj                    12      0         0      
       _lock.c.obj                    2       0         8      
       hostopen.c.obj                 0       0         8      
       pure_virt.c.obj                6       0         0      
       error.c.obj                    4       0         0      
       pre_init.c.obj                 4       0         0      
       div0.asm.obj                   2       0         0      
    +--+------------------------------+-------+---------+---------+
       Total:                         4742    567       352    
                                                               
       Heap:                          0       0         16     
       Stack:                         0       0         6144   
       Linker Generated:              0       122       0      
    +--+------------------------------+-------+---------+---------+
       Grand Total:                   74216   2571      16545  


LINKER GENERATED COPY TABLES

__TI_cinit_table @ 00012c08 records: 2, size/record: 8, table size: 16
	.data: load addr=00012b98, load size=00000056 bytes, run addr=20003fe0, run size=000000b8 bytes, compression=lzss
	.bss: load addr=00012c00, load size=00000008 bytes, run addr=20000000, run size=000027da bytes, compression=zero_init


LINKER GENERATED HANDLER TABLE

__TI_handler_table @ 00012bf0 records: 3, size/record: 4, table size: 12
	index: 0, handler: __TI_decompress_lzss
	index: 1, handler: __TI_decompress_none
	index: 2, handler: __TI_zero_init


GLOBAL SYMBOLS: SORTED ALPHABETICALLY BY Name 

address   name                                                                                                                          
-------   ----                                                                                                                          
000123b1  ADCIntClear                                                                                                                   
00011af5  ADCIntStatus                                                                                                                  
00011e19  ADCProcessorTrigger                                                                                                           
000114a5  ADCSequenceConfigure                                                                                                          
00011d55  ADCSequenceDataGet                                                                                                            
000121d9  ADCSequenceEnable                                                                                                             
00010fe7  ADCSequenceStepConfigure                                                                                                      
200026de  Alarms                                                                                                                        
0001245f  C$$EXIT                                                                                                                       
00011913  C$$IO$$                                                                                                                       
000122e3  CPUcpsie                                                                                                                      
0000d7c7  DEBUGUARTIntHandler                                                                                                           
0001177d  EEPROMInit                                                                                                                    
00010ce5  EEPROMProgram                                                                                                                 
00011875  EEPROMRead                                                                                                                    
20003ffb  ENC28J60ControlCS                                                                                                             
200020b6  EXTI_cnt                                                                                                                      
20002674  Eclient                                                                                                                       
200024d8  FLR_log_data                                                                                                                  
2000251c  FL_log_data                                                                                                                   
0000e835  GPIODIntHandler                                                                                                               
00011b51  GPIODirModeSet                                                                                                                
00012413  GPIOIntClear                                                                                                                  
000122ef  GPIOIntEnable                                                                                                                 
000121e7  GPIOIntStatus                                                                                                                 
000113a9  GPIOIntTypeSet                                                                                                                
000103e9  GPIOPadConfigSet                                                                                                              
000114f5  GPIOPinConfigure                                                                                                              
00012419  GPIOPinRead                                                                                                                   
00011f39  GPIOPinTypeADC                                                                                                                
00011f4f  GPIOPinTypeGPIOInput                                                                                                          
00011de5  GPIOPinTypeGPIOOutput                                                                                                         
00011f65  GPIOPinTypeI2C                                                                                                                
00011f7b  GPIOPinTypeI2CSCL                                                                                                             
00011f91  GPIOPinTypeSSI                                                                                                                
00011fa7  GPIOPinTypeUART                                                                                                               
0001241f  GPIOPinWrite                                                                                                                  
0001128d  HOSTtime64                                                                                                                    
000123e3  I2CMasterBusy                                                                                                                 
00012437  I2CMasterControl                                                                                                              
0001243b  I2CMasterDataGet                                                                                                              
0001243f  I2CMasterDataPut                                                                                                              
000123bb  I2CMasterEnable                                                                                                               
00011541  I2CMasterInitExpClk                                                                                                           
000123eb  I2CMasterSlaveAddrSet                                                                                                         
000121f5  I2CRxFIFOFlush                                                                                                                
00012203  I2CTxFIFOFlush                                                                                                                
000111bd  IntEnable                                                                                                                     
00012139  IntMasterEnable                                                                                                               
0000d951  LTEUARTIntHandler                                                                                                             
20004008  NE_ADC_RAW_MAX                                                                                                                
20004000  PN_ADC_RAW_MAX                                                                                                                
000123a5  ResetISR                                                                                                                      
00012b74  SHT$$INIT_ARRAY$$Base                                                                                                         
00012b98  SHT$$INIT_ARRAY$$Limit                                                                                                        
000117fd  SSIConfigSetExpClk                                                                                                            
000120f1  SSIDataGetNonBlocking                                                                                                         
00012211  SSIDataPutNonBlocking                                                                                                         
000123c5  SSIEnable                                                                                                                     
000107f9  SysCtlClockGet                                                                                                                
00010b0d  SysCtlClockSet                                                                                                                
00012425  SysCtlDelay                                                                                                                   
00011955  SysCtlPeripheralDisable                                                                                                       
00011989  SysCtlPeripheralEnable                                                                                                        
000118ad  SysCtlPeripheralReady                                                                                                         
00011455  SysCtlPeripheralReset                                                                                                         
00012149  SysCtlReset                                                                                                                   
00012001  SysTickEnable                                                                                                                 
00012015  SysTickIntEnable                                                                                                              
0000ff05  SysTickIntHandler                                                                                                             
00012159  SysTickPeriodSet                                                                                                              
00011dd1  SysTick_Handler                                                                                                               
2000265d  System_mode                                                                                                                   
200026ea  Telecom_Ethernet                                                                                                              
2000279c  Telecom_server_query                                                                                                          
000123f3  UARTBusy                                                                                                                      
0001221f  UARTCharGetNonBlocking                                                                                                        
0001222d  UARTCharPutNonBlocking                                                                                                        
0001223b  UARTCharsAvail                                                                                                                
00011669  UARTConfigSetExpClk                                                                                                           
00011cd5  UARTDisable                                                                                                                   
00012029  UARTEnable                                                                                                                    
00012443  UARTIntClear                                                                                                                  
000123fb  UARTIntEnable                                                                                                                 
000123cf  UARTIntStatus                                                                                                                 
200025a3  UIPEthernet                                                                                                                   
0000c357  _Z10Chip_Erasev                                                                                                               
0000accd  _Z10GetAdcDatav                                                                                                               
0000fd37  _Z10I2CReceivev                                                                                                               
0000eb89  _Z10ToggleLEDsv                                                                                                               
00004265  _Z10asUnixTimeiiiiii                                                                                                          
000056fd  _Z10clear_logsv                                                                                                               
00003f0d  _Z10getREQmodev                                                                                                               
0000ee13  _Z10my_sprintfPciz                                                                                                            
00003ef3  _Z10setREQmode13gprs_status_t                                                                                                 
00004af9  _Z10update_rtcPci                                                                                                             
000020b1  _Z10ws_connectv                                                                                                               
00002491  _Z10ws_disconnv                                                                                                               
0000ec29  _Z11SetODU_Mode14voltage_mode_t                                                                                               
0000c183  _Z11SetSI_Inputv                                                                                                              
0000c1a7  _Z11SetSO_Inputv                                                                                                              
0000da71  _Z11Usendbufferj                                                                                                              
0000574b  _Z11clear_flashv                                                                                                              
0000f1df  _Z11count_commaPct                                                                                                            
0000bd81  _Z11flashCopyMRPcS_                                                                                                           
0000edbd  _Z11getChecksumPhc                                                                                                            
000045a1  _Z11getDateTimev                                                                                                              
000057a5  _Z11get_log_cnti                                                                                                              
0000faf5  _Z11get_rx_dataPc                                                                                                             
00006239  _Z11gps_handlerv                                                                                                              
0000cf8d  _Z11init_configv                                                                                                              
0000fc81  _Z11setNWstatus13gprs_status_t                                                                                                
0000fcd9  _Z11vRTCI2CInitv                                                                                                              
0000a559  _Z12ADC_PortIniti                                                                                                             
00002c59  _Z12Query_decodePcPKcS_i                                                                                                      
0000c0a3  _Z12Sector_Erasem                                                                                                             
0000c175  _Z12SetSI_Outputv                                                                                                             
0000c191  _Z12SetSO_Outputv                                                                                                             
000042b5  _Z12calcTimeDiff12time_stamp_tS_                                                                                              
0000fb27  _Z12check_stringPKcPcPi                                                                                                       
00005729  _Z12clear_log_idv                                                                                                             
0000bbe9  _Z12flashSwResetv                                                                                                             
0000559b  _Z12flashWriteTRv                                                                                                             
0000fc95  _Z12getNW_statusv                                                                                                             
0000cd71  _Z12getRAM_Alarmv                                                                                                             
00005fbd  _Z12get_locationv                                                                                                             
0000585d  _Z12get_log_dataimPc                                                                                                          
0000294f  _Z12get_pkt_recvv                                                                                                             
00004fdb  _Z12is_leap_yearh                                                                                                             
00003047  _Z12server_queryv                                                                                                             
0000cd39  _Z12setRAM_Alarm16Alarm_sts_bits_tb                                                                                           
00002955  _Z12set_pkt_recvb                                                                                                             
0000eb5f  _Z12vEXTIpinInitv                                                                                                             
0000eaff  _Z12vGPIO_Togglejhh                                                                                                           
0000e98b  _Z12vLEDGPIOInitv                                                                                                             
0000d75f  _Z12vLTEUARTInitv                                                                                                             
00011b7d  _Z13SPI_transrecvjh                                                                                                           
00004d95  _Z13add_date_timeP12time_stamp_tS0_j                                                                                          
0000f055  _Z13delete_SubStrPcS_c                                                                                                        
0000bc01  _Z13enable_wp_pinv                                                                                                            
0000183f  _Z13ethernet_initv                                                                                                            
0000db59  _Z13flushRxBufferi                                                                                                            
0000db8d  _Z13flushTxBufferi                                                                                                            
0000aaa9  _Z13getODUCurrentv                                                                                                            
0000ab5d  _Z13getODUVoltagev                                                                                                            
0000cdaf  _Z13getRAM_Statusv                                                                                                            
0000b537  _Z13get_device_idv                                                                                                            
0000cd77  _Z13setRAM_Statushb                                                                                                           
0000b495  _Z13set_device_idPc                                                                                                           
00010035  _Z13vMAIN_DelayMSj                                                                                                            
0000d9b5  _Z13vUART_SendChrjh                                                                                                           
0000da45  _Z13vUART_SendIntji                                                                                                           
0000d9d3  _Z13vUART_SendStrjPKh                                                                                                         
0000b9b9  _Z14Reset_Hold_Lowv                                                                                                           
00004c85  _Z14StrToTimeStampPh                                                                                                          
00011cf5  _Z14__libcpp_isinfIdEbT_                                                                                                      
00011d15  _Z14__libcpp_isnanIdEbT_                                                                                                      
000026e1  _Z14ether_tcp_sendPci                                                                                                         
000043ff  _Z14getDaysOfMonthcj                                                                                                          
0000ac05  _Z14getSMPSVoltagev                                                                                                           
00006d07  _Z14get_gps_statusv                                                                                                           
0000bcb1  _Z14readContToBuffmjPc                                                                                                        
00006d0f  _Z14set_gps_status12gps_status_t                                                                                              
0000d711  _Z14vDEBUGUARTInitv                                                                                                           
0000ce25  _Z14write_defaultsj                                                                                                           
00002b29  _Z15HTTP_valid_codePc                                                                                                         
0000b9c7  _Z15Reset_Hold_Highv                                                                                                          
0000410b  _Z15check_date_timePcS_                                                                                                       
000079b3  _Z15ether_cs_activev                                                                                                          
00002289  _Z15ether_ping_sendv                                                                                                          
0000baab  _Z15flashClrTR_Logsv                                                                                                          
000050b9  _Z15flashWriteMR_BRv                                                                                                          
0000fab5  _Z15generateMaskKeyPh                                                                                                         
0000fcb1  _Z15getServerStatusv                                                                                                          
00005c53  _Z15get_unsent_logsv                                                                                                          
0000fc45  _Z15get_upload_datav                                                                                                          
0000fc61  _Z15get_webconn_stsv                                                                                                          
000067a5  _Z15gps_pkt_parsingP10gps_info_tPc                                                                                            
0000ba4f  _Z15init_flash_pinsv                                                                                                          
0000fc9d  _Z15setServerStatus13gprs_status_t                                                                                            
0000fc31  _Z15set_upload_data13upload_data_t                                                                                            
0000fc4d  _Z15set_webconn_stsh                                                                                                          
0000cc9b  _Z15update_ram_datav                                                                                                          
0000e889  _Z15vGPIOPortEnablev                                                                                                          
0000af89  _Z15vPERIPH_E2PInitv                                                                                                          
0000da01  _Z15vUART_SendBytesjPKhj                                                                                                      
00005c1d  _Z16check_unsent_logv                                                                                                         
00009aed  _Z16decodeMsgPC_Uartv                                                                                                         
0000264b  _Z16ether_valid_codePc                                                                                                        
00001a31  _Z16ethernet_handlerv                                                                                                         
0000be27  _Z16flashEraseBackupv                                                                                                         
0000bd23  _Z16flashEraseMasterv                                                                                                         
0000bdc9  _Z16flashEraseSectormm                                                                                                        
00005557  _Z16flashGetSerMR_BRv                                                                                                         
00003f4d  _Z16getClientMSGTypev                                                                                                         
00003f31  _Z16getServerReqTypev                                                                                                         
0000ad41  _Z16get_ADC_SIGarray14ADC_Channels_th                                                                                         
00004a89  _Z16get_present_timeP12time_stamp_t                                                                                           
0000a4c7  _Z16get_system_statev                                                                                                         
00003f39  _Z16setClientMSGType21client_message_type_t                                                                                   
00003f1d  _Z16setServerReqType21server_request_type_t                                                                                   
0000a4b3  _Z16set_system_state10sys_mode_t                                                                                              
00003fbd  _Z16update_date_timev                                                                                                         
000017d1  _Z16vETHERNETSPIInitv                                                                                                         
0000e93d  _Z16vGPIO_UnlockGPIOjh                                                                                                        
0000e9a1  _Z16vPERIPH_GPIOInitv                                                                                                         
0000d7bb  _Z16vPERIPH_UARTInitv                                                                                                         
000056b9  _Z16validate_FL_addrcm                                                                                                        
00003d0d  _Z16websocket_packetPh                                                                                                        
00003e09  _Z17HandleQueryStatesv                                                                                                        
000044b9  _Z17check_expire_time12time_stamp_tS_                                                                                         
0000b805  _Z17cloud_config_datav                                                                                                        
0000b31d  _Z17e2p_read_cfg_timev                                                                                                        
0000b22d  _Z17e2p_read_locationv                                                                                                        
000079c1  _Z17ether_cs_inactivev                                                                                                        
00001f89  _Z17ether_tcp_connectv                                                                                                        
0000b9f1  _Z17flash_port_assignv                                                                                                        
0000f119  _Z17generateRandomKeyiPc                                                                                                      
0000abb9  _Z17getBatteryVoltagev                                                                                                        
000033a9  _Z17prepare_JSON_pcktv                                                                                                        
00005e97  _Z17save_TELECOM_datav                                                                                                        
0000a495  _Z17tx_pending_dataPCv                                                                                                        
0000cdb5  _Z17vPERIPH_ClockInitv                                                                                                        
0000fc17  _Z18check_string_nobufPKc                                                                                                     
000041e3  _Z18convertToEpochTimePK12time_stamp_t                                                                                        
0000b091  _Z18e2p_read_cloud_cfgv                                                                                                       
0000b2c3  _Z18e2p_write_cfg_timev                                                                                                       
0000b1d9  _Z18e2p_write_locationv                                                                                                       
00002905  _Z18ether_respos_recvdPc                                                                                                      
0000be79  _Z18flashPacketProgramPctm                                                                                                    
0000b7bb  _Z18get_fixed_locationv                                                                                                       
00003e7b  _Z18prepare_server_pktv                                                                                                       
0000e9b5  _Z18readBCD_SelectorSWv                                                                                                       
0000b5a9  _Z18set_fixed_locationPc                                                                                                      
0000eb25  _Z18vInput_PollingReadv                                                                                                       
0000ac93  _Z19calculate_NE_AC_ADCv                                                                                                      
0000ac59  _Z19calculate_PN_AC_ADCv                                                                                                      
00005031  _Z19check_dateTime_dataP12time_stamp_t                                                                                        
[...]
00012906  _ZTSN10__cxxabiv120__si_class_type_infoE                                                                                      
00012950  _ZTSN10__cxxabiv117__class_type_infoE                                                                                         
00012974  _ZTI6UIPUDP                                                                                                                   
00012994  _ZTI9UIPClient                                                                                                                
000129b4  _ZTI9UIPServer                                                                                                                
000129f0  _ZTV6Server                                                                                                                   
00012a04  _ZTV9IPAddress                                                                                                                
00012a18  _ZTV9Printable                                                                                                                
00012a40  _ZTV5Print                                                                                                                    
00012a50  _ZTVN10__cxxabiv117__class_type_infoE                                                                                         
00012a60  _ZTVN10__cxxabiv120__si_class_type_infoE                                                                                      
00012a70  _ZTVN10__cxxabiv121__vmi_class_type_infoE                                                                                     
00012a80  _ZTSSt9type_info                                                                                                              
00012a90  _ZTI9IPAddress                                                                                                                
00012a9c  _ZTIN10__cxxabiv117__class_type_infoE                                                                                         
00012aa8  _ZTIN10__cxxabiv120__si_class_type_infoE                                                                                      
00012ab4  _ZTIN10__cxxabiv121__vmi_class_type_infoE                                                                                     
00012ac0  _ZTS9IPAddress                                                                                                                
00012acb  _ZTS9Printable                                                                                                                
00012ad6  _ZTS9UIPClient                                                                                                                
00012ae1  _ZTS9UIPServer                                                                                                                
00012afc  _ZTI3UDP                                                                                                                      
00012b04  _ZTI5Print                                                                                                                    
00012b0c  _ZTI6Client                                                                                                                   
00012b14  _ZTI6Server                                                                                                                   
00012b1c  _ZTI9Printable                                                                                                                
00012b24  _ZTISt9type_info                                                                                                              
00012b2c  _ZTS6Client                                                                                                                   
00012b34  _ZTS6Server                                                                                                                   
00012b3c  _ZTS6UIPUDP                                                                                                                   
00012b44  _ZTS5Print                                                                                                                    
00012b63  _ZTS3UDP                                                                                                                      
00012b74  SHT$$INIT_ARRAY$$Base                                                                                                         
00012b98  SHT$$INIT_ARRAY$$Limit                                                                                                        
00012bf0  __TI_Handler_Table_Base                                                                                                       
00012bfc  __TI_Handler_Table_Limit                                                                                                      
00012c08  __TI_CINIT_Base                                                                                                               
00012c18  __TI_CINIT_Limit                                                                                                              
20000000  __start___llvm_prf_cnts                                                                                                       
20000000  __stop___llvm_prf_cnts                                                                                                        
20000000  ethernet_rx_buff                                                                                                              
20000a34  ethernet_tx_buff                                                                                                              
20001464  _ZN10MemoryPool6blocksE                                                                                                       
20001694  gprs_rx_buff                                                                                                                  
20001890  gprs_tx_buff                                                                                                                  
20001a8c  dummy_json_string                                                                                                             
20001c14  adc                                                                                                                           
20001d90  display_tx                                                                                                                    
20001ec0  __CIOBUF_                                                                                                                     
20001fe0  cloud_config                                                                                                                  
200020b6  EXTI_cnt                                                                                                                      
200020b8  display_uart_rx                                                                                                               
20002158  pc_uart_rx                                                                                                                    
200021f8  e2p_cloud_config                                                                                                              
20002278  uip_conns                                                                                                                     
200022f8  _ZN9UIPClient8all_dataE                                                                                                       
20002368  uip_buf                                                                                                                       
20002488  pc_uart_tx                                                                                                                    
200024d8  FLR_log_data                                                                                                                  
2000251c  FL_log_data                                                                                                                   
20002560  gps                                                                                                                           
200025a3  UIPEthernet                                                                                                                   
200025a4  uip_udp_conns                                                                                                                 
200025e4  ram_data                                                                                                                      
2000261e  measurements                                                                                                                  
2000263e  time_main                                                                                                                     
2000265d  System_mode                                                                                                                   
2000265e  _ZN15Enc28J60Network13nextPacketPtrE                                                                                          
20002660  gprs                                                                                                                          
20002674  Eclient                                                                                                                       
20002684  client                                                                                                                        
20002694  e2p_device_info                                                                                                               
200026a4  e2p_location_info                                                                                                             
200026b4  freq_updated_data                                                                                                             
200026c4  scheduler                                                                                                                     
200026de  Alarms                                                                                                                        
200026ea  Telecom_Ethernet                                                                                                              
200026f5  gprs_rx_isr_handler                                                                                                           
200026f7  gps_handler_state                                                                                                             
20002748  _ZN16UIPEthernetClass17_dnsServerAddressE                                                                                     
20002758  e2p_config_time                                                                                                               
20002760  e2p_router_config                                                                                                             
20002768  gps_data                                                                                                                      
20002770  parmbuf                                                                                                                       
20002778  uip_listenports                                                                                                               
20002780  _ZN15Enc28J60Network10receivePktE                                                                                             
20002786  time_stamp                                                                                                                    
2000278c  _ZZN9UIPClient7connectE9IPAddresstE4conn                                                                                      
2000279c  Telecom_server_query                                                                                                          
200027a0  _ZN16UIPEthernetClass14periodic_timerE                                                                                        
200027a4  __dso_handle                                                                                                                  
200027a8  _millis                                                                                                                       
200027ac  startTime                                                                                                                     
200027b0  u32DelayCounter                                                                                                               
200027b4  uip_acc32                                                                                                                     
200027b8  uip_appdata                                                                                                                   
200027bc  uip_conn                                                                                                                      
200027c0  uip_draddr                                                                                                                    
200027c4  uip_hostaddr                                                                                                                  
200027c8  uip_netmask                                                                                                                   
200027cc  uip_sappdata                                                                                                                  
200027d0  uip_udp_conn                                                                                                                  
200027d4  uip_len                                                                                                                       
200027d6  uip_slen                                                                                                                      
200027d8  uip_flags                                                                                                                     
200027d9  voltage_mode                                                                                                                  
200027e0  __stack                                                                                                                       
200029e0  __STACK_TOP                                                                                                                   
20003fe0  __STACK_END                                                                                                                   
20003fe0  server_response_str                                                                                                           
20003ffb  ENC28J60ControlCS                                                                                                             
20003ffc  _ZN15Enc28J60Network4bankE                                                                                                    
20003ffd  _ZN15Enc28J60Network6erevidE                                                                                                  
20003ffe  _ZN15Enc28J60Network17broadcast_enabledE                                                                                      
20004000  PN_ADC_RAW_MAX                                                                                                                
20004008  NE_ADC_RAW_MAX                                                                                                                
20004020  _tz                                                                                                                           
2000403e  _ZZN9UIPClient7connectE9IPAddresstE7timeout                                                                                   
20004040  __TI_cleanup_ptr                                                                                                              
20004044  __TI_dtors_ptr                                                                                                                
20004048  __TI_enable_exit_profile_output                                                                                               
2000404c  gps_interval_start                                                                                                            
20004050  cnt_gps_1sec                                                                                                                  
20004058  _lock                                                                                                                         
2000405c  _unlock                                                                                                                       
20004068  _ZN16UIPEthernetClass9in_packetE                                                                                              
20004069  _ZN16UIPEthernetClass10uip_packetE                                                                                            
2000406a  _ZN16UIPEthernetClass10uip_hdrlenE                                                                                            
2000406b  _ZN16UIPEthernetClass11packetstateE                                                                                           
2000406c  _ZN16UIPEthernetClass5_dhcpE                                                                                                  
20004078  upload_time                                                                                                                   
2000407c  save_offline_time                                                                                                             
20004080  uip_ethaddr                                                                                                                   
20004086  _ZZN9UIPClient7connectE9IPAddresstE10first_call                                                                               
20004088  millis_cnt                                                                                                                    
20004098  _sys_memory                                                                                                                   
ffffffff  __TI_pprof_out_hndl                                                                                                           
ffffffff  __TI_prof_data_size                                                                                                           
ffffffff  __TI_prof_data_start                                                                                                          
ffffffff  __binit__                                                                                                                     
ffffffff  __c_args__                                                                                                                    
ffffffff  binit                                                                                                                         
UNDEFED   __mpu_init                                                                                                                    
UNDEFED   _system_post_cinit                                                                                                            

[828 symbols]
