******************************************************************************
                  TI ARM Linker PC v20.2.6                     
******************************************************************************
>> Linked Fri May 24 18:34:42 2024

OUTPUT FILE NAME:   <Telecom_IoT_v2_00.out>
ENTRY POINT SYMBOL: "_c_int00_noargs"  address: 0000f9c9


MEMORY CONFIGURATION

         name            origin    length      used     unused   attr    fill
----------------------  --------  ---------  --------  --------  ----  --------
  FLASH                 00000000   00020000  00010bd2  0000f42e  R  X
  SRAM                  20000000   00008000  00003fe6  0000401a  RW X


SEGMENT ALLOCATION MAP

run origin  load origin   length   init length attrs members
----------  ----------- ---------- ----------- ----- -------
00000000    00000000    00010bd8   00010bd8    r-x
  00000000    00000000    0000026c   0000026c    r-- .intvecs
  0000026c    0000026c    000101ba   000101ba    r-x .text
  00010428    00010428    00000710   00000710    r-- .const
  00010b38    00010b38    00000024   00000024    r-- .init_array
  00010b60    00010b60    00000078   00000078    r-- .cinit
20000000    20000000    00003ff0   00000000    rw-
  20000000    20000000    0000273a   00000000    rw- .bss
  20002740    20002740    00001800   00000000    rw- .stack
  20003f40    20003f40    0000009c   00000000    rw- .data
  20003fe0    20003fe0    00000010   00000000    rw- .sysmem


SECTION ALLOCATION MAP

 output                                  attributes/
section   page    origin      length       input sections
--------  ----  ----------  ----------   ----------------
.intvecs   0    00000000    0000026c     
                  00000000    0000026c     tm4c1233e6pz_startup_ccs.obj (.intvecs)

.text      0    0000026c    000101ba     
                  0000026c    00001564     uip.obj (.text)
                  000017d0    00001494     Telecom_Ethernet.obj (.text)
                  00002c64    00001108     Clock.obj (.text)
                  00003d6c    00000f40     Telecom_server_query.obj (.text)
                  00004cac    00000d80     gps.obj (.text)
                  00005a2c    00000bd0     UIPClient.obj (.text)
                  000065fc    00000b94     Enc28J60Network.obj (.text)
                  00007190    00000b6c     Dhcp.obj (.text)
                  00007cfc    00000ae0     UIPEthernet.obj (.text)
                  000087dc    00000a30     E2P.obj (.text)
                  0000920c    000007c4     ADC_Core.obj (.text)
                  000099d0    00000794     UIPUdp.obj (.text)
                  0000a164    000006b4     UartCore.obj (.text)
                  0000a818    00000674     PC_Cmds.obj (.text)
                  0000ae8c    000005e4     uip_arp.obj (.text)
                  0000b470    000005b8     Print.obj (.text)
                  0000ba28    000005b4     main.obj (.text)
                  0000bfdc    000005b0     Dns.obj (.text)
                  0000c58c    000004cc     _common.obj (.text)
                  0000ca58    00000488     Display.obj (.text)
                  0000cee0    000002f0     mempool.obj (.text)
                  0000d1d0    000002b8     rtsv7M4_T_le_v4SPD16_eabi.lib : mktime64.c.obj (.text:__mktime64)
                  0000d488    00000284     UIPServer.obj (.text)
                  0000d70c    0000025c     IO_cntrl.obj (.text)
                  0000d968    00000230     gprs.obj (.text)
                  0000db98    00000210     DS3231.obj (.text)
                  0000dda8    000001b6     rtsv7M4_T_le_v4SPD16_eabi.lib : fd_add_t2.asm.obj (.text)
                  0000df5e    00000002                                   : stdlib_typeinfo.cpp.obj (.text:_ZNSt9type_infoD1Ev)
                  0000df60    000001a8     SysTick_Timer.obj (.text)
                  0000e108    00000192     itoa.obj (.text)
                  0000e29a    00000002     rtsv7M4_T_le_v4SPD16_eabi.lib : _lock.c.obj (.text:_nop)
                  0000e29c    0000016c     driverlib.lib : gpio.obj (.text:GPIOPadConfigSet)
                  0000e408    0000016c     IPAddress.obj (.text)
                  0000e574    00000136     rtsv7M4_T_le_v4SPD16_eabi.lib : fd_div_t2.asm.obj (.text)
                  0000e6aa    00000002                                   : div0.asm.obj (.text)
                  0000e6ac    00000118     driverlib.lib : sysctl.obj (.text:SysCtlClockGet)
                  0000e7c4    00000100     rtsv7M4_T_le_v4SPD16_eabi.lib : memory.c.obj (.text:aligned_alloc)
                  0000e8c4    000000fc                                   : fd_mul_t2.asm.obj (.text)
                  0000e9c0    000000f4     driverlib.lib : sysctl.obj (.text:SysCtlClockSet)
                  0000eab4    000000e4     rtsv7M4_T_le_v4SPD16_eabi.lib : memory.c.obj (.text:free)
                  0000eb98    000000c4     driverlib.lib : eeprom.obj (.text:EEPROMProgram)
                  0000ec5c    000000bc     WDT.obj (.text)
                  0000ed18    0000009c     rtsv7M4_T_le_v4SPD16_eabi.lib : memcpy_t2.asm.obj (.text)
                  0000edb4    00000096                                   : ull_div_t2.asm.obj (.text)
                  0000ee4a    00000086                                   : fd_cmp_t2.asm.obj (.text:__aeabi_cdcmple)
                  0000eed0    00000086                                   : fd_cmp_t2.asm.obj (.text:__aeabi_cdrcmple)
                  0000ef56    0000007a     driverlib.lib : adc.obj (.text:ADCSequenceStepConfigure)
                  0000efd0    0000007a     rtsv7M4_T_le_v4SPD16_eabi.lib : memset_t2.asm.obj (.text)
                  0000f04a    00000002     --HOLE-- [fill = 0]
                  0000f04c    00000070                                   : memory.c.obj (.text:split)
                  0000f0bc    0000006e                                   : ll_div_t2.asm.obj (.text)
                  0000f12a    00000002     --HOLE-- [fill = 0]
                  0000f12c    00000068     driverlib.lib : interrupt.obj (.text:IntEnable)
                  0000f194    00000068     rtsv7M4_T_le_v4SPD16_eabi.lib : copy_decompress_lzss.c.obj (.text:decompress:lzss:__TI_decompress_lzss)
                  0000f1fc    00000060                                   : hosttime.c.obj (.text:HOSTtime64)
                  0000f25c    00000060                                   : autoinit.c.obj (.text:__TI_auto_init_nobinit:__TI_auto_init_nobinit)
                  0000f2bc    0000005c     Print.obj (.text:__isnan)
                  0000f318    00000058     driverlib.lib : gpio.obj (.text:GPIOIntTypeSet)
                  0000f370    00000054     Print.obj (.text:__isinf)
                  0000f3c4    00000050     driverlib.lib : sysctl.obj (.text:SysCtlPeripheralReset)
                  0000f414    0000004e                   : adc.obj (.text:ADCSequenceConfigure)
                  0000f462    00000002     --HOLE-- [fill = 0]
                  0000f464    0000004c                   : gpio.obj (.text:GPIOPinConfigure)
                  0000f4b0    0000004c                   : i2c.obj (.text:I2CMasterInitExpClk)
                  0000f4fc    0000004c     rtsv7M4_T_le_v4SPD16_eabi.lib : atoi.c.obj (.text:atoi)
                  0000f548    00000048                                   : exit.c.obj (.text:exit)
                  0000f590    00000048                                   : fd_toi_t2.asm.obj (.text)
                  0000f5d8    00000046     driverlib.lib : uart.obj (.text:UARTConfigSetExpClk)
                  0000f61e    00000002     --HOLE-- [fill = 0]
                  0000f620    00000044     rtsv7M4_T_le_v4SPD16_eabi.lib : dtor_list.c.obj (.text:_Z25__add_destruction_to_listPP20a_needed_destructionPFYvPvES2_S2_)
                  0000f664    00000044                                   : fd_tou_t2.asm.obj (.text)
                  0000f6a8    00000042                                   : dtor_list.c.obj (.text:_Z23__finalize_destructionsPP20a_needed_destructionPv)
                  0000f6ea    00000002     --HOLE-- [fill = 0]
                  0000f6ec    00000040     driverlib.lib : eeprom.obj (.text:EEPROMInit)
                  0000f72c    00000040     rtsv7M4_T_le_v4SPD16_eabi.lib : u_divt2.asm.obj (.text)
                  0000f76c    0000003c     driverlib.lib : ssi.obj (.text:SSIConfigSetExpClk)
                  0000f7a8    0000003c                   : eeprom.obj (.text:_EEPROMSectorMaskSet)
                  0000f7e4    00000038                   : eeprom.obj (.text:EEPROMRead)
                  0000f81c    00000038                   : sysctl.obj (.text:SysCtlPeripheralReady)
                  0000f854    00000038     rtsv7M4_T_le_v4SPD16_eabi.lib : trgmsg.c.obj (.text:__TI_writemsg)
                  0000f88c    00000038     delay.obj (.text)
                  0000f8c4    00000034     driverlib.lib : sysctl.obj (.text:SysCtlPeripheralDisable)
                  0000f8f8    00000034                   : sysctl.obj (.text:SysCtlPeripheralEnable)
                  0000f92c    00000034                   : eeprom.obj (.text:_EEPROMSectorMaskClear)
                  0000f960    00000034     rtsv7M4_T_le_v4SPD16_eabi.lib : trgmsg.c.obj (.text:__TI_readmsg)
                  0000f994    00000034                                   : dtor_list.c.obj (.text:__aeabi_atexit)
                  0000f9c8    00000034                                   : boot_cortex_m.c.obj (.text:_c_int00_noargs:_c_int00_noargs)
                  0000f9fc    00000034                                   : rand.c.obj (.text:rand)
                  0000fa30    00000034                                   : strstr.c.obj (.text:strstr)
                  0000fa64    0000002e     driverlib.lib : adc.obj (.text:ADCIntStatus)
                  0000fa92    0000002e     rtsv7M4_T_le_v4SPD16_eabi.lib : i_tofd_t2.asm.obj (.text)
                  0000fac0    0000002c     driverlib.lib : gpio.obj (.text:GPIODirModeSet)
                  0000faec    0000002c     SPI.obj (.text)
                  0000fb18    0000002c     rtsv7M4_T_le_v4SPD16_eabi.lib : strncmp.c.obj (.text:strncmp)
                  0000fb44    00000028                                   : memory.c.obj (.text:free_list_insert)
                  0000fb6c    00000024     Print.obj (.text:_ZN5Print5writeEPKc)
                  0000fb90    00000024     Dhcp.obj (.text:_ZN9IPAddressC1ERKS_)
                  0000fbb4    00000024     Dhcp.obj (.text:_ZThn8_N6UIPUDP4readEPcj)
                  0000fbd8    00000024     rtsv7M4_T_le_v4SPD16_eabi.lib : memcmp.c.obj (.text:memcmp)
                  0000fbfc    00000024                                   : rand.c.obj (.text:srand)
                  0000fc20    00000022     UIPClient.obj (.text:_ZN9UIPClientneERKS_)
                  0000fc42    00000002     --HOLE-- [fill = 0]
                  0000fc44    00000020     driverlib.lib : uart.obj (.text:UARTDisable)
                  0000fc64    00000020     Print.obj (.text:_Z14__libcpp_isinfIdEbT_)
                  0000fc84    00000020     Print.obj (.text:_Z14__libcpp_isnanIdEbT_)
                  0000fca4    00000020     rtsv7M4_T_le_v4SPD16_eabi.lib : u_tofd_t2.asm.obj (.text)
                  0000fcc4    0000001e     driverlib.lib : adc.obj (.text:ADCSequenceDataGet)
                  0000fce2    00000002     --HOLE-- [fill = 0]
                  0000fce4    0000001c     UIPClient.obj (.text:_ZN5PrintC1Ev)
                  0000fd00    0000001c     Dhcp.obj (.text:_ZNK9IPAddresseqERKS_)
                  0000fd1c    0000001c     rtsv7M4_T_le_v4SPD16_eabi.lib : memory.c.obj (.text:free_list_remove)
                  0000fd38    0000001c     millis.obj (.text)
                  0000fd54    0000001c     tm4c1233e6pz_startup_ccs.obj (.text)
                  0000fd70    0000001a     driverlib.lib : gpio.obj (.text:GPIOPinTypeGPIOOutput)
                  0000fd8a    0000001a     Telecom_Ethernet.obj (.text:_ZN9IPAddressaSERKS_)
                  0000fda4    00000018     driverlib.lib : adc.obj (.text:ADCProcessorTrigger)
                  0000fdbc    00000018     Print.obj (.text:_Z5isinfIdENSt3__29enable_ifIXaasr3std3__213is_arithmeticIT_EE5valuesr3std3__214numeric_limitsIS2_EE12has_infinityEbE4typeES2_)
                  0000fdd4    00000018     Print.obj (.text:_Z5isnanIdENSt3__29enable_ifIXsr3std3__217is_floating_pointIT_EE5valueEbE4typeES2_)
                  0000fdec    00000018     UIPUdp.obj (.text:_ZN3UDPC1Ev)
                  0000fe04    00000018     Telecom_Ethernet.obj (.text:_ZN5Print5writeEPKcj)
                  0000fe1c    00000018     UIPClient.obj (.text:_ZN6ClientC1Ev)
                  0000fe34    00000018     UIPServer.obj (.text:_ZN6ServerC1Ev)
                  0000fe4c    00000018     Dhcp.obj (.text:_ZN6UIPUDP4readEPcj)
                  0000fe64    00000018     Dhcp.obj (.text:_ZN9PrintableC1ERKS_)
                  0000fe7c    00000018     IPAddress.obj (.text:_ZN9PrintableC1Ev)
                  0000fe94    00000018     rtsv7M4_T_le_v4SPD16_eabi.lib : ll_mul_t2.asm.obj (.text)
                  0000feac    00000018                                   : strcmp.c.obj (.text:strcmp)
                  0000fec4    00000016     driverlib.lib : gpio.obj (.text:GPIOPinTypeADC)
                  0000feda    00000016                   : gpio.obj (.text:GPIOPinTypeGPIOInput)
                  0000fef0    00000016                   : gpio.obj (.text:GPIOPinTypeI2C)
                  0000ff06    00000016                   : gpio.obj (.text:GPIOPinTypeI2CSCL)
                  0000ff1c    00000016                   : gpio.obj (.text:GPIOPinTypeSSI)
                  0000ff32    00000016                   : gpio.obj (.text:GPIOPinTypeUART)
                  0000ff48    00000016     UIPClient.obj (.text:_ZN9DNSClientC1Ev)
                  0000ff5e    00000016     UIPClient.obj (.text:_ZThn8_N9UIPClientD1Ev)
                  0000ff74    00000016     UIPServer.obj (.text:_ZThn8_N9UIPServerD1Ev)
                  0000ff8a    00000002     --HOLE-- [fill = 0]
                  0000ff8c    00000014     driverlib.lib : systick.obj (.text:SysTickEnable)
                  0000ffa0    00000014                   : systick.obj (.text:SysTickIntEnable)
                  0000ffb4    00000014                   : uart.obj (.text:UARTEnable)
                  0000ffc8    00000014     Telecom_Ethernet.obj (.text:_ZN6ClientD0Ev)
                  0000ffdc    00000014     UIPServer.obj (.text:_ZN6ServerD0Ev)
                  0000fff0    00000014     Telecom_Ethernet.obj (.text:_ZN9IPAddressD0Ev)
                  00010004    00000014     Telecom_Ethernet.obj (.text:_ZN9IPAddressixEi)
                  00010018    00000014     Telecom_Ethernet.obj (.text:_ZN9PrintableD0Ev)
                  0001002c    00000014     Telecom_Ethernet.obj (.text:_ZN9UIPClientD0Ev)
                  00010040    00000014     UIPServer.obj (.text:_ZN9UIPServerD0Ev)
                  00010054    00000014     rtsv7M4_T_le_v4SPD16_eabi.lib : strcpy.c.obj (.text:strcpy)
                  00010068    00000014                                   : strlen.c.obj (.text:strlen)
                  0001007c    00000012     driverlib.lib : ssi.obj (.text:SSIDataGetNonBlocking)
                  0001008e    00000012     Telecom_server_query.obj (.text:_Z3absl)
                  000100a0    00000012     Telecom_Ethernet.obj (.text:_ZThn8_N9UIPClientD0Ev)
                  000100b2    00000012     UIPServer.obj (.text:_ZThn8_N9UIPServerD0Ev)
                  000100c4    00000010     driverlib.lib : interrupt.obj (.text:IntMasterEnable)
                  000100d4    00000010                   : systick.obj (.text:SysTickPeriodSet)
                  000100e4    00000010                   : eeprom.obj (.text:_EEPROMWaitForDone)
                  000100f4    00000010     UIPEthernet.obj (.text:_ZN9DhcpClassC1Ev)
                  00010104    00000010     Dhcp.obj (.text:_ZN9PrintableC2ERKS_)
                  00010114    00000010     Telecom_Ethernet.obj (.text:_ZN9UIPClientD1Ev)
                  00010124    00000010     UIPServer.obj (.text:_ZN9UIPServerD1Ev)
                  00010134    00000010     rtsv7M4_T_le_v4SPD16_eabi.lib : time64.c.obj (.text:__time64)
                  00010144    00000010                                   : isdigit.c.obj (.text:isdigit)
                  00010154    0000000e     driverlib.lib : adc.obj (.text:ADCSequenceEnable)
                  00010162    0000000e                   : gpio.obj (.text:GPIOIntStatus)
                  00010170    0000000e                   : i2c.obj (.text:I2CRxFIFOFlush)
                  0001017e    0000000e                   : i2c.obj (.text:I2CTxFIFOFlush)
                  0001018c    0000000e                   : ssi.obj (.text:SSIDataPutNonBlocking)
                  0001019a    0000000e                   : uart.obj (.text:UARTCharGetNonBlocking)
                  000101a8    0000000e                   : uart.obj (.text:UARTCharPutNonBlocking)
                  000101b6    0000000e                   : uart.obj (.text:UARTCharsAvail)
                  000101c4    0000000e                   : watchdog.obj (.text:WatchdogLockState)
                  000101d2    0000000e     rtsv7M4_T_le_v4SPD16_eabi.lib : typeinfo.c.obj (.text:_ZN10__cxxabiv117__class_type_infoD0Ev)
                  000101e0    0000000e                                   : typeinfo.c.obj (.text:_ZN10__cxxabiv120__si_class_type_infoD0Ev)
                  000101ee    0000000e                                   : typeinfo.c.obj (.text:_ZN10__cxxabiv121__vmi_class_type_infoD0Ev)
                  000101fc    0000000e     UIPClient.obj (.text:_ZN9DNSClientD1Ev)
                  0001020a    0000000e     Dns.obj (.text:_ZN9IPAddress11raw_addressEv)
                  00010218    0000000e     Telecom_Ethernet.obj (.text:_ZN9IPAddressD1Ev)
                  00010226    0000000e     Telecom_Ethernet.obj (.text:_ZN9PrintableaSERKS_)
                  00010234    0000000e     Print.obj (.text:_ZNK6String5c_strEv)
                  00010242    0000000e     Print.obj (.text:_ZNK6String6lengthEv)
                  00010250    0000000e     Dns.obj (.text:_ZNK9IPAddresscvjEv)
                  0001025e    0000000e     rtsv7M4_T_le_v4SPD16_eabi.lib : copy_decompress_none.c.obj (.text:decompress:none:__TI_decompress_none)
                  0001026c    0000000c     driverlib.lib : cpu.obj (.text:CPUcpsie)
                  00010278    0000000c                   : gpio.obj (.text:GPIOIntEnable)
                  00010284    0000000c                   : watchdog.obj (.text:WatchdogIntTypeSet)
                  00010290    0000000c                   : watchdog.obj (.text:WatchdogUnlock)
                  0001029c    0000000c     UIPUdp.obj (.text:_ZN3UDPC2Ev)
                  000102a8    0000000c     UIPClient.obj (.text:_ZN5PrintC2Ev)
                  000102b4    0000000c     UIPClient.obj (.text:_ZN6ClientC2Ev)
                  000102c0    0000000c     Telecom_Ethernet.obj (.text:_ZN6ClientD1Ev)
                  000102cc    0000000c     Telecom_Ethernet.obj (.text:_ZN6ClientD2Ev)
                  000102d8    0000000c     UIPServer.obj (.text:_ZN6ServerC2Ev)
                  000102e4    0000000c     UIPServer.obj (.text:_ZN6ServerD1Ev)
                  000102f0    0000000c     UIPServer.obj (.text:_ZN6ServerD2Ev)
                  000102fc    0000000c     IPAddress.obj (.text:_ZN9PrintableC2Ev)
                  00010308    0000000c     Telecom_Ethernet.obj (.text:_ZN9PrintableD1Ev)
                  00010314    0000000c     Telecom_Ethernet.obj (.text:_ZN9PrintableD2Ev)
                  00010320    0000000c     rtsv7M4_T_le_v4SPD16_eabi.lib : dtor_list.c.obj (.text:__cxa_finalize)
                  0001032c    0000000c                                   : guard.c.obj (.text:__cxa_guard_acquire)
                  00010338    0000000c                                   : copy_zero_init.c.obj (.text:decompress:ZI:__TI_zero_init)
                  00010344    0000000a     driverlib.lib : adc.obj (.text:ADCIntClear)
                  0001034e    0000000a                   : i2c.obj (.text:I2CMasterEnable)
                  00010358    0000000a                   : ssi.obj (.text:SSIEnable)
                  00010362    0000000a                   : uart.obj (.text:UARTIntStatus)
                  0001036c    0000000a                   : watchdog.obj (.text:WatchdogEnable)
                  00010376    0000000a                   : watchdog.obj (.text:WatchdogIntEnable)
                  00010380    0000000a                   : watchdog.obj (.text:WatchdogResetEnable)
                  0001038a    0000000a     rtsv7M4_T_le_v4SPD16_eabi.lib : guard.c.obj (.text:__cxa_guard_release)
                  00010394    00000008     driverlib.lib : i2c.obj (.text:I2CMasterBusy)
                  0001039c    00000008                   : i2c.obj (.text:I2CMasterSlaveAddrSet)
                  000103a4    00000008                   : uart.obj (.text:UARTBusy)
                  000103ac    00000008                   : uart.obj (.text:UARTIntEnable)
                  000103b4    00000008                   : watchdog.obj (.text:WatchdogLock)
                  000103bc    00000008     rtsv7M4_T_le_v4SPD16_eabi.lib : new.cpp.obj (.text:_ZdlPv)
                  000103c4    00000008                                   : memory.c.obj (.text:malloc)
                  000103cc    00000006     driverlib.lib : gpio.obj (.text:GPIOIntClear)
                  000103d2    00000006                   : gpio.obj (.text:GPIOPinRead)
                  000103d8    00000006                   : gpio.obj (.text:GPIOPinWrite)
                  000103de    00000006                   : sysctl.obj (.text:SysCtlDelay)
                  000103e4    00000006                   : watchdog.obj (.text:WatchdogIntClear)
                  000103ea    00000006     rtsv7M4_T_le_v4SPD16_eabi.lib : dtor_list.c.obj (.text:__cxa_ia64_exit)
                  000103f0    00000006                                   : pure_virt.c.obj (.text:__cxa_pure_virtual)
                  000103f6    00000004     driverlib.lib : i2c.obj (.text:I2CMasterControl)
                  000103fa    00000004                   : i2c.obj (.text:I2CMasterDataGet)
                  000103fe    00000004                   : i2c.obj (.text:I2CMasterDataPut)
                  00010402    00000004                   : uart.obj (.text:UARTIntClear)
                  00010406    00000004                   : watchdog.obj (.text:WatchdogReloadSet)
                  0001040a    00000004     rtsv7M4_T_le_v4SPD16_eabi.lib : typeinfo.c.obj (.text:_ZN10__cxxabiv117__class_type_infoD1Ev)
                  0001040e    00000004                                   : typeinfo.c.obj (.text:_ZN10__cxxabiv120__si_class_type_infoD1Ev)
                  00010412    00000004                                   : typeinfo.c.obj (.text:_ZN10__cxxabiv121__vmi_class_type_infoD1Ev)
                  00010416    00000004                                   : new.cpp.obj (.text:_ZdlPvj)
                  0001041a    00000004                                   : error.c.obj (.text:__abort_execution)
                  0001041e    00000004                                   : pre_init.c.obj (.text:_system_pre_init)
                  00010422    00000004                                   : exit.c.obj (.text:abort:abort)

.const     0    00010428    00000710     
                  00010428    00000101     rtsv7M4_T_le_v4SPD16_eabi.lib : ctype.c.obj (.const:.string:_ctypes_)
                  00010529    00000003     --HOLE-- [fill = 0]
                  0001052c    00000090     UIPUdp.obj (.const:_ZTV6UIPUDP)
                  000105bc    00000090     driverlib.lib : gpio.obj (.const:g_pui32GPIOBaseAddrs)
                  0001064c    0000008c     UIPClient.obj (.const:_ZTV9UIPClient)
                  000106d8    0000006c     driverlib.lib : sysctl.obj (.const:g_pui32Xtals)
                  00010744    00000060     rtsv7M4_T_le_v4SPD16_eabi.lib : mktime64.c.obj (.const:$O1$$)
                  000107a4    00000048     UIPUdp.obj (.const:_ZTV3UDP)
                  000107ec    00000041     _common.obj (.const:.string:$P$T0$1)
                  0001082d    00000003     --HOLE-- [fill = 0]
                  00010830    00000040     UIPClient.obj (.const:_ZTV6Client)
                  00010870    00000034     UIPServer.obj (.const:_ZTV9UIPServer)
                  000108a4    00000026     rtsv7M4_T_le_v4SPD16_eabi.lib : typeinfo.c.obj (.const:.typeinfo:_ZTSN10__cxxabiv121__vmi_class_type_infoE)
                  000108ca    00000025                                   : typeinfo.c.obj (.const:.typeinfo:_ZTSN10__cxxabiv120__si_class_type_infoE)
                  000108ef    00000001     --HOLE-- [fill = 0]
                  000108f0    00000024     Clock.obj (.const:$P$T0$1)
                  00010914    00000022     rtsv7M4_T_le_v4SPD16_eabi.lib : typeinfo.c.obj (.const:.typeinfo:_ZTSN10__cxxabiv117__class_type_infoE)
                  00010936    00000002     --HOLE-- [fill = 0]
                  00010938    00000020     UIPUdp.obj (.const:.typeinfo:_ZTI6UIPUDP)
                  00010958    00000020     UIPClient.obj (.const:.typeinfo:_ZTI9UIPClient)
                  00010978    00000020     UIPServer.obj (.const:.typeinfo:_ZTI9UIPServer)
                  00010998    00000019     Telecom_Ethernet.obj (.const:.string:$P$T5$5)
                  000109b1    00000003     --HOLE-- [fill = 0]
                  000109b4    00000014     UIPServer.obj (.const:_ZTV6Server)
                  000109c8    00000014     IPAddress.obj (.const:_ZTV9IPAddress)
                  000109dc    00000014     Dhcp.obj (.const:_ZTV9Printable)
                  000109f0    00000014     driverlib.lib : interrupt.obj (.const:g_pui32EnRegs)
                  00010a04    00000010     Print.obj (.const:_ZTV5Print)
                  00010a14    00000010     rtsv7M4_T_le_v4SPD16_eabi.lib : typeinfo.c.obj (.const:_ZTVN10__cxxabiv117__class_type_infoE)
                  00010a24    00000010                                   : typeinfo.c.obj (.const:_ZTVN10__cxxabiv120__si_class_type_infoE)
                  00010a34    00000010                                   : typeinfo.c.obj (.const:_ZTVN10__cxxabiv121__vmi_class_type_infoE)
                  00010a44    0000000d                                   : stdlib_typeinfo.cpp.obj (.const:.typeinfo:_ZTSSt9type_info)
                  00010a51    00000003     --HOLE-- [fill = 0]
                  00010a54    0000000c     IPAddress.obj (.const:.typeinfo:_ZTI9IPAddress)
                  00010a60    0000000c     rtsv7M4_T_le_v4SPD16_eabi.lib : typeinfo.c.obj (.const:.typeinfo:_ZTIN10__cxxabiv117__class_type_infoE)
                  00010a6c    0000000c                                   : typeinfo.c.obj (.const:.typeinfo:_ZTIN10__cxxabiv120__si_class_type_infoE)
                  00010a78    0000000c                                   : typeinfo.c.obj (.const:.typeinfo:_ZTIN10__cxxabiv121__vmi_class_type_infoE)
                  00010a84    0000000b     IPAddress.obj (.const:.typeinfo:_ZTS9IPAddress)
                  00010a8f    0000000b     Dhcp.obj (.const:.typeinfo:_ZTS9Printable)
                  00010a9a    0000000b     UIPClient.obj (.const:.typeinfo:_ZTS9UIPClient)
                  00010aa5    0000000b     UIPServer.obj (.const:.typeinfo:_ZTS9UIPServer)
                  00010ab0    00000008     Clock.obj (.const:$P$T1$2)
                  00010ab8    00000008     Telecom_Ethernet.obj (.const:.string:$P$T7$12)
                  00010ac0    00000008     UIPUdp.obj (.const:.typeinfo:_ZTI3UDP)
                  00010ac8    00000008     Print.obj (.const:.typeinfo:_ZTI5Print)
                  00010ad0    00000008     UIPClient.obj (.const:.typeinfo:_ZTI6Client)
                  00010ad8    00000008     UIPServer.obj (.const:.typeinfo:_ZTI6Server)
                  00010ae0    00000008     Dhcp.obj (.const:.typeinfo:_ZTI9Printable)
                  00010ae8    00000008     rtsv7M4_T_le_v4SPD16_eabi.lib : stdlib_typeinfo.cpp.obj (.const:.typeinfo:_ZTISt9type_info)
                  00010af0    00000008     UIPClient.obj (.const:.typeinfo:_ZTS6Client)
                  00010af8    00000008     UIPServer.obj (.const:.typeinfo:_ZTS6Server)
                  00010b00    00000008     UIPUdp.obj (.const:.typeinfo:_ZTS6UIPUDP)
                  00010b08    00000007     Print.obj (.const:.typeinfo:_ZTS5Print)
                  00010b0f    00000006     Telecom_Ethernet.obj (.const:.string:$P$T3$1)
                  00010b15    00000006     UIPEthernet.obj (.const:.string:$P$T6$1)
                  00010b1b    00000006     Telecom_Ethernet.obj (.const:.string:$P$T6$8)
                  00010b21    00000006     uip_arp.obj (.const:broadcast_ethaddr)
                  00010b27    00000005     UIPUdp.obj (.const:.typeinfo:_ZTS3UDP)
                  00010b2c    00000004     uip.obj (.const:all_ones_addr)
                  00010b30    00000004     uip.obj (.const:all_zeroes_addr)
                  00010b34    00000004     uip_arp.obj (.const:broadcast_ipaddr)

.cinit     0    00010b60    00000078     
                  00010b60    0000004e     (.cinit..data.load) [load image, compression = lzss]
                  00010bae    00000002     --HOLE-- [fill = 0]
                  00010bb0    0000000c     (__TI_handler_table)
                  00010bbc    00000004     --HOLE-- [fill = 0]
                  00010bc0    00000008     (.cinit..bss.load) [load image, compression = zero_init]
                  00010bc8    00000010     (__TI_cinit_table)

.init_array 
*          0    00010b38    00000024     
                  00010b38    00000004     IPAddress.obj (.init_array)
                  00010b3c    00000004     UIPUdp.obj (.init_array)
                  00010b40    00000004     UIPServer.obj (.init_array)
                  00010b44    00000004     UIPEthernet.obj (.init_array)
                  00010b48    00000004     UIPClient.obj (.init_array)
                  00010b4c    00000004     Dns.obj (.init_array)
                  00010b50    00000004     Dhcp.obj (.init_array)
                  00010b54    00000004     main.obj (.init_array)
                  00010b58    00000004     Telecom_Ethernet.obj (.init_array)

.bss       0    20000000    0000273a     UNINITIALIZED
                  20000000    00000a34     (.common:ethernet_rx_buff)
                  20000a34    00000a30     (.common:ethernet_tx_buff)
                  20001464    00000230     (.common:_ZN10MemoryPool6blocksE)
                  20001694    000001fc     (.common:gprs_rx_buff)
                  20001890    000001fc     (.common:gprs_tx_buff)
                  20001a8c    00000188     (.common:dummy_json_string)
                  20001c14    0000017c     (.common:adc)
                  20001d90    00000130     (.common:display_tx)
                  20001ec0    00000120     rtsv7M4_T_le_v4SPD16_eabi.lib : trgmsg.c.obj (.bss:_CIOBUF_)
                  20001fe0    000000d6     (.common:cloud_config)
                  200020b6    00000002     (.common:EXTI_cnt)
                  200020b8    000000a0     (.common:display_uart_rx)
                  20002158    000000a0     (.common:pc_uart_rx)
                  200021f8    00000080     (.common:e2p_cloud_config)
                  20002278    00000080     (.common:uip_conns)
                  200022f8    00000070     (.common:_ZN9UIPClient8all_dataE)
                  20002368    00000064     (.common:uip_buf)
                  200023cc    00000060     uip_arp.obj (.bss:arp_table)
                  2000242c    0000005c     UIPEthernet.obj (.bss:s_dhcp)
                  20002488    00000050     (.common:pc_uart_tx)
                  200024d8    00000043     (.common:gps)
                  2000251b    00000001     UIPEthernet.obj (.bss:UIPEthernet)
                  2000251c    00000040     (.common:uip_udp_conns)
                  2000255c    00000036     (.common:ram_data)
                  20002592    0000001f     (.common:time_main)
                  200025b1    0000001c     (.common:measurements)
                  200025cd    00000001     (.common:System_mode)
                  200025ce    00000002     (.common:_ZN15Enc28J60Network13nextPacketPtrE)
                  200025d0    00000014     (.common:gprs)
                  200025e4    00000010     Telecom_Ethernet.obj (.bss:Eclient)
                  200025f4    00000010     Telecom_Ethernet.obj (.bss:client)
                  20002604    00000010     (.common:e2p_device_info)
                  20002614    00000010     (.common:e2p_location_info)
                  20002624    0000000e     (.common:scheduler)
                  20002632    0000000c     Telecom_Ethernet.obj (.bss)
                  2000263e    0000000c     (.common:Alarms)
                  2000264a    0000000b     (.common:Telecom_Ethernet)
                  20002655    00000002     (.common:gprs_rx_isr_handler)
                  20002657    00000001     (.common:gps_handler_state)
                  20002658    00000008     Dhcp.obj (.bss)
                  20002660    00000008     Dhcp.obj (.bss:INADDR_NONE)
                  20002668    00000008     Dns.obj (.bss:INADDR_NONE)
                  20002670    00000008     IPAddress.obj (.bss:INADDR_NONE)
                  20002678    00000008     Telecom_Ethernet.obj (.bss:INADDR_NONE)
                  20002680    00000008     UIPClient.obj (.bss:INADDR_NONE)
                  20002688    00000008     UIPEthernet.obj (.bss:INADDR_NONE)
                  20002690    00000008     UIPServer.obj (.bss:INADDR_NONE)
                  20002698    00000008     UIPUdp.obj (.bss:INADDR_NONE)
                  200026a0    00000008     main.obj (.bss:INADDR_NONE)
                  200026a8    00000008     UIPEthernet.obj (.bss:_ZN16UIPEthernetClass17_dnsServerAddressE)
                  200026b0    00000008     uip.obj (.bss)
                  200026b8    00000008     (.common:e2p_config_time)
                  200026c0    00000008     (.common:e2p_router_config)
                  200026c8    00000008     (.common:gps_data)
                  200026d0    00000008     (.common:parmbuf)
                  200026d8    00000008     (.common:uip_listenports)
                  200026e0    00000006     (.common:_ZN15Enc28J60Network10receivePktE)
                  200026e6    00000006     (.common:time_stamp)
                  200026ec    00000004     UIPClient.obj (.bss:_ZZN9UIPClient7connectE9IPAddresstE4conn)
                  200026f0    00000004     uip_arp.obj (.bss:ipaddr)
                  200026f4    00000004     uip.obj (.bss:iss)
                  200026f8    00000004     uip_arp.obj (.bss)
                  200026fc    00000004     (.common:Telecom_server_query)
                  20002700    00000004     (.common:_ZN16UIPEthernetClass14periodic_timerE)
                  20002704    00000004     (.common:__dso_handle)
                  20002708    00000004     (.common:_millis)
                  2000270c    00000004     (.common:startTime)
                  20002710    00000004     (.common:u32DelayCounter)
                  20002714    00000004     (.common:uip_acc32)
                  20002718    00000004     (.common:uip_appdata)
                  2000271c    00000004     (.common:uip_conn)
                  20002720    00000004     (.common:uip_draddr)
                  20002724    00000004     (.common:uip_hostaddr)
                  20002728    00000004     (.common:uip_netmask)
                  2000272c    00000004     (.common:uip_sappdata)
                  20002730    00000004     (.common:uip_udp_conn)
                  20002734    00000002     (.common:uip_len)
                  20002736    00000002     (.common:uip_slen)
                  20002738    00000001     (.common:router_mode)
                  20002739    00000001     (.common:uip_flags)

.stack     0    20002740    00001800     UNINITIALIZED
                  20002740    00000004     rtsv7M4_T_le_v4SPD16_eabi.lib : boot_cortex_m.c.obj (.stack)
                  20002744    000017fc     --HOLE--

.data      0    20003f40    0000009c     UNINITIALIZED
                  20003f40    0000001b     Telecom_server_query.obj (.data:server_response_str)
                  20003f5b    00000001     Dhcp.obj (.data)
                  20003f5c    00000010     rtsv7M4_T_le_v4SPD16_eabi.lib : tmzone.c.obj (.data:_tz)
                  20003f6c    0000000d     Telecom_Ethernet.obj (.data)
                  20003f79    00000001     UIPClient.obj (.data:_ZZN9UIPClient7connectE9IPAddresstE10first_call)
                  20003f7a    00000002     UIPClient.obj (.data:_ZZN9UIPClient7connectE9IPAddresstE7timeout)
                  20003f7c    0000000c     rtsv7M4_T_le_v4SPD16_eabi.lib : exit.c.obj (.data:$O1$$)
                  20003f88    0000000c     gps.obj (.data)
                  20003f94    00000008     rtsv7M4_T_le_v4SPD16_eabi.lib : _lock.c.obj (.data:$O1$$)
                  20003f9c    00000008                                   : memory.c.obj (.data:$O1$$)
                  20003fa4    00000004     Enc28J60Network.obj (.data)
                  20003fa8    00000008     ADC_Core.obj (.data)
                  20003fb0    00000008     UIPEthernet.obj (.data)
                  20003fb8    00000008     UartCore.obj (.data)
                  20003fc0    00000006     uip.obj (.data:uip_ethaddr)
                  20003fc6    00000002     --HOLE--
                  20003fc8    00000004     SysTick_Timer.obj (.data)
                  20003fcc    00000004     _common.obj (.data)
                  20003fd0    00000004     main.obj (.data)
                  20003fd4    00000004     rtsv7M4_T_le_v4SPD16_eabi.lib : dtor_list.c.obj (.data)
                  20003fd8    00000004                                   : rand.c.obj (.data)

.sysmem    0    20003fe0    00000010     UNINITIALIZED
                  20003fe0    00000010     rtsv7M4_T_le_v4SPD16_eabi.lib : memory.c.obj (.sysmem)

__llvm_prf_cnts 
*          0    20000000    00000000     UNINITIALIZED

MODULE SUMMARY

       Module                         code    ro data   rw data
       ------                         ----    -------   -------
    .\
       tm4c1233e6pz_startup_ccs.obj   28      620       0      
    +--+------------------------------+-------+---------+---------+
       Total:                         28      620       0      
                                                               
    .\Sources\
       Telecom_Ethernet.obj           5528    49        5296   
       Clock.obj                      4360    44        37     
       Telecom_server_query.obj       3922    0         423    
       gps.obj                        3456    0         88     
       E2P.obj                        2608    0         390    
       UartCore.obj                   1716    0         712    
       ADC_Core.obj                   1988    0         416    
       PC_Cmds.obj                    1652    0         1      
       gprs.obj                       560     0         1038   
       main.obj                       1460    4         78     
       _common.obj                    1228    65        4      
       Display.obj                    1160    0         0      
       IO_cntrl.obj                   604     0         3      
       DS3231.obj                     528     0         0      
       SysTick_Timer.obj              424     0         22     
       WDT.obj                        188     0         0      
       delay.obj                      56      0         0      
       SPI.obj                        44      0         0      
    +--+------------------------------+-------+---------+---------+
       Total:                         31482   162       8508   
                                                               
    .\Sources\UIPEthernet\
       UIPClient.obj                  3192    267       127    
       Dhcp.obj                       3088    43        21     
       UIPEthernet.obj                2800    10        121    
       UIPUdp.obj                     1976    273       8      
       Dns.obj                        1484    4         8      
       UIPServer.obj                  800     135       8      
    +--+------------------------------+-------+---------+---------+
       Total:                         13340   732       293    
                                                               
    .\Sources\UIPEthernet\mbed\
       Print.obj                      1816    31        0      
       IPAddress.obj                  400     47        8      
       itoa.obj                       402     0         0      
       millis.obj                     28      0         4      
    +--+------------------------------+-------+---------+---------+
       Total:                         2646    78        12     
                                                               
    .\Sources\UIPEthernet\utility\
       uip.obj                        5476    8         355    
       Enc28J60Network.obj            2964    0         12     
       uip_arp.obj                    1508    10        104    
       mempool.obj                    752     0         560    
    +--+------------------------------+-------+---------+---------+
       Total:                         10700   18        1031   
                                                               
    C:/ti/TivaWare_C_Series-2.2.0.295/driverlib/ccs/Debug/driverlib.lib
       gpio.obj                       774     144       0      
       sysctl.obj                     770     108       0      
       eeprom.obj                     444     0         0      
       adc.obj                        324     0         0      
       uart.obj                       194     0         0      
       i2c.obj                        142     0         0      
       interrupt.obj                  120     20        0      
       ssi.obj                        102     0         0      
       watchdog.obj                   86      0         0      
       systick.obj                    56      0         0      
       cpu.obj                        12      0         0      
    +--+------------------------------+-------+---------+---------+
       Total:                         3024    272       0      
                                                               
    C:\ti\ccs1110\ccs\tools\compiler\ti-cgt-arm_20.2.6.LTS\lib\rtsv7M4_T_le_v4SPD16_eabi.lib
       mktime64.c.obj                 696     96        0      
       memory.c.obj                   672     0         8      
       fd_add_t2.asm.obj              438     0         0      
       trgmsg.c.obj                   108     0         288    
       fd_div_t2.asm.obj              310     0         0      
       fd_cmp_t2.asm.obj              268     0         0      
       ctype.c.obj                    0       257       0      
       fd_mul_t2.asm.obj              252     0         0      
       typeinfo.c.obj                 54      193       0      
       dtor_list.c.obj                204     0         8      
       memcpy_t2.asm.obj              156     0         0      
       ull_div_t2.asm.obj             150     0         0      
       memset_t2.asm.obj              122     0         0      
       ll_div_t2.asm.obj              110     0         0      
       copy_decompress_lzss.c.obj     104     0         0      
       autoinit.c.obj                 96      0         0      
       hosttime.c.obj                 96      0         0      
       rand.c.obj                     88      0         4      
       exit.c.obj                     76      0         12     
       atoi.c.obj                     76      0         0      
       fd_toi_t2.asm.obj              72      0         0      
       fd_tou_t2.asm.obj              68      0         0      
       u_divt2.asm.obj                64      0         0      
       boot_cortex_m.c.obj            52      0         0      
       strstr.c.obj                   52      0         0      
       i_tofd_t2.asm.obj              46      0         0      
       strncmp.c.obj                  44      0         0      
       memcmp.c.obj                   36      0         0      
       u_tofd_t2.asm.obj              32      0         0      
       ll_mul_t2.asm.obj              24      0         0      
       strcmp.c.obj                   24      0         0      
       stdlib_typeinfo.cpp.obj        2       21        0      
       guard.c.obj                    22      0         0      
       strcpy.c.obj                   20      0         0      
       strlen.c.obj                   20      0         0      
       isdigit.c.obj                  16      0         0      
       time64.c.obj                   16      0         0      
       tmzone.c.obj                   0       0         16     
       copy_decompress_none.c.obj     14      0         0      
       copy_zero_init.c.obj           12      0         0      
       new.cpp.obj                    12      0         0      
       _lock.c.obj                    2       0         8      
       hostopen.c.obj                 0       0         8      
       pure_virt.c.obj                6       0         0      
       error.c.obj                    4       0         0      
       pre_init.c.obj                 4       0         0      
       div0.asm.obj                   2       0         0      
    +--+------------------------------+-------+---------+---------+
       Total:                         4742    567       352    
                                                               
       Heap:                          0       0         16     
       Stack:                         0       0         6144   
       Linker Generated:              0       114       0      
    +--+------------------------------+-------+---------+---------+
       Grand Total:                   65962   2563      16356  


LINKER GENERATED COPY TABLES

__TI_cinit_table @ 00010bc8 records: 2, size/record: 8, table size: 16
	.data: load addr=00010b60, load size=0000004e bytes, run addr=20003f40, run size=0000009c bytes, compression=lzss
	.bss: load addr=00010bc0, load size=00000008 bytes, run addr=20000000, run size=0000273a bytes, compression=zero_init


LINKER GENERATED HANDLER TABLE

__TI_handler_table @ 00010bb0 records: 3, size/record: 4, table size: 12
	index: 0, handler: __TI_decompress_lzss
	index: 1, handler: __TI_decompress_none
	index: 2, handler: __TI_zero_init


GLOBAL SYMBOLS: SORTED ALPHABETICALLY BY Name 

address   name                                                                                                                          
-------   ----                                                                                                                          
00010345  ADCIntClear                                                                                                                   
0000fa65  ADCIntStatus                                                                                                                  
0000fda5  ADCProcessorTrigger                                                                                                           
0000f415  ADCSequenceConfigure                                                                                                          
0000fcc5  ADCSequenceDataGet                                                                                                            
00010155  ADCSequenceEnable                                                                                                             
0000ef57  ADCSequenceStepConfigure                                                                                                      
20003fa8  ADC_RAW_MAX                                                                                                                   
2000263e  Alarms                                                                                                                        
00010423  C$$EXIT                                                                                                                       
0000f883  C$$IO$$                                                                                                                       
0001026d  CPUcpsie                                                                                                                      
0000a269  DEBUGUARTIntHandler                                                                                                           
0000a457  DISPLAYUARTIntHandler                                                                                                         
0000f6ed  EEPROMInit                                                                                                                    
0000eb99  EEPROMProgram                                                                                                                 
0000f7e5  EEPROMRead                                                                                                                    
20003fa4  ENC28J60ControlCS                                                                                                             
200020b6  EXTI_cnt                                                                                                                      
200025e4  Eclient                                                                                                                       
0000d70d  GPIODIntHandler                                                                                                               
0000fac1  GPIODirModeSet                                                                                                                
000103cd  GPIOIntClear                                                                                                                  
00010279  GPIOIntEnable                                                                                                                 
00010163  GPIOIntStatus                                                                                                                 
0000f319  GPIOIntTypeSet                                                                                                                
0000e29d  GPIOPadConfigSet                                                                                                              
0000f465  GPIOPinConfigure                                                                                                              
000103d3  GPIOPinRead                                                                                                                   
0000fec5  GPIOPinTypeADC                                                                                                                
0000fedb  GPIOPinTypeGPIOInput                                                                                                          
0000fd71  GPIOPinTypeGPIOOutput                                                                                                         
0000fef1  GPIOPinTypeI2C                                                                                                                
0000ff07  GPIOPinTypeI2CSCL                                                                                                             
0000ff1d  GPIOPinTypeSSI                                                                                                                
0000ff33  GPIOPinTypeUART                                                                                                               
000103d9  GPIOPinWrite                                                                                                                  
0000f1fd  HOSTtime64                                                                                                                    
00010395  I2CMasterBusy                                                                                                                 
000103f7  I2CMasterControl                                                                                                              
000103fb  I2CMasterDataGet                                                                                                              
000103ff  I2CMasterDataPut                                                                                                              
0001034f  I2CMasterEnable                                                                                                               
0000f4b1  I2CMasterInitExpClk                                                                                                           
0001039d  I2CMasterSlaveAddrSet                                                                                                         
00010171  I2CRxFIFOFlush                                                                                                                
0001017f  I2CTxFIFOFlush                                                                                                                
0000f12d  IntEnable                                                                                                                     
000100c5  IntMasterEnable                                                                                                               
0000a3f3  LTEUARTIntHandler                                                                                                             
0000fd55  ResetISR                                                                                                                      
00010b38  SHT$$INIT_ARRAY$$Base                                                                                                         
00010b5c  SHT$$INIT_ARRAY$$Limit                                                                                                        
0000f76d  SSIConfigSetExpClk                                                                                                            
0001007d  SSIDataGetNonBlocking                                                                                                         
0001018d  SSIDataPutNonBlocking                                                                                                         
00010359  SSIEnable                                                                                                                     
0000e6ad  SysCtlClockGet                                                                                                                
0000e9c1  SysCtlClockSet                                                                                                                
000103df  SysCtlDelay                                                                                                                   
0000f8c5  SysCtlPeripheralDisable                                                                                                       
0000f8f9  SysCtlPeripheralEnable                                                                                                        
0000f81d  SysCtlPeripheralReady                                                                                                         
0000f3c5  SysCtlPeripheralReset                                                                                                         
0000ff8d  SysTickEnable                                                                                                                 
0000ffa1  SysTickIntEnable                                                                                                              
0000df7d  SysTickIntHandler                                                                                                             
000100d5  SysTickPeriodSet                                                                                                              
0000fd41  SysTick_Handler                                                                                                               
200025cd  System_mode                                                                                                                   
2000264a  Telecom_Ethernet                                                                                                              
200026fc  Telecom_server_query                                                                                                          
000103a5  UARTBusy                                                                                                                      
0001019b  UARTCharGetNonBlocking                                                                                                        
000101a9  UARTCharPutNonBlocking                                                                                                        
000101b7  UARTCharsAvail                                                                                                                
0000f5d9  UARTConfigSetExpClk                                                                                                           
0000fc45  UARTDisable                                                                                                                   
0000ffb5  UARTEnable                                                                                                                    
00010403  UARTIntClear                                                                                                                  
000103ad  UARTIntEnable                                                                                                                 
00010363  UARTIntStatus                                                                                                                 
2000251b  UIPEthernet                                                                                                                   
0001036d  WatchdogEnable                                                                                                                
000103e5  WatchdogIntClear                                                                                                              
00010377  WatchdogIntEnable                                                                                                             
00010285  WatchdogIntTypeSet                                                                                                            
000103b5  WatchdogLock                                                                                                                  
000101c5  WatchdogLockState                                                                                                             
00010407  WatchdogReloadSet                                                                                                             
00010381  WatchdogResetEnable                                                                                                           
00010291  WatchdogUnlock                                                                                                                
00009973  _Z10GetAdcDatav                                                                                                               
0000dbf7  _Z10I2CReceivev                                                                                                               
0000d925  _Z10ToggleLEDsv                                                                                                               
00002f19  _Z10asUnixTimeiiiiii                                                                                                          
00004a95  _Z10getREQmodev                                                                                                               
0000c5ef  _Z10my_sprintfPciz                                                                                                            
00004a81  _Z10setREQmode13gprs_status_t                                                                                                 
000037ad  _Z10update_rtcPci                                                                                                             
000020c1  _Z10ws_connectv                                                                                                               
000024a1  _Z10ws_disconnv                                                                                                               
0000a571  _Z11Usendbufferj                                                                                                              
0000c9bb  _Z11count_commaPct                                                                                                            
0000c599  _Z11getChecksumPhc                                                                                                            
00003255  _Z11getDateTimev                                                                                                              
0000d9b5  _Z11get_rx_dataPc                                                                                                             
00004f29  _Z11gps_handlerv                                                                                                              
0000be41  _Z11init_configv                                                                                                              
0000db41  _Z11setNWstatus13gprs_status_t                                                                                                
0000db99  _Z11vRTCI2CInitv                                                                                                              
0000920d  _Z12ADC_PortIniti                                                                                                             
00003d6d  _Z12Query_decodePcPKcS_i                                                                                                      
00002f69  _Z12calcTimeDiff12time_stamp_tS_                                                                                              
0000d9e7  _Z12check_stringPKcPcPi                                                                                                       
0000db55  _Z12getNW_statusv                                                                                                             
0000bc3d  _Z12getRAM_Alarmv                                                                                                             
00004cad  _Z12get_locationv                                                                                                             
0000295b  _Z12get_pkt_recvv                                                                                                             
00003c8f  _Z12is_leap_yearh                                                                                                             
0000415b  _Z12server_queryv                                                                                                             
0000bc05  _Z12setRAM_Alarm16Alarm_sts_bits_tb                                                                                           
00002961  _Z12set_pkt_recvb                                                                                                             
0000d8ff  _Z12vEXTIpinInitv                                                                                                             
0000d89f  _Z12vGPIO_Togglejhh                                                                                                           
0000d863  _Z12vLEDGPIOInitv                                                                                                             
0000a1af  _Z12vLTEUARTInitv                                                                                                             
0000faed  _Z13SPI_transrecvjh                                                                                                           
00003a49  _Z13add_date_timeP12time_stamp_tS0_j                                                                                          
0000c831  _Z13delete_SubStrPcS_c                                                                                                        
0000183f  _Z13ethernet_initv                                                                                                            
0000a679  _Z13flushRxBufferi                                                                                                            
0000a6cd  _Z13flushTxBufferi                                                                                                            
0000bc7b  _Z13getRAM_Statusv                                                                                                            
00008d8b  _Z13get_device_idv                                                                                                            
0000bc43  _Z13setRAM_Statushb                                                                                                           
00008ce9  _Z13set_device_idPc                                                                                                           
0000e0a3  _Z13vMAIN_DelayMSj                                                                                                            
0000a499  _Z13vUART_SendChrjh                                                                                                           
0000a539  _Z13vUART_SendIntji                                                                                                           
0000a4cd  _Z13vUART_SendStrjPKh                                                                                                         
00003939  _Z14StrToTimeStampPh                                                                                                          
0000fc65  _Z14__libcpp_isinfIdEbT_                                                                                                      
0000fc85  _Z14__libcpp_isnanIdEbT_                                                                                                      
000026ed  _Z14ether_tcp_sendPci                                                                                                         
000030b3  _Z14getDaysOfMonthcj                                                                                                          
000059f7  _Z14get_gps_statusv                                                                                                           
000059ff  _Z14set_gps_status12gps_status_t                                                                                              
0000a165  _Z14vDEBUGUARTInitv                                                                                                           
0000bcd1  _Z14write_defaultsj                                                                                                           
0000cbcd  _Z15Data_Screen_lcdv                                                                                                          
00002b35  _Z15HTTP_valid_codePc                                                                                                         
00002dbf  _Z15check_date_timePcS_                                                                                                       
000066a3  _Z15ether_cs_activev                                                                                                          
00002299  _Z15ether_ping_sendv                                                                                                          
0000d975  _Z15generateMaskKeyPh                                                                                                         
0000db71  _Z15getServerStatusv                                                                                                          
0000db05  _Z15get_upload_datav                                                                                                          
0000db21  _Z15get_webconn_stsv                                                                                                          
00005495  _Z15gps_pkt_parsingP10gps_info_tPc                                                                                            
0000db5d  _Z15setServerStatus13gprs_status_t                                                                                            
0000daf1  _Z15set_upload_data13upload_data_t                                                                                            
0000db0d  _Z15set_webconn_stsh                                                                                                          
0000bb67  _Z15update_ram_datav                                                                                                          
0000d761  _Z15vGPIOPortEnablev                                                                                                          
000087dd  _Z15vPERIPH_E2PInitv                                                                                                          
0000a505  _Z15vUART_SendBytesjPKhj                                                                                                      
0000ca59  _Z16PrepareLcdBufferPhcc                                                                                                      
00009939  _Z16calculate_AC_ADCv                                                                                                         
0000a819  _Z16decodeMsgPC_Uartv                                                                                                         
00002657  _Z16ether_valid_codePc                                                                                                        
00001a31  _Z16ethernet_handlerv                                                                                                         
00004ad5  _Z16getClientMSGTypev                                                                                                         
00004ab9  _Z16getServerReqTypev                                                                                                         
0000373d  _Z16get_present_timeP12time_stamp_t                                                                                           
0000ae4d  _Z16get_system_statev                                                                                                         
0000eccb  _Z16reset_controllerv                                                                                                         
00004ac1  _Z16setClientMSGType21client_message_type_t                                                                                   
00004aa5  _Z16setServerReqType21server_request_type_t                                                                                   
0000ae39  _Z16set_system_state10sys_mode_t                                                                                              
00002c71  _Z16update_date_timev                                                                                                         
0000a20b  _Z16vDISPLAYUARTInitv                                                                                                         
000017d1  _Z16vETHERNETSPIInitv                                                                                                         
0000d815  _Z16vGPIO_UnlockGPIOjh                                                                                                        
0000d879  _Z16vPERIPH_GPIOInitv                                                                                                         
0000a259  _Z16vPERIPH_UARTInitv                                                                                                         
000048a9  _Z16websocket_packetPh                                                                                                        
000049b1  _Z17HandleQueryStatesv                                                                                                        
0000316d  _Z17check_expire_time12time_stamp_tS_                                                                                         
00009059  _Z17cloud_config_datav                                                                                                        
00008b71  _Z17e2p_read_cfg_timev                                                                                                        
00008a81  _Z17e2p_read_locationv                                                                                                        
000066b1  _Z17ether_cs_inactivev                                                                                                        
00001f99  _Z17ether_tcp_connectv                                                                                                        
0000c8f5  _Z17generateRandomKeyiPc                                                                                                      
000098a1  _Z17getBatteryVoltagev                                                                                                        
000098ed  _Z17getChargerVoltagev                                                                                                        
000044bd  _Z17prepare_JSON_pcktv                                                                                                        
0000ae07  _Z17tx_pending_dataPCv                                                                                                        
0000bc81  _Z17vPERIPH_ClockInitv                                                                                                        
0000dad7  _Z18check_string_nobufPKc                                                                                                     
00002e97  _Z18convertToEpochTimePK12time_stamp_t                                                                                        
000088e5  _Z18e2p_read_cloud_cfgv                                                                                                       
00008b17  _Z18e2p_write_cfg_timev                                                                                                       
00008a2d  _Z18e2p_write_locationv                                                                                                       
00002911  _Z18ether_respos_recvdPc                                                                                                      
0000900f  _Z18get_fixed_locationv                                                                                                       
00004a29  _Z18prepare_server_pktv                                                                                                       
00008dfd  _Z18set_fixed_locationPc                                                                                                      
0000d8c5  _Z18vInput_PollingReadv                                                                                                       
00003ce5  _Z19check_dateTime_dataP12time_stamp_t                                                                                        
000089a3  _Z19e2p_read_device_cfgv                                                                                                      
000088b5  _Z19e2p_write_cloud_cfgv                                                                                                      
000026a7  _Z19flush_ether_rx_buffv                                                                                                      
000026c7  _Z19flush_ether_tx_buffv                                                                                                      
0000db3b  _Z19get_gprs_connct_stsv                                                                                                      
00004a7b  _Z19get_pending_requestv                                                                                                      
0000db27  _Z19set_gprs_connct_stsh                                                                                                      
00004a67  _Z19set_pending_requestb                                                                                                      
0000d881  _Z19vInit_InputTestpinsv                                                                                                      
0000df61  _Z19vPERIPH_SystickInitv                                                                                                      
00008973  _Z20e2p_write_device_cfgv                                                                                                     
000097fd  _Z20getRouter1_DCvoltagev                                                                                                     
00009851  _Z20getRouter2_DCvoltagev                                                                                                     
000097ad  _Z21getRouter1_DC_currentv                                                                                                    
0000975d  _Z21getRouter2_DC_currentv                                                                                                    
00002955  _Z21get_ethernet_NWstatusv                                                                                                    
0000293b  _Z21set_ethernet_NWstatush                                                                                                    
000029c1  _Z22check_ethernet_messagev                                                                                                   
00002819  _Z22ether_websocket_packetPh                                                                                                  
00002619  _Z22ethernet_pong_receivedPh                                                                                                  
00002b85  _Z22resetEther_SubHandlersv                                                                                                   
0000f6a9  _Z23__finalize_destructionsPP20a_needed_destructionPv                                                                         
0000882b  _Z23e2p_read_voltage_configv                                                                                                  
[...]
0001064c  _ZTV9UIPClient                                                                                                                
000107a4  _ZTV3UDP                                                                                                                      
00010830  _ZTV6Client                                                                                                                   
00010870  _ZTV9UIPServer                                                                                                                
000108a4  _ZTSN10__cxxabiv121__vmi_class_type_infoE                                                                                     
000108ca  _ZTSN10__cxxabiv120__si_class_type_infoE                                                                                      
00010914  _ZTSN10__cxxabiv117__class_type_infoE                                                                                         
00010938  _ZTI6UIPUDP                                                                                                                   
00010958  _ZTI9UIPClient                                                                                                                
00010978  _ZTI9UIPServer                                                                                                                
000109b4  _ZTV6Server                                                                                                                   
000109c8  _ZTV9IPAddress                                                                                                                
000109dc  _ZTV9Printable                                                                                                                
00010a04  _ZTV5Print                                                                                                                    
00010a14  _ZTVN10__cxxabiv117__class_type_infoE                                                                                         
00010a24  _ZTVN10__cxxabiv120__si_class_type_infoE                                                                                      
00010a34  _ZTVN10__cxxabiv121__vmi_class_type_infoE                                                                                     
00010a44  _ZTSSt9type_info                                                                                                              
00010a54  _ZTI9IPAddress                                                                                                                
00010a60  _ZTIN10__cxxabiv117__class_type_infoE                                                                                         
00010a6c  _ZTIN10__cxxabiv120__si_class_type_infoE                                                                                      
00010a78  _ZTIN10__cxxabiv121__vmi_class_type_infoE                                                                                     
00010a84  _ZTS9IPAddress                                                                                                                
00010a8f  _ZTS9Printable                                                                                                                
00010a9a  _ZTS9UIPClient                                                                                                                
00010aa5  _ZTS9UIPServer                                                                                                                
00010ac0  _ZTI3UDP                                                                                                                      
00010ac8  _ZTI5Print                                                                                                                    
00010ad0  _ZTI6Client                                                                                                                   
00010ad8  _ZTI6Server                                                                                                                   
00010ae0  _ZTI9Printable                                                                                                                
00010ae8  _ZTISt9type_info                                                                                                              
00010af0  _ZTS6Client                                                                                                                   
00010af8  _ZTS6Server                                                                                                                   
00010b00  _ZTS6UIPUDP                                                                                                                   
00010b08  _ZTS5Print                                                                                                                    
00010b27  _ZTS3UDP                                                                                                                      
00010b38  SHT$$INIT_ARRAY$$Base                                                                                                         
00010b5c  SHT$$INIT_ARRAY$$Limit                                                                                                        
00010bb0  __TI_Handler_Table_Base                                                                                                       
00010bbc  __TI_Handler_Table_Limit                                                                                                      
00010bc8  __TI_CINIT_Base                                                                                                               
00010bd8  __TI_CINIT_Limit                                                                                                              
20000000  __start___llvm_prf_cnts                                                                                                       
20000000  __stop___llvm_prf_cnts                                                                                                        
20000000  ethernet_rx_buff                                                                                                              
20000a34  ethernet_tx_buff                                                                                                              
20001464  _ZN10MemoryPool6blocksE                                                                                                       
20001694  gprs_rx_buff                                                                                                                  
20001890  gprs_tx_buff                                                                                                                  
20001a8c  dummy_json_string                                                                                                             
20001c14  adc                                                                                                                           
20001d90  display_tx                                                                                                                    
20001ec0  __CIOBUF_                                                                                                                     
20001fe0  cloud_config                                                                                                                  
200020b6  EXTI_cnt                                                                                                                      
200020b8  display_uart_rx                                                                                                               
20002158  pc_uart_rx                                                                                                                    
200021f8  e2p_cloud_config                                                                                                              
20002278  uip_conns                                                                                                                     
200022f8  _ZN9UIPClient8all_dataE                                                                                                       
20002368  uip_buf                                                                                                                       
20002488  pc_uart_tx                                                                                                                    
200024d8  gps                                                                                                                           
2000251b  UIPEthernet                                                                                                                   
2000251c  uip_udp_conns                                                                                                                 
2000255c  ram_data                                                                                                                      
20002592  time_main                                                                                                                     
200025b1  measurements                                                                                                                  
200025cd  System_mode                                                                                                                   
200025ce  _ZN15Enc28J60Network13nextPacketPtrE                                                                                          
200025d0  gprs                                                                                                                          
200025e4  Eclient                                                                                                                       
200025f4  client                                                                                                                        
20002604  e2p_device_info                                                                                                               
20002614  e2p_location_info                                                                                                             
20002624  scheduler                                                                                                                     
2000263e  Alarms                                                                                                                        
2000264a  Telecom_Ethernet                                                                                                              
20002655  gprs_rx_isr_handler                                                                                                           
20002657  gps_handler_state                                                                                                             
200026a8  _ZN16UIPEthernetClass17_dnsServerAddressE                                                                                     
200026b8  e2p_config_time                                                                                                               
200026c0  e2p_router_config                                                                                                             
200026c8  gps_data                                                                                                                      
200026d0  parmbuf                                                                                                                       
200026d8  uip_listenports                                                                                                               
200026e0  _ZN15Enc28J60Network10receivePktE                                                                                             
200026e6  time_stamp                                                                                                                    
200026ec  _ZZN9UIPClient7connectE9IPAddresstE4conn                                                                                      
200026fc  Telecom_server_query                                                                                                          
20002700  _ZN16UIPEthernetClass14periodic_timerE                                                                                        
20002704  __dso_handle                                                                                                                  
20002708  _millis                                                                                                                       
2000270c  startTime                                                                                                                     
20002710  u32DelayCounter                                                                                                               
20002714  uip_acc32                                                                                                                     
20002718  uip_appdata                                                                                                                   
2000271c  uip_conn                                                                                                                      
20002720  uip_draddr                                                                                                                    
20002724  uip_hostaddr                                                                                                                  
20002728  uip_netmask                                                                                                                   
2000272c  uip_sappdata                                                                                                                  
20002730  uip_udp_conn                                                                                                                  
20002734  uip_len                                                                                                                       
20002736  uip_slen                                                                                                                      
20002738  router_mode                                                                                                                   
20002739  uip_flags                                                                                                                     
20002740  __stack                                                                                                                       
20002940  __STACK_TOP                                                                                                                   
20003f40  __STACK_END                                                                                                                   
20003f40  server_response_str                                                                                                           
20003f5c  _tz                                                                                                                           
20003f79  _ZZN9UIPClient7connectE9IPAddresstE10first_call                                                                               
20003f7a  _ZZN9UIPClient7connectE9IPAddresstE7timeout                                                                                   
20003f7c  __TI_cleanup_ptr                                                                                                              
20003f80  __TI_dtors_ptr                                                                                                                
20003f84  __TI_enable_exit_profile_output                                                                                               
20003f88  gps_interval_start                                                                                                            
20003f8c  cnt_gps_1sec                                                                                                                  
20003f94  _lock                                                                                                                         
20003f98  _unlock                                                                                                                       
20003fa4  ENC28J60ControlCS                                                                                                             
20003fa5  _ZN15Enc28J60Network4bankE                                                                                                    
20003fa6  _ZN15Enc28J60Network6erevidE                                                                                                  
20003fa7  _ZN15Enc28J60Network17broadcast_enabledE                                                                                      
20003fa8  ADC_RAW_MAX                                                                                                                   
20003fb0  _ZN16UIPEthernetClass9in_packetE                                                                                              
20003fb1  _ZN16UIPEthernetClass10uip_packetE                                                                                            
20003fb2  _ZN16UIPEthernetClass10uip_hdrlenE                                                                                            
20003fb3  _ZN16UIPEthernetClass11packetstateE                                                                                           
20003fb4  _ZN16UIPEthernetClass5_dhcpE                                                                                                  
20003fc0  uip_ethaddr                                                                                                                   
20003fc8  millis_cnt                                                                                                                    
20003fd0  upload_time                                                                                                                   
20003fe0  _sys_memory                                                                                                                   
ffffffff  __TI_pprof_out_hndl                                                                                                           
ffffffff  __TI_prof_data_size                                                                                                           
ffffffff  __TI_prof_data_start                                                                                                          
ffffffff  __binit__                                                                                                                     
ffffffff  __c_args__                                                                                                                    
ffffffff  binit                                                                                                                         
UNDEFED   __mpu_init                                                                                                                    
UNDEFED   _system_post_cinit                                                                                                            

[769 symbols]
