******************************************************************************
                  TI ARM Linker PC v20.2.6                     
******************************************************************************
>> Linked Thu Jun 20 16:09:33 2024

OUTPUT FILE NAME:   <Telecom_IoT_v2_00.out>
ENTRY POINT SYMBOL: "_c_int00_noargs"  address: 00011c99


MEMORY CONFIGURATION

         name            origin    length      used     unused   attr    fill
----------------------  --------  ---------  --------  --------  ----  --------
  FLASH                 00000000   00020000  00013016  0000cfea  R  X
  SRAM                  20000000   00008000  0000430a  00003cf6  RW X


SEGMENT ALLOCATION MAP

run origin  load origin   length   init length attrs members
----------  ----------- ---------- ----------- ----- -------
00000000    00000000    00013018   00013018    r-x
  00000000    00000000    0000026c   0000026c    r-- .intvecs
  0000026c    0000026c    0001244e   0001244e    r-x .text
  000126bc    000126bc    000008a8   000008a8    r-- .const
  00012f64    00012f64    00000024   00000024    r-- .init_array
  00012f88    00012f88    00000090   00000090    r-- .cinit
20000000    20000000    00004310   00000000    rw-
  20000000    20000000    0000026c   00000000    rw- .vtable
  2000026c    2000026c    000027d6   00000000    rw- .bss
  20002a48    20002a48    00001800   00000000    rw- .stack
  20004248    20004248    000000b8   00000000    rw- .data
  20004300    20004300    00000010   00000000    rw- .sysmem


SECTION ALLOCATION MAP

 output                                  attributes/
section   page    origin      length       input sections
--------  ----  ----------  ----------   ----------------
.intvecs   0    00000000    0000026c     
                  00000000    0000026c     tm4c1233e6pz_startup_ccs.obj (.intvecs)

.text      0    0000026c    0001244e     
                  0000026c    00001564     uip.obj (.text)
                  000017d0    0000139c     Telecom_Ethernet.obj (.text)
                  00002b6c    000012dc     Clock.obj (.text)
                  00003e48    00000fb8     gps.obj (.text)
                  00004e00    00000e68     flash_logger.obj (.text)
                  00005c68    00000bd0     UIPClient.obj (.text)
                  00006838    00000bcc     Dhcp.obj (.text)
                  00007404    00000b94     Enc28J60Network.obj (.text)
                  00007f98    00000b44     Telecom_server_query.obj (.text)
                  00008adc    00000afc     PC_Cmds.obj (.text)
                  000095d8    00000ae0     UIPEthernet.obj (.text)
                  0000a0b8    00000a80     IO_cntrl.obj (.text)
                  0000ab38    00000a66     flashCore.obj (.text)
                  0000b59e    00000002     rtsv7M4_T_le_v4SPD16_eabi.lib : stdlib_typeinfo.cpp.obj (.text:_ZNSt9type_infoD1Ev)
                  0000b5a0    000009e0     E2P.obj (.text)
                  0000bf80    0000093c     main.obj (.text)
                  0000c8bc    00000820     ADC_Core.obj (.text)
                  0000d0dc    00000794     UIPUdp.obj (.text)
                  0000d870    000005e4     uip_arp.obj (.text)
                  0000de54    000005bc     UartCore.obj (.text)
                  0000e410    000005b8     Print.obj (.text)
                  0000e9c8    000005b0     Dns.obj (.text)
                  0000ef78    000004cc     _common.obj (.text)
                  0000f444    000002f0     mempool.obj (.text)
                  0000f734    000002b8     rtsv7M4_T_le_v4SPD16_eabi.lib : mktime64.c.obj (.text:__mktime64)
                  0000f9ec    00000284     UIPServer.obj (.text)
                  0000fc70    00000230     gprs.obj (.text)
                  0000fea0    00000210     DS3231.obj (.text)
                  000100b0    000001b8     SysTick_Timer.obj (.text)
                  00010268    000001b6     rtsv7M4_T_le_v4SPD16_eabi.lib : fd_add_t2.asm.obj (.text)
                  0001041e    00000192     itoa.obj (.text)
                  000105b0    0000016c     driverlib.lib : gpio.obj (.text:GPIOPadConfigSet)
                  0001071c    0000016c     IPAddress.obj (.text)
                  00010888    00000136     rtsv7M4_T_le_v4SPD16_eabi.lib : fd_div_t2.asm.obj (.text)
                  000109be    00000002                                   : _lock.c.obj (.text:_nop)
                  000109c0    00000118     driverlib.lib : sysctl.obj (.text:SysCtlClockGet)
                  00010ad8    00000100     rtsv7M4_T_le_v4SPD16_eabi.lib : memory.c.obj (.text:aligned_alloc)
                  00010bd8    000000fc                                   : fd_mul_t2.asm.obj (.text)
                  00010cd4    000000f4     driverlib.lib : sysctl.obj (.text:SysCtlClockSet)
                  00010dc8    000000e4     rtsv7M4_T_le_v4SPD16_eabi.lib : memory.c.obj (.text:free)
                  00010eac    000000c4     driverlib.lib : eeprom.obj (.text:EEPROMProgram)
                  00010f70    0000009c     rtsv7M4_T_le_v4SPD16_eabi.lib : memcpy_t2.asm.obj (.text)
                  0001100c    00000096                                   : ull_div_t2.asm.obj (.text)
                  000110a2    00000086                                   : fd_cmp_t2.asm.obj (.text:__aeabi_cdcmple)
                  00011128    00000086                                   : fd_cmp_t2.asm.obj (.text:__aeabi_cdrcmple)
                  000111ae    0000007a     driverlib.lib : adc.obj (.text:ADCSequenceStepConfigure)
                  00011228    0000007a     rtsv7M4_T_le_v4SPD16_eabi.lib : memset_t2.asm.obj (.text)
                  000112a2    00000002                                   : div0.asm.obj (.text)
                  000112a4    00000070                                   : memory.c.obj (.text:split)
                  00011314    0000006e                                   : ll_div_t2.asm.obj (.text)
                  00011382    00000002     --HOLE-- [fill = 0]
                  00011384    00000068     driverlib.lib : interrupt.obj (.text:IntEnable)
                  000113ec    00000068     rtsv7M4_T_le_v4SPD16_eabi.lib : copy_decompress_lzss.c.obj (.text:decompress:lzss:__TI_decompress_lzss)
                  00011454    00000060                                   : hosttime.c.obj (.text:HOSTtime64)
                  000114b4    00000060                                   : autoinit.c.obj (.text:__TI_auto_init_nobinit:__TI_auto_init_nobinit)
                  00011514    0000005c     Print.obj (.text:__isnan)
                  00011570    00000058     driverlib.lib : gpio.obj (.text:GPIOIntTypeSet)
                  000115c8    00000054     Print.obj (.text:__isinf)
                  0001161c    00000050     driverlib.lib : sysctl.obj (.text:SysCtlPeripheralReset)
                  0001166c    0000004e                   : adc.obj (.text:ADCSequenceConfigure)
                  000116ba    00000002     --HOLE-- [fill = 0]
                  000116bc    0000004c                   : gpio.obj (.text:GPIOPinConfigure)
                  00011708    0000004c                   : i2c.obj (.text:I2CMasterInitExpClk)
                  00011754    0000004c     rtsv7M4_T_le_v4SPD16_eabi.lib : atoi.c.obj (.text:atoi)
                  000117a0    00000048                                   : exit.c.obj (.text:exit)
                  000117e8    00000048                                   : fd_toi_t2.asm.obj (.text)
                  00011830    00000046     driverlib.lib : uart.obj (.text:UARTConfigSetExpClk)
                  00011876    00000002     --HOLE-- [fill = 0]
                  00011878    00000044                   : gpio.obj (.text:_GPIOIntNumberGet)
                  000118bc    00000044     rtsv7M4_T_le_v4SPD16_eabi.lib : dtor_list.c.obj (.text:_Z25__add_destruction_to_listPP20a_needed_destructionPFYvPvES2_S2_)
                  00011900    00000044                                   : fd_tou_t2.asm.obj (.text)
                  00011944    00000042                                   : dtor_list.c.obj (.text:_Z23__finalize_destructionsPP20a_needed_destructionPv)
                  00011986    00000002     --HOLE-- [fill = 0]
                  00011988    00000040     driverlib.lib : eeprom.obj (.text:EEPROMInit)
                  000119c8    00000040     rtsv7M4_T_le_v4SPD16_eabi.lib : u_divt2.asm.obj (.text)
                  00011a08    0000003c     driverlib.lib : ssi.obj (.text:SSIConfigSetExpClk)
                  00011a44    0000003c                   : eeprom.obj (.text:_EEPROMSectorMaskSet)
                  00011a80    00000038                   : eeprom.obj (.text:EEPROMRead)
                  00011ab8    00000038                   : sysctl.obj (.text:SysCtlPeripheralReady)
                  00011af0    00000038     rtsv7M4_T_le_v4SPD16_eabi.lib : trgmsg.c.obj (.text:__TI_writemsg)
                  00011b28    00000038     delay.obj (.text)
                  00011b60    00000034     driverlib.lib : interrupt.obj (.text:IntRegister)
                  00011b94    00000034                   : sysctl.obj (.text:SysCtlPeripheralDisable)
                  00011bc8    00000034                   : sysctl.obj (.text:SysCtlPeripheralEnable)
                  00011bfc    00000034                   : eeprom.obj (.text:_EEPROMSectorMaskClear)
                  00011c30    00000034     rtsv7M4_T_le_v4SPD16_eabi.lib : trgmsg.c.obj (.text:__TI_readmsg)
                  00011c64    00000034                                   : dtor_list.c.obj (.text:__aeabi_atexit)
                  00011c98    00000034                                   : boot_cortex_m.c.obj (.text:_c_int00_noargs:_c_int00_noargs)
                  00011ccc    00000034                                   : rand.c.obj (.text:rand)
                  00011d00    00000034                                   : strstr.c.obj (.text:strstr)
                  00011d34    0000002e     driverlib.lib : adc.obj (.text:ADCIntStatus)
                  00011d62    0000002e     rtsv7M4_T_le_v4SPD16_eabi.lib : i_tofd_t2.asm.obj (.text)
                  00011d90    0000002c     driverlib.lib : gpio.obj (.text:GPIODirModeSet)
                  00011dbc    0000002c     SPI.obj (.text)
                  00011de8    0000002c     rtsv7M4_T_le_v4SPD16_eabi.lib : strncmp.c.obj (.text:strncmp)
                  00011e14    00000028                                   : memory.c.obj (.text:free_list_insert)
                  00011e3c    00000024     Print.obj (.text:_ZN5Print5writeEPKc)
                  00011e60    00000024     Dhcp.obj (.text:_ZN9IPAddressC1ERKS_)
                  00011e84    00000024     Dhcp.obj (.text:_ZThn8_N6UIPUDP4readEPcj)
                  00011ea8    00000024     rtsv7M4_T_le_v4SPD16_eabi.lib : memcmp.c.obj (.text:memcmp)
                  00011ecc    00000024                                   : rand.c.obj (.text:srand)
                  00011ef0    00000022     UIPClient.obj (.text:_ZN9UIPClientneERKS_)
                  00011f12    00000002     --HOLE-- [fill = 0]
                  00011f14    00000020     driverlib.lib : uart.obj (.text:UARTDisable)
                  00011f34    00000020     Print.obj (.text:_Z14__libcpp_isinfIdEbT_)
                  00011f54    00000020     Print.obj (.text:_Z14__libcpp_isnanIdEbT_)
                  00011f74    00000020     rtsv7M4_T_le_v4SPD16_eabi.lib : u_tofd_t2.asm.obj (.text)
                  00011f94    0000001e     driverlib.lib : adc.obj (.text:ADCSequenceDataGet)
                  00011fb2    00000002     --HOLE-- [fill = 0]
                  00011fb4    0000001c     UIPClient.obj (.text:_ZN5PrintC1Ev)
                  00011fd0    0000001c     Dhcp.obj (.text:_ZNK9IPAddresseqERKS_)
                  00011fec    0000001c     rtsv7M4_T_le_v4SPD16_eabi.lib : memory.c.obj (.text:free_list_remove)
                  00012008    0000001c     millis.obj (.text)
                  00012024    0000001a     driverlib.lib : gpio.obj (.text:GPIOPinTypeGPIOOutput)
                  0001203e    0000001a     Telecom_Ethernet.obj (.text:_ZN9IPAddressaSERKS_)
                  00012058    00000018     driverlib.lib : adc.obj (.text:ADCProcessorTrigger)
                  00012070    00000018                   : gpio.obj (.text:GPIOIntRegister)
                  00012088    00000018     Print.obj (.text:_Z5isinfIdENSt3__29enable_ifIXaasr3std3__213is_arithmeticIT_EE5valuesr3std3__214numeric_limitsIS2_EE12has_infinityEbE4typeES2_)
                  000120a0    00000018     Print.obj (.text:_Z5isnanIdENSt3__29enable_ifIXsr3std3__217is_floating_pointIT_EE5valueEbE4typeES2_)
                  000120b8    00000018     UIPUdp.obj (.text:_ZN3UDPC1Ev)
                  000120d0    00000018     Telecom_Ethernet.obj (.text:_ZN5Print5writeEPKcj)
                  000120e8    00000018     UIPClient.obj (.text:_ZN6ClientC1Ev)
                  00012100    00000018     UIPServer.obj (.text:_ZN6ServerC1Ev)
                  00012118    00000018     Dhcp.obj (.text:_ZN6UIPUDP4readEPcj)
                  00012130    00000018     Dhcp.obj (.text:_ZN9PrintableC1ERKS_)
                  00012148    00000018     IPAddress.obj (.text:_ZN9PrintableC1Ev)
                  00012160    00000018     rtsv7M4_T_le_v4SPD16_eabi.lib : ll_mul_t2.asm.obj (.text)
                  00012178    00000018                                   : strcmp.c.obj (.text:strcmp)
                  00012190    00000016     driverlib.lib : gpio.obj (.text:GPIOPinTypeADC)
                  000121a6    00000016                   : gpio.obj (.text:GPIOPinTypeGPIOInput)
                  000121bc    00000016                   : gpio.obj (.text:GPIOPinTypeI2C)
                  000121d2    00000016                   : gpio.obj (.text:GPIOPinTypeI2CSCL)
                  000121e8    00000016                   : gpio.obj (.text:GPIOPinTypeSSI)
                  000121fe    00000016                   : gpio.obj (.text:GPIOPinTypeUART)
                  00012214    00000016     UIPClient.obj (.text:_ZN9DNSClientC1Ev)
                  0001222a    00000016     UIPClient.obj (.text:_ZThn8_N9UIPClientD1Ev)
                  00012240    00000016     UIPServer.obj (.text:_ZThn8_N9UIPServerD1Ev)
                  00012256    00000002     --HOLE-- [fill = 0]
                  00012258    00000014     driverlib.lib : systick.obj (.text:SysTickEnable)
                  0001226c    00000014                   : systick.obj (.text:SysTickIntEnable)
                  00012280    00000014                   : uart.obj (.text:UARTEnable)
                  00012294    00000014     Telecom_Ethernet.obj (.text:_ZN6ClientD0Ev)
                  000122a8    00000014     UIPServer.obj (.text:_ZN6ServerD0Ev)
                  000122bc    00000014     Telecom_Ethernet.obj (.text:_ZN9IPAddressD0Ev)
                  000122d0    00000014     Telecom_Ethernet.obj (.text:_ZN9IPAddressixEi)
                  000122e4    00000014     Telecom_Ethernet.obj (.text:_ZN9PrintableD0Ev)
                  000122f8    00000014     Telecom_Ethernet.obj (.text:_ZN9UIPClientD0Ev)
                  0001230c    00000014     UIPServer.obj (.text:_ZN9UIPServerD0Ev)
                  00012320    00000014     rtsv7M4_T_le_v4SPD16_eabi.lib : strcpy.c.obj (.text:strcpy)
                  00012334    00000014                                   : strlen.c.obj (.text:strlen)
                  00012348    00000012     driverlib.lib : ssi.obj (.text:SSIDataGetNonBlocking)
                  0001235a    00000012     Telecom_server_query.obj (.text:_Z3absl)
                  0001236c    00000012     Telecom_Ethernet.obj (.text:_ZThn8_N9UIPClientD0Ev)
                  0001237e    00000012     UIPServer.obj (.text:_ZThn8_N9UIPServerD0Ev)
                  00012390    00000010     driverlib.lib : interrupt.obj (.text:IntMasterEnable)
                  000123a0    00000010                   : sysctl.obj (.text:SysCtlReset)
                  000123b0    00000010                   : systick.obj (.text:SysTickPeriodSet)
                  000123c0    00000010                   : eeprom.obj (.text:_EEPROMWaitForDone)
                  000123d0    00000010     UIPEthernet.obj (.text:_ZN9DhcpClassC1Ev)
                  000123e0    00000010     Dhcp.obj (.text:_ZN9PrintableC2ERKS_)
                  000123f0    00000010     Telecom_Ethernet.obj (.text:_ZN9UIPClientD1Ev)
                  00012400    00000010     UIPServer.obj (.text:_ZN9UIPServerD1Ev)
                  00012410    00000010     rtsv7M4_T_le_v4SPD16_eabi.lib : time64.c.obj (.text:__time64)
                  00012420    00000010                                   : isdigit.c.obj (.text:isdigit)
                  00012430    0000000e     driverlib.lib : adc.obj (.text:ADCSequenceEnable)
                  0001243e    0000000e                   : gpio.obj (.text:GPIOIntStatus)
                  0001244c    0000000e                   : i2c.obj (.text:I2CRxFIFOFlush)
                  0001245a    0000000e                   : i2c.obj (.text:I2CTxFIFOFlush)
                  00012468    0000000e                   : ssi.obj (.text:SSIDataPutNonBlocking)
                  00012476    0000000e                   : uart.obj (.text:UARTCharGetNonBlocking)
                  00012484    0000000e                   : uart.obj (.text:UARTCharPutNonBlocking)
                  00012492    0000000e                   : uart.obj (.text:UARTCharsAvail)
                  000124a0    0000000e     rtsv7M4_T_le_v4SPD16_eabi.lib : typeinfo.c.obj (.text:_ZN10__cxxabiv117__class_type_infoD0Ev)
                  000124ae    0000000e                                   : typeinfo.c.obj (.text:_ZN10__cxxabiv120__si_class_type_infoD0Ev)
                  000124bc    0000000e                                   : typeinfo.c.obj (.text:_ZN10__cxxabiv121__vmi_class_type_infoD0Ev)
                  000124ca    0000000e     UIPClient.obj (.text:_ZN9DNSClientD1Ev)
                  000124d8    0000000e     Dns.obj (.text:_ZN9IPAddress11raw_addressEv)
                  000124e6    0000000e     Telecom_Ethernet.obj (.text:_ZN9IPAddressD1Ev)
                  000124f4    0000000e     Telecom_Ethernet.obj (.text:_ZN9PrintableaSERKS_)
                  00012502    0000000e     Print.obj (.text:_ZNK6String5c_strEv)
                  00012510    0000000e     Print.obj (.text:_ZNK6String6lengthEv)
                  0001251e    0000000e     Dns.obj (.text:_ZNK9IPAddresscvjEv)
                  0001252c    0000000e     rtsv7M4_T_le_v4SPD16_eabi.lib : copy_decompress_none.c.obj (.text:decompress:none:__TI_decompress_none)
                  0001253a    0000000c     driverlib.lib : cpu.obj (.text:CPUcpsie)
                  00012546    0000000c                   : gpio.obj (.text:GPIOIntEnable)
                  00012552    0000000c     UIPUdp.obj (.text:_ZN3UDPC2Ev)
                  0001255e    0000000c     UIPClient.obj (.text:_ZN5PrintC2Ev)
                  0001256a    0000000c     UIPClient.obj (.text:_ZN6ClientC2Ev)
                  00012576    0000000c     Telecom_Ethernet.obj (.text:_ZN6ClientD1Ev)
                  00012582    0000000c     Telecom_Ethernet.obj (.text:_ZN6ClientD2Ev)
                  0001258e    0000000c     UIPServer.obj (.text:_ZN6ServerC2Ev)
                  0001259a    0000000c     UIPServer.obj (.text:_ZN6ServerD1Ev)
                  000125a6    0000000c     UIPServer.obj (.text:_ZN6ServerD2Ev)
                  000125b2    0000000c     IPAddress.obj (.text:_ZN9PrintableC2Ev)
                  000125be    0000000c     Telecom_Ethernet.obj (.text:_ZN9PrintableD1Ev)
                  000125ca    0000000c     Telecom_Ethernet.obj (.text:_ZN9PrintableD2Ev)
                  000125d6    00000002     --HOLE-- [fill = 0]
                  000125d8    0000000c     rtsv7M4_T_le_v4SPD16_eabi.lib : dtor_list.c.obj (.text:__cxa_finalize)
                  000125e4    0000000c                                   : guard.c.obj (.text:__cxa_guard_acquire)
                  000125f0    0000000c                                   : copy_zero_init.c.obj (.text:decompress:ZI:__TI_zero_init)
                  000125fc    0000000c     tm4c1233e6pz_startup_ccs.obj (.text)
                  00012608    0000000a     driverlib.lib : adc.obj (.text:ADCIntClear)
                  00012612    0000000a                   : i2c.obj (.text:I2CMasterEnable)
                  0001261c    0000000a                   : ssi.obj (.text:SSIEnable)
                  00012626    0000000a                   : uart.obj (.text:UARTIntStatus)
                  00012630    0000000a     rtsv7M4_T_le_v4SPD16_eabi.lib : guard.c.obj (.text:__cxa_guard_release)
                  0001263a    00000008     driverlib.lib : i2c.obj (.text:I2CMasterBusy)
                  00012642    00000008                   : i2c.obj (.text:I2CMasterSlaveAddrSet)
                  0001264a    00000008                   : uart.obj (.text:UARTBusy)
                  00012652    00000008                   : uart.obj (.text:UARTIntEnable)
                  0001265a    00000008     rtsv7M4_T_le_v4SPD16_eabi.lib : new.cpp.obj (.text:_ZdlPv)
                  00012662    00000008                                   : memory.c.obj (.text:malloc)
                  0001266a    00000006     driverlib.lib : gpio.obj (.text:GPIOIntClear)
                  00012670    00000006                   : gpio.obj (.text:GPIOPinRead)
                  00012676    00000006                   : gpio.obj (.text:GPIOPinWrite)
                  0001267c    00000006                   : sysctl.obj (.text:SysCtlDelay)
                  00012682    00000006     rtsv7M4_T_le_v4SPD16_eabi.lib : dtor_list.c.obj (.text:__cxa_ia64_exit)
                  00012688    00000006                                   : pure_virt.c.obj (.text:__cxa_pure_virtual)
                  0001268e    00000004     driverlib.lib : i2c.obj (.text:I2CMasterControl)
                  00012692    00000004                   : i2c.obj (.text:I2CMasterDataGet)
                  00012696    00000004                   : i2c.obj (.text:I2CMasterDataPut)
                  0001269a    00000004                   : uart.obj (.text:UARTIntClear)
                  0001269e    00000004     rtsv7M4_T_le_v4SPD16_eabi.lib : typeinfo.c.obj (.text:_ZN10__cxxabiv117__class_type_infoD1Ev)
                  000126a2    00000004                                   : typeinfo.c.obj (.text:_ZN10__cxxabiv120__si_class_type_infoD1Ev)
                  000126a6    00000004                                   : typeinfo.c.obj (.text:_ZN10__cxxabiv121__vmi_class_type_infoD1Ev)
                  000126aa    00000004                                   : new.cpp.obj (.text:_ZdlPvj)
                  000126ae    00000004                                   : error.c.obj (.text:__abort_execution)
                  000126b2    00000004                                   : pre_init.c.obj (.text:_system_pre_init)
                  000126b6    00000004                                   : exit.c.obj (.text:abort:abort)

.const     0    000126bc    000008a8     
                  000126bc    00000101     rtsv7M4_T_le_v4SPD16_eabi.lib : ctype.c.obj (.const:.string:_ctypes_)
                  000127bd    00000003     --HOLE-- [fill = 0]
                  000127c0    000000d8     driverlib.lib : gpio.obj (.const:g_ppui32GPIOIntMapSnowflake)
                  00012898    000000c0                   : gpio.obj (.const:g_ppui32GPIOIntMapBlizzard)
                  00012958    00000090     UIPUdp.obj (.const:_ZTV6UIPUDP)
                  000129e8    00000090     driverlib.lib : gpio.obj (.const:g_pui32GPIOBaseAddrs)
                  00012a78    0000008c     UIPClient.obj (.const:_ZTV9UIPClient)
                  00012b04    0000006c     driverlib.lib : sysctl.obj (.const:g_pui32Xtals)
                  00012b70    00000060     rtsv7M4_T_le_v4SPD16_eabi.lib : mktime64.c.obj (.const:$O1$$)
                  00012bd0    00000048     UIPUdp.obj (.const:_ZTV3UDP)
                  00012c18    00000041     _common.obj (.const:.string:$P$T0$1)
                  00012c59    00000003     --HOLE-- [fill = 0]
                  00012c5c    00000040     UIPClient.obj (.const:_ZTV6Client)
                  00012c9c    00000034     UIPServer.obj (.const:_ZTV9UIPServer)
                  00012cd0    00000026     rtsv7M4_T_le_v4SPD16_eabi.lib : typeinfo.c.obj (.const:.typeinfo:_ZTSN10__cxxabiv121__vmi_class_type_infoE)
                  00012cf6    00000025                                   : typeinfo.c.obj (.const:.typeinfo:_ZTSN10__cxxabiv120__si_class_type_infoE)
                  00012d1b    00000001     --HOLE-- [fill = 0]
                  00012d1c    00000024     Clock.obj (.const:$P$T0$1)
                  00012d40    00000022     rtsv7M4_T_le_v4SPD16_eabi.lib : typeinfo.c.obj (.const:.typeinfo:_ZTSN10__cxxabiv117__class_type_infoE)
                  00012d62    00000002     --HOLE-- [fill = 0]
                  00012d64    00000020     UIPUdp.obj (.const:.typeinfo:_ZTI6UIPUDP)
                  00012d84    00000020     UIPClient.obj (.const:.typeinfo:_ZTI9UIPClient)
                  00012da4    00000020     UIPServer.obj (.const:.typeinfo:_ZTI9UIPServer)
                  00012dc4    00000019     Telecom_Ethernet.obj (.const:.string:$P$T5$5)
                  00012ddd    00000003     --HOLE-- [fill = 0]
                  00012de0    00000014     UIPServer.obj (.const:_ZTV6Server)
                  00012df4    00000014     IPAddress.obj (.const:_ZTV9IPAddress)
                  00012e08    00000014     Dhcp.obj (.const:_ZTV9Printable)
                  00012e1c    00000014     driverlib.lib : interrupt.obj (.const:g_pui32EnRegs)
                  00012e30    00000010     Print.obj (.const:_ZTV5Print)
                  00012e40    00000010     rtsv7M4_T_le_v4SPD16_eabi.lib : typeinfo.c.obj (.const:_ZTVN10__cxxabiv117__class_type_infoE)
                  00012e50    00000010                                   : typeinfo.c.obj (.const:_ZTVN10__cxxabiv120__si_class_type_infoE)
                  00012e60    00000010                                   : typeinfo.c.obj (.const:_ZTVN10__cxxabiv121__vmi_class_type_infoE)
                  00012e70    0000000d                                   : stdlib_typeinfo.cpp.obj (.const:.typeinfo:_ZTSSt9type_info)
                  00012e7d    00000003     --HOLE-- [fill = 0]
                  00012e80    0000000c     IPAddress.obj (.const:.typeinfo:_ZTI9IPAddress)
                  00012e8c    0000000c     rtsv7M4_T_le_v4SPD16_eabi.lib : typeinfo.c.obj (.const:.typeinfo:_ZTIN10__cxxabiv117__class_type_infoE)
                  00012e98    0000000c                                   : typeinfo.c.obj (.const:.typeinfo:_ZTIN10__cxxabiv120__si_class_type_infoE)
                  00012ea4    0000000c                                   : typeinfo.c.obj (.const:.typeinfo:_ZTIN10__cxxabiv121__vmi_class_type_infoE)
                  00012eb0    0000000b     IPAddress.obj (.const:.typeinfo:_ZTS9IPAddress)
                  00012ebb    0000000b     Dhcp.obj (.const:.typeinfo:_ZTS9Printable)
                  00012ec6    0000000b     UIPClient.obj (.const:.typeinfo:_ZTS9UIPClient)
                  00012ed1    0000000b     UIPServer.obj (.const:.typeinfo:_ZTS9UIPServer)
                  00012edc    00000008     Clock.obj (.const:$P$T1$2)
                  00012ee4    00000008     Telecom_Ethernet.obj (.const:.string:$P$T7$12)
                  00012eec    00000008     UIPUdp.obj (.const:.typeinfo:_ZTI3UDP)
                  00012ef4    00000008     Print.obj (.const:.typeinfo:_ZTI5Print)
                  00012efc    00000008     UIPClient.obj (.const:.typeinfo:_ZTI6Client)
                  00012f04    00000008     UIPServer.obj (.const:.typeinfo:_ZTI6Server)
                  00012f0c    00000008     Dhcp.obj (.const:.typeinfo:_ZTI9Printable)
                  00012f14    00000008     rtsv7M4_T_le_v4SPD16_eabi.lib : stdlib_typeinfo.cpp.obj (.const:.typeinfo:_ZTISt9type_info)
                  00012f1c    00000008     UIPClient.obj (.const:.typeinfo:_ZTS6Client)
                  00012f24    00000008     UIPServer.obj (.const:.typeinfo:_ZTS6Server)
                  00012f2c    00000008     UIPUdp.obj (.const:.typeinfo:_ZTS6UIPUDP)
                  00012f34    00000007     Print.obj (.const:.typeinfo:_ZTS5Print)
                  00012f3b    00000006     Telecom_Ethernet.obj (.const:.string:$P$T3$1)
                  00012f41    00000006     UIPEthernet.obj (.const:.string:$P$T6$1)
                  00012f47    00000006     Telecom_Ethernet.obj (.const:.string:$P$T6$8)
                  00012f4d    00000006     uip_arp.obj (.const:broadcast_ethaddr)
                  00012f53    00000005     UIPUdp.obj (.const:.typeinfo:_ZTS3UDP)
                  00012f58    00000004     uip.obj (.const:all_ones_addr)
                  00012f5c    00000004     uip.obj (.const:all_zeroes_addr)
                  00012f60    00000004     uip_arp.obj (.const:broadcast_ipaddr)

.cinit     0    00012f88    00000090     
                  00012f88    00000055     (.cinit..data.load) [load image, compression = lzss]
                  00012fdd    00000003     --HOLE-- [fill = 0]
                  00012fe0    0000000c     (__TI_handler_table)
                  00012fec    00000004     --HOLE-- [fill = 0]
                  00012ff0    00000008     (.cinit..bss.load) [load image, compression = zero_init]
                  00012ff8    00000008     (.cinit..vtable.load) [load image, compression = zero_init]
                  00013000    00000018     (__TI_cinit_table)

.init_array 
*          0    00012f64    00000024     
                  00012f64    00000004     IPAddress.obj (.init_array)
                  00012f68    00000004     UIPUdp.obj (.init_array)
                  00012f6c    00000004     UIPServer.obj (.init_array)
                  00012f70    00000004     UIPEthernet.obj (.init_array)
                  00012f74    00000004     UIPClient.obj (.init_array)
                  00012f78    00000004     Dns.obj (.init_array)
                  00012f7c    00000004     Dhcp.obj (.init_array)
                  00012f80    00000004     main.obj (.init_array)
                  00012f84    00000004     Telecom_Ethernet.obj (.init_array)

.vtable    0    20000000    0000026c     UNINITIALIZED
                  20000000    0000026c     driverlib.lib : interrupt.obj (.vtable)

.bss       0    2000026c    000027d6     UNINITIALIZED
                  2000026c    00000a34     (.common:ethernet_rx_buff)
                  20000ca0    00000a30     (.common:ethernet_tx_buff)
                  200016d0    00000230     (.common:_ZN10MemoryPool6blocksE)
                  20001900    000001fc     (.common:gprs_rx_buff)
                  20001afc    000001fc     (.common:gprs_tx_buff)
                  20001cf8    00000188     (.common:dummy_json_string)
                  20001e80    0000017c     (.common:adc)
                  20001ffc    00000130     (.common:display_tx)
                  2000212c    00000120     rtsv7M4_T_le_v4SPD16_eabi.lib : trgmsg.c.obj (.bss:_CIOBUF_)
                  2000224c    000000d6     (.common:cloud_config)
                  20002322    00000002     (.common:BCD_MODE)
                  20002324    000000a0     (.common:display_uart_rx)
                  200023c4    000000a0     (.common:pc_uart_rx)
                  20002464    00000080     (.common:e2p_cloud_config)
                  200024e4    00000080     (.common:uip_conns)
                  20002564    00000070     (.common:_ZN9UIPClient8all_dataE)
                  200025d4    00000064     (.common:uip_buf)
                  20002638    00000060     uip_arp.obj (.bss:arp_table)
                  20002698    0000005c     UIPEthernet.obj (.bss:s_dhcp)
                  200026f4    00000050     (.common:pc_uart_tx)
                  20002744    00000043     (.common:gps)
                  20002787    00000040     (.common:FLR_log_data)
                  200027c7    00000040     (.common:FL_log_data)
                  20002807    00000001     UIPEthernet.obj (.bss:UIPEthernet)
                  20002808    00000040     (.common:uip_udp_conns)
                  20002848    00000036     (.common:ram_data)
                  2000287e    0000001f     (.common:time_main)
                  2000289d    0000001c     (.common:measurements)
                  200028b9    00000003     (.common:relay_state)
                  200028bc    00000014     (.common:gprs)
                  200028d0    00000010     Telecom_Ethernet.obj (.bss:Eclient)
                  200028e0    00000010     Telecom_Ethernet.obj (.bss:client)
                  200028f0    00000010     (.common:e2p_device_info)
                  20002900    00000010     (.common:e2p_location_info)
                  20002910    00000010     (.common:freq_updated_data)
                  20002920    0000000e     (.common:scheduler)
                  2000292e    0000000c     Telecom_Ethernet.obj (.bss)
                  2000293a    0000000c     (.common:Alarms)
                  20002946    0000000b     (.common:Telecom_Ethernet)
                  20002951    00000002     (.common:EXTI_cnt)
                  20002953    00000001     (.common:System_mode)
                  20002954    00000008     Dhcp.obj (.bss)
                  2000295c    00000008     Dhcp.obj (.bss:INADDR_NONE)
                  20002964    00000008     Dns.obj (.bss:INADDR_NONE)
                  2000296c    00000008     IPAddress.obj (.bss:INADDR_NONE)
                  20002974    00000008     Telecom_Ethernet.obj (.bss:INADDR_NONE)
                  2000297c    00000008     UIPClient.obj (.bss:INADDR_NONE)
                  20002984    00000008     UIPEthernet.obj (.bss:INADDR_NONE)
                  2000298c    00000008     UIPServer.obj (.bss:INADDR_NONE)
                  20002994    00000008     UIPUdp.obj (.bss:INADDR_NONE)
                  2000299c    00000008     main.obj (.bss:INADDR_NONE)
                  200029a4    00000008     UIPEthernet.obj (.bss:_ZN16UIPEthernetClass17_dnsServerAddressE)
                  200029ac    00000008     uip.obj (.bss)
                  200029b4    00000008     (.common:e2p_config_time)
                  200029bc    00000008     (.common:e2p_router_config)
                  200029c4    00000008     (.common:gps_data)
                  200029cc    00000008     (.common:parmbuf)
                  200029d4    00000008     (.common:uip_listenports)
                  200029dc    00000007     (.common:gps_date_time)
                  200029e3    00000001     (.common:gps_handler_state)
                  200029e4    00000006     (.common:_ZN15Enc28J60Network10receivePktE)
                  200029ea    00000006     (.common:time_stamp)
                  200029f0    00000004     UIPClient.obj (.bss:_ZZN9UIPClient7connectE9IPAddresstE4conn)
                  200029f4    00000004     uip_arp.obj (.bss:ipaddr)
                  200029f8    00000004     uip.obj (.bss:iss)
                  200029fc    00000004     uip_arp.obj (.bss)
                  20002a00    00000004     (.common:Telecom_server_query)
                  20002a04    00000004     (.common:_ZN16UIPEthernetClass14periodic_timerE)
                  20002a08    00000004     (.common:__dso_handle)
                  20002a0c    00000004     (.common:_millis)
                  20002a10    00000004     (.common:startTime)
                  20002a14    00000004     (.common:u32DelayCounter)
                  20002a18    00000004     (.common:uip_acc32)
                  20002a1c    00000004     (.common:uip_appdata)
                  20002a20    00000004     (.common:uip_conn)
                  20002a24    00000004     (.common:uip_draddr)
                  20002a28    00000004     (.common:uip_hostaddr)
                  20002a2c    00000004     (.common:uip_netmask)
                  20002a30    00000004     (.common:uip_sappdata)
                  20002a34    00000004     (.common:uip_udp_conn)
                  20002a38    00000002     (.common:_ZN15Enc28J60Network13nextPacketPtrE)
                  20002a3a    00000002     (.common:gprs_rx_isr_handler)
                  20002a3c    00000002     (.common:uip_len)
                  20002a3e    00000002     (.common:uip_slen)
                  20002a40    00000001     (.common:uip_flags)
                  20002a41    00000001     (.common:voltage_mode)

.stack     0    20002a48    00001800     UNINITIALIZED
                  20002a48    00000004     rtsv7M4_T_le_v4SPD16_eabi.lib : boot_cortex_m.c.obj (.stack)
                  20002a4c    000017fc     --HOLE--

.data      0    20004248    000000b8     UNINITIALIZED
                  20004248    0000001b     Telecom_server_query.obj (.data:server_response_str)
                  20004263    00000004     Enc28J60Network.obj (.data)
                  20004267    00000001     Dhcp.obj (.data)
                  20004268    00000010     ADC_Core.obj (.data)
                  20004278    00000010     flash_logger.obj (.data:FL_data)
                  20004288    00000010     rtsv7M4_T_le_v4SPD16_eabi.lib : tmzone.c.obj (.data:_tz)
                  20004298    0000000d     Telecom_Ethernet.obj (.data)
                  200042a5    00000002     IO_cntrl.obj (.data)
                  200042a7    00000001     UIPClient.obj (.data:_ZZN9UIPClient7connectE9IPAddresstE10first_call)
                  200042a8    0000000c     rtsv7M4_T_le_v4SPD16_eabi.lib : exit.c.obj (.data:$O1$$)
                  200042b4    0000000c     gps.obj (.data)
                  200042c0    00000008     rtsv7M4_T_le_v4SPD16_eabi.lib : _lock.c.obj (.data:$O1$$)
                  200042c8    00000008                                   : memory.c.obj (.data:$O1$$)
                  200042d0    00000008     UIPEthernet.obj (.data)
                  200042d8    00000008     UartCore.obj (.data)
                  200042e0    00000008     main.obj (.data)
                  200042e8    00000006     uip.obj (.data:uip_ethaddr)
                  200042ee    00000002     UIPClient.obj (.data:_ZZN9UIPClient7connectE9IPAddresstE7timeout)
                  200042f0    00000004     SysTick_Timer.obj (.data)
                  200042f4    00000004     _common.obj (.data)
                  200042f8    00000004     rtsv7M4_T_le_v4SPD16_eabi.lib : dtor_list.c.obj (.data)
                  200042fc    00000004                                   : rand.c.obj (.data)

.sysmem    0    20004300    00000010     UNINITIALIZED
                  20004300    00000010     rtsv7M4_T_le_v4SPD16_eabi.lib : memory.c.obj (.sysmem)

__llvm_prf_cnts 
*          0    20000000    00000000     UNINITIALIZED

MODULE SUMMARY

       Module                         code    ro data   rw data
       ------                         ----    -------   -------
    .\
       tm4c1233e6pz_startup_ccs.obj   12      620       0      
    +--+------------------------------+-------+---------+---------+
       Total:                         12      620       0      
                                                               
    .\Sources\
       Telecom_Ethernet.obj           5280    49        5296   
       Clock.obj                      4828    44        37     
       gps.obj                        4024    0         95     
       flash_logger.obj               3688    0         214    
       Telecom_server_query.obj       2902    0         423    
       E2P.obj                        2528    0         390    
       PC_Cmds.obj                    2812    0         1      
       IO_cntrl.obj                   2688    0         10     
       flashCore.obj                  2662    0         0      
       ADC_Core.obj                   2080    0         424    
       main.obj                       2364    4         28     
       UartCore.obj                   1468    0         712    
       gprs.obj                       560     0         1038   
       _common.obj                    1228    65        4      
       DS3231.obj                     528     0         0      
       SysTick_Timer.obj              440     0         22     
       delay.obj                      56      0         0      
       SPI.obj                        44      0         0      
    +--+------------------------------+-------+---------+---------+
       Total:                         40180   162       8694   
                                                               
    .\Sources\UIPEthernet\
       UIPClient.obj                  3192    267       127    
       Dhcp.obj                       3184    43        21     
       UIPEthernet.obj                2800    10        121    
       UIPUdp.obj                     1976    273       8      
       Dns.obj                        1484    4         8      
       UIPServer.obj                  800     135       8      
    +--+------------------------------+-------+---------+---------+
       Total:                         13436   732       293    
                                                               
    .\Sources\UIPEthernet\mbed\
       Print.obj                      1816    31        0      
       IPAddress.obj                  400     47        8      
       itoa.obj                       402     0         0      
       millis.obj                     28      0         4      
    +--+------------------------------+-------+---------+---------+
       Total:                         2646    78        12     
                                                               
    .\Sources\UIPEthernet\utility\
       uip.obj                        5476    8         355    
       Enc28J60Network.obj            2964    0         12     
       uip_arp.obj                    1508    10        104    
       mempool.obj                    752     0         560    
    +--+------------------------------+-------+---------+---------+
       Total:                         10700   18        1031   
                                                               
    C:/ti/TivaWare_C_Series-2.2.0.295/driverlib/ccs/Debug/driverlib.lib
       gpio.obj                       866     552       0      
       sysctl.obj                     786     108       0      
       interrupt.obj                  172     20        620    
       eeprom.obj                     444     0         0      
       adc.obj                        324     0         0      
       uart.obj                       194     0         0      
       i2c.obj                        142     0         0      
       ssi.obj                        102     0         0      
       systick.obj                    56      0         0      
       cpu.obj                        12      0         0      
    +--+------------------------------+-------+---------+---------+
       Total:                         3098    680       620    
                                                               
    C:\ti\ccs1110\ccs\tools\compiler\ti-cgt-arm_20.2.6.LTS\lib\rtsv7M4_T_le_v4SPD16_eabi.lib
       mktime64.c.obj                 696     96        0      
       memory.c.obj                   672     0         8      
       fd_add_t2.asm.obj              438     0         0      
       trgmsg.c.obj                   108     0         288    
       fd_div_t2.asm.obj              310     0         0      
       fd_cmp_t2.asm.obj              268     0         0      
       ctype.c.obj                    0       257       0      
       fd_mul_t2.asm.obj              252     0         0      
       typeinfo.c.obj                 54      193       0      
       dtor_list.c.obj                204     0         8      
       memcpy_t2.asm.obj              156     0         0      
       ull_div_t2.asm.obj             150     0         0      
       memset_t2.asm.obj              122     0         0      
       ll_div_t2.asm.obj              110     0         0      
       copy_decompress_lzss.c.obj     104     0         0      
       autoinit.c.obj                 96      0         0      
       hosttime.c.obj                 96      0         0      
       rand.c.obj                     88      0         4      
       exit.c.obj                     76      0         12     
       atoi.c.obj                     76      0         0      
       fd_toi_t2.asm.obj              72      0         0      
       fd_tou_t2.asm.obj              68      0         0      
       u_divt2.asm.obj                64      0         0      
       boot_cortex_m.c.obj            52      0         0      
       strstr.c.obj                   52      0         0      
       i_tofd_t2.asm.obj              46      0         0      
       strncmp.c.obj                  44      0         0      
       memcmp.c.obj                   36      0         0      
       u_tofd_t2.asm.obj              32      0         0      
       ll_mul_t2.asm.obj              24      0         0      
       strcmp.c.obj                   24      0         0      
       stdlib_typeinfo.cpp.obj        2       21        0      
       guard.c.obj                    22      0         0      
       strcpy.c.obj                   20      0         0      
       strlen.c.obj                   20      0         0      
       isdigit.c.obj                  16      0         0      
       time64.c.obj                   16      0         0      
       tmzone.c.obj                   0       0         16     
       copy_decompress_none.c.obj     14      0         0      
       copy_zero_init.c.obj           12      0         0      
       new.cpp.obj                    12      0         0      
       _lock.c.obj                    2       0         8      
       hostopen.c.obj                 0       0         8      
       pure_virt.c.obj                6       0         0      
       error.c.obj                    4       0         0      
       pre_init.c.obj                 4       0         0      
       div0.asm.obj                   2       0         0      
    +--+------------------------------+-------+---------+---------+
       Total:                         4742    567       352    
                                                               
       Heap:                          0       0         16     
       Stack:                         0       0         6144   
       Linker Generated:              0       137       0      
    +--+------------------------------+-------+---------+---------+
       Grand Total:                   74814   2994      17162  


LINKER GENERATED COPY TABLES

__TI_cinit_table @ 00013000 records: 3, size/record: 8, table size: 24
	.data: load addr=00012f88, load size=00000055 bytes, run addr=20004248, run size=000000b8 bytes, compression=lzss
	.bss: load addr=00012ff0, load size=00000008 bytes, run addr=2000026c, run size=000027d6 bytes, compression=zero_init
	.vtable: load addr=00012ff8, load size=00000008 bytes, run addr=20000000, run size=0000026c bytes, compression=zero_init


LINKER GENERATED HANDLER TABLE

__TI_handler_table @ 00012fe0 records: 3, size/record: 4, table size: 12
	index: 0, handler: __TI_zero_init
	index: 1, handler: __TI_decompress_lzss
	index: 2, handler: __TI_decompress_none


GLOBAL SYMBOLS: SORTED ALPHABETICALLY BY Name 

address   name                                                                                                                          
-------   ----                                                                                                                          
00012609  ADCIntClear                                                                                                                   
00011d35  ADCIntStatus                                                                                                                  
00012059  ADCProcessorTrigger                                                                                                           
0001166d  ADCSequenceConfigure                                                                                                          
00011f95  ADCSequenceDataGet                                                                                                            
00012431  ADCSequenceEnable                                                                                                             
000111af  ADCSequenceStepConfigure                                                                                                      
2000293a  Alarms                                                                                                                        
20002322  BCD_MODE                                                                                                                      
000126b7  C$$EXIT                                                                                                                       
00011b1f  C$$IO$$                                                                                                                       
0001253b  CPUcpsie                                                                                                                      
0000df0b  DEBUGUARTIntHandler                                                                                                           
00011989  EEPROMInit                                                                                                                    
00010ead  EEPROMProgram                                                                                                                 
00011a81  EEPROMRead                                                                                                                    
20004263  ENC28J60ControlCS                                                                                                             
20002951  EXTI_cnt                                                                                                                      
200028d0  Eclient                                                                                                                       
20002787  FLR_log_data                                                                                                                  
200027c7  FL_log_data                                                                                                                   
0000a0b9  GPIODIntHandler                                                                                                               
00011d91  GPIODirModeSet                                                                                                                
0001266b  GPIOIntClear                                                                                                                  
00012547  GPIOIntEnable                                                                                                                 
00012071  GPIOIntRegister                                                                                                               
0001243f  GPIOIntStatus                                                                                                                 
00011571  GPIOIntTypeSet                                                                                                                
000105b1  GPIOPadConfigSet                                                                                                              
000116bd  GPIOPinConfigure                                                                                                              
00012671  GPIOPinRead                                                                                                                   
00012191  GPIOPinTypeADC                                                                                                                
000121a7  GPIOPinTypeGPIOInput                                                                                                          
00012025  GPIOPinTypeGPIOOutput                                                                                                         
000121bd  GPIOPinTypeI2C                                                                                                                
000121d3  GPIOPinTypeI2CSCL                                                                                                             
000121e9  GPIOPinTypeSSI                                                                                                                
000121ff  GPIOPinTypeUART                                                                                                               
00012677  GPIOPinWrite                                                                                                                  
00011455  HOSTtime64                                                                                                                    
0001263b  I2CMasterBusy                                                                                                                 
0001268f  I2CMasterControl                                                                                                              
00012693  I2CMasterDataGet                                                                                                              
00012697  I2CMasterDataPut                                                                                                              
00012613  I2CMasterEnable                                                                                                               
00011709  I2CMasterInitExpClk                                                                                                           
00012643  I2CMasterSlaveAddrSet                                                                                                         
0001244d  I2CRxFIFOFlush                                                                                                                
0001245b  I2CTxFIFOFlush                                                                                                                
00011385  IntEnable                                                                                                                     
00012391  IntMasterEnable                                                                                                               
00011b61  IntRegister                                                                                                                   
0000e095  LTEUARTIntHandler                                                                                                             
20004270  NE_ADC_RAW_MAX                                                                                                                
20004268  PN_ADC_RAW_MAX                                                                                                                
000125fd  ResetISR                                                                                                                      
00012f64  SHT$$INIT_ARRAY$$Base                                                                                                         
00012f88  SHT$$INIT_ARRAY$$Limit                                                                                                        
00011a09  SSIConfigSetExpClk                                                                                                            
00012349  SSIDataGetNonBlocking                                                                                                         
00012469  SSIDataPutNonBlocking                                                                                                         
0001261d  SSIEnable                                                                                                                     
000109c1  SysCtlClockGet                                                                                                                
00010cd5  SysCtlClockSet                                                                                                                
0001267d  SysCtlDelay                                                                                                                   
00011b95  SysCtlPeripheralDisable                                                                                                       
00011bc9  SysCtlPeripheralEnable                                                                                                        
00011ab9  SysCtlPeripheralReady                                                                                                         
0001161d  SysCtlPeripheralReset                                                                                                         
000123a1  SysCtlReset                                                                                                                   
00012259  SysTickEnable                                                                                                                 
0001226d  SysTickIntEnable                                                                                                              
000100cd  SysTickIntHandler                                                                                                             
000123b1  SysTickPeriodSet                                                                                                              
00012011  SysTick_Handler                                                                                                               
20002953  System_mode                                                                                                                   
20002946  Telecom_Ethernet                                                                                                              
20002a00  Telecom_server_query                                                                                                          
0001264b  UARTBusy                                                                                                                      
00012477  UARTCharGetNonBlocking                                                                                                        
00012485  UARTCharPutNonBlocking                                                                                                        
00012493  UARTCharsAvail                                                                                                                
00011831  UARTConfigSetExpClk                                                                                                           
00011f15  UARTDisable                                                                                                                   
00012281  UARTEnable                                                                                                                    
0001269b  UARTIntClear                                                                                                                  
00012653  UARTIntEnable                                                                                                                 
00012627  UARTIntStatus                                                                                                                 
20002807  UIPEthernet                                                                                                                   
0000b581  _Z10Chip_Erasev                                                                                                               
0000d05d  _Z10GetAdcDatav                                                                                                               
0000feff  _Z10I2CReceivev                                                                                                               
0000a479  _Z10ToggleLEDsv                                                                                                               
00002e21  _Z10asUnixTimeiiiiii                                                                                                          
000053a1  _Z10clear_logsv                                                                                                               
00008a7d  _Z10getREQmodev                                                                                                               
0000efdb  _Z10my_sprintfPciz                                                                                                            
00008a69  _Z10setREQmode13gprs_status_t                                                                                                 
00003889  _Z10update_rtcPci                                                                                                             
00004c3d  _Z10utcTOlocalP15gps_date_time_t                                                                                              
00001fc1  _Z10ws_connectv                                                                                                               
000023a5  _Z10ws_disconnv                                                                                                               
0000a50d  _Z11SetODU_Mode14voltage_mode_t                                                                                               
0000b3af  _Z11SetSI_Inputv                                                                                                              
0000b3d1  _Z11SetSO_Inputv                                                                                                              
0000e1b5  _Z11Usendbufferj                                                                                                              
000053e7  _Z11clear_flashv                                                                                                              
0000f3a7  _Z11count_commaPct                                                                                                            
0000afad  _Z11flashCopyMRPcS_                                                                                                           
0000ef85  _Z11getChecksumPhc                                                                                                            
0000315d  _Z11getDateTimev                                                                                                              
00005445  _Z11get_log_cnti                                                                                                              
0000fcbd  _Z11get_rx_dataPc                                                                                                             
00004071  _Z11gps_handlerv                                                                                                              
0000c3ad  _Z11init_configv                                                                                                              
0000fe49  _Z11setNWstatus13gprs_status_t                                                                                                
0000fea1  _Z11vRTCI2CInitv                                                                                                              
0000c8bd  _Z12ADC_PortIniti                                                                                                             
00007f99  _Z12Query_decodePcPKcS_i                                                                                                      
0000b2cf  _Z12Sector_Erasem                                                                                                             
0000b3a1  _Z12SetSI_Outputv                                                                                                             
0000b3c3  _Z12SetSO_Outputv                                                                                                             
00002e71  _Z12calcTimeDiff12time_stamp_tS_                                                                                              
0000fcef  _Z12check_stringPKcPcPi                                                                                                       
000053c5  _Z12clear_log_idv                                                                                                             
0000ae0b  _Z12flashSwResetv                                                                                                             
00005243  _Z12flashWriteTRv                                                                                                             
0000fe5d  _Z12getNW_statusv                                                                                                             
0000c17f  _Z12getRAM_Alarmv                                                                                                             
00003e49  _Z12get_locationv                                                                                                             
00005501  _Z12get_log_dataimPc                                                                                                          
0000285b  _Z12get_pkt_recvv                                                                                                             
00003d6b  _Z12is_leap_yearh                                                                                                             
000080b9  _Z12server_queryv                                                                                                             
0000c147  _Z12setRAM_Alarm16Alarm_sts_bits_tb                                                                                           
00002861  _Z12set_pkt_recvb                                                                                                             
0000a44d  _Z12vEXTIpinInitv                                                                                                             
0000aa01  _Z12vEarthDetectv                                                                                                             
0000a3dd  _Z12vGPIO_Togglejhh                                                                                                           
0000a20f  _Z12vLEDGPIOInitv                                                                                                             
0000dea3  _Z12vLTEUARTInitv                                                                                                             
00011dbd  _Z13SPI_transrecvjh                                                                                                           
00003b25  _Z13add_date_timeP12time_stamp_tS0_j                                                                                          
0000a67d  _Z13controlRelaysv                                                                                                            
0000f21d  _Z13delete_SubStrPcS_c                                                                                                        
0000ae23  _Z13enable_wp_pinv                                                                                                            
0000183f  _Z13ethernet_initv                                                                                                            
0000e29d  _Z13flushRxBufferi                                                                                                            
0000e2d1  _Z13flushTxBufferi                                                                                                            
0000ce0d  _Z13getODUCurrentv                                                                                                            
0000ced1  _Z13getODUVoltagev                                                                                                            
0000c1bd  _Z13getRAM_Statusv                                                                                                            
0000bb4f  _Z13get_device_idv                                                                                                            
0000c185  _Z13setRAM_Statushb                                                                                                           
0000baad  _Z13set_device_idPc                                                                                                           
000101fd  _Z13vMAIN_DelayMSj                                                                                                            
0000e0f9  _Z13vUART_SendChrjh                                                                                                           
0000e189  _Z13vUART_SendIntji                                                                                                           
0000e117  _Z13vUART_SendStrjPKh                                                                                                         
0000ab39  _Z14Reset_Hold_Lowv                                                                                                           
00003a11  _Z14StrToTimeStampPh                                                                                                          
00011f35  _Z14__libcpp_isinfIdEbT_                                                                                                      
00011f55  _Z14__libcpp_isnanIdEbT_                                                                                                      
000025f5  _Z14ether_tcp_sendPci                                                                                                         
00002fbb  _Z14getDaysOfMonthcj                                                                                                          
0000cf95  _Z14getSMPSVoltagev                                                                                                           
00004dd9  _Z14get_gps_statusv                                                                                                           
0000a8b5  _Z14isSupplyStablev                                                                                                           
0000aef1  _Z14readContToBuffmjPc                                                                                                        
00004de5  _Z14set_gps_status12gps_status_t                                                                                              
0000de55  _Z14vDEBUGUARTInitv                                                                                                           
0000c23d  _Z14write_defaultsj                                                                                                           
00002a39  _Z15HTTP_valid_codePc                                                                                                         
0000ab47  _Z15Reset_Hold_Highv                                                                                                          
00002cc7  _Z15check_date_timePcS_                                                                                                       
000074ab  _Z15ether_cs_activev                                                                                                          
00002191  _Z15ether_ping_sendv                                                                                                          
0000ac2b  _Z15flashClrTR_Logsv                                                                                                          
00004e01  _Z15flashWriteMR_BRv                                                                                                          
0000fc7d  _Z15generateMaskKeyPh                                                                                                         
0000fe79  _Z15getServerStatusv                                                                                                          
000058ff  _Z15get_unsent_logsv                                                                                                          
0000fe0d  _Z15get_upload_datav                                                                                                          
0000fe29  _Z15get_webconn_stsv                                                                                                          
00004529  _Z15gps_pkt_parsingP10gps_info_tPc                                                                                            
0000abcf  _Z15init_flash_pinsv                                                                                                          
0000fe65  _Z15setServerStatus13gprs_status_t                                                                                            
0000fdf9  _Z15set_upload_data13upload_data_t                                                                                            
0000fe15  _Z15set_webconn_stsh                                                                                                          
0000c0fd  _Z15update_ram_datav                                                                                                          
0000a971  _Z15vEarthCheckInitv                                                                                                          
0000a945  _Z15vFreqDetectInitv                                                                                                          
0000a10d  _Z15vGPIOPortEnablev                                                                                                          
0000b5a1  _Z15vPERIPH_E2PInitv                                                                                                          
0000e145  _Z15vUART_SendBytesjPKhj                                                                                                      
0000aa1f  _Z16ControlODU_Relayh                                                                                                         
000058c9  _Z16check_unsent_logv                                                                                                         
00008add  _Z16decodeMsgPC_Uartv                                                                                                         
0000255b  _Z16ether_valid_codePc                                                                                                        
00001a7d  _Z16ethernet_handlerv                                                                                                         
0000b04d  _Z16flashEraseBackupv                                                                                                         
0000af65  _Z16flashEraseMasterv                                                                                                         
0000afe9  _Z16flashEraseSectormm                                                                                                        
00005209  _Z16flashGetSerMR_BRv                                                                                                         
00008ab5  _Z16getClientMSGTypev                                                                                                         
00008a99  _Z16getServerReqTypev                                                                                                         
00003819  _Z16get_present_timeP12time_stamp_t                                                                                           
0000aac5  _Z16get_router_statev                                                                                                         
00009549  _Z16get_system_statev                                                                                                         
00008aa1  _Z16setClientMSGType21client_message_type_t                                                                                   
00008a85  _Z16setServerReqType21server_request_type_t                                                                                   
0000aab1  _Z16set_router_state18relay_ctrl_state_t                                                                                      
00009535  _Z16set_system_state10sys_mode_t                                                                                              
00002b79  _Z16update_date_timev                                                                                                         
000017d1  _Z16vETHERNETSPIInitv                                                                                                         
0000a1c1  _Z16vGPIO_UnlockGPIOjh                                                                                                        
0000a225  _Z16vPERIPH_GPIOInitv                                                                                                         
0000deff  _Z16vPERIPH_UARTInitv                                                                                                         
00005369  _Z16validate_FL_addrcm                                                                                                        
0000889d  _Z16websocket_packetPh                                                                                                        
0000a991  _Z17FREQDetIntHandlerv                                                                                                        
000089a5  _Z17HandleQueryStatesv                                                                                                        
00003075  _Z17check_expire_time12time_stamp_tS_                                                                                         
0000be05  _Z17cloud_config_datav                                                                                                        
0000b935  _Z17e2p_read_cfg_timev                                                                                                        
0000b845  _Z17e2p_read_locationv                                                                                                        
000074b9  _Z17ether_cs_inactivev                                                                                                        
00001ef9  _Z17ether_tcp_connectv                                                                                                        
0000ab71  _Z17flash_port_assignv                                                                                                        
0000f2e1  _Z17generateRandomKeyiPc                                                                                                      
[...]
00012da4  _ZTI9UIPServer                                                                                                                
00012de0  _ZTV6Server                                                                                                                   
00012df4  _ZTV9IPAddress                                                                                                                
00012e08  _ZTV9Printable                                                                                                                
00012e30  _ZTV5Print                                                                                                                    
00012e40  _ZTVN10__cxxabiv117__class_type_infoE                                                                                         
00012e50  _ZTVN10__cxxabiv120__si_class_type_infoE                                                                                      
00012e60  _ZTVN10__cxxabiv121__vmi_class_type_infoE                                                                                     
00012e70  _ZTSSt9type_info                                                                                                              
00012e80  _ZTI9IPAddress                                                                                                                
00012e8c  _ZTIN10__cxxabiv117__class_type_infoE                                                                                         
00012e98  _ZTIN10__cxxabiv120__si_class_type_infoE                                                                                      
00012ea4  _ZTIN10__cxxabiv121__vmi_class_type_infoE                                                                                     
00012eb0  _ZTS9IPAddress                                                                                                                
00012ebb  _ZTS9Printable                                                                                                                
00012ec6  _ZTS9UIPClient                                                                                                                
00012ed1  _ZTS9UIPServer                                                                                                                
00012eec  _ZTI3UDP                                                                                                                      
00012ef4  _ZTI5Print                                                                                                                    
00012efc  _ZTI6Client                                                                                                                   
00012f04  _ZTI6Server                                                                                                                   
00012f0c  _ZTI9Printable                                                                                                                
00012f14  _ZTISt9type_info                                                                                                              
00012f1c  _ZTS6Client                                                                                                                   
00012f24  _ZTS6Server                                                                                                                   
00012f2c  _ZTS6UIPUDP                                                                                                                   
00012f34  _ZTS5Print                                                                                                                    
00012f53  _ZTS3UDP                                                                                                                      
00012f64  SHT$$INIT_ARRAY$$Base                                                                                                         
00012f88  SHT$$INIT_ARRAY$$Limit                                                                                                        
00012fe0  __TI_Handler_Table_Base                                                                                                       
00012fec  __TI_Handler_Table_Limit                                                                                                      
00013000  __TI_CINIT_Base                                                                                                               
00013018  __TI_CINIT_Limit                                                                                                              
20000000  __start___llvm_prf_cnts                                                                                                       
20000000  __stop___llvm_prf_cnts                                                                                                        
20000000  g_pfnRAMVectors                                                                                                               
2000026c  ethernet_rx_buff                                                                                                              
20000ca0  ethernet_tx_buff                                                                                                              
200016d0  _ZN10MemoryPool6blocksE                                                                                                       
20001900  gprs_rx_buff                                                                                                                  
20001afc  gprs_tx_buff                                                                                                                  
20001cf8  dummy_json_string                                                                                                             
20001e80  adc                                                                                                                           
20001ffc  display_tx                                                                                                                    
2000212c  __CIOBUF_                                                                                                                     
2000224c  cloud_config                                                                                                                  
20002322  BCD_MODE                                                                                                                      
20002324  display_uart_rx                                                                                                               
200023c4  pc_uart_rx                                                                                                                    
20002464  e2p_cloud_config                                                                                                              
200024e4  uip_conns                                                                                                                     
20002564  _ZN9UIPClient8all_dataE                                                                                                       
200025d4  uip_buf                                                                                                                       
200026f4  pc_uart_tx                                                                                                                    
20002744  gps                                                                                                                           
20002787  FLR_log_data                                                                                                                  
200027c7  FL_log_data                                                                                                                   
20002807  UIPEthernet                                                                                                                   
20002808  uip_udp_conns                                                                                                                 
20002848  ram_data                                                                                                                      
2000287e  time_main                                                                                                                     
2000289d  measurements                                                                                                                  
200028b9  relay_state                                                                                                                   
200028bc  gprs                                                                                                                          
200028d0  Eclient                                                                                                                       
200028e0  client                                                                                                                        
200028f0  e2p_device_info                                                                                                               
20002900  e2p_location_info                                                                                                             
20002910  freq_updated_data                                                                                                             
20002920  scheduler                                                                                                                     
2000293a  Alarms                                                                                                                        
20002946  Telecom_Ethernet                                                                                                              
20002951  EXTI_cnt                                                                                                                      
20002953  System_mode                                                                                                                   
200029a4  _ZN16UIPEthernetClass17_dnsServerAddressE                                                                                     
200029b4  e2p_config_time                                                                                                               
200029bc  e2p_router_config                                                                                                             
200029c4  gps_data                                                                                                                      
200029cc  parmbuf                                                                                                                       
200029d4  uip_listenports                                                                                                               
200029dc  gps_date_time                                                                                                                 
200029e3  gps_handler_state                                                                                                             
200029e4  _ZN15Enc28J60Network10receivePktE                                                                                             
200029ea  time_stamp                                                                                                                    
200029f0  _ZZN9UIPClient7connectE9IPAddresstE4conn                                                                                      
20002a00  Telecom_server_query                                                                                                          
20002a04  _ZN16UIPEthernetClass14periodic_timerE                                                                                        
20002a08  __dso_handle                                                                                                                  
20002a0c  _millis                                                                                                                       
20002a10  startTime                                                                                                                     
20002a14  u32DelayCounter                                                                                                               
20002a18  uip_acc32                                                                                                                     
20002a1c  uip_appdata                                                                                                                   
20002a20  uip_conn                                                                                                                      
20002a24  uip_draddr                                                                                                                    
20002a28  uip_hostaddr                                                                                                                  
20002a2c  uip_netmask                                                                                                                   
20002a30  uip_sappdata                                                                                                                  
20002a34  uip_udp_conn                                                                                                                  
20002a38  _ZN15Enc28J60Network13nextPacketPtrE                                                                                          
20002a3a  gprs_rx_isr_handler                                                                                                           
20002a3c  uip_len                                                                                                                       
20002a3e  uip_slen                                                                                                                      
20002a40  uip_flags                                                                                                                     
20002a41  voltage_mode                                                                                                                  
20002a48  __stack                                                                                                                       
20002c48  __STACK_TOP                                                                                                                   
20004248  __STACK_END                                                                                                                   
20004248  server_response_str                                                                                                           
20004263  ENC28J60ControlCS                                                                                                             
20004264  _ZN15Enc28J60Network4bankE                                                                                                    
20004265  _ZN15Enc28J60Network6erevidE                                                                                                  
20004266  _ZN15Enc28J60Network17broadcast_enabledE                                                                                      
20004268  PN_ADC_RAW_MAX                                                                                                                
20004270  NE_ADC_RAW_MAX                                                                                                                
20004288  _tz                                                                                                                           
200042a7  _ZZN9UIPClient7connectE9IPAddresstE10first_call                                                                               
200042a8  __TI_cleanup_ptr                                                                                                              
200042ac  __TI_dtors_ptr                                                                                                                
200042b0  __TI_enable_exit_profile_output                                                                                               
200042b4  gps_interval_start                                                                                                            
200042b8  cnt_gps_1sec                                                                                                                  
200042c0  _lock                                                                                                                         
200042c4  _unlock                                                                                                                       
200042d0  _ZN16UIPEthernetClass9in_packetE                                                                                              
200042d1  _ZN16UIPEthernetClass10uip_packetE                                                                                            
200042d2  _ZN16UIPEthernetClass10uip_hdrlenE                                                                                            
200042d3  _ZN16UIPEthernetClass11packetstateE                                                                                           
200042d4  _ZN16UIPEthernetClass5_dhcpE                                                                                                  
200042e0  upload_time                                                                                                                   
200042e4  save_offline_time                                                                                                             
200042e8  uip_ethaddr                                                                                                                   
200042ee  _ZZN9UIPClient7connectE9IPAddresstE7timeout                                                                                   
200042f0  millis_cnt                                                                                                                    
20004300  _sys_memory                                                                                                                   
ffffffff  __TI_pprof_out_hndl                                                                                                           
ffffffff  __TI_prof_data_size                                                                                                           
ffffffff  __TI_prof_data_start                                                                                                          
ffffffff  __binit__                                                                                                                     
ffffffff  __c_args__                                                                                                                    
ffffffff  binit                                                                                                                         
UNDEFED   __mpu_init                                                                                                                    
UNDEFED   _system_post_cinit                                                                                                            

[851 symbols]
