******************************************************************************
                  TI ARM Linker PC v20.2.6                     
******************************************************************************
>> Linked Sat Jul 20 16:56:50 2024

OUTPUT FILE NAME:   <Telecom_IoT_v2_00.out>
ENTRY POINT SYMBOL: "_c_int00_noargs"  address: 0000d609


MEMORY CONFIGURATION

         name            origin    length      used     unused   attr    fill
----------------------  --------  ---------  --------  --------  ----  --------
  FLASH                 00000000   00020000  0000e06e  00011f92  R  X
  SRAM                  20000000   00008000  0000298b  00005675  RW X


SEGMENT ALLOCATION MAP

run origin  load origin   length   init length attrs members
----------  ----------- ---------- ----------- ----- -------
00000000    00000000    0000e070   0000e070    r-x
  00000000    00000000    0000026c   0000026c    r-- .intvecs
  0000026c    0000026c    0000d8ca   0000d8ca    r-x .text
  0000db38    0000db38    000004a0   000004a0    r-- .const
  0000dfd8    0000dfd8    00000098   00000098    r-- .cinit
20000000    20000000    00002990   00000000    rw-
  20000000    20000000    0000026c   00000000    rw- .vtable
  20000270    20000270    00001800   00000000    rw- .stack
  20001a70    20001a70    00000e37   00000000    rw- .bss
  200028a8    200028a8    000000e8   00000000    rw- .data


SECTION ALLOCATION MAP

 output                                  attributes/
section   page    origin      length       input sections
--------  ----  ----------  ----------   ----------------
.intvecs   0    00000000    0000026c     
                  00000000    0000026c     tm4c1233e6pz_startup_ccs.obj (.intvecs)

.text      0    0000026c    0000d8ca     
                  0000026c    000033f0     gprs.obj (.text)
                  0000365c    0000132c     gps.obj (.text)
                  00004988    00001150     Clock.obj (.text)
                  00005ad8    00000fc8     IO_cntrl.obj (.text)
                  00006aa0    00000cdc     Telecom_server_query.obj (.text)
                  0000777c    00000aa8     main.obj (.text)
                  00008224    00000a98     ADC_Core.obj (.text)
                  00008cbc    00000a30     E2P.obj (.text)
                  000096ec    000009e8     PC_Cmds.obj (.text)
                  0000a0d4    000009cc     flashCore.obj (.text)
                  0000aaa0    00000730     flash_logger.obj (.text)
                  0000b1d0    000005e0     UartCore.obj (.text)
                  0000b7b0    00000510     _common.obj (.text)
                  0000bcc0    000002b8     rtsv7M4_T_le_v4SPD16_eabi.lib : mktime64.c.obj (.text:__mktime64)
                  0000bf78    00000210     DS3231.obj (.text)
                  0000c188    000001dc     SysTick_Timer.obj (.text)
                  0000c364    0000016c     driverlib.lib : gpio.obj (.text:GPIOPadConfigSet)
                  0000c4d0    00000144     Web_Comm.obj (.text)
                  0000c614    00000136     rtsv7M4_T_le_v4SPD16_eabi.lib : fd_div_t2.asm.obj (.text)
                  0000c74a    00000002                                   : _lock.c.obj (.text:_nop)
                  0000c74c    00000118     driverlib.lib : sysctl.obj (.text:SysCtlClockGet)
                  0000c864    000000fc     rtsv7M4_T_le_v4SPD16_eabi.lib : fd_mul_t2.asm.obj (.text)
                  0000c960    000000f4     driverlib.lib : sysctl.obj (.text:SysCtlClockSet)
                  0000ca54    000000c4                   : eeprom.obj (.text:EEPROMProgram)
                  0000cb18    0000009c     rtsv7M4_T_le_v4SPD16_eabi.lib : memcpy_t2.asm.obj (.text)
                  0000cbb4    00000096                                   : ull_div_t2.asm.obj (.text)
                  0000cc4a    00000086                                   : fd_cmp_t2.asm.obj (.text:__aeabi_cdcmple)
                  0000ccd0    0000007a     driverlib.lib : adc.obj (.text:ADCSequenceStepConfigure)
                  0000cd4a    0000007a     rtsv7M4_T_le_v4SPD16_eabi.lib : memset_t2.asm.obj (.text)
                  0000cdc4    0000006e                                   : ltoa.c.obj (.text:ltoa)
                  0000ce32    0000006e                                   : ll_div_t2.asm.obj (.text)
                  0000cea0    00000068     driverlib.lib : interrupt.obj (.text:IntEnable)
                  0000cf08    00000068     rtsv7M4_T_le_v4SPD16_eabi.lib : copy_decompress_lzss.c.obj (.text:decompress:lzss:__TI_decompress_lzss)
                  0000cf70    00000068     delay.obj (.text)
                  0000cfd8    00000060     rtsv7M4_T_le_v4SPD16_eabi.lib : hosttime.c.obj (.text:HOSTtime64)
                  0000d038    00000060     driverlib.lib : timer.obj (.text:TimerConfigure)
                  0000d098    00000058                   : gpio.obj (.text:GPIOIntTypeSet)
                  0000d0f0    00000058     tiot_timer.obj (.text)
                  0000d148    00000050     driverlib.lib : sysctl.obj (.text:SysCtlPeripheralReset)
                  0000d198    0000004e                   : adc.obj (.text:ADCSequenceConfigure)
                  0000d1e6    00000002     rtsv7M4_T_le_v4SPD16_eabi.lib : div0.asm.obj (.text)
                  0000d1e8    0000004c     driverlib.lib : gpio.obj (.text:GPIOPinConfigure)
                  0000d234    0000004c                   : i2c.obj (.text:I2CMasterInitExpClk)
                  0000d280    0000004c     rtsv7M4_T_le_v4SPD16_eabi.lib : atoi.c.obj (.text:atoi)
                  0000d2cc    00000046     driverlib.lib : uart.obj (.text:UARTConfigSetExpClk)
                  0000d312    00000002     --HOLE-- [fill = 0]
                  0000d314    00000044                   : gpio.obj (.text:_GPIOIntNumberGet)
                  0000d358    00000044     rtsv7M4_T_le_v4SPD16_eabi.lib : autoinit.c.obj (.text:__TI_auto_init_nobinit_nopinit:__TI_auto_init_nobinit_nopinit)
                  0000d39c    00000044                                   : fd_tou_t2.asm.obj (.text)
                  0000d3e0    00000040     driverlib.lib : eeprom.obj (.text:EEPROMInit)
                  0000d420    0000003c                   : eeprom.obj (.text:_EEPROMSectorMaskSet)
                  0000d45c    00000038                   : eeprom.obj (.text:EEPROMRead)
                  0000d494    00000038                   : sysctl.obj (.text:SysCtlPeripheralReady)
                  0000d4cc    00000038     rtsv7M4_T_le_v4SPD16_eabi.lib : trgmsg.c.obj (.text:__TI_writemsg)
                  0000d504    00000034     driverlib.lib : interrupt.obj (.text:IntRegister)
                  0000d538    00000034                   : sysctl.obj (.text:SysCtlPeripheralDisable)
                  0000d56c    00000034                   : sysctl.obj (.text:SysCtlPeripheralEnable)
                  0000d5a0    00000034                   : eeprom.obj (.text:_EEPROMSectorMaskClear)
                  0000d5d4    00000034     rtsv7M4_T_le_v4SPD16_eabi.lib : trgmsg.c.obj (.text:__TI_readmsg)
                  0000d608    00000034                                   : boot_cortex_m.c.obj (.text:_c_int00_noargs:_c_int00_noargs)
                  0000d63c    00000034                                   : rand.c.obj (.text:rand)
                  0000d670    00000034                                   : strstr.c.obj (.text:strstr)
                  0000d6a4    0000002e     driverlib.lib : adc.obj (.text:ADCIntStatus)
                  0000d6d2    0000002e     rtsv7M4_T_le_v4SPD16_eabi.lib : i_tofd_t2.asm.obj (.text)
                  0000d700    0000002c     driverlib.lib : gpio.obj (.text:GPIODirModeSet)
                  0000d72c    0000002c     rtsv7M4_T_le_v4SPD16_eabi.lib : strncmp.c.obj (.text:strncmp)
                  0000d758    00000024                                   : memcmp.c.obj (.text:memcmp)
                  0000d77c    00000024                                   : rand.c.obj (.text:srand)
                  0000d7a0    00000020     driverlib.lib : uart.obj (.text:UARTDisable)
                  0000d7c0    00000020     rtsv7M4_T_le_v4SPD16_eabi.lib : u_tofd_t2.asm.obj (.text)
                  0000d7e0    0000001e     driverlib.lib : adc.obj (.text:ADCSequenceDataGet)
                  0000d7fe    0000001a                   : gpio.obj (.text:GPIOPinTypeGPIOOutput)
                  0000d818    00000018                   : adc.obj (.text:ADCProcessorTrigger)
                  0000d830    00000018                   : gpio.obj (.text:GPIOIntRegister)
                  0000d848    00000018     rtsv7M4_T_le_v4SPD16_eabi.lib : ll_mul_t2.asm.obj (.text)
                  0000d860    00000018                                   : strcmp.c.obj (.text:strcmp)
                  0000d878    00000016     driverlib.lib : gpio.obj (.text:GPIOPinTypeADC)
                  0000d88e    00000016                   : gpio.obj (.text:GPIOPinTypeGPIOInput)
                  0000d8a4    00000016                   : gpio.obj (.text:GPIOPinTypeI2C)
                  0000d8ba    00000016                   : gpio.obj (.text:GPIOPinTypeI2CSCL)
                  0000d8d0    00000016                   : gpio.obj (.text:GPIOPinTypeUART)
                  0000d8e6    00000002     --HOLE-- [fill = 0]
                  0000d8e8    00000014                   : systick.obj (.text:SysTickEnable)
                  0000d8fc    00000014                   : systick.obj (.text:SysTickIntEnable)
                  0000d910    00000014                   : uart.obj (.text:UARTEnable)
                  0000d924    00000014     rtsv7M4_T_le_v4SPD16_eabi.lib : strcpy.c.obj (.text:strcpy)
                  0000d938    00000014                                   : strlen.c.obj (.text:strlen)
                  0000d94c    00000012     driverlib.lib : timer.obj (.text:TimerLoadSet)
                  0000d95e    00000012                   : timer.obj (.text:TimerPrescaleSet)
                  0000d970    00000012     Telecom_server_query.obj (.text:_Z3absl)
                  0000d982    00000010     driverlib.lib : interrupt.obj (.text:IntMasterDisable)
                  0000d992    00000010                   : interrupt.obj (.text:IntMasterEnable)
                  0000d9a2    00000002     --HOLE-- [fill = 0]
                  0000d9a4    00000010                   : sysctl.obj (.text:SysCtlReset)
                  0000d9b4    00000010                   : systick.obj (.text:SysTickPeriodSet)
                  0000d9c4    00000010                   : eeprom.obj (.text:_EEPROMWaitForDone)
                  0000d9d4    00000010     rtsv7M4_T_le_v4SPD16_eabi.lib : time64.c.obj (.text:__time64)
                  0000d9e4    00000010                                   : isdigit.c.obj (.text:isdigit)
                  0000d9f4    0000000e     driverlib.lib : adc.obj (.text:ADCSequenceEnable)
                  0000da02    0000000e                   : gpio.obj (.text:GPIOIntStatus)
                  0000da10    0000000e                   : i2c.obj (.text:I2CRxFIFOFlush)
                  0000da1e    0000000e                   : i2c.obj (.text:I2CTxFIFOFlush)
                  0000da2c    0000000e                   : timer.obj (.text:TimerEnable)
                  0000da3a    0000000e                   : uart.obj (.text:UARTCharGetNonBlocking)
                  0000da48    0000000e                   : uart.obj (.text:UARTCharPutNonBlocking)
                  0000da56    0000000e                   : uart.obj (.text:UARTCharsAvail)
                  0000da64    0000000e     rtsv7M4_T_le_v4SPD16_eabi.lib : copy_decompress_none.c.obj (.text:decompress:none:__TI_decompress_none)
                  0000da72    0000000c     driverlib.lib : cpu.obj (.text:CPUcpsid)
                  0000da7e    0000000c                   : cpu.obj (.text:CPUcpsie)
                  0000da8a    0000000c                   : gpio.obj (.text:GPIOIntEnable)
                  0000da96    00000002     --HOLE-- [fill = 0]
                  0000da98    0000000c                   : sysctl.obj (.text:SysCtlResetCauseGet)
                  0000daa4    0000000c     rtsv7M4_T_le_v4SPD16_eabi.lib : copy_zero_init.c.obj (.text:decompress:ZI:__TI_zero_init)
                  0000dab0    0000000c     tm4c1233e6pz_startup_ccs.obj (.text)
                  0000dabc    0000000a     driverlib.lib : adc.obj (.text:ADCIntClear)
                  0000dac6    0000000a                   : i2c.obj (.text:I2CMasterEnable)
                  0000dad0    0000000a                   : uart.obj (.text:UARTIntStatus)
                  0000dada    00000008                   : i2c.obj (.text:I2CMasterBusy)
                  0000dae2    00000008                   : i2c.obj (.text:I2CMasterSlaveAddrSet)
                  0000daea    00000008                   : timer.obj (.text:TimerIntEnable)
                  0000daf2    00000008                   : uart.obj (.text:UARTBusy)
                  0000dafa    00000008                   : uart.obj (.text:UARTIntEnable)
                  0000db02    00000006                   : gpio.obj (.text:GPIOIntClear)
                  0000db08    00000006                   : gpio.obj (.text:GPIOPinRead)
                  0000db0e    00000006                   : gpio.obj (.text:GPIOPinWrite)
                  0000db14    00000006                   : sysctl.obj (.text:SysCtlDelay)
                  0000db1a    00000004                   : i2c.obj (.text:I2CMasterControl)
                  0000db1e    00000004                   : i2c.obj (.text:I2CMasterDataGet)
                  0000db22    00000004                   : i2c.obj (.text:I2CMasterDataPut)
                  0000db26    00000004                   : timer.obj (.text:TimerIntClear)
                  0000db2a    00000004                   : uart.obj (.text:UARTIntClear)
                  0000db2e    00000004     rtsv7M4_T_le_v4SPD16_eabi.lib : pre_init.c.obj (.text:_system_pre_init)
                  0000db32    00000004                                   : exit.c.obj (.text:abort:abort)

.const     0    0000db38    000004a0     
                  0000db38    00000101     rtsv7M4_T_le_v4SPD16_eabi.lib : ctype.c.obj (.const:.string:_ctypes_)
                  0000dc39    00000003     --HOLE-- [fill = 0]
                  0000dc3c    000000d8     driverlib.lib : gpio.obj (.const:g_ppui32GPIOIntMapSnowflake)
                  0000dd14    000000c0                   : gpio.obj (.const:g_ppui32GPIOIntMapBlizzard)
                  0000ddd4    00000090                   : gpio.obj (.const:g_pui32GPIOBaseAddrs)
                  0000de64    0000006c                   : sysctl.obj (.const:g_pui32Xtals)
                  0000ded0    00000060     rtsv7M4_T_le_v4SPD16_eabi.lib : mktime64.c.obj (.const:$O1$$)
                  0000df30    00000041     _common.obj (.const:.string:$P$T0$1)
                  0000df71    00000003     --HOLE-- [fill = 0]
                  0000df74    00000024     Clock.obj (.const:$P$T0$1)
                  0000df98    00000019     gprs.obj (.const:.string:$P$T0$11)
                  0000dfb1    00000003     --HOLE-- [fill = 0]
                  0000dfb4    00000014     driverlib.lib : interrupt.obj (.const:g_pui32EnRegs)
                  0000dfc8    00000008     Clock.obj (.const:$P$T1$2)
                  0000dfd0    00000008     gprs.obj (.const:.string:$P$T1$18)

.cinit     0    0000dfd8    00000098     
                  0000dfd8    00000061     (.cinit..data.load) [load image, compression = lzss]
                  0000e039    00000003     --HOLE-- [fill = 0]
                  0000e03c    0000000c     (__TI_handler_table)
                  0000e048    00000008     (.cinit..bss.load) [load image, compression = zero_init]
                  0000e050    00000008     (.cinit..vtable.load) [load image, compression = zero_init]
                  0000e058    00000018     (__TI_cinit_table)

.init_array 
*          0    00000000    00000000     UNINITIALIZED

.vtable    0    20000000    0000026c     UNINITIALIZED
                  20000000    0000026c     driverlib.lib : interrupt.obj (.vtable)

.bss       0    20001a70    00000e37     UNINITIALIZED
                  20001a70    000001fc     (.common:gprs_rx_buff)
                  20001c6c    000001fc     (.common:gprs_tx_buff)
                  20001e68    00000188     (.common:dummy_json_string)
                  20001ff0    0000017c     (.common:adc)
                  2000216c    00000130     (.common:display_tx)
                  2000229c    00000120     rtsv7M4_T_le_v4SPD16_eabi.lib : trgmsg.c.obj (.bss:_CIOBUF_)
                  200023bc    000000d6     (.common:cloud_config)
                  20002492    00000002     (.common:BCD_MODE)
                  20002494    000000a0     (.common:display_uart_rx)
                  20002534    000000a0     (.common:pc_uart_rx)
                  200025d4    00000080     (.common:e2p_cloud_config)
                  20002654    00000050     (.common:pc_uart_tx)
                  200026a4    00000044     (.common:gps)
                  200026e8    00000040     (.common:FLR_log_data)
                  20002728    00000040     (.common:FL_log_data)
                  20002768    00000036     (.common:ram_data)
                  2000279e    00000029     (.common:adc_arr)
                  200027c7    0000001f     (.common:time_main)
                  200027e6    0000001c     (.common:measurements)
                  20002802    00000002     (.common:EXTI_cnt)
                  20002804    00000014     (.common:gprs)
                  20002818    00000010     (.common:e2p_device_info)
                  20002828    00000010     (.common:e2p_location_info)
                  20002838    00000010     (.common:freq_updated_data)
                  20002848    0000000e     (.common:scheduler)
                  20002856    0000000c     (.common:Alarms)
                  20002862    00000008     (.common:e2p_config_time)
                  2000286a    00000008     (.common:e2p_router_config)
                  20002872    00000008     (.common:gps_data)
                  2000287a    00000008     (.common:parmbuf)
                  20002882    00000007     (.common:gprs_date_time)
                  20002889    00000007     (.common:gps_date_time)
                  20002890    00000006     (.common:time_stamp)
                  20002896    00000004     (.common:Telecom_server_query)
                  2000289a    00000002     (.common:gprs_rx_isr_handler)
                  2000289c    00000004     (.common:u32DelayCounter)
                  200028a0    00000003     (.common:relay_state)
                  200028a3    00000001     (.common:System_mode)
                  200028a4    00000001     (.common:gps_handler_state)
                  200028a5    00000001     (.common:network_status)
                  200028a6    00000001     (.common:voltage_mode)

.data      0    200028a8    000000e8     UNINITIALIZED
                  200028a8    00000041     gprs.obj (.data)
                  200028e9    0000001b     Telecom_server_query.obj (.data:server_response_str)
                  20002904    00000014     Web_Comm.obj (.data)
                  20002918    00000012     ADC_Core.obj (.data)
                  2000292a    00000002     IO_cntrl.obj (.data)
                  2000292c    00000010     flash_logger.obj (.data:FL_data)
                  2000293c    00000010     rtsv7M4_T_le_v4SPD16_eabi.lib : tmzone.c.obj (.data:_tz)
                  2000294c    00000010     main.obj (.data)
                  2000295c    0000000c     SysTick_Timer.obj (.data)
                  20002968    0000000c     UartCore.obj (.data)
                  20002974    0000000c     gps.obj (.data)
                  20002980    00000008     rtsv7M4_T_le_v4SPD16_eabi.lib : _lock.c.obj (.data:$O1$$)
                  20002988    00000004     _common.obj (.data)
                  2000298c    00000004     rtsv7M4_T_le_v4SPD16_eabi.lib : rand.c.obj (.data)

.stack     0    20000270    00001800     UNINITIALIZED
                  20000270    00000004     rtsv7M4_T_le_v4SPD16_eabi.lib : boot_cortex_m.c.obj (.stack)
                  20000274    000017fc     --HOLE--

__llvm_prf_cnts 
*          0    20000000    00000000     UNINITIALIZED

MODULE SUMMARY

       Module                         code    ro data   rw data
       ------                         ----    -------   -------
    .\
       tm4c1233e6pz_startup_ccs.obj   12      620       0      
    +--+------------------------------+-------+---------+---------+
       Total:                         12      620       0      
                                                               
    .\Sources\
       gprs.obj                       13296   33        1110   
       gps.obj                        4908    0         96     
       Clock.obj                      4432    44        37     
       IO_cntrl.obj                   4040    0         10     
       Telecom_server_query.obj       3310    0         424    
       ADC_Core.obj                   2712    0         467    
       E2P.obj                        2608    0         390    
       main.obj                       2728    0         28     
       PC_Cmds.obj                    2536    0         1      
       flashCore.obj                  2508    0         0      
       UartCore.obj                   1504    0         716    
       flash_logger.obj               1840    0         214    
       _common.obj                    1296    65        4      
       DS3231.obj                     528     0         0      
       SysTick_Timer.obj              476     0         30     
       Web_Comm.obj                   324     0         20     
       delay.obj                      104     0         0      
       tiot_timer.obj                 88      0         0      
    +--+------------------------------+-------+---------+---------+
       Total:                         49238   142       3547   
                                                               
    C:/ti/TivaWare_C_Series-2.2.0.295/driverlib/ccs/Debug/driverlib.lib
       gpio.obj                       844     552       0      
       sysctl.obj                     798     108       0      
       interrupt.obj                  188     20        620    
       eeprom.obj                     444     0         0      
       adc.obj                        324     0         0      
       uart.obj                       194     0         0      
       timer.obj                      158     0         0      
       i2c.obj                        142     0         0      
       systick.obj                    56      0         0      
       cpu.obj                        24      0         0      
    +--+------------------------------+-------+---------+---------+
       Total:                         3172    680       620    
                                                               
    C:\ti\ccs1110\ccs\tools\compiler\ti-cgt-arm_20.2.6.LTS\lib\rtsv7M4_T_le_v4SPD16_eabi.lib
       mktime64.c.obj                 696     96        0      
       trgmsg.c.obj                   108     0         288    
       fd_div_t2.asm.obj              310     0         0      
       ctype.c.obj                    0       257       0      
       fd_mul_t2.asm.obj              252     0         0      
       memcpy_t2.asm.obj              156     0         0      
       ull_div_t2.asm.obj             150     0         0      
       fd_cmp_t2.asm.obj              134     0         0      
       memset_t2.asm.obj              122     0         0      
       ll_div_t2.asm.obj              110     0         0      
       ltoa.c.obj                     110     0         0      
       copy_decompress_lzss.c.obj     104     0         0      
       hosttime.c.obj                 96      0         0      
       rand.c.obj                     88      0         4      
       atoi.c.obj                     76      0         0      
       autoinit.c.obj                 68      0         0      
       fd_tou_t2.asm.obj              68      0         0      
       boot_cortex_m.c.obj            52      0         0      
       strstr.c.obj                   52      0         0      
       i_tofd_t2.asm.obj              46      0         0      
       strncmp.c.obj                  44      0         0      
       memcmp.c.obj                   36      0         0      
       u_tofd_t2.asm.obj              32      0         0      
       ll_mul_t2.asm.obj              24      0         0      
       strcmp.c.obj                   24      0         0      
       strcpy.c.obj                   20      0         0      
       strlen.c.obj                   20      0         0      
       isdigit.c.obj                  16      0         0      
       time64.c.obj                   16      0         0      
       tmzone.c.obj                   0       0         16     
       copy_decompress_none.c.obj     14      0         0      
       copy_zero_init.c.obj           12      0         0      
       _lock.c.obj                    2       0         8      
       hostopen.c.obj                 0       0         8      
       exit.c.obj                     4       0         0      
       pre_init.c.obj                 4       0         0      
       div0.asm.obj                   2       0         0      
    +--+------------------------------+-------+---------+---------+
       Total:                         3068    353       324    
                                                               
       Stack:                         0       0         6144   
       Linker Generated:              0       149       0      
    +--+------------------------------+-------+---------+---------+
       Grand Total:                   55490   1944      10635  


LINKER GENERATED COPY TABLES

__TI_cinit_table @ 0000e058 records: 3, size/record: 8, table size: 24
	.data: load addr=0000dfd8, load size=00000061 bytes, run addr=200028a8, run size=000000e8 bytes, compression=lzss
	.bss: load addr=0000e048, load size=00000008 bytes, run addr=20001a70, run size=00000e37 bytes, compression=zero_init
	.vtable: load addr=0000e050, load size=00000008 bytes, run addr=20000000, run size=0000026c bytes, compression=zero_init


LINKER GENERATED HANDLER TABLE

__TI_handler_table @ 0000e03c records: 3, size/record: 4, table size: 12
	index: 0, handler: __TI_zero_init
	index: 1, handler: __TI_decompress_lzss
	index: 2, handler: __TI_decompress_none


GLOBAL SYMBOLS: SORTED ALPHABETICALLY BY Name 

address   name                                              
-------   ----                                              
20002960  ACVoltReadMillis                                  
0000dabd  ADCIntClear                                       
0000d6a5  ADCIntStatus                                      
0000d819  ADCProcessorTrigger                               
0000d199  ADCSequenceConfigure                              
0000d7e1  ADCSequenceDataGet                                
0000d9f5  ADCSequenceEnable                                 
0000ccd1  ADCSequenceStepConfigure                          
20002856  Alarms                                            
20002492  BCD_MODE                                          
0000db33  C$$EXIT                                           
0000d4fb  C$$IO$$                                           
0000da73  CPUcpsid                                          
0000da7f  CPUcpsie                                          
0000b287  DEBUGUARTIntHandler                               
0000d3e1  EEPROMInit                                        
0000ca55  EEPROMProgram                                     
0000d45d  EEPROMRead                                        
20002802  EXTI_cnt                                          
200026e8  FLR_log_data                                      
20002728  FL_log_data                                       
20002958  GLCD_startup_time                                 
00005ad9  GPIODIntHandler                                   
0000d701  GPIODirModeSet                                    
0000db03  GPIOIntClear                                      
0000da8b  GPIOIntEnable                                     
0000d831  GPIOIntRegister                                   
0000da03  GPIOIntStatus                                     
0000d099  GPIOIntTypeSet                                    
0000c365  GPIOPadConfigSet                                  
0000d1e9  GPIOPinConfigure                                  
0000db09  GPIOPinRead                                       
0000d879  GPIOPinTypeADC                                    
0000d88f  GPIOPinTypeGPIOInput                              
0000d7ff  GPIOPinTypeGPIOOutput                             
0000d8a5  GPIOPinTypeI2C                                    
0000d8bb  GPIOPinTypeI2CSCL                                 
0000d8d1  GPIOPinTypeUART                                   
0000db0f  GPIOPinWrite                                      
0000cfd9  HOSTtime64                                        
0000dadb  I2CMasterBusy                                     
0000db1b  I2CMasterControl                                  
0000db1f  I2CMasterDataGet                                  
0000db23  I2CMasterDataPut                                  
0000dac7  I2CMasterEnable                                   
0000d235  I2CMasterInitExpClk                               
0000dae3  I2CMasterSlaveAddrSet                             
0000da11  I2CRxFIFOFlush                                    
0000da1f  I2CTxFIFOFlush                                    
0000cea1  IntEnable                                         
0000d983  IntMasterDisable                                  
0000d993  IntMasterEnable                                   
0000d505  IntRegister                                       
0000b411  LTEUARTIntHandler                                 
20002920  NE_ADC_RAW_MAX                                    
20002918  PN_ADC_RAW_MAX                                    
0000dab1  ResetISR                                          
0000c74d  SysCtlClockGet                                    
0000c961  SysCtlClockSet                                    
0000db15  SysCtlDelay                                       
0000d539  SysCtlPeripheralDisable                           
0000d56d  SysCtlPeripheralEnable                            
0000d495  SysCtlPeripheralReady                             
0000d149  SysCtlPeripheralReset                             
0000d9a5  SysCtlReset                                       
0000da99  SysCtlResetCauseGet                               
0000d8e9  SysTickEnable                                     
0000d8fd  SysTickIntEnable                                  
0000c1a5  SysTickIntHandler                                 
0000d9b5  SysTickPeriodSet                                  
200028a3  System_mode                                       
20002896  Telecom_server_query                              
0000d039  TimerConfigure                                    
0000da2d  TimerEnable                                       
0000db27  TimerIntClear                                     
0000daeb  TimerIntEnable                                    
0000d12b  TimerIntHandler                                   
0000d94d  TimerLoadSet                                      
0000d95f  TimerPrescaleSet                                  
0000daf3  UARTBusy                                          
0000da3b  UARTCharGetNonBlocking                            
0000da49  UARTCharPutNonBlocking                            
0000da57  UARTCharsAvail                                    
0000d2cd  UARTConfigSetExpClk                               
0000d7a1  UARTDisable                                       
0000d911  UARTEnable                                        
0000db2b  UARTIntClear                                      
0000dafb  UARTIntEnable                                     
0000dad1  UARTIntStatus                                     
0000aa8f  _Z10Chip_Erasev                                   
00008a29  _Z10GetAdcDatav                                   
0000bfd7  _Z10I2CReceivev                                   
00005f57  _Z10ToggleLEDsv                                   
00004c3d  _Z10asUnixTimeiiiiii                              
0000ae07  _Z10clear_logsv                                   
000076bd  _Z10getREQmodev                                   
0000b813  _Z10my_sprintfPciz                                
000076a9  _Z10setREQmode13gprs_status_t                     
0000550d  _Z10update_rtcPci                                 
000047a5  _Z10utcTOlocalP15gps_date_time_t                  
0000d0f1  _Z10vTimerInitv                                   
000033a9  _Z10valid_codePc                                  
00005fd1  _Z11SetODU_Mode14voltage_mode_t                   
0000a8c3  _Z11SetSI_Inputv                                  
0000a8df  _Z11SetSO_Inputv                                  
00000279  _Z11TCP_Handlerv                                  
0000b531  _Z11Usendbufferj                                  
0000ae37  _Z11clear_flashv                                  
0000bbdf  _Z11count_commaPct                                
0000a4e5  _Z11flashCopyMRPcS_                               
0000b7bd  _Z11getChecksumPhc                                
00004f79  _Z11getDateTimev                                  
0000ae55  _Z11get_log_cnti                                  
0000347d  _Z11get_rx_dataPc                                 
000038d9  _Z11gps_handlerv                                  
00007cef  _Z11init_configv                                  
000016b1  _Z11tcp_connectv                                  
0000bf79  _Z11vRTCI2CInitv                                  
00008225  _Z12ADC_PortIniti                                 
00006aa1  _Z12Query_decodePcPKcS_i                          
0000a7e3  _Z12Sector_Erasem                                 
0000a8b5  _Z12SetSI_Outputv                                 
0000a8d1  _Z12SetSO_Outputv                                 
00004c8d  _Z12calcTimeDiff12time_stamp_tS_                  
000034c9  _Z12check_stringPKcPcPi                           
0000ae23  _Z12clear_log_idv                                 
0000a377  _Z12flashSwResetv                                 
0000ad09  _Z12flashWriteTRv                                 
000079db  _Z12getRAM_Alarmv                                 
000081bd  _Z12getRSTreasonv                                 
0000365d  _Z12get_locationv                                 
0000aefd  _Z12get_log_dataimPc                              
000008ad  _Z12gprs_connectv                                 
000059fb  _Z12is_leap_yearh                                 
00003191  _Z12read_ip_portPc                                
00003403  _Z12respos_recvdPc                                
00006bb7  _Z12server_queryv                                 
000079a3  _Z12setRAM_Alarm16Alarm_sts_bits_tb               
00005f31  _Z12vEXTIpinInitv                                 
00006627  _Z12vEarthDetectv                                 
00005eb9  _Z12vGPIO_Togglejhh                               
00005c2f  _Z12vLEDGPIOInitv                                 
0000b21f  _Z12vLTEUARTInitv                                 
000057b5  _Z13add_date_timeP12time_stamp_tS0_j              
00006171  _Z13controlRelaysv                                
0000ba55  _Z13delete_SubStrPcS_c                            
0000a38f  _Z13enable_wp_pinv                                
0000b641  _Z13flushRxBufferi                                
0000b671  _Z13flushTxBufferi                                
000087c9  _Z13getODUCurrentv                                
0000888d  _Z13getODUVoltagev                                
00007a19  _Z13getRAM_Statusv                                
00006723  _Z13get_ODU_statev                                
0000926b  _Z13get_device_idv                                
00003365  _Z13pong_receivedPc                               
000089fd  _Z13readACVoltagev                                
000079e1  _Z13setRAM_Statushb                               
0000670f  _Z13set_ODU_state18relay_ctrl_state_t             
000091c9  _Z13set_device_idPc                               
0000c2d9  _Z13vMAIN_DelayMSj                                
0000b475  _Z13vUART_SendChrjh                               
0000b505  _Z13vUART_SendIntji                               
0000b493  _Z13vUART_SendStrjPKh                             
0000a0d5  _Z14Reset_Hold_Lowv                               
00005695  _Z14StrToTimeStampPh                              
00004dd7  _Z14getDaysOfMonthcj                              
00008949  _Z14getSMPSVoltagev                               
00004941  _Z14get_gps_statusv                               
00004961  _Z14get_loc_statusv                               
00006449  _Z14isSupplyStablev                               
0000a439  _Z14readContToBuffmjPc                            
0000494d  _Z14set_gps_status13gprs_status_t                 
00004967  _Z14set_loc_statusb                               
00002fb1  _Z14tcp_disconnectv                               
0000b1d1  _Z14vDEBUGUARTInitv                               
00007b6d  _Z14write_defaultsj                               
0000a0e3  _Z15Reset_Hold_Highv                              
00004ae3  _Z15check_date_timePcS_                           
0000a1a7  _Z15flashClrTR_Logsv                              
0000aaa1  _Z15flashWriteMR_BRv                              
0000343d  _Z15generateMaskKeyPh                             
0000b153  _Z15get_unsent_logsv                              
000035f1  _Z15get_upload_datav                              
0000360d  _Z15get_webconn_stsv                              
00004091  _Z15gps_pkt_parsingP10gps_info_tPc                
0000a15b  _Z15init_flash_pinsv                              
0000c4d1  _Z15manage_gps_gprsv                              
000032a1  _Z15match_cpsi_dataPc                             
000035dd  _Z15set_upload_data13upload_data_t                
000035f9  _Z15set_webconn_stsh                              
00007929  _Z15update_ram_datav                              
00006503  _Z15vEarthCheckInitv                              
000064dd  _Z15vFreqDetectInitv                              
00005b2d  _Z15vGPIOPortEnablev                              
00008cbd  _Z15vPERIPH_E2PInitv                              
0000b4c1  _Z15vUART_SendBytesjPKhj                          
00001c55  _Z15websckt_connectv                              
0000664d  _Z16ControlODU_Relayh                             
0000b145  _Z16check_unsent_logv                             
000096ed  _Z16decodeMsgPC_Uartv                             
0000a585  _Z16flashEraseBackupv                             
0000a4a5  _Z16flashEraseMasterv                             
0000a521  _Z16flashEraseSectormm                            
0000acfd  _Z16flashGetSerMR_BRv                             
000076f5  _Z16getClientMSGTypev                             
000076d9  _Z16getServerReqTypev                             
00008a81  _Z16get_ADC_SIGarray14ADC_Channels_th             
000054ab  _Z16get_present_timeP12time_stamp_t               
0000673f  _Z16get_router_statev                             
0000a049  _Z16get_system_statev                             
000076e1  _Z16setClientMSGType21client_message_type_t       
000076c5  _Z16setServerReqType21server_request_type_t       
0000672b  _Z16set_router_state18relay_ctrl_state_t          
0000a035  _Z16set_system_state10sys_mode_t                  
00004995  _Z16update_date_timev                             
00005be1  _Z16vGPIO_UnlockGPIOjh                            
00005cd5  _Z16vPERIPH_GPIOInitv                             
0000b27b  _Z16vPERIPH_UARTInitv                             
0000add9  _Z16validate_FL_addrcm                            
00007499  _Z16websocket_packetPh                            
000069fd  _Z17EarthFaultLED_stsb                            
00006549  _Z17FREQDetIntHandlerv                            
000075b5  _Z17HandleQueryStatesv                            
00004e91  _Z17check_expire_time12time_stamp_tS_             
00009539  _Z17cloud_config_datav                            
00009051  _Z17e2p_read_cfg_timev                            
00008f61  _Z17e2p_read_locationv                            
0000a10d  _Z17flash_port_assignv                            
0000bb19  _Z17generateRandomKeyiPc                          
000088e9  _Z17getBatteryVoltagev                            
00006ea5  _Z17prepare_JSON_pcktv                            
0000b1a9  _Z17save_TELECOM_datav                            
0000a013  _Z17tx_pending_dataPCv                            
00007a1f  _Z17vPERIPH_ClockInitv                            
000035bd  _Z18check_string_nobufPKc                         
00004bbb  _Z18convertToEpochTimePK12time_stamp_t            
000067e9  _Z18displayODUmode_LEDv                           
00008dc5  _Z18e2p_read_cloud_cfgv                           
00008ff7  _Z18e2p_write_cfg_timev                           
00008f0d  _Z18e2p_write_locationv                           
0000a5c3  _Z18flashPacketProgramPctm                        
00007e31  _Z18getRelay_CtrlStatev                           
000094ef  _Z18get_fixed_locationv                           
00007711  _Z18get_network_statusv                           
00007635  _Z18prepare_server_pktv                           
00005d39  _Z18readBCD_SelectorSWv                           
000092dd  _Z18set_fixed_locationPc                          
000076fd  _Z18set_network_statush                           
00005ef1  _Z18vInput_PollingReadv                           
00002cad  _Z18websckt_disconnectv                           
000066a3  _Z19ControlRouter_Relayh                          
000089c3  _Z19calculate_NE_AC_ADCv                          
0000899d  _Z19calculate_PN_AC_ADCv                          
00005a51  _Z19check_dateTime_dataP12time_stamp_t            
00008e83  _Z19e2p_read_device_cfgv                          
00008d95  _Z19e2p_write_cloud_cfgv                          
0000a1e9  _Z19flashClrFreqUpdLogsv                          
0000363b  _Z19get_gprs_connct_stsv                          
000076a3  _Z19get_pending_requestv                          
00001215  _Z19gprs_connect_statusv                          
00005f69  _Z19init_ODU_Supplypinsv                          
00003625  _Z19set_gprs_connct_stsh                          
0000768f  _Z19set_pending_requestb                          
0000ab39  _Z19updateFlashCurrAddrv                          
00007f05  _Z19update_alarm_statusv                          
00005e8d  _Z19vInit_InputTestpinsv                          
0000c189  _Z19vPERIPH_SystickInitv                          
00006a21  _Z20LowBattIndicationLEDb                         
0000a90d  _Z20Read_Status_Registerv                         
00008e53  _Z20e2p_write_device_cfgv                         
0000aff9  _Z20flashReadFreqUpdDataP19freq_updated_data_tmi  
000007cd  _Z20resetTCP_SubHandlersv                         
0000af8b  _Z21flashWriteFreqUpdDataP19freq_updated_data_tm  
0000882d  _Z21getRouter1_DC_currentv                        
0000b021  _Z21readFreqUpdData_flashv                        
0000a22d  _Z22addDummyFL_TelecomLogsj                       
000067a1  _Z22control_inverter_inputb                       
0000acd7  _Z22flashGetCurrUploadAddrc                       
00008d0b  _Z23e2p_read_voltage_configv                      
000070f9  _Z23prepare_unsentJSON_pcktv                      
0000a81d  _Z23remove_block_protectionv                      
0000b173  _Z23save_OfflineTelecomDatav                      
000045f9  _Z23updateGpsDateTimeToBuffP15gps_date_time_t     
0000b5a9  _Z23vUART_CheckFrameTimeouti                      
00006763  _Z24control_battery_chargingb                     
0000b0f9  _Z24decrement_unsent_log_cnti                     
00008ccb  _Z24e2p_write_voltage_configv                     
0000b11f  _Z24increment_unsent_log_cnti                     
00009713  _Z24preparePC_ResponsePacket5cmd_tPchii           
0000bb8b  _Z25count_doubleSquareBracketPcj                  
0000acb1  _Z25flashGetCurrDataWriteAddrc                    
0000b6d9  _Z25prepare_graphical_tx_buffjPch                 
0000675b  _Z26get_router_selection_statev                   
0000b195  _Z26prepare_OfflineTelecomDatav                   
00006747  _Z26set_router_selection_state18relay_ctrl_state_t
00007a41  _Z26vMAIN_InitClockPeripheralsv                   
0000af67  _Z27flashClearFreqUpdatedConfigv                  
0000af45  _Z27flashEraseFreqUpdDataSectorv                  
0000afb9  _Z27flashWriteFreqUpdatedConfigv                  
000066eb  _Z28ControlRouterSelection_Relayh                 
0000d971  _Z3absl                                           
0000a83f  _Z4WBPRc                                          
0000a3d5  _Z4WRCRc                                          
0000a3c3  _Z4WRDIv                                          
0000a3b1  _Z4WRENv                                          
0000cfa5  _Z5delayj                                         
0000a407  _Z6CE_Lowv                                        
0000a8ed  _Z6SI_Lowv                                        
0000a0f1  _Z6WP_Lowv                                        
0000a3f9  _Z7CE_Highv                                       
0000a425  _Z7SCK_Lowv                                       
0000a8fd  _Z7SI_Highv                                       
0000a0ff  _Z7WP_Highv                                       
0000bc75  _Z7findMaxPii                                     
00008e4f  _Z7get_urlv                                       
00005233  _Z7isDT_okv                                       
00008463  _Z7readADCh                                       
0000ba05  _Z7reversePci                                     
00009105  _Z7set_urlPc                                      
0000aa15  _Z8Get_Bytev                                      
0000c021  _Z8Read_RTCPhh                                    
0000a415  _Z8SCK_Highv                                      
0000aea9  _Z8get_addrim                                     
0000b997  _Z8intToStriPci                                   
00009821  _Z8response5cmd_ti                                
0000cf71  _Z8sleep_usi                                      
000027cd  _Z8tcp_sendPci                                    
0000a931  _Z9Send_Byteh                                     
0000a641  _Z9Wait_Busyv                                     
0000c0e9  _Z9Write_RTCPhh                                   
0000c307  _Z9_delay_usi                                     
0000a17d  _Z9flashInitv                                     
0000c2f7  _Z9my_millisv                                     
0000bc27  _Z9my_strstrPKcS0_i                               
000022ad  _Z9ping_sendv                                     
0000530d  _Z9time_syncv                                     
0000851d  _Z9updateADC14ADC_Channels_th                     
0000840d  _Z9vADC0Initv                                     
2000229c  __CIOBUF_                                         
20001a70  __STACK_END                                       
00001800  __STACK_SIZE                                      
20000470  __STACK_TOP                                       
0000e058  __TI_CINIT_Base                                   
0000e070  __TI_CINIT_Limit                                  
0000e03c  __TI_Handler_Table_Base                           
0000e048  __TI_Handler_Table_Limit                          
0000d359  __TI_auto_init_nobinit_nopinit                    
0000cf09  __TI_decompress_lzss                              
0000da65  __TI_decompress_none                              
ffffffff  __TI_pprof_out_hndl                               
ffffffff  __TI_prof_data_size                               
ffffffff  __TI_prof_data_start                              
0000d5d5  __TI_readmsg                                      
00000000  __TI_static_base__                                
0000d4cd  __TI_writemsg                                     
0000daa5  __TI_zero_init                                    
0000cc4b  __aeabi_cdcmpeq                                   
0000cc4b  __aeabi_cdcmple                                   
0000d39d  __aeabi_d2uiz                                     
0000c615  __aeabi_ddiv                                      
0000c865  __aeabi_dmul                                      
0000d6d3  __aeabi_i2d                                       
0000d1e7  __aeabi_idiv0                                     
0000d1e7  __aeabi_ldiv0                                     
0000ce33  __aeabi_ldivmod                                   
0000d849  __aeabi_lmul                                      
0000cd4b  __aeabi_memclr                                    
0000cd4b  __aeabi_memclr4                                   
0000cd4b  __aeabi_memclr8                                   
0000cb19  __aeabi_memcpy                                    
0000cb19  __aeabi_memcpy4                                   
0000cb19  __aeabi_memcpy8                                   
0000cd4d  __aeabi_memset                                    
0000cd4d  __aeabi_memset4                                   
0000cd4d  __aeabi_memset8                                   
0000d7c1  __aeabi_ui2d                                      
0000cbb5  __aeabi_uldivmod                                  
ffffffff  __binit__                                         
ffffffff  __c_args__                                        
0000bcc1  __mktime64                                        
UNDEFED   __mpu_init                                        
20000270  __stack                                           
20000000  __start___llvm_prf_cnts                           
20000000  __stop___llvm_prf_cnts                            
0000d9d5  __time64                                          
0000d609  _c_int00_noargs                                   
0000db38  _ctypes_                                          
20002980  _lock                                             
0000c74b  _nop                                              
UNDEFED   _system_post_cinit                                
0000db2f  _system_pre_init                                  
2000293c  _tz                                               
20002984  _unlock                                           
0000db33  abort                                             
20001ff0  adc                                               
2000279e  adc_arr                                           
0000d281  atoi                                              
ffffffff  binit                                             
200023bc  cloud_config                                      
20002978  cnt_gps_1sec                                      
2000290c  conn_state                                        
20002964  counter_10sec                                     
2000216c  display_tx                                        
20002494  display_uart_rx                                   
20001e68  dummy_json_string                                 
200025d4  e2p_cloud_config                                  
20002862  e2p_config_time                                   
20002818  e2p_device_info                                   
20002828  e2p_location_info                                 
2000286a  e2p_router_config                                 
20002838  freq_updated_data                                 
20002968  g_bIntFlag                                        
20000000  g_pfnRAMVectors                                   
00000000  g_pfnVectors                                      
20002804  gprs                                              
20002882  gprs_date_time                                    
20002908  gprs_read_timeout                                 
20001a70  gprs_rx_buff                                      
2000289a  gprs_rx_isr_handler                               
20001c6c  gprs_tx_buff                                      
200026a4  gps                                               
20002872  gps_data                                          
20002889  gps_date_time                                     
200028a4  gps_handler_state                                 
20002974  gps_interval_start                                
20002904  gps_read_timeout                                  
0000d9e5  isdigit                                           
0000cdc5  ltoa                                              
0000777d  main                                              
200027e6  measurements                                      
0000d759  memcmp                                            
0000cb19  memcpy                                            
0000cd53  memset                                            
2000295c  millis_cnt                                        
200028a5  network_status                                    
2000287a  parmbuf                                           
20002534  pc_uart_rx                                        
20002654  pc_uart_tx                                        
20002768  ram_data                                          
0000d63d  rand                                              
20002954  relay_startup_time                                
200028a0  relay_state                                       
20002950  save_offline_time                                 
20002848  scheduler                                         
200028e9  server_response_str                               
0000d77d  srand                                             
0000d861  strcmp                                            
0000d925  strcpy                                            
0000d939  strlen                                            
0000d72d  strncmp                                           
0000d671  strstr                                            
200027c7  time_main                                         
20002890  time_stamp                                        
2000289c  u32DelayCounter                                   
2000294c  upload_time                                       
200028a6  voltage_mode                                      


GLOBAL SYMBOLS: SORTED BY Symbol Address 

address   name                                              
-------   ----                                              
00000000  __TI_static_base__                                
00000000  g_pfnVectors                                      
00000279  _Z11TCP_Handlerv                                  
000007cd  _Z20resetTCP_SubHandlersv                         
000008ad  _Z12gprs_connectv                                 
00001215  _Z19gprs_connect_statusv                          
000016b1  _Z11tcp_connectv                                  
00001800  __STACK_SIZE                                      
00001c55  _Z15websckt_connectv                              
000022ad  _Z9ping_sendv                                     
000027cd  _Z8tcp_sendPci                                    
00002cad  _Z18websckt_disconnectv                           
00002fb1  _Z14tcp_disconnectv                               
00003191  _Z12read_ip_portPc                                
000032a1  _Z15match_cpsi_dataPc                             
00003365  _Z13pong_receivedPc                               
000033a9  _Z10valid_codePc                                  
00003403  _Z12respos_recvdPc                                
0000343d  _Z15generateMaskKeyPh                             
0000347d  _Z11get_rx_dataPc                                 
000034c9  _Z12check_stringPKcPcPi                           
000035bd  _Z18check_string_nobufPKc                         
000035dd  _Z15set_upload_data13upload_data_t                
000035f1  _Z15get_upload_datav                              
000035f9  _Z15set_webconn_stsh                              
0000360d  _Z15get_webconn_stsv                              
00003625  _Z19set_gprs_connct_stsh                          
0000363b  _Z19get_gprs_connct_stsv                          
0000365d  _Z12get_locationv                                 
000038d9  _Z11gps_handlerv                                  
00004091  _Z15gps_pkt_parsingP10gps_info_tPc                
000045f9  _Z23updateGpsDateTimeToBuffP15gps_date_time_t     
000047a5  _Z10utcTOlocalP15gps_date_time_t                  
00004941  _Z14get_gps_statusv                               
0000494d  _Z14set_gps_status13gprs_status_t                 
00004961  _Z14get_loc_statusv                               
00004967  _Z14set_loc_statusb                               
00004995  _Z16update_date_timev                             
00004ae3  _Z15check_date_timePcS_                           
00004bbb  _Z18convertToEpochTimePK12time_stamp_t            
00004c3d  _Z10asUnixTimeiiiiii                              
00004c8d  _Z12calcTimeDiff12time_stamp_tS_                  
00004dd7  _Z14getDaysOfMonthcj                              
00004e91  _Z17check_expire_time12time_stamp_tS_             
00004f79  _Z11getDateTimev                                  
00005233  _Z7isDT_okv                                       
0000530d  _Z9time_syncv                                     
000054ab  _Z16get_present_timeP12time_stamp_t               
0000550d  _Z10update_rtcPci                                 
00005695  _Z14StrToTimeStampPh                              
000057b5  _Z13add_date_timeP12time_stamp_tS0_j              
000059fb  _Z12is_leap_yearh                                 
00005a51  _Z19check_dateTime_dataP12time_stamp_t            
00005ad9  GPIODIntHandler                                   
00005b2d  _Z15vGPIOPortEnablev                              
00005be1  _Z16vGPIO_UnlockGPIOjh                            
00005c2f  _Z12vLEDGPIOInitv                                 
00005cd5  _Z16vPERIPH_GPIOInitv                             
00005d39  _Z18readBCD_SelectorSWv                           
00005e8d  _Z19vInit_InputTestpinsv                          
00005eb9  _Z12vGPIO_Togglejhh                               
00005ef1  _Z18vInput_PollingReadv                           
00005f31  _Z12vEXTIpinInitv                                 
00005f57  _Z10ToggleLEDsv                                   
00005f69  _Z19init_ODU_Supplypinsv                          
00005fd1  _Z11SetODU_Mode14voltage_mode_t                   
00006171  _Z13controlRelaysv                                
00006449  _Z14isSupplyStablev                               
000064dd  _Z15vFreqDetectInitv                              
00006503  _Z15vEarthCheckInitv                              
00006549  _Z17FREQDetIntHandlerv                            
00006627  _Z12vEarthDetectv                                 
0000664d  _Z16ControlODU_Relayh                             
000066a3  _Z19ControlRouter_Relayh                          
000066eb  _Z28ControlRouterSelection_Relayh                 
0000670f  _Z13set_ODU_state18relay_ctrl_state_t             
00006723  _Z13get_ODU_statev                                
0000672b  _Z16set_router_state18relay_ctrl_state_t          
0000673f  _Z16get_router_statev                             
00006747  _Z26set_router_selection_state18relay_ctrl_state_t
0000675b  _Z26get_router_selection_statev                   
00006763  _Z24control_battery_chargingb                     
000067a1  _Z22control_inverter_inputb                       
000067e9  _Z18displayODUmode_LEDv                           
000069fd  _Z17EarthFaultLED_stsb                            
00006a21  _Z20LowBattIndicationLEDb                         
00006aa1  _Z12Query_decodePcPKcS_i                          
00006bb7  _Z12server_queryv                                 
00006ea5  _Z17prepare_JSON_pcktv                            
000070f9  _Z23prepare_unsentJSON_pcktv                      
00007499  _Z16websocket_packetPh                            
000075b5  _Z17HandleQueryStatesv                            
00007635  _Z18prepare_server_pktv                           
0000768f  _Z19set_pending_requestb                          
000076a3  _Z19get_pending_requestv                          
000076a9  _Z10setREQmode13gprs_status_t                     
000076bd  _Z10getREQmodev                                   
000076c5  _Z16setServerReqType21server_request_type_t       
000076d9  _Z16getServerReqTypev                             
000076e1  _Z16setClientMSGType21client_message_type_t       
000076f5  _Z16getClientMSGTypev                             
000076fd  _Z18set_network_statush                           
00007711  _Z18get_network_statusv                           
0000777d  main                                              
00007929  _Z15update_ram_datav                              
000079a3  _Z12setRAM_Alarm16Alarm_sts_bits_tb               
000079db  _Z12getRAM_Alarmv                                 
000079e1  _Z13setRAM_Statushb                               
00007a19  _Z13getRAM_Statusv                                
00007a1f  _Z17vPERIPH_ClockInitv                            
00007a41  _Z26vMAIN_InitClockPeripheralsv                   
00007b6d  _Z14write_defaultsj                               
00007cef  _Z11init_configv                                  
00007e31  _Z18getRelay_CtrlStatev                           
00007f05  _Z19update_alarm_statusv                          
000081bd  _Z12getRSTreasonv                                 
00008225  _Z12ADC_PortIniti                                 
0000840d  _Z9vADC0Initv                                     
00008463  _Z7readADCh                                       
0000851d  _Z9updateADC14ADC_Channels_th                     
000087c9  _Z13getODUCurrentv                                
0000882d  _Z21getRouter1_DC_currentv                        
0000888d  _Z13getODUVoltagev                                
000088e9  _Z17getBatteryVoltagev                            
00008949  _Z14getSMPSVoltagev                               
0000899d  _Z19calculate_PN_AC_ADCv                          
000089c3  _Z19calculate_NE_AC_ADCv                          
000089fd  _Z13readACVoltagev                                
00008a29  _Z10GetAdcDatav                                   
00008a81  _Z16get_ADC_SIGarray14ADC_Channels_th             
00008cbd  _Z15vPERIPH_E2PInitv                              
00008ccb  _Z24e2p_write_voltage_configv                     
00008d0b  _Z23e2p_read_voltage_configv                      
00008d95  _Z19e2p_write_cloud_cfgv                          
00008dc5  _Z18e2p_read_cloud_cfgv                           
00008e4f  _Z7get_urlv                                       
00008e53  _Z20e2p_write_device_cfgv                         
00008e83  _Z19e2p_read_device_cfgv                          
00008f0d  _Z18e2p_write_locationv                           
00008f61  _Z17e2p_read_locationv                            
00008ff7  _Z18e2p_write_cfg_timev                           
00009051  _Z17e2p_read_cfg_timev                            
00009105  _Z7set_urlPc                                      
000091c9  _Z13set_device_idPc                               
0000926b  _Z13get_device_idv                                
000092dd  _Z18set_fixed_locationPc                          
000094ef  _Z18get_fixed_locationv                           
00009539  _Z17cloud_config_datav                            
000096ed  _Z16decodeMsgPC_Uartv                             
00009713  _Z24preparePC_ResponsePacket5cmd_tPchii           
00009821  _Z8response5cmd_ti                                
0000a013  _Z17tx_pending_dataPCv                            
0000a035  _Z16set_system_state10sys_mode_t                  
0000a049  _Z16get_system_statev                             
0000a0d5  _Z14Reset_Hold_Lowv                               
0000a0e3  _Z15Reset_Hold_Highv                              
0000a0f1  _Z6WP_Lowv                                        
0000a0ff  _Z7WP_Highv                                       
0000a10d  _Z17flash_port_assignv                            
0000a15b  _Z15init_flash_pinsv                              
0000a17d  _Z9flashInitv                                     
0000a1a7  _Z15flashClrTR_Logsv                              
0000a1e9  _Z19flashClrFreqUpdLogsv                          
0000a22d  _Z22addDummyFL_TelecomLogsj                       
0000a377  _Z12flashSwResetv                                 
0000a38f  _Z13enable_wp_pinv                                
0000a3b1  _Z4WRENv                                          
0000a3c3  _Z4WRDIv                                          
0000a3d5  _Z4WRCRc                                          
0000a3f9  _Z7CE_Highv                                       
0000a407  _Z6CE_Lowv                                        
0000a415  _Z8SCK_Highv                                      
0000a425  _Z7SCK_Lowv                                       
0000a439  _Z14readContToBuffmjPc                            
0000a4a5  _Z16flashEraseMasterv                             
0000a4e5  _Z11flashCopyMRPcS_                               
0000a521  _Z16flashEraseSectormm                            
0000a585  _Z16flashEraseBackupv                             
0000a5c3  _Z18flashPacketProgramPctm                        
0000a641  _Z9Wait_Busyv                                     
0000a7e3  _Z12Sector_Erasem                                 
0000a81d  _Z23remove_block_protectionv                      
0000a83f  _Z4WBPRc                                          
0000a8b5  _Z12SetSI_Outputv                                 
0000a8c3  _Z11SetSI_Inputv                                  
0000a8d1  _Z12SetSO_Outputv                                 
0000a8df  _Z11SetSO_Inputv                                  
0000a8ed  _Z6SI_Lowv                                        
0000a8fd  _Z7SI_Highv                                       
0000a90d  _Z20Read_Status_Registerv                         
0000a931  _Z9Send_Byteh                                     
0000aa15  _Z8Get_Bytev                                      
0000aa8f  _Z10Chip_Erasev                                   
0000aaa1  _Z15flashWriteMR_BRv                              
0000ab39  _Z19updateFlashCurrAddrv                          
0000acb1  _Z25flashGetCurrDataWriteAddrc                    
0000acd7  _Z22flashGetCurrUploadAddrc                       
0000acfd  _Z16flashGetSerMR_BRv                             
0000ad09  _Z12flashWriteTRv                                 
0000add9  _Z16validate_FL_addrcm                            
0000ae07  _Z10clear_logsv                                   
0000ae23  _Z12clear_log_idv                                 
0000ae37  _Z11clear_flashv                                  
0000ae55  _Z11get_log_cnti                                  
0000aea9  _Z8get_addrim                                     
0000aefd  _Z12get_log_dataimPc                              
0000af45  _Z27flashEraseFreqUpdDataSectorv                  
0000af67  _Z27flashClearFreqUpdatedConfigv                  
0000af8b  _Z21flashWriteFreqUpdDataP19freq_updated_data_tm  
0000afb9  _Z27flashWriteFreqUpdatedConfigv                  
0000aff9  _Z20flashReadFreqUpdDataP19freq_updated_data_tmi  
0000b021  _Z21readFreqUpdData_flashv                        
0000b0f9  _Z24decrement_unsent_log_cnti                     
0000b11f  _Z24increment_unsent_log_cnti                     
0000b145  _Z16check_unsent_logv                             
0000b153  _Z15get_unsent_logsv                              
0000b173  _Z23save_OfflineTelecomDatav                      
0000b195  _Z26prepare_OfflineTelecomDatav                   
0000b1a9  _Z17save_TELECOM_datav                            
0000b1d1  _Z14vDEBUGUARTInitv                               
0000b21f  _Z12vLTEUARTInitv                                 
0000b27b  _Z16vPERIPH_UARTInitv                             
0000b287  DEBUGUARTIntHandler                               
0000b411  LTEUARTIntHandler                                 
0000b475  _Z13vUART_SendChrjh                               
0000b493  _Z13vUART_SendStrjPKh                             
0000b4c1  _Z15vUART_SendBytesjPKhj                          
0000b505  _Z13vUART_SendIntji                               
0000b531  _Z11Usendbufferj                                  
0000b5a9  _Z23vUART_CheckFrameTimeouti                      
0000b641  _Z13flushRxBufferi                                
0000b671  _Z13flushTxBufferi                                
0000b6d9  _Z25prepare_graphical_tx_buffjPch                 
0000b7bd  _Z11getChecksumPhc                                
0000b813  _Z10my_sprintfPciz                                
0000b997  _Z8intToStriPci                                   
0000ba05  _Z7reversePci                                     
0000ba55  _Z13delete_SubStrPcS_c                            
0000bb19  _Z17generateRandomKeyiPc                          
0000bb8b  _Z25count_doubleSquareBracketPcj                  
0000bbdf  _Z11count_commaPct                                
0000bc27  _Z9my_strstrPKcS0_i                               
0000bc75  _Z7findMaxPii                                     
0000bcc1  __mktime64                                        
0000bf79  _Z11vRTCI2CInitv                                  
0000bfd7  _Z10I2CReceivev                                   
0000c021  _Z8Read_RTCPhh                                    
0000c0e9  _Z9Write_RTCPhh                                   
0000c189  _Z19vPERIPH_SystickInitv                          
0000c1a5  SysTickIntHandler                                 
0000c2d9  _Z13vMAIN_DelayMSj                                
0000c2f7  _Z9my_millisv                                     
0000c307  _Z9_delay_usi                                     
0000c365  GPIOPadConfigSet                                  
0000c4d1  _Z15manage_gps_gprsv                              
0000c615  __aeabi_ddiv                                      
0000c74b  _nop                                              
0000c74d  SysCtlClockGet                                    
0000c865  __aeabi_dmul                                      
0000c961  SysCtlClockSet                                    
0000ca55  EEPROMProgram                                     
0000cb19  __aeabi_memcpy                                    
0000cb19  __aeabi_memcpy4                                   
0000cb19  __aeabi_memcpy8                                   
0000cb19  memcpy                                            
0000cbb5  __aeabi_uldivmod                                  
0000cc4b  __aeabi_cdcmpeq                                   
0000cc4b  __aeabi_cdcmple                                   
0000ccd1  ADCSequenceStepConfigure                          
0000cd4b  __aeabi_memclr                                    
0000cd4b  __aeabi_memclr4                                   
0000cd4b  __aeabi_memclr8                                   
0000cd4d  __aeabi_memset                                    
0000cd4d  __aeabi_memset4                                   
0000cd4d  __aeabi_memset8                                   
0000cd53  memset                                            
0000cdc5  ltoa                                              
0000ce33  __aeabi_ldivmod                                   
0000cea1  IntEnable                                         
0000cf09  __TI_decompress_lzss                              
0000cf71  _Z8sleep_usi                                      
0000cfa5  _Z5delayj                                         
0000cfd9  HOSTtime64                                        
0000d039  TimerConfigure                                    
0000d099  GPIOIntTypeSet                                    
0000d0f1  _Z10vTimerInitv                                   
0000d12b  TimerIntHandler                                   
0000d149  SysCtlPeripheralReset                             
0000d199  ADCSequenceConfigure                              
0000d1e7  __aeabi_idiv0                                     
0000d1e7  __aeabi_ldiv0                                     
0000d1e9  GPIOPinConfigure                                  
0000d235  I2CMasterInitExpClk                               
0000d281  atoi                                              
0000d2cd  UARTConfigSetExpClk                               
0000d359  __TI_auto_init_nobinit_nopinit                    
0000d39d  __aeabi_d2uiz                                     
0000d3e1  EEPROMInit                                        
0000d45d  EEPROMRead                                        
0000d495  SysCtlPeripheralReady                             
0000d4cd  __TI_writemsg                                     
0000d4fb  C$$IO$$                                           
0000d505  IntRegister                                       
0000d539  SysCtlPeripheralDisable                           
0000d56d  SysCtlPeripheralEnable                            
0000d5d5  __TI_readmsg                                      
0000d609  _c_int00_noargs                                   
0000d63d  rand                                              
0000d671  strstr                                            
0000d6a5  ADCIntStatus                                      
0000d6d3  __aeabi_i2d                                       
0000d701  GPIODirModeSet                                    
0000d72d  strncmp                                           
0000d759  memcmp                                            
0000d77d  srand                                             
0000d7a1  UARTDisable                                       
0000d7c1  __aeabi_ui2d                                      
0000d7e1  ADCSequenceDataGet                                
0000d7ff  GPIOPinTypeGPIOOutput                             
0000d819  ADCProcessorTrigger                               
0000d831  GPIOIntRegister                                   
0000d849  __aeabi_lmul                                      
0000d861  strcmp                                            
0000d879  GPIOPinTypeADC                                    
0000d88f  GPIOPinTypeGPIOInput                              
0000d8a5  GPIOPinTypeI2C                                    
0000d8bb  GPIOPinTypeI2CSCL                                 
0000d8d1  GPIOPinTypeUART                                   
0000d8e9  SysTickEnable                                     
0000d8fd  SysTickIntEnable                                  
0000d911  UARTEnable                                        
0000d925  strcpy                                            
0000d939  strlen                                            
0000d94d  TimerLoadSet                                      
0000d95f  TimerPrescaleSet                                  
0000d971  _Z3absl                                           
0000d983  IntMasterDisable                                  
0000d993  IntMasterEnable                                   
0000d9a5  SysCtlReset                                       
0000d9b5  SysTickPeriodSet                                  
0000d9d5  __time64                                          
0000d9e5  isdigit                                           
0000d9f5  ADCSequenceEnable                                 
0000da03  GPIOIntStatus                                     
0000da11  I2CRxFIFOFlush                                    
0000da1f  I2CTxFIFOFlush                                    
0000da2d  TimerEnable                                       
0000da3b  UARTCharGetNonBlocking                            
0000da49  UARTCharPutNonBlocking                            
0000da57  UARTCharsAvail                                    
0000da65  __TI_decompress_none                              
0000da73  CPUcpsid                                          
0000da7f  CPUcpsie                                          
0000da8b  GPIOIntEnable                                     
0000da99  SysCtlResetCauseGet                               
0000daa5  __TI_zero_init                                    
0000dab1  ResetISR                                          
0000dabd  ADCIntClear                                       
0000dac7  I2CMasterEnable                                   
0000dad1  UARTIntStatus                                     
0000dadb  I2CMasterBusy                                     
0000dae3  I2CMasterSlaveAddrSet                             
0000daeb  TimerIntEnable                                    
0000daf3  UARTBusy                                          
0000dafb  UARTIntEnable                                     
0000db03  GPIOIntClear                                      
0000db09  GPIOPinRead                                       
0000db0f  GPIOPinWrite                                      
0000db15  SysCtlDelay                                       
0000db1b  I2CMasterControl                                  
0000db1f  I2CMasterDataGet                                  
0000db23  I2CMasterDataPut                                  
0000db27  TimerIntClear                                     
0000db2b  UARTIntClear                                      
0000db2f  _system_pre_init                                  
0000db33  C$$EXIT                                           
0000db33  abort                                             
0000db38  _ctypes_                                          
0000e03c  __TI_Handler_Table_Base                           
0000e048  __TI_Handler_Table_Limit                          
0000e058  __TI_CINIT_Base                                   
0000e070  __TI_CINIT_Limit                                  
20000000  __start___llvm_prf_cnts                           
20000000  __stop___llvm_prf_cnts                            
20000000  g_pfnRAMVectors                                   
20000270  __stack                                           
20000470  __STACK_TOP                                       
20001a70  __STACK_END                                       
20001a70  gprs_rx_buff                                      
20001c6c  gprs_tx_buff                                      
20001e68  dummy_json_string                                 
20001ff0  adc                                               
2000216c  display_tx                                        
2000229c  __CIOBUF_                                         
200023bc  cloud_config                                      
20002492  BCD_MODE                                          
20002494  display_uart_rx                                   
20002534  pc_uart_rx                                        
200025d4  e2p_cloud_config                                  
20002654  pc_uart_tx                                        
200026a4  gps                                               
200026e8  FLR_log_data                                      
20002728  FL_log_data                                       
20002768  ram_data                                          
2000279e  adc_arr                                           
200027c7  time_main                                         
200027e6  measurements                                      
20002802  EXTI_cnt                                          
20002804  gprs                                              
20002818  e2p_device_info                                   
20002828  e2p_location_info                                 
20002838  freq_updated_data                                 
20002848  scheduler                                         
20002856  Alarms                                            
20002862  e2p_config_time                                   
2000286a  e2p_router_config                                 
20002872  gps_data                                          
2000287a  parmbuf                                           
20002882  gprs_date_time                                    
20002889  gps_date_time                                     
20002890  time_stamp                                        
20002896  Telecom_server_query                              
2000289a  gprs_rx_isr_handler                               
2000289c  u32DelayCounter                                   
200028a0  relay_state                                       
200028a3  System_mode                                       
200028a4  gps_handler_state                                 
200028a5  network_status                                    
200028a6  voltage_mode                                      
200028e9  server_response_str                               
20002904  gps_read_timeout                                  
20002908  gprs_read_timeout                                 
2000290c  conn_state                                        
20002918  PN_ADC_RAW_MAX                                    
20002920  NE_ADC_RAW_MAX                                    
2000293c  _tz                                               
2000294c  upload_time                                       
20002950  save_offline_time                                 
20002954  relay_startup_time                                
20002958  GLCD_startup_time                                 
2000295c  millis_cnt                                        
20002960  ACVoltReadMillis                                  
20002964  counter_10sec                                     
20002968  g_bIntFlag                                        
20002974  gps_interval_start                                
20002978  cnt_gps_1sec                                      
20002980  _lock                                             
20002984  _unlock                                           
ffffffff  __TI_pprof_out_hndl                               
ffffffff  __TI_prof_data_size                               
ffffffff  __TI_prof_data_start                              
ffffffff  __binit__                                         
ffffffff  __c_args__                                        
ffffffff  binit                                             
UNDEFED   __mpu_init                                        
UNDEFED   _system_post_cinit                                

[456 symbols]
