******************************************************************************
                  TI ARM Linker PC v20.2.6                     
******************************************************************************
>> Linked Sun May 19 16:14:58 2024

OUTPUT FILE NAME:   <Telecom_IoT_v2_00.out>
ENTRY POINT SYMBOL: "_c_int00_noargs"  address: 0000b7d5


MEMORY CONFIGURATION

         name            origin    length      used     unused   attr    fill
----------------------  --------  ---------  --------  --------  ----  --------
  FLASH                 00000000   00020000  0000c5b0  00013a50  R  X
  SRAM                  20000000   00008000  00003e72  0000418e  RW X


SEGMENT ALLOCATION MAP

run origin  load origin   length   init length attrs members
----------  ----------- ---------- ----------- ----- -------
00000000    00000000    0000c5b0   0000c5b0    r-x
  00000000    00000000    0000026c   0000026c    r-- .intvecs
  0000026c    0000026c    0000bb98   0000bb98    r-x .text
  0000be04    0000be04    00000710   00000710    r-- .const
  0000c514    0000c514    00000024   00000024    r-- .init_array
  0000c538    0000c538    00000078   00000078    r-- .cinit
20000000    20000000    00003e78   00000000    rw-
  20000000    20000000    000025c6   00000000    rw- .bss
  200025c8    200025c8    00001800   00000000    rw- .stack
  20003dc8    20003dc8    0000009c   00000000    rw- .data
  20003e68    20003e68    00000010   00000000    rw- .sysmem


SECTION ALLOCATION MAP

 output                                  attributes/
section   page    origin      length       input sections
--------  ----  ----------  ----------   ----------------
.intvecs   0    00000000    0000026c     
                  00000000    0000026c     tm4c1233e6pz_startup_ccs.obj (.intvecs)

.text      0    0000026c    0000bb98     
                  0000026c    0000120c     Telecom_Ethernet.obj (.text)
                  00001478    00000ee0     uip.obj (.text)
                  00002358    00000ca4     Telecom_server_query.obj (.text)
                  00002ffc    00000a44     Clock.obj (.text)
                  00003a40    00000978     gps.obj (.text)
                  000043b8    00000858     E2P.obj (.text)
                  00004c10    00000834     Dhcp.obj (.text)
                  00005444    000007f0     Enc28J60Network.obj (.text)
                  00005c34    00000718     UIPClient.obj (.text)
                  0000634c    00000624     UIPEthernet.obj (.text)
                  00006970    00000544     UartCore.obj (.text)
                  00006eb4    000004e4     main.obj (.text)
                  00007398    0000049c     PC_Cmds.obj (.text)
                  00007834    00000464     Dns.obj (.text)
                  00007c98    00000458     UIPUdp.obj (.text)
                  000080f0    00000424     ADC_Core.obj (.text)
                  00008514    000003f4     uip_arp.obj (.text)
                  00008908    000003e0     Print.obj (.text)
                  00008ce8    00000380     Display.obj (.text)
                  00009068    000002f0     _common.obj (.text)
                  00009358    000002b8     rtsv7M4_T_le_v4SPD16_eabi.lib : mktime64.c.obj (.text:__mktime64)
                  00009610    00000208     IO_cntrl.obj (.text)
                  00009818    000001dc     UIPServer.obj (.text)
                  000099f4    000001cc     DS3231.obj (.text)
                  00009bc0    000001b6     rtsv7M4_T_le_v4SPD16_eabi.lib : fd_add_t2.asm.obj (.text)
                  00009d76    00000002     UIPClient.obj (.text:_ZN6ClientD1Ev)
                  00009d78    0000016c     driverlib.lib : gpio.obj (.text:GPIOPadConfigSet)
                  00009ee4    00000168     SysTick_Timer.obj (.text)
                  0000a04c    00000160     mempool.obj (.text)
                  0000a1ac    0000015c     gprs.obj (.text)
                  0000a308    00000136     rtsv7M4_T_le_v4SPD16_eabi.lib : fd_div_t2.asm.obj (.text)
                  0000a43e    00000002     UIPServer.obj (.text:_ZN6ServerD1Ev)
                  0000a440    00000118     driverlib.lib : sysctl.obj (.text:SysCtlClockGet)
                  0000a558    00000100     rtsv7M4_T_le_v4SPD16_eabi.lib : memory.c.obj (.text:aligned_alloc)
                  0000a658    000000fc                                   : fd_mul_t2.asm.obj (.text)
                  0000a754    000000f4     driverlib.lib : sysctl.obj (.text:SysCtlClockSet)
                  0000a848    000000e6     itoa.obj (.text)
                  0000a92e    00000002     Telecom_Ethernet.obj (.text:_ZN9IPAddressD1Ev)
                  0000a930    000000e4     rtsv7M4_T_le_v4SPD16_eabi.lib : memory.c.obj (.text:free)
                  0000aa14    000000d4     IPAddress.obj (.text)
                  0000aae8    000000c4     driverlib.lib : eeprom.obj (.text:EEPROMProgram)
                  0000abac    0000009c     rtsv7M4_T_le_v4SPD16_eabi.lib : memcpy_t2.asm.obj (.text)
                  0000ac48    00000096                                   : ull_div_t2.asm.obj (.text)
                  0000acde    00000086                                   : fd_cmp_t2.asm.obj (.text:__aeabi_cdcmple)
                  0000ad64    00000086                                   : fd_cmp_t2.asm.obj (.text:__aeabi_cdrcmple)
                  0000adea    0000007a     driverlib.lib : adc.obj (.text:ADCSequenceStepConfigure)
                  0000ae64    0000007a     rtsv7M4_T_le_v4SPD16_eabi.lib : memset_t2.asm.obj (.text)
                  0000aede    00000002     Dhcp.obj (.text:_ZN9PrintableD1Ev)
                  0000aee0    00000070     rtsv7M4_T_le_v4SPD16_eabi.lib : memory.c.obj (.text:split)
                  0000af50    0000006e                                   : ll_div_t2.asm.obj (.text)
                  0000afbe    00000002     Telecom_Ethernet.obj (.text:_ZN9UIPClientD1Ev)
                  0000afc0    00000068     driverlib.lib : interrupt.obj (.text:IntEnable)
                  0000b028    00000068     rtsv7M4_T_le_v4SPD16_eabi.lib : copy_decompress_lzss.c.obj (.text:decompress:lzss:__TI_decompress_lzss)
                  0000b090    00000060                                   : hosttime.c.obj (.text:HOSTtime64)
                  0000b0f0    00000060                                   : autoinit.c.obj (.text:__TI_auto_init_nobinit:__TI_auto_init_nobinit)
                  0000b150    0000005e                                   : i_divt2.asm.obj (.text)
                  0000b1ae    00000058     driverlib.lib : gpio.obj (.text:GPIOIntTypeSet)
                  0000b206    00000002     UIPServer.obj (.text:_ZN9UIPServerD1Ev)
                  0000b208    00000050     driverlib.lib : sysctl.obj (.text:SysCtlPeripheralReset)
                  0000b258    0000004e                   : adc.obj (.text:ADCSequenceConfigure)
                  0000b2a6    00000002     rtsv7M4_T_le_v4SPD16_eabi.lib : stdlib_typeinfo.cpp.obj (.text:_ZNSt9type_infoD1Ev)
                  0000b2a8    0000004c     driverlib.lib : gpio.obj (.text:GPIOPinConfigure)
                  0000b2f4    0000004c                   : i2c.obj (.text:I2CMasterInitExpClk)
                  0000b340    0000004c     rtsv7M4_T_le_v4SPD16_eabi.lib : atoi.c.obj (.text:atoi)
                  0000b38c    00000048                                   : exit.c.obj (.text:exit)
                  0000b3d4    00000048                                   : fd_toi_t2.asm.obj (.text)
                  0000b41c    00000046     driverlib.lib : uart.obj (.text:UARTConfigSetExpClk)
                  0000b462    00000002     rtsv7M4_T_le_v4SPD16_eabi.lib : _lock.c.obj (.text:_nop)
                  0000b464    00000044                                   : dtor_list.c.obj (.text:_Z25__add_destruction_to_listPP20a_needed_destructionPFYvPvES2_S2_)
                  0000b4a8    00000044                                   : fd_tou_t2.asm.obj (.text)
                  0000b4ec    00000042                                   : dtor_list.c.obj (.text:_Z23__finalize_destructionsPP20a_needed_destructionPv)
                  0000b52e    00000002                                   : div0.asm.obj (.text)
                  0000b530    00000040     driverlib.lib : eeprom.obj (.text:EEPROMInit)
                  0000b570    00000040     rtsv7M4_T_le_v4SPD16_eabi.lib : u_divt2.asm.obj (.text)
                  0000b5b0    0000003c     driverlib.lib : ssi.obj (.text:SSIConfigSetExpClk)
                  0000b5ec    0000003c                   : eeprom.obj (.text:_EEPROMSectorMaskSet)
                  0000b628    00000038                   : eeprom.obj (.text:EEPROMRead)
                  0000b660    00000038                   : sysctl.obj (.text:SysCtlPeripheralReady)
                  0000b698    00000038     rtsv7M4_T_le_v4SPD16_eabi.lib : trgmsg.c.obj (.text:__TI_writemsg)
                  0000b6d0    00000034     driverlib.lib : sysctl.obj (.text:SysCtlPeripheralDisable)
                  0000b704    00000034                   : sysctl.obj (.text:SysCtlPeripheralEnable)
                  0000b738    00000034                   : eeprom.obj (.text:_EEPROMSectorMaskClear)
                  0000b76c    00000034     rtsv7M4_T_le_v4SPD16_eabi.lib : trgmsg.c.obj (.text:__TI_readmsg)
                  0000b7a0    00000034                                   : dtor_list.c.obj (.text:__aeabi_atexit)
                  0000b7d4    00000034                                   : boot_cortex_m.c.obj (.text:_c_int00_noargs:_c_int00_noargs)
                  0000b808    00000034                                   : rand.c.obj (.text:rand)
                  0000b83c    00000034                                   : strstr.c.obj (.text:strstr)
                  0000b870    0000002e     driverlib.lib : adc.obj (.text:ADCIntStatus)
                  0000b89e    0000002e     rtsv7M4_T_le_v4SPD16_eabi.lib : i_tofd_t2.asm.obj (.text)
                  0000b8cc    0000002c     driverlib.lib : gpio.obj (.text:GPIODirModeSet)
                  0000b8f8    0000002c     delay.obj (.text)
                  0000b924    0000002c     rtsv7M4_T_le_v4SPD16_eabi.lib : strncmp.c.obj (.text:strncmp)
                  0000b950    00000028                                   : memory.c.obj (.text:free_list_insert)
                  0000b978    00000024                                   : memcmp.c.obj (.text:memcmp)
                  0000b99c    00000024                                   : rand.c.obj (.text:srand)
                  0000b9c0    00000020     driverlib.lib : uart.obj (.text:UARTDisable)
                  0000b9e0    00000020     rtsv7M4_T_le_v4SPD16_eabi.lib : u_tofd_t2.asm.obj (.text)
                  0000ba00    0000001e     driverlib.lib : adc.obj (.text:ADCSequenceDataGet)
                  0000ba1e    0000001e     SPI.obj (.text)
                  0000ba3c    0000001c     rtsv7M4_T_le_v4SPD16_eabi.lib : memory.c.obj (.text:free_list_remove)
                  0000ba58    0000001c     millis.obj (.text)
                  0000ba74    0000001a     driverlib.lib : gpio.obj (.text:GPIOPinTypeGPIOOutput)
                  0000ba8e    00000018                   : adc.obj (.text:ADCProcessorTrigger)
                  0000baa6    00000018     rtsv7M4_T_le_v4SPD16_eabi.lib : ll_mul_t2.asm.obj (.text)
                  0000babe    00000018                                   : strcmp.c.obj (.text:strcmp)
                  0000bad6    00000016     driverlib.lib : gpio.obj (.text:GPIOPinTypeADC)
                  0000baec    00000016                   : gpio.obj (.text:GPIOPinTypeGPIOInput)
                  0000bb02    00000016                   : gpio.obj (.text:GPIOPinTypeI2C)
                  0000bb18    00000016                   : gpio.obj (.text:GPIOPinTypeI2CSCL)
                  0000bb2e    00000016                   : gpio.obj (.text:GPIOPinTypeSSI)
                  0000bb44    00000016                   : gpio.obj (.text:GPIOPinTypeUART)
                  0000bb5a    00000002     --HOLE-- [fill = 0]
                  0000bb5c    00000014                   : systick.obj (.text:SysTickEnable)
                  0000bb70    00000014                   : systick.obj (.text:SysTickIntEnable)
                  0000bb84    00000014                   : uart.obj (.text:UARTEnable)
                  0000bb98    00000014     rtsv7M4_T_le_v4SPD16_eabi.lib : strlen.c.obj (.text:strlen)
                  0000bbac    00000012     driverlib.lib : ssi.obj (.text:SSIDataGetNonBlocking)
                  0000bbbe    00000012     UIPClient.obj (.text:_ZN9UIPClientneERKS_)
                  0000bbd0    00000010     driverlib.lib : interrupt.obj (.text:IntMasterEnable)
                  0000bbe0    00000010                   : systick.obj (.text:SysTickPeriodSet)
                  0000bbf0    00000010                   : eeprom.obj (.text:_EEPROMWaitForDone)
                  0000bc00    00000010     rtsv7M4_T_le_v4SPD16_eabi.lib : time64.c.obj (.text:__time64)
                  0000bc10    0000000e     driverlib.lib : adc.obj (.text:ADCSequenceEnable)
                  0000bc1e    0000000e                   : gpio.obj (.text:GPIOIntStatus)
                  0000bc2c    0000000e                   : i2c.obj (.text:I2CRxFIFOFlush)
                  0000bc3a    0000000e                   : i2c.obj (.text:I2CTxFIFOFlush)
                  0000bc48    0000000e                   : ssi.obj (.text:SSIDataPutNonBlocking)
                  0000bc56    0000000e                   : uart.obj (.text:UARTCharGetNonBlocking)
                  0000bc64    0000000e                   : uart.obj (.text:UARTCharPutNonBlocking)
                  0000bc72    0000000e                   : uart.obj (.text:UARTCharsAvail)
                  0000bc80    0000000e     rtsv7M4_T_le_v4SPD16_eabi.lib : typeinfo.c.obj (.text:_ZN10__cxxabiv117__class_type_infoD0Ev)
                  0000bc8e    0000000e                                   : typeinfo.c.obj (.text:_ZN10__cxxabiv120__si_class_type_infoD0Ev)
                  0000bc9c    0000000e                                   : typeinfo.c.obj (.text:_ZN10__cxxabiv121__vmi_class_type_infoD0Ev)
                  0000bcaa    0000000e                                   : copy_decompress_none.c.obj (.text:decompress:none:__TI_decompress_none)
                  0000bcb8    0000000c     driverlib.lib : cpu.obj (.text:CPUcpsie)
                  0000bcc4    0000000c                   : gpio.obj (.text:GPIOIntEnable)
                  0000bcd0    0000000c     Dhcp.obj (.text:_ZThn8_N6UIPUDP4readEPcj)
                  0000bcdc    0000000c     rtsv7M4_T_le_v4SPD16_eabi.lib : dtor_list.c.obj (.text:__cxa_finalize)
                  0000bce8    0000000c                                   : guard.c.obj (.text:__cxa_guard_acquire)
                  0000bcf4    0000000c                                   : copy_zero_init.c.obj (.text:decompress:ZI:__TI_zero_init)
                  0000bd00    0000000c     tm4c1233e6pz_startup_ccs.obj (.text)
                  0000bd0c    0000000a     driverlib.lib : adc.obj (.text:ADCIntClear)
                  0000bd16    0000000a                   : i2c.obj (.text:I2CMasterEnable)
                  0000bd20    0000000a                   : ssi.obj (.text:SSIEnable)
                  0000bd2a    0000000a                   : uart.obj (.text:UARTIntStatus)
                  0000bd34    0000000a     UIPUdp.obj (.text:_ZN6UIPUDP4readEPcj)
                  0000bd3e    0000000a     rtsv7M4_T_le_v4SPD16_eabi.lib : guard.c.obj (.text:__cxa_guard_release)
                  0000bd48    00000008     driverlib.lib : i2c.obj (.text:I2CMasterBusy)
                  0000bd50    00000008                   : i2c.obj (.text:I2CMasterSlaveAddrSet)
                  0000bd58    00000008                   : uart.obj (.text:UARTBusy)
                  0000bd60    00000008                   : uart.obj (.text:UARTIntEnable)
                  0000bd68    00000008     Telecom_Ethernet.obj (.text:_ZThn8_N9UIPClientD0Ev)
                  0000bd70    00000008     UIPServer.obj (.text:_ZThn8_N9UIPServerD0Ev)
                  0000bd78    00000008     rtsv7M4_T_le_v4SPD16_eabi.lib : new.cpp.obj (.text:_ZdlPv)
                  0000bd80    00000008                                   : memory.c.obj (.text:malloc)
                  0000bd88    00000006     driverlib.lib : gpio.obj (.text:GPIOIntClear)
                  0000bd8e    00000006                   : gpio.obj (.text:GPIOPinRead)
                  0000bd94    00000006                   : gpio.obj (.text:GPIOPinWrite)
                  0000bd9a    00000006                   : sysctl.obj (.text:SysCtlDelay)
                  0000bda0    00000006     Telecom_Ethernet.obj (.text:_ZN6ClientD0Ev)
                  0000bda6    00000006     UIPServer.obj (.text:_ZN6ServerD0Ev)
                  0000bdac    00000006     Telecom_Ethernet.obj (.text:_ZN9IPAddressD0Ev)
                  0000bdb2    00000006     Telecom_Ethernet.obj (.text:_ZN9PrintableD0Ev)
                  0000bdb8    00000006     UIPClient.obj (.text:_ZN9UIPClientD0Ev)
                  0000bdbe    00000006     UIPServer.obj (.text:_ZN9UIPServerD0Ev)
                  0000bdc4    00000006     rtsv7M4_T_le_v4SPD16_eabi.lib : dtor_list.c.obj (.text:__cxa_ia64_exit)
                  0000bdca    00000006                                   : pure_virt.c.obj (.text:__cxa_pure_virtual)
                  0000bdd0    00000004     driverlib.lib : i2c.obj (.text:I2CMasterControl)
                  0000bdd4    00000004                   : i2c.obj (.text:I2CMasterDataGet)
                  0000bdd8    00000004                   : i2c.obj (.text:I2CMasterDataPut)
                  0000bddc    00000004                   : uart.obj (.text:UARTIntClear)
                  0000bde0    00000004     rtsv7M4_T_le_v4SPD16_eabi.lib : typeinfo.c.obj (.text:_ZN10__cxxabiv117__class_type_infoD1Ev)
                  0000bde4    00000004                                   : typeinfo.c.obj (.text:_ZN10__cxxabiv120__si_class_type_infoD1Ev)
                  0000bde8    00000004                                   : typeinfo.c.obj (.text:_ZN10__cxxabiv121__vmi_class_type_infoD1Ev)
                  0000bdec    00000004     UIPClient.obj (.text:_ZThn8_N9UIPClientD1Ev)
                  0000bdf0    00000004     UIPServer.obj (.text:_ZThn8_N9UIPServerD1Ev)
                  0000bdf4    00000004     rtsv7M4_T_le_v4SPD16_eabi.lib : new.cpp.obj (.text:_ZdlPvj)
                  0000bdf8    00000004                                   : error.c.obj (.text:__abort_execution)
                  0000bdfc    00000004                                   : pre_init.c.obj (.text:_system_pre_init)
                  0000be00    00000004                                   : exit.c.obj (.text:abort:abort)

.const     0    0000be04    00000710     
                  0000be04    00000101     rtsv7M4_T_le_v4SPD16_eabi.lib : ctype.c.obj (.const:.string:_ctypes_)
                  0000bf05    00000003     --HOLE-- [fill = 0]
                  0000bf08    00000090     UIPUdp.obj (.const:_ZTV6UIPUDP)
                  0000bf98    00000090     driverlib.lib : gpio.obj (.const:g_pui32GPIOBaseAddrs)
                  0000c028    0000008c     UIPClient.obj (.const:_ZTV9UIPClient)
                  0000c0b4    0000006c     driverlib.lib : sysctl.obj (.const:g_pui32Xtals)
                  0000c120    00000060     rtsv7M4_T_le_v4SPD16_eabi.lib : mktime64.c.obj (.const:$O1$$)
                  0000c180    00000048     UIPUdp.obj (.const:_ZTV3UDP)
                  0000c1c8    00000041     _common.obj (.const:.string:$P$T0$1)
                  0000c209    00000003     --HOLE-- [fill = 0]
                  0000c20c    00000040     UIPClient.obj (.const:_ZTV6Client)
                  0000c24c    00000034     UIPServer.obj (.const:_ZTV9UIPServer)
                  0000c280    00000026     rtsv7M4_T_le_v4SPD16_eabi.lib : typeinfo.c.obj (.const:.typeinfo:_ZTSN10__cxxabiv121__vmi_class_type_infoE)
                  0000c2a6    00000025                                   : typeinfo.c.obj (.const:.typeinfo:_ZTSN10__cxxabiv120__si_class_type_infoE)
                  0000c2cb    00000001     --HOLE-- [fill = 0]
                  0000c2cc    00000024     Clock.obj (.const:$P$T0$1)
                  0000c2f0    00000022     rtsv7M4_T_le_v4SPD16_eabi.lib : typeinfo.c.obj (.const:.typeinfo:_ZTSN10__cxxabiv117__class_type_infoE)
                  0000c312    00000002     --HOLE-- [fill = 0]
                  0000c314    00000020     UIPUdp.obj (.const:.typeinfo:_ZTI6UIPUDP)
                  0000c334    00000020     UIPClient.obj (.const:.typeinfo:_ZTI9UIPClient)
                  0000c354    00000020     UIPServer.obj (.const:.typeinfo:_ZTI9UIPServer)
                  0000c374    00000019     Telecom_Ethernet.obj (.const:.string:$P$T5$5)
                  0000c38d    00000003     --HOLE-- [fill = 0]
                  0000c390    00000014     UIPServer.obj (.const:_ZTV6Server)
                  0000c3a4    00000014     IPAddress.obj (.const:_ZTV9IPAddress)
                  0000c3b8    00000014     Dhcp.obj (.const:_ZTV9Printable)
                  0000c3cc    00000014     driverlib.lib : interrupt.obj (.const:g_pui32EnRegs)
                  0000c3e0    00000010     Print.obj (.const:_ZTV5Print)
                  0000c3f0    00000010     rtsv7M4_T_le_v4SPD16_eabi.lib : typeinfo.c.obj (.const:_ZTVN10__cxxabiv117__class_type_infoE)
                  0000c400    00000010                                   : typeinfo.c.obj (.const:_ZTVN10__cxxabiv120__si_class_type_infoE)
                  0000c410    00000010                                   : typeinfo.c.obj (.const:_ZTVN10__cxxabiv121__vmi_class_type_infoE)
                  0000c420    0000000d                                   : stdlib_typeinfo.cpp.obj (.const:.typeinfo:_ZTSSt9type_info)
                  0000c42d    00000003     --HOLE-- [fill = 0]
                  0000c430    0000000c     IPAddress.obj (.const:.typeinfo:_ZTI9IPAddress)
                  0000c43c    0000000c     rtsv7M4_T_le_v4SPD16_eabi.lib : typeinfo.c.obj (.const:.typeinfo:_ZTIN10__cxxabiv117__class_type_infoE)
                  0000c448    0000000c                                   : typeinfo.c.obj (.const:.typeinfo:_ZTIN10__cxxabiv120__si_class_type_infoE)
                  0000c454    0000000c                                   : typeinfo.c.obj (.const:.typeinfo:_ZTIN10__cxxabiv121__vmi_class_type_infoE)
                  0000c460    0000000b     IPAddress.obj (.const:.typeinfo:_ZTS9IPAddress)
                  0000c46b    0000000b     Dhcp.obj (.const:.typeinfo:_ZTS9Printable)
                  0000c476    0000000b     UIPClient.obj (.const:.typeinfo:_ZTS9UIPClient)
                  0000c481    0000000b     UIPServer.obj (.const:.typeinfo:_ZTS9UIPServer)
                  0000c48c    00000008     Clock.obj (.const:$P$T1$2)
                  0000c494    00000008     Telecom_Ethernet.obj (.const:.string:$P$T7$12)
                  0000c49c    00000008     UIPUdp.obj (.const:.typeinfo:_ZTI3UDP)
                  0000c4a4    00000008     Print.obj (.const:.typeinfo:_ZTI5Print)
                  0000c4ac    00000008     UIPClient.obj (.const:.typeinfo:_ZTI6Client)
                  0000c4b4    00000008     UIPServer.obj (.const:.typeinfo:_ZTI6Server)
                  0000c4bc    00000008     Dhcp.obj (.const:.typeinfo:_ZTI9Printable)
                  0000c4c4    00000008     rtsv7M4_T_le_v4SPD16_eabi.lib : stdlib_typeinfo.cpp.obj (.const:.typeinfo:_ZTISt9type_info)
                  0000c4cc    00000008     UIPClient.obj (.const:.typeinfo:_ZTS6Client)
                  0000c4d4    00000008     UIPServer.obj (.const:.typeinfo:_ZTS6Server)
                  0000c4dc    00000008     UIPUdp.obj (.const:.typeinfo:_ZTS6UIPUDP)
                  0000c4e4    00000007     Print.obj (.const:.typeinfo:_ZTS5Print)
                  0000c4eb    00000006     Telecom_Ethernet.obj (.const:.string:$P$T3$1)
                  0000c4f1    00000006     UIPEthernet.obj (.const:.string:$P$T6$1)
                  0000c4f7    00000006     Telecom_Ethernet.obj (.const:.string:$P$T6$8)
                  0000c4fd    00000006     uip_arp.obj (.const:broadcast_ethaddr)
                  0000c503    00000005     UIPUdp.obj (.const:.typeinfo:_ZTS3UDP)
                  0000c508    00000004     uip.obj (.const:all_ones_addr)
                  0000c50c    00000004     uip.obj (.const:all_zeroes_addr)
                  0000c510    00000004     uip_arp.obj (.const:broadcast_ipaddr)

.cinit     0    0000c538    00000078     
                  0000c538    0000004e     (.cinit..data.load) [load image, compression = lzss]
                  0000c586    00000002     --HOLE-- [fill = 0]
                  0000c588    0000000c     (__TI_handler_table)
                  0000c594    00000004     --HOLE-- [fill = 0]
                  0000c598    00000008     (.cinit..bss.load) [load image, compression = zero_init]
                  0000c5a0    00000010     (__TI_cinit_table)

.init_array 
*          0    0000c514    00000024     
                  0000c514    00000004     IPAddress.obj (.init_array)
                  0000c518    00000004     UIPUdp.obj (.init_array)
                  0000c51c    00000004     UIPServer.obj (.init_array)
                  0000c520    00000004     UIPEthernet.obj (.init_array)
                  0000c524    00000004     UIPClient.obj (.init_array)
                  0000c528    00000004     Dns.obj (.init_array)
                  0000c52c    00000004     Dhcp.obj (.init_array)
                  0000c530    00000004     main.obj (.init_array)
                  0000c534    00000004     Telecom_Ethernet.obj (.init_array)

.bss       0    20000000    000025c6     UNINITIALIZED
                  20000000    00000a34     (.common:ethernet_rx_buff)
                  20000a34    00000a30     (.common:ethernet_tx_buff)
                  20001464    00000230     (.common:_ZN10MemoryPool6blocksE)
                  20001694    000001fc     (.common:gprs_tx_buff)
                  20001890    00000188     (.common:dummy_json_string)
                  20001a18    0000017c     (.common:adc)
                  20001b94    00000130     (.common:display_tx)
                  20001cc4    00000120     rtsv7M4_T_le_v4SPD16_eabi.lib : trgmsg.c.obj (.bss:_CIOBUF_)
                  20001de4    000000d6     (.common:cloud_config)
                  20001eba    00000002     (.common:EXTI_cnt)
                  20001ebc    000000a0     (.common:display_uart_rx)
                  20001f5c    000000a0     (.common:pc_uart_rx)
                  20001ffc    00000088     (.common:gprs_rx_buff)
                  20002084    00000080     (.common:e2p_cloud_config)
                  20002104    00000080     (.common:uip_conns)
                  20002184    00000070     (.common:_ZN9UIPClient8all_dataE)
                  200021f4    00000064     (.common:uip_buf)
                  20002258    00000060     uip_arp.obj (.bss:arp_table)
                  200022b8    0000005c     UIPEthernet.obj (.bss:s_dhcp)
                  20002314    00000050     (.common:pc_uart_tx)
                  20002364    00000043     (.common:gps)
                  200023a7    00000001     UIPEthernet.obj (.bss:UIPEthernet)
                  200023a8    00000040     (.common:uip_udp_conns)
                  200023e8    00000036     (.common:ram_data)
                  2000241e    0000001f     (.common:time_main)
                  2000243d    0000001c     (.common:measurements)
                  20002459    00000001     (.common:System_mode)
                  2000245a    00000002     (.common:_ZN15Enc28J60Network13nextPacketPtrE)
                  2000245c    00000014     (.common:gprs)
                  20002470    00000010     Telecom_Ethernet.obj (.bss:Eclient)
                  20002480    00000010     Telecom_Ethernet.obj (.bss:client)
                  20002490    00000010     (.common:e2p_device_info)
                  200024a0    00000010     (.common:e2p_location_info)
                  200024b0    0000000e     (.common:scheduler)
                  200024be    0000000c     Telecom_Ethernet.obj (.bss)
                  200024ca    0000000c     (.common:Alarms)
                  200024d6    0000000b     (.common:Telecom_Ethernet)
                  200024e1    00000002     (.common:gprs_rx_isr_handler)
                  200024e3    00000001     (.common:gps_handler_state)
                  200024e4    00000008     Dhcp.obj (.bss)
                  200024ec    00000008     Dhcp.obj (.bss:INADDR_NONE)
                  200024f4    00000008     Dns.obj (.bss:INADDR_NONE)
                  200024fc    00000008     IPAddress.obj (.bss:INADDR_NONE)
                  20002504    00000008     Telecom_Ethernet.obj (.bss:INADDR_NONE)
                  2000250c    00000008     UIPClient.obj (.bss:INADDR_NONE)
                  20002514    00000008     UIPEthernet.obj (.bss:INADDR_NONE)
                  2000251c    00000008     UIPServer.obj (.bss:INADDR_NONE)
                  20002524    00000008     UIPUdp.obj (.bss:INADDR_NONE)
                  2000252c    00000008     main.obj (.bss:INADDR_NONE)
                  20002534    00000008     UIPEthernet.obj (.bss:_ZN16UIPEthernetClass17_dnsServerAddressE)
                  2000253c    00000008     uip.obj (.bss)
                  20002544    00000008     (.common:e2p_config_time)
                  2000254c    00000008     (.common:e2p_router_config)
                  20002554    00000008     (.common:gps_data)
                  2000255c    00000008     (.common:parmbuf)
                  20002564    00000008     (.common:uip_listenports)
                  2000256c    00000006     (.common:_ZN15Enc28J60Network10receivePktE)
                  20002572    00000006     (.common:time_stamp)
                  20002578    00000004     UIPClient.obj (.bss:_ZZN9UIPClient7connectE9IPAddresstE4conn)
                  2000257c    00000004     uip_arp.obj (.bss:ipaddr)
                  20002580    00000004     uip.obj (.bss:iss)
                  20002584    00000004     uip_arp.obj (.bss)
                  20002588    00000004     (.common:Telecom_server_query)
                  2000258c    00000004     (.common:_ZN16UIPEthernetClass14periodic_timerE)
                  20002590    00000004     (.common:__dso_handle)
                  20002594    00000004     (.common:_millis)
                  20002598    00000004     (.common:startTime)
                  2000259c    00000004     (.common:u32DelayCounter)
                  200025a0    00000004     (.common:uip_acc32)
                  200025a4    00000004     (.common:uip_appdata)
                  200025a8    00000004     (.common:uip_conn)
                  200025ac    00000004     (.common:uip_draddr)
                  200025b0    00000004     (.common:uip_hostaddr)
                  200025b4    00000004     (.common:uip_netmask)
                  200025b8    00000004     (.common:uip_sappdata)
                  200025bc    00000004     (.common:uip_udp_conn)
                  200025c0    00000002     (.common:uip_len)
                  200025c2    00000002     (.common:uip_slen)
                  200025c4    00000001     (.common:router_mode)
                  200025c5    00000001     (.common:uip_flags)

.stack     0    200025c8    00001800     UNINITIALIZED
                  200025c8    00000004     rtsv7M4_T_le_v4SPD16_eabi.lib : boot_cortex_m.c.obj (.stack)
                  200025cc    000017fc     --HOLE--

.data      0    20003dc8    0000009c     UNINITIALIZED
                  20003dc8    0000001b     Telecom_server_query.obj (.data:server_response_str)
                  20003de3    00000001     Dhcp.obj (.data)
                  20003de4    00000010     rtsv7M4_T_le_v4SPD16_eabi.lib : tmzone.c.obj (.data:_tz)
                  20003df4    0000000d     Telecom_Ethernet.obj (.data)
                  20003e01    00000001     UIPClient.obj (.data:_ZZN9UIPClient7connectE9IPAddresstE10first_call)
                  20003e02    00000002     UIPClient.obj (.data:_ZZN9UIPClient7connectE9IPAddresstE7timeout)
                  20003e04    0000000c     rtsv7M4_T_le_v4SPD16_eabi.lib : exit.c.obj (.data:$O1$$)
                  20003e10    0000000c     gps.obj (.data)
                  20003e1c    00000008     rtsv7M4_T_le_v4SPD16_eabi.lib : _lock.c.obj (.data:$O1$$)
                  20003e24    00000008                                   : memory.c.obj (.data:$O1$$)
                  20003e2c    00000004     Enc28J60Network.obj (.data)
                  20003e30    00000008     ADC_Core.obj (.data)
                  20003e38    00000008     UIPEthernet.obj (.data)
                  20003e40    00000008     UartCore.obj (.data)
                  20003e48    00000006     uip.obj (.data:uip_ethaddr)
                  20003e4e    00000002     --HOLE--
                  20003e50    00000004     SysTick_Timer.obj (.data)
                  20003e54    00000004     _common.obj (.data)
                  20003e58    00000004     main.obj (.data)
                  20003e5c    00000004     rtsv7M4_T_le_v4SPD16_eabi.lib : dtor_list.c.obj (.data)
                  20003e60    00000004                                   : rand.c.obj (.data)

.sysmem    0    20003e68    00000010     UNINITIALIZED
                  20003e68    00000010     rtsv7M4_T_le_v4SPD16_eabi.lib : memory.c.obj (.sysmem)

__llvm_prf_cnts 
*          0    20000000    00000000     UNINITIALIZED

MODULE SUMMARY

       Module                         code    ro data   rw data
       ------                         ----    -------   -------
    .\
       tm4c1233e6pz_startup_ccs.obj   12      620       0      
    +--+------------------------------+-------+---------+---------+
       Total:                         12      620       0      
                                                               
    .\Sources\
       Telecom_Ethernet.obj           4650    49        5296   
       Telecom_server_query.obj       3236    0         423    
       Clock.obj                      2628    44        37     
       E2P.obj                        2136    0         390    
       gps.obj                        2424    0         88     
       UartCore.obj                   1348    0         712    
       ADC_Core.obj                   1060    0         416    
       main.obj                       1252    4         78     
       PC_Cmds.obj                    1180    0         1      
       gprs.obj                       348     0         666    
       Display.obj                    896     0         0      
       _common.obj                    752     65        4      
       IO_cntrl.obj                   520     0         3      
       DS3231.obj                     460     0         0      
       SysTick_Timer.obj              360     0         22     
       delay.obj                      44      0         0      
       SPI.obj                        30      0         0      
    +--+------------------------------+-------+---------+---------+
       Total:                         23324   162       8136   
                                                               
    .\Sources\UIPEthernet\
       UIPClient.obj                  1846    267       127    
       Dhcp.obj                       2114    43        21     
       UIPEthernet.obj                1572    10        121    
       UIPUdp.obj                     1122    273       8      
       Dns.obj                        1124    4         8      
       UIPServer.obj                  504     135       8      
    +--+------------------------------+-------+---------+---------+
       Total:                         8282    732       293    
                                                               
    .\Sources\UIPEthernet\mbed\
       Print.obj                      992     31        0      
       IPAddress.obj                  212     47        8      
       itoa.obj                       230     0         0      
       millis.obj                     28      0         4      
    +--+------------------------------+-------+---------+---------+
       Total:                         1462    78        12     
                                                               
    .\Sources\UIPEthernet\utility\
       uip.obj                        3808    8         355    
       Enc28J60Network.obj            2032    0         12     
       uip_arp.obj                    1012    10        104    
       mempool.obj                    352     0         560    
    +--+------------------------------+-------+---------+---------+
       Total:                         7204    18        1031   
                                                               
    C:/ti/TivaWare_C_Series-2.2.0.295/driverlib/ccs/Debug/driverlib.lib
       gpio.obj                       774     144       0      
       sysctl.obj                     770     108       0      
       eeprom.obj                     444     0         0      
       adc.obj                        324     0         0      
       uart.obj                       194     0         0      
       i2c.obj                        142     0         0      
       interrupt.obj                  120     20        0      
       ssi.obj                        102     0         0      
       systick.obj                    56      0         0      
       cpu.obj                        12      0         0      
    +--+------------------------------+-------+---------+---------+
       Total:                         2938    272       0      
                                                               
    C:\ti\ccs1110\ccs\tools\compiler\ti-cgt-arm_20.2.6.LTS\lib\rtsv7M4_T_le_v4SPD16_eabi.lib
       mktime64.c.obj                 696     96        0      
       memory.c.obj                   672     0         8      
       fd_add_t2.asm.obj              438     0         0      
       trgmsg.c.obj                   108     0         288    
       fd_div_t2.asm.obj              310     0         0      
       fd_cmp_t2.asm.obj              268     0         0      
       ctype.c.obj                    0       257       0      
       fd_mul_t2.asm.obj              252     0         0      
       typeinfo.c.obj                 54      193       0      
       dtor_list.c.obj                204     0         8      
       memcpy_t2.asm.obj              156     0         0      
       ull_div_t2.asm.obj             150     0         0      
       memset_t2.asm.obj              122     0         0      
       ll_div_t2.asm.obj              110     0         0      
       copy_decompress_lzss.c.obj     104     0         0      
       autoinit.c.obj                 96      0         0      
       hosttime.c.obj                 96      0         0      
       i_divt2.asm.obj                94      0         0      
       rand.c.obj                     88      0         4      
       exit.c.obj                     76      0         12     
       atoi.c.obj                     76      0         0      
       fd_toi_t2.asm.obj              72      0         0      
       fd_tou_t2.asm.obj              68      0         0      
       u_divt2.asm.obj                64      0         0      
       boot_cortex_m.c.obj            52      0         0      
       strstr.c.obj                   52      0         0      
       i_tofd_t2.asm.obj              46      0         0      
       strncmp.c.obj                  44      0         0      
       memcmp.c.obj                   36      0         0      
       u_tofd_t2.asm.obj              32      0         0      
       ll_mul_t2.asm.obj              24      0         0      
       strcmp.c.obj                   24      0         0      
       stdlib_typeinfo.cpp.obj        2       21        0      
       guard.c.obj                    22      0         0      
       strlen.c.obj                   20      0         0      
       time64.c.obj                   16      0         0      
       tmzone.c.obj                   0       0         16     
       copy_decompress_none.c.obj     14      0         0      
       copy_zero_init.c.obj           12      0         0      
       new.cpp.obj                    12      0         0      
       _lock.c.obj                    2       0         8      
       hostopen.c.obj                 0       0         8      
       pure_virt.c.obj                6       0         0      
       error.c.obj                    4       0         0      
       pre_init.c.obj                 4       0         0      
       div0.asm.obj                   2       0         0      
    +--+------------------------------+-------+---------+---------+
       Total:                         4800    567       352    
                                                               
       Heap:                          0       0         16     
       Stack:                         0       0         6144   
       Linker Generated:              0       114       0      
    +--+------------------------------+-------+---------+---------+
       Grand Total:                   48022   2563      15984  


LINKER GENERATED COPY TABLES

__TI_cinit_table @ 0000c5a0 records: 2, size/record: 8, table size: 16
	.data: load addr=0000c538, load size=0000004e bytes, run addr=20003dc8, run size=0000009c bytes, compression=lzss
	.bss: load addr=0000c598, load size=00000008 bytes, run addr=20000000, run size=000025c6 bytes, compression=zero_init


LINKER GENERATED HANDLER TABLE

__TI_handler_table @ 0000c588 records: 3, size/record: 4, table size: 12
	index: 0, handler: __TI_decompress_lzss
	index: 1, handler: __TI_decompress_none
	index: 2, handler: __TI_zero_init


GLOBAL SYMBOLS: SORTED ALPHABETICALLY BY Name 

address   name                                                              
-------   ----                                                              
0000bd0d  ADCIntClear                                                       
0000b871  ADCIntStatus                                                      
0000ba8f  ADCProcessorTrigger                                               
0000b259  ADCSequenceConfigure                                              
0000ba01  ADCSequenceDataGet                                                
0000bc11  ADCSequenceEnable                                                 
0000adeb  ADCSequenceStepConfigure                                          
20003e30  ADC_RAW_MAX                                                       
200024ca  Alarms                                                            
0000be01  C$$EXIT                                                           
0000b6c7  C$$IO$$                                                           
0000bcb9  CPUcpsie                                                          
00006d41  DEBUGUARTIntHandler                                               
00006cdd  DISPLAYUARTIntHandler                                             
0000b531  EEPROMInit                                                        
0000aae9  EEPROMProgram                                                     
0000b629  EEPROMRead                                                        
20003e2c  ENC28J60ControlCS                                                 
20001eba  EXTI_cnt                                                          
20002470  Eclient                                                           
000097a5  GPIODIntHandler                                                   
0000b8cd  GPIODirModeSet                                                    
0000bd89  GPIOIntClear                                                      
0000bcc5  GPIOIntEnable                                                     
0000bc1f  GPIOIntStatus                                                     
0000b1af  GPIOIntTypeSet                                                    
00009d79  GPIOPadConfigSet                                                  
0000b2a9  GPIOPinConfigure                                                  
0000bd8f  GPIOPinRead                                                       
0000bad7  GPIOPinTypeADC                                                    
0000baed  GPIOPinTypeGPIOInput                                              
0000ba75  GPIOPinTypeGPIOOutput                                             
0000bb03  GPIOPinTypeI2C                                                    
0000bb19  GPIOPinTypeI2CSCL                                                 
0000bb2f  GPIOPinTypeSSI                                                    
0000bb45  GPIOPinTypeUART                                                   
0000bd95  GPIOPinWrite                                                      
0000b091  HOSTtime64                                                        
0000bd49  I2CMasterBusy                                                     
0000bdd1  I2CMasterControl                                                  
0000bdd5  I2CMasterDataGet                                                  
0000bdd9  I2CMasterDataPut                                                  
0000bd17  I2CMasterEnable                                                   
0000b2f5  I2CMasterInitExpClk                                               
0000bd51  I2CMasterSlaveAddrSet                                             
0000bc2d  I2CRxFIFOFlush                                                    
0000bc3b  I2CTxFIFOFlush                                                    
0000afc1  IntEnable                                                         
0000bbd1  IntMasterEnable                                                   
00006c79  LTEUARTIntHandler                                                 
0000bd01  ResetISR                                                          
0000c514  SHT$$INIT_ARRAY$$Base                                             
0000c538  SHT$$INIT_ARRAY$$Limit                                            
0000b5b1  SSIConfigSetExpClk                                                
0000bbad  SSIDataGetNonBlocking                                             
0000bc49  SSIDataPutNonBlocking                                             
0000bd21  SSIEnable                                                         
0000a441  SysCtlClockGet                                                    
0000a755  SysCtlClockSet                                                    
0000bd9b  SysCtlDelay                                                       
0000b6d1  SysCtlPeripheralDisable                                           
0000b705  SysCtlPeripheralEnable                                            
0000b661  SysCtlPeripheralReady                                             
0000b209  SysCtlPeripheralReset                                             
0000bb5d  SysTickEnable                                                     
0000bb71  SysTickIntEnable                                                  
00009f17  SysTickIntHandler                                                 
0000bbe1  SysTickPeriodSet                                                  
0000ba67  SysTick_Handler                                                   
20002459  System_mode                                                       
200024d6  Telecom_Ethernet                                                  
20002588  Telecom_server_query                                              
0000bd59  UARTBusy                                                          
0000bc57  UARTCharGetNonBlocking                                            
0000bc65  UARTCharPutNonBlocking                                            
0000bc73  UARTCharsAvail                                                    
0000b41d  UARTConfigSetExpClk                                               
0000b9c1  UARTDisable                                                       
0000bb85  UARTEnable                                                        
0000bddd  UARTIntClear                                                      
0000bd61  UARTIntEnable                                                     
0000bd2b  UARTIntStatus                                                     
200023a7  UIPEthernet                                                       
000084b3  _Z10GetAdcDatav                                                   
00009b6d  _Z10I2CReceivev                                                   
0000979b  _Z10ToggleLEDsv                                                   
00003a05  _Z10asUnixTimeiiiiii                                              
00002ef1  _Z10getREQmodev                                                   
00009259  _Z10my_sprintfPciz                                                
0000242f  _Z10setREQmode13gprs_status_t                                     
00003907  _Z10update_rtcPci                                                 
00000bc1  _Z10ws_connectv                                                   
0000093d  _Z10ws_disconnv                                                   
00006c15  _Z11Usendbufferj                                                  
00009231  _Z11count_commaPct                                                
00009213  _Z11getChecksumPhc                                                
000031fd  _Z11getDateTimev                                                  
0000a1b9  _Z11get_rx_dataPc                                                 
00003f8d  _Z11gps_handlerv                                                  
0000701d  _Z11init_configv                                                  
0000a2f5  _Z11setNWstatus13gprs_status_t                                    
00009b0b  _Z11vRTCI2CInitv                                                  
000080f1  _Z12ADC_PortIniti                                                 
000029f5  _Z12Query_decodePcPKcS_i                                          
0000383b  _Z12calcTimeDiff12time_stamp_tS_                                  
0000a1e1  _Z12check_stringPKcPcPi                                           
0000a2ed  _Z12getNW_statusv                                                 
00007307  _Z12getRAM_Alarmv                                                 
00003d15  _Z12get_locationv                                                 
00000521  _Z12get_pkt_recvv                                                 
00003675  _Z12is_leap_yearh                                                 
00002cfd  _Z12server_queryv                                                 
00006ffd  _Z12setRAM_Alarm16Alarm_sts_bits_tb                               
0000039b  _Z12set_pkt_recvb                                                 
00009773  _Z12vEXTIpinInitv                                                 
00009767  _Z12vGPIO_Togglejhh                                               
00009659  _Z12vLEDGPIOInitv                                                 
00006ad7  _Z12vLTEUARTInitv                                                 
0000ba1f  _Z13SPI_transrecvjh                                               
000036c9  _Z13add_date_timeP12time_stamp_tS0_j                              
0000918f  _Z13delete_SubStrPcS_c                                            
00001279  _Z13ethernet_initv                                                
00006a21  _Z13flushRxBufferi                                                
00006a45  _Z13flushTxBufferi                                                
00007301  _Z13getRAM_Statusv                                                
00004b7f  _Z13get_device_idv                                                
000072e1  _Z13setRAM_Statushb                                               
00004af1  _Z13set_device_idPc                                               
00009f07  _Z13vMAIN_DelayMSj                                                
00006c01  _Z13vUART_SendChrjh                                               
00006be3  _Z13vUART_SendIntji                                               
00006bc1  _Z13vUART_SendStrjPKh                                             
000035a5  _Z14StrToTimeStampPh                                              
0000063d  _Z14ether_tcp_sendPci                                             
0000352f  _Z14getDaysOfMonthcj                                              
00003d09  _Z14get_gps_statusv                                               
00003d03  _Z14set_gps_status12gps_status_t                                  
00006a8b  _Z14vDEBUGUARTInitv                                               
00006eed  _Z14write_defaultsj                                               
00008dc9  _Z15Data_Screen_lcdv                                              
00001175  _Z15HTTP_valid_codePc                                             
000034ab  _Z15check_date_timePcS_                                           
00005445  _Z15ether_cs_activev                                              
00000785  _Z15ether_ping_sendv                                              
0000a2c1  _Z15generateMaskKeyPh                                             
0000a2b7  _Z15getServerStatusv                                              
0000a2ad  _Z15get_upload_datav                                              
0000a2a5  _Z15get_webconn_stsv                                              
00003a41  _Z15gps_pkt_parsingP10gps_info_tPc                                
0000a29d  _Z15setServerStatus13gprs_status_t                                
0000a295  _Z15set_upload_data13upload_data_t                                
0000a28d  _Z15set_webconn_stsh                                              
000070d1  _Z15update_ram_datav                                              
0000969f  _Z15vGPIOPortEnablev                                              
00004ac9  _Z15vPERIPH_E2PInitv                                              
00006b9b  _Z15vUART_SendBytesjPKhj                                          
00008d1f  _Z16PrepareLcdBufferPhcc                                          
00008481  _Z16calculate_AC_ADCv                                             
00007753  _Z16decodeMsgPC_Uartv                                             
00000abb  _Z16ether_valid_codePc                                            
00000e5d  _Z16ethernet_handlerv                                             
00002365  _Z16getClientMSGTypev                                             
00002733  _Z16getServerReqTypev                                             
00003487  _Z16get_present_timeP12time_stamp_t                               
00007399  _Z16get_system_statev                                             
0000273b  _Z16setClientMSGType21client_message_type_t                       
0000278f  _Z16setServerReqType21server_request_type_t                       
0000744d  _Z16set_system_state10sys_mode_t                                  
00003129  _Z16update_date_timev                                             
00006b39  _Z16vDISPLAYUARTInitv                                             
000005b9  _Z16vETHERNETSPIInitv                                             
00009671  _Z16vGPIO_UnlockGPIOjh                                            
00009659  _Z16vPERIPH_GPIOInitv                                             
00006b8b  _Z16vPERIPH_UARTInitv                                             
0000236f  _Z16websocket_packetPh                                            
00002743  _Z17HandleQueryStatesv                                            
000030d1  _Z17check_expire_time12time_stamp_tS_                             
000049d1  _Z17cloud_config_datav                                            
00004913  _Z17e2p_read_cfg_timev                                            
000048a9  _Z17e2p_read_locationv                                            
0000544f  _Z17ether_cs_inactivev                                            
00000549  _Z17ether_tcp_connectv                                            
00009139  _Z17generateRandomKeyiPc                                          
00008455  _Z17getBatteryVoltagev                                            
00008425  _Z17getChargerVoltagev                                            
00002441  _Z17prepare_JSON_pcktv                                            
00007731  _Z17tx_pending_dataPCv                                            
00006eb5  _Z17vPERIPH_ClockInitv                                            
0000a277  _Z18check_string_nobufPKc                                         
00003081  _Z18convertToEpochTimePK12time_stamp_t                            
00004841  _Z18e2p_read_cloud_cfgv                                           
000047dd  _Z18e2p_write_cfg_timev                                           
0000458b  _Z18e2p_write_locationv                                           
00000529  _Z18ether_respos_recvdPc                                          
000047b3  _Z18get_fixed_locationv                                           
00002705  _Z18prepare_server_pktv                                           
000045cd  _Z18set_fixed_locationPc                                          
00009631  _Z18vInput_PollingReadv                                           
0000303f  _Z19check_dateTime_dataP12time_stamp_t                            
00004537  _Z19e2p_read_device_cfgv                                          
000043b9  _Z19e2p_write_cloud_cfgv                                          
00000515  _Z19flush_ether_rx_buffv                                          
000002d3  _Z19flush_ether_tx_buffv                                          
0000a1b3  _Z19get_gprs_connct_stsv                                          
0000235f  _Z19get_pending_requestv                                          
0000a1ad  _Z19set_gprs_connct_stsh                                          
00002359  _Z19set_pending_requestb                                          
00009611  _Z19vInit_InputTestpinsv                                          
00009eeb  _Z19vPERIPH_SystickInitv                                          
00004509  _Z20e2p_write_device_cfgv                                         
000083f5  _Z20getRouter1_DCvoltagev                                         
000083c3  _Z20getRouter2_DCvoltagev                                         
00008399  _Z21getRouter1_DC_currentv                                        
00008371  _Z21getRouter2_DC_currentv                                        
0000050f  _Z21get_ethernet_NWstatusv                                        
00000503  _Z21set_ethernet_NWstatush                                        
000003a3  _Z22check_ethernet_messagev                                       
000002df  _Z22ether_websocket_packetPh                                      
000002c7  _Z22ethernet_pong_receivedPh                                      
000002b9  _Z22resetEther_SubHandlersv                                       
0000b4ed  _Z23__finalize_destructionsPP20a_needed_destructionPv             
000044b5  _Z23e2p_read_voltage_configv                                      
000002b3  _Z23get_ethernet_connct_stsv                                      
000002a7  _Z23set_ethernet_connct_stsh                                      
000069e7  _Z23vUART_CheckFrameTimeouti                                      
00004477  _Z24e2p_write_voltage_configv                                     
000073a1  _Z24preparePC_ResponsePacket5cmd_tPchii                           
0000b465  _Z25__add_destruction_to_listPP20a_needed_destructionPFYvPvES2_S2_
00009111  _Z25count_doubleSquareBracketPcj                                  
00006971  _Z25prepare_graphical_tx_buffjPch                                 
00006ebb  _Z26vMAIN_InitClockPeripheralsv                                   
00005b71  _Z36enc28J60_mempool_block_move_callbackttt                       
00004473  _Z7get_urlv                                                       
00002ffd  _Z7isDT_okv                                                       
00008285  _Z7readADCh                                                       
000090a3  _Z7reversePci                                                     
000043e9  _Z7set_urlPc                                                      
00009a67  _Z8Read_RTCPhh                                                    
000090c9  _Z8intToStriPci                                                   
0000745d  _Z8response5cmd_ti                                                
0000b8f9  _Z8sleep_usi                                                      
000099f5  _Z9Write_RTCPhh                                                   
00008ce9  _Z9clear_lcdv                                                     
00009ee5  _Z9my_millisv                                                     
00009069  _Z9my_strstrPKcS0_i                                               
000082bb  _Z9updateADC14ADC_Channels_th                                     
00008227  _Z9vADC0Initv                                                     
0000a0d9  _ZN10MemoryPool10allocBlockEt                                     
0000a0c3  _ZN10MemoryPool11resizeBlockEht                                   
0000a0af  _ZN10MemoryPool11resizeBlockEhtt                                  
0000a091  _ZN10MemoryPool4initEv                                            
20001464  _ZN10MemoryPool6blocksE                                           
0000a083  _ZN10MemoryPool9blockSizeEh                                       
0000a04d  _ZN10MemoryPool9freeBlockEh                                       
0000bc81  _ZN10__cxxabiv117__class_type_infoD0Ev                            
0000bde1  _ZN10__cxxabiv117__class_type_infoD1Ev                            
0000bde1  _ZN10__cxxabiv117__class_type_infoD2Ev                            
0000bc8f  _ZN10__cxxabiv120__si_class_type_infoD0Ev                         
0000bde5  _ZN10__cxxabiv120__si_class_type_infoD1Ev                         
0000bde5  _ZN10__cxxabiv120__si_class_type_infoD2Ev                         
0000bc9d  _ZN10__cxxabiv121__vmi_class_type_infoD0Ev                        
0000bde9  _ZN10__cxxabiv121__vmi_class_type_infoD1Ev                        
0000bde9  _ZN10__cxxabiv121__vmi_class_type_infoD2Ev                        
00005be3  _ZN15Enc28J60Network10copyPacketEhthtt                            
00005951  _ZN15Enc28J60Network10freePacketEv                                
00005b63  _ZN15Enc28J60Network10linkStatusEv                                
00005b19  _ZN15Enc28J60Network10readBufferEtPh                              
00005b4d  _ZN15Enc28J60Network10readPacketEhtPht                            
2000256c  _ZN15Enc28J60Network10receivePktE                                 
00005a77  _ZN15Enc28J60Network10sendPacketEh                                
00005951  _ZN15Enc28J60Network10setERXRDPTEv                                
000056c5  _ZN15Enc28J60Network10setReadPtrEhtt                              
000058cf  _ZN15Enc28J60Network11readRegByteEh                               
00005a0d  _ZN15Enc28J60Network11writeBufferEtPh                             
00005a45  _ZN15Enc28J60Network11writePacketEhtPht                           
000058b9  _ZN15Enc28J60Network12writeRegByteEhh                             
000054ad  _ZN15Enc28J60Network12writeRegPairEht                             
2000245a  _ZN15Enc28J60Network13nextPacketPtrE                              
00005967  _ZN15Enc28J60Network13receivePacketEv                             
00005931  _ZN15Enc28J60Network15enableBroadcastEb                           
0000591d  _ZN15Enc28J60Network15enableMulticastEv                           
000058f5  _ZN15Enc28J60Network16disableBroadcastEb                          
000058e1  _ZN15Enc28J60Network16disableMulticastEv                          
20003e2f  _ZN15Enc28J60Network17broadcast_enabledE                          
20003e2d  _ZN15Enc28J60Network4bankE                                        
000057b1  _ZN15Enc28J60Network4initEPh                                      
00005709  _ZN15Enc28J60Network6chksumEthtt                                  
000056bb  _ZN15Enc28J60Network6clkoutEh                                     
20003e2e  _ZN15Enc28J60Network6erevidE                                      
00005535  _ZN15Enc28J60Network6readOpEhh                                    
0000569f  _ZN15Enc28J60Network7initSPIEv                                    
00005583  _ZN15Enc28J60Network7phyReadEh                                    
0000567b  _ZN15Enc28J60Network7powerOnEv                                    
00005571  _ZN15Enc28J60Network7readRegEh                                    
00005483  _ZN15Enc28J60Network7setBankEh                                    
00005459  _ZN15Enc28J60Network7writeOpEhhh                                  
0000564f  _ZN15Enc28J60Network8phyWriteEht                                  
00005621  _ZN15Enc28J60Network8powerOffEv                                   
000055f7  _ZN15Enc28J60Network8readByteEt                                   
0000551f  _ZN15Enc28J60Network8writeRegEhh                                  
000055cd  _ZN15Enc28J60Network9PhyStatusEv                                  
000054fd  _ZN15Enc28J60Network9blockSizeEh                                  
000054f7  _ZN15Enc28J60Network9geterevidEv                                  
000054cf  _ZN15Enc28J60Network9writeByteEth                                 
00006919  _ZN16UIPEthernetClass10linkStatusEv                               
000068e7  _ZN16UIPEthernetClass10subnetMaskEv                               
20003e3a  _ZN16UIPEthernetClass10uip_hdrlenE                                
20003e39  _ZN16UIPEthernetClass10uip_packetE                                
000068d7  _ZN16UIPEthernetClass11dnsServerIPEv                              
20003e3b  _ZN16UIPEthernetClass11packetstateE                               
00006879  _ZN16UIPEthernetClass12dhcp_handlerEv                             
000064db  _ZN16UIPEthernetClass12network_sendEv                             
00006859  _ZN16UIPEthernetClass14hardwareStatusEv                           
2000258c  _ZN16UIPEthernetClass14periodic_timerE                            
20002534  _ZN16UIPEthernetClass17_dnsServerAddressE                         
00006389  _ZN16UIPEthernetClass18upper_layer_chksumEh                       
00006853  _ZN16UIPEthernetClass4initEh                                      
00006537  _ZN16UIPEthernetClass4tickEv                                      
20003e3c  _ZN16UIPEthernetClass5_dhcpE                                      
0000683f  _ZN16UIPEthernetClass5beginEPKh                                   
00006815  _ZN16UIPEthernetClass5beginEPKh9IPAddress                         
000067dd  _ZN16UIPEthernetClass5beginEPKh9IPAddressS2_                      
00006781  _ZN16UIPEthernetClass5beginEPKh9IPAddressS2_S2_                   
00006739  _ZN16UIPEthernetClass5beginEPKh9IPAddressS2_S2_S2_                
0000634d  _ZN16UIPEthernetClass6chksumEtPKht                                
000066f9  _ZN16UIPEthernetClass7localIPEv                                   
000066bd  _ZN16UIPEthernetClass7netInitEPKh                                 
000063fd  _ZN16UIPEthernetClass8ipchksumEv                                  
0000665d  _ZN16UIPEthernetClass8maintainEv                                  
00006475  _ZN16UIPEthernetClass9configureE9IPAddressS0_S0_S0_               
0000644d  _ZN16UIPEthernetClass9gatewayIPEv                                 
20003e38  _ZN16UIPEthernetClass9in_packetE                                  
0000644b  _ZN16UIPEthernetClassC1Ev                                         
0000644b  _ZN16UIPEthernetClassC2Ev                                         
00008a8d  _ZN5Print10printFloatEdh                                          
00008945  _ZN5Print11printNumberEmh                                         
00008c85  _ZN5Print5printEPK19__FlashStringHelper                           
00008a6b  _ZN5Print5printEPKc                                               
00008c49  _ZN5Print5printERK6String                                         
00008c25  _ZN5Print5printERK9Printable                                      
000089bf  _ZN5Print5printEc                                                 
00008be7  _ZN5Print5printEdi                                                
00008a53  _ZN5Print5printEhi                                                
00008a3b  _ZN5Print5printEii                                                
00008a23  _ZN5Print5printEji                                                
000089c9  _ZN5Print5printEli                                                
00008995  _ZN5Print5printEmi                                                
00008909  _ZN5Print5writeEPKhj                                              
00008c99  _ZN5Print7printlnEPK19__FlashStringHelper                         
00008c71  _ZN5Print7printlnEPKc                                             
00008c57  _ZN5Print7printlnERK6String                                       
00008c35  _ZN5Print7printlnERK9Printable                                    
00008c11  _ZN5Print7printlnEc                                               
00008bf5  _ZN5Print7printlnEdi                                              
00008a57  _ZN5Print7printlnEhi                                              
00008a3f  _ZN5Print7printlnEii                                              
00008a27  _ZN5Print7printlnEji                                              
00008a0f  _ZN5Print7printlnEli                                              
000089ab  _ZN5Print7printlnEmi                                              
00008935  _ZN5Print7printlnEv                                               
0000bda1  _ZN6ClientD0Ev                                                    
00009d77  _ZN6ClientD1Ev                                                    
0000bda7  _ZN6ServerD0Ev                                                    
0000a43f  _ZN6ServerD1Ev                                                    
00007de5  _ZN6UIPUDP10remotePortEv                                          
00007f09  _ZN6UIPUDP11beginPacketE9IPAddresst                               
0000803d  _ZN6UIPUDP11beginPacketEPKct                                      
00007e89  _ZN6UIPUDP11parsePacketEv                                         
00007e13  _ZN6UIPUDP4peekEv                                                 
0000bd35  _ZN6UIPUDP4readEPcj                                               
00007e3f  _ZN6UIPUDP4readEPhj                                               
0000809f  _ZN6UIPUDP4readEv                                                 
00007fad  _ZN6UIPUDP4stopEv                                                 
00007d33  _ZN6UIPUDP5_sendEP18uip_udp_userdata_t                            
00007ff9  _ZN6UIPUDP5beginEt                                                
00007df9  _ZN6UIPUDP5flushEv                                                
00007ead  _ZN6UIPUDP5writeEPKhj                                             
000080c1  _ZN6UIPUDP5writeEh                                                
00007dbf  _ZN6UIPUDP8remoteIPEv                                             
00007da9  _ZN6UIPUDP9availableEv                                            
00007d65  _ZN6UIPUDP9endPacketEv                                            
00007ed3  _ZN6UIPUDPC1Ev                                                    
00007ed3  _ZN6UIPUDPC2Ev                                                    
00007b09  _ZN9DNSClient12BuildRequestEPKc                                   
00007bf1  _ZN9DNSClient13getHostByNameEPKcR9IPAddress                       
000078bb  _ZN9DNSClient15ProcessResponseEtR9IPAddress                       
000078b1  _ZN9DNSClient5beginERK9IPAddress                                  
0000784f  _ZN9DNSClient9inet_atonEPKcR9IPAddress                            
0000536d  _ZN9DhcpClass10checkLeaseEv                                       
0000535d  _ZN9DhcpClass10getLocalIpEv                                       
00005357  _ZN9DhcpClass12getGatewayIpEv                                     
00004c4f  _ZN9DhcpClass12presend_DHCPEv                                     
000052f1  _ZN9DhcpClass13beginWithDHCPEPh                                   
000052eb  _ZN9DhcpClass13getSubnetMaskEv                                    
000052e5  _ZN9DhcpClass14getDnsServerIpEv                                   
000052df  _ZN9DhcpClass15getDhcpServerIpEv                                  
000052d5  _ZN9DhcpClass16reset_DHCP_leaseEv                                 
00004c51  _ZN9DhcpClass17parseDHCPResponseERj                               
00004f3d  _ZN9DhcpClass17send_DHCP_MESSAGEEht                               
00005161  _ZN9DhcpClass18request_DHCP_leaseEv                               
00004c2b  _ZN9DhcpClass9printByteEPch                                       
0000aac5  _ZN9IPAddressC1EPKh                                               
0000aa15  _ZN9IPAddressC1Ehhhh                                              
0000aab9  _ZN9IPAddressC1Ej                                                 
0000aaab  _ZN9IPAddressC1Ev                                                 
0000aac5  _ZN9IPAddressC2EPKh                                               
0000aa15  _ZN9IPAddressC2Ehhhh                                              
0000aab9  _ZN9IPAddressC2Ej                                                 
0000aaab  _ZN9IPAddressC2Ev                                                 
0000bdad  _ZN9IPAddressD0Ev                                                 
0000a92f  _ZN9IPAddressD1Ev                                                 
0000aaa3  _ZN9IPAddressaSEPKh                                               
0000aa9f  _ZN9IPAddressaSEj                                                 
0000bdb3  _ZN9PrintableD0Ev                                                 
0000aedf  _ZN9PrintableD1Ev                                                 
00005e8d  _ZN9UIPClient10_availableEP14uip_userdata_t                       
000062f1  _ZN9UIPClient10remotePortEv                                       
00005c87  _ZN9UIPClient12_flushBlocksEPh                                    
00005c35  _ZN9UIPClient13_allocateDataEv                                    
00005ed9  _ZN9UIPClient13_currentBlockEPh                                   
00005fb7  _ZN9UIPClient17availableForWriteEv                                
00006215  _ZN9UIPClient4peekEv                                              
00006165  _ZN9UIPClient4readEPhj                                            
00006139  _ZN9UIPClient4readEv                                              
00005ea7  _ZN9UIPClient4stopEv                                              
00006247  _ZN9UIPClient5flushEv                                             
00005f8b  _ZN9UIPClient5writeEPKhj                                          
00005f97  _ZN9UIPClient5writeEh                                             
00005f01  _ZN9UIPClient6_writeEP14uip_userdata_tPKhj                        
00006009  _ZN9UIPClient7connectE9IPAddresst                                 
000060d9  _ZN9UIPClient7connectEPKct                                        
20002184  _ZN9UIPClient8all_dataE                                           
000062c3  _ZN9UIPClient8remoteIPEv                                          
00005c69  _ZN9UIPClient9_eatBlockEPh                                        
00006267  _ZN9UIPClient9availableEv                                         
00005e73  _ZN9UIPClient9connectedEv                                         
000062a5  _ZN9UIPClientC1EP14uip_userdata_t                                 
00006289  _ZN9UIPClientC1Ev                                                 
000062a5  _ZN9UIPClientC2EP14uip_userdata_t                                 
00006289  _ZN9UIPClientC2Ev                                                 
0000bdb9  _ZN9UIPClientD0Ev                                                 
0000afbf  _ZN9UIPClientD1Ev                                                 
00005e51  _ZN9UIPClientcvbEv                                                
00005fe9  _ZN9UIPClienteqERKS_                                              
0000bbbf  _ZN9UIPClientneERKS_                                              
0000998f  _ZN9UIPServer3endEv                                               
00009963  _ZN9UIPServer5beginEt                                             
00009833  _ZN9UIPServer5beginEv                                             
0000991d  _ZN9UIPServer5writeEPKhj                                          
0000997b  _ZN9UIPServer5writeEh                                             
000098c9  _ZN9UIPServer6acceptEv                                            
0000987d  _ZN9UIPServer9availableEv                                         
00009851  _ZN9UIPServerC1Et                                                 
00009851  _ZN9UIPServerC2Et                                                 
0000bdbf  _ZN9UIPServerD0Ev                                                 
0000b207  _ZN9UIPServerD1Ev                                                 
0000984d  _ZN9UIPServercvbEv                                                
0000aa5f  _ZNK9IPAddress7printToER5Print                                    
0000aa47  _ZNK9IPAddresseqEPKh                                              
0000b2a7  _ZNSt9type_infoD1Ev                                               
0000b2a7  _ZNSt9type_infoD2Ev                                               
0000be01  _ZSt17__throw_bad_allocv                                          
0000c49c  _ZTI3UDP                                                          
0000c4a4  _ZTI5Print                                                        
0000c4ac  _ZTI6Client                                                       
0000c4b4  _ZTI6Server                                                       
0000c314  _ZTI6UIPUDP                                                       
0000c430  _ZTI9IPAddress                                                    
0000c4bc  _ZTI9Printable                                                    
0000c334  _ZTI9UIPClient                                                    
0000c354  _ZTI9UIPServer                                                    
0000c43c  _ZTIN10__cxxabiv117__class_type_infoE                             
0000c448  _ZTIN10__cxxabiv120__si_class_type_infoE                          
0000c454  _ZTIN10__cxxabiv121__vmi_class_type_infoE                         
0000c4c4  _ZTISt9type_info                                                  
0000c503  _ZTS3UDP                                                          
0000c4e4  _ZTS5Print                                                        
0000c4cc  _ZTS6Client                                                       
0000c4d4  _ZTS6Server                                                       
[...]
0000b571  __aeabi_uidiv                                                     
0000b571  __aeabi_uidivmod                                                  
0000b5b1  SSIConfigSetExpClk                                                
0000b629  EEPROMRead                                                        
0000b661  SysCtlPeripheralReady                                             
0000b699  __TI_writemsg                                                     
0000b6c7  C$$IO$$                                                           
0000b6d1  SysCtlPeripheralDisable                                           
0000b705  SysCtlPeripheralEnable                                            
0000b76d  __TI_readmsg                                                      
0000b7a1  __aeabi_atexit                                                    
0000b7d5  _c_int00_noargs                                                   
0000b809  rand                                                              
0000b83d  strstr                                                            
0000b871  ADCIntStatus                                                      
0000b89f  __aeabi_i2d                                                       
0000b8cd  GPIODirModeSet                                                    
0000b8f9  _Z8sleep_usi                                                      
0000b925  strncmp                                                           
0000b979  memcmp                                                            
0000b99d  srand                                                             
0000b9c1  UARTDisable                                                       
0000b9e1  __aeabi_ui2d                                                      
0000ba01  ADCSequenceDataGet                                                
0000ba1f  _Z13SPI_transrecvjh                                               
0000ba59  millis_start                                                      
0000ba61  millis                                                            
0000ba67  SysTick_Handler                                                   
0000ba75  GPIOPinTypeGPIOOutput                                             
0000ba8f  ADCProcessorTrigger                                               
0000baa7  __aeabi_lmul                                                      
0000babf  strcmp                                                            
0000bad7  GPIOPinTypeADC                                                    
0000baed  GPIOPinTypeGPIOInput                                              
0000bb03  GPIOPinTypeI2C                                                    
0000bb19  GPIOPinTypeI2CSCL                                                 
0000bb2f  GPIOPinTypeSSI                                                    
0000bb45  GPIOPinTypeUART                                                   
0000bb5d  SysTickEnable                                                     
0000bb71  SysTickIntEnable                                                  
0000bb85  UARTEnable                                                        
0000bb99  strlen                                                            
0000bbad  SSIDataGetNonBlocking                                             
0000bbbf  _ZN9UIPClientneERKS_                                              
0000bbd1  IntMasterEnable                                                   
0000bbe1  SysTickPeriodSet                                                  
0000bc01  __time64                                                          
0000bc11  ADCSequenceEnable                                                 
0000bc1f  GPIOIntStatus                                                     
0000bc2d  I2CRxFIFOFlush                                                    
0000bc3b  I2CTxFIFOFlush                                                    
0000bc49  SSIDataPutNonBlocking                                             
0000bc57  UARTCharGetNonBlocking                                            
0000bc65  UARTCharPutNonBlocking                                            
0000bc73  UARTCharsAvail                                                    
0000bc81  _ZN10__cxxabiv117__class_type_infoD0Ev                            
0000bc8f  _ZN10__cxxabiv120__si_class_type_infoD0Ev                         
0000bc9d  _ZN10__cxxabiv121__vmi_class_type_infoD0Ev                        
0000bcab  __TI_decompress_none                                              
0000bcb9  CPUcpsie                                                          
0000bcc5  GPIOIntEnable                                                     
0000bcd1  _ZThn8_N6UIPUDP4readEPcj                                          
0000bcdd  __cxa_finalize                                                    
0000bce9  __cxa_guard_acquire                                               
0000bcf5  __TI_zero_init                                                    
0000bd01  ResetISR                                                          
0000bd0d  ADCIntClear                                                       
0000bd17  I2CMasterEnable                                                   
0000bd21  SSIEnable                                                         
0000bd2b  UARTIntStatus                                                     
0000bd35  _ZN6UIPUDP4readEPcj                                               
0000bd3f  __cxa_guard_release                                               
0000bd49  I2CMasterBusy                                                     
0000bd51  I2CMasterSlaveAddrSet                                             
0000bd59  UARTBusy                                                          
0000bd61  UARTIntEnable                                                     
0000bd69  _ZThn8_N9UIPClientD0Ev                                            
0000bd71  _ZThn8_N9UIPServerD0Ev                                            
0000bd79  _ZdlPv                                                            
0000bd81  malloc                                                            
0000bd89  GPIOIntClear                                                      
0000bd8f  GPIOPinRead                                                       
0000bd95  GPIOPinWrite                                                      
0000bd9b  SysCtlDelay                                                       
0000bda1  _ZN6ClientD0Ev                                                    
0000bda7  _ZN6ServerD0Ev                                                    
0000bdad  _ZN9IPAddressD0Ev                                                 
0000bdb3  _ZN9PrintableD0Ev                                                 
0000bdb9  _ZN9UIPClientD0Ev                                                 
0000bdbf  _ZN9UIPServerD0Ev                                                 
0000bdc5  __cxa_ia64_exit                                                   
0000bdcb  __cxa_pure_virtual                                                
0000bdd1  I2CMasterControl                                                  
0000bdd5  I2CMasterDataGet                                                  
0000bdd9  I2CMasterDataPut                                                  
0000bddd  UARTIntClear                                                      
0000bde1  _ZN10__cxxabiv117__class_type_infoD1Ev                            
0000bde1  _ZN10__cxxabiv117__class_type_infoD2Ev                            
0000bde5  _ZN10__cxxabiv120__si_class_type_infoD1Ev                         
0000bde5  _ZN10__cxxabiv120__si_class_type_infoD2Ev                         
0000bde9  _ZN10__cxxabiv121__vmi_class_type_infoD1Ev                        
0000bde9  _ZN10__cxxabiv121__vmi_class_type_infoD2Ev                        
0000bded  _ZThn8_N9UIPClientD1Ev                                            
0000bdf1  _ZThn8_N9UIPServerD1Ev                                            
0000bdf5  _ZdlPvj                                                           
0000bdf9  __abort_execution                                                 
0000bdfd  _system_pre_init                                                  
0000be01  C$$EXIT                                                           
0000be01  _ZSt17__throw_bad_allocv                                          
0000be01  abort                                                             
0000be04  _ctypes_                                                          
0000bf08  _ZTV6UIPUDP                                                       
0000c028  _ZTV9UIPClient                                                    
0000c180  _ZTV3UDP                                                          
0000c20c  _ZTV6Client                                                       
0000c24c  _ZTV9UIPServer                                                    
0000c280  _ZTSN10__cxxabiv121__vmi_class_type_infoE                         
0000c2a6  _ZTSN10__cxxabiv120__si_class_type_infoE                          
0000c2f0  _ZTSN10__cxxabiv117__class_type_infoE                             
0000c314  _ZTI6UIPUDP                                                       
0000c334  _ZTI9UIPClient                                                    
0000c354  _ZTI9UIPServer                                                    
0000c390  _ZTV6Server                                                       
0000c3a4  _ZTV9IPAddress                                                    
0000c3b8  _ZTV9Printable                                                    
0000c3e0  _ZTV5Print                                                        
0000c3f0  _ZTVN10__cxxabiv117__class_type_infoE                             
0000c400  _ZTVN10__cxxabiv120__si_class_type_infoE                          
0000c410  _ZTVN10__cxxabiv121__vmi_class_type_infoE                         
0000c420  _ZTSSt9type_info                                                  
0000c430  _ZTI9IPAddress                                                    
0000c43c  _ZTIN10__cxxabiv117__class_type_infoE                             
0000c448  _ZTIN10__cxxabiv120__si_class_type_infoE                          
0000c454  _ZTIN10__cxxabiv121__vmi_class_type_infoE                         
0000c460  _ZTS9IPAddress                                                    
0000c46b  _ZTS9Printable                                                    
0000c476  _ZTS9UIPClient                                                    
0000c481  _ZTS9UIPServer                                                    
0000c49c  _ZTI3UDP                                                          
0000c4a4  _ZTI5Print                                                        
0000c4ac  _ZTI6Client                                                       
0000c4b4  _ZTI6Server                                                       
0000c4bc  _ZTI9Printable                                                    
0000c4c4  _ZTISt9type_info                                                  
0000c4cc  _ZTS6Client                                                       
0000c4d4  _ZTS6Server                                                       
0000c4dc  _ZTS6UIPUDP                                                       
0000c4e4  _ZTS5Print                                                        
0000c503  _ZTS3UDP                                                          
0000c514  SHT$$INIT_ARRAY$$Base                                             
0000c538  SHT$$INIT_ARRAY$$Limit                                            
0000c588  __TI_Handler_Table_Base                                           
0000c594  __TI_Handler_Table_Limit                                          
0000c5a0  __TI_CINIT_Base                                                   
0000c5b0  __TI_CINIT_Limit                                                  
20000000  __start___llvm_prf_cnts                                           
20000000  __stop___llvm_prf_cnts                                            
20000000  ethernet_rx_buff                                                  
20000a34  ethernet_tx_buff                                                  
20001464  _ZN10MemoryPool6blocksE                                           
20001694  gprs_tx_buff                                                      
20001890  dummy_json_string                                                 
20001a18  adc                                                               
20001b94  display_tx                                                        
20001cc4  __CIOBUF_                                                         
20001de4  cloud_config                                                      
20001eba  EXTI_cnt                                                          
20001ebc  display_uart_rx                                                   
20001f5c  pc_uart_rx                                                        
20001ffc  gprs_rx_buff                                                      
20002084  e2p_cloud_config                                                  
20002104  uip_conns                                                         
20002184  _ZN9UIPClient8all_dataE                                           
200021f4  uip_buf                                                           
20002314  pc_uart_tx                                                        
20002364  gps                                                               
200023a7  UIPEthernet                                                       
200023a8  uip_udp_conns                                                     
200023e8  ram_data                                                          
2000241e  time_main                                                         
2000243d  measurements                                                      
20002459  System_mode                                                       
2000245a  _ZN15Enc28J60Network13nextPacketPtrE                              
2000245c  gprs                                                              
20002470  Eclient                                                           
20002480  client                                                            
20002490  e2p_device_info                                                   
200024a0  e2p_location_info                                                 
200024b0  scheduler                                                         
200024ca  Alarms                                                            
200024d6  Telecom_Ethernet                                                  
200024e1  gprs_rx_isr_handler                                               
200024e3  gps_handler_state                                                 
20002534  _ZN16UIPEthernetClass17_dnsServerAddressE                         
20002544  e2p_config_time                                                   
2000254c  e2p_router_config                                                 
20002554  gps_data                                                          
2000255c  parmbuf                                                           
20002564  uip_listenports                                                   
2000256c  _ZN15Enc28J60Network10receivePktE                                 
20002572  time_stamp                                                        
20002578  _ZZN9UIPClient7connectE9IPAddresstE4conn                          
20002588  Telecom_server_query                                              
2000258c  _ZN16UIPEthernetClass14periodic_timerE                            
20002590  __dso_handle                                                      
20002594  _millis                                                           
20002598  startTime                                                         
2000259c  u32DelayCounter                                                   
200025a0  uip_acc32                                                         
200025a4  uip_appdata                                                       
200025a8  uip_conn                                                          
200025ac  uip_draddr                                                        
200025b0  uip_hostaddr                                                      
200025b4  uip_netmask                                                       
200025b8  uip_sappdata                                                      
200025bc  uip_udp_conn                                                      
200025c0  uip_len                                                           
200025c2  uip_slen                                                          
200025c4  router_mode                                                       
200025c5  uip_flags                                                         
200025c8  __stack                                                           
20003dc8  __STACK_END                                                       
20003dc8  __STACK_TOP                                                       
20003dc8  server_response_str                                               
20003de4  _tz                                                               
20003e01  _ZZN9UIPClient7connectE9IPAddresstE10first_call                   
20003e02  _ZZN9UIPClient7connectE9IPAddresstE7timeout                       
20003e04  __TI_cleanup_ptr                                                  
20003e08  __TI_dtors_ptr                                                    
20003e0c  __TI_enable_exit_profile_output                                   
20003e10  gps_interval_start                                                
20003e14  cnt_gps_1sec                                                      
20003e1c  _lock                                                             
20003e20  _unlock                                                           
20003e2c  ENC28J60ControlCS                                                 
20003e2d  _ZN15Enc28J60Network4bankE                                        
20003e2e  _ZN15Enc28J60Network6erevidE                                      
20003e2f  _ZN15Enc28J60Network17broadcast_enabledE                          
20003e30  ADC_RAW_MAX                                                       
20003e38  _ZN16UIPEthernetClass9in_packetE                                  
20003e39  _ZN16UIPEthernetClass10uip_packetE                                
20003e3a  _ZN16UIPEthernetClass10uip_hdrlenE                                
20003e3b  _ZN16UIPEthernetClass11packetstateE                               
20003e3c  _ZN16UIPEthernetClass5_dhcpE                                      
20003e48  uip_ethaddr                                                       
20003e50  millis_cnt                                                        
20003e58  upload_time                                                       
20003e68  _sys_memory                                                       
ffffffff  __TI_pprof_out_hndl                                               
ffffffff  __TI_prof_data_size                                               
ffffffff  __TI_prof_data_start                                              
ffffffff  __binit__                                                         
ffffffff  __c_args__                                                        
ffffffff  binit                                                             
UNDEFED   __mpu_init                                                        
UNDEFED   _system_post_cinit                                                

[721 symbols]
