******************************************************************************
                  TI ARM Linker PC v20.2.6                     
******************************************************************************
>> Linked Tue Jun 11 17:39:38 2024

OUTPUT FILE NAME:   <Telecom_IoT_v2_00.out>
ENTRY POINT SYMBOL: "_c_int00_noargs"  address: 00011469


MEMORY CONFIGURATION

         name            origin    length      used     unused   attr    fill
----------------------  --------  ---------  --------  --------  ----  --------
  FLASH                 00000000   00020000  00012626  0000d9da  R  X
  SRAM                  20000000   00008000  0000408a  00003f76  RW X


SEGMENT ALLOCATION MAP

run origin  load origin   length   init length attrs members
----------  ----------- ---------- ----------- ----- -------
00000000    00000000    00012628   00012628    r-x
  00000000    00000000    0000026c   0000026c    r-- .intvecs
  0000026c    0000026c    00011c06   00011c06    r-x .text
  00011e74    00011e74    00000710   00000710    r-- .const
  00012584    00012584    00000024   00000024    r-- .init_array
  000125a8    000125a8    00000080   00000080    r-- .cinit
20000000    20000000    00004090   00000000    rw-
  20000000    20000000    000027ca   00000000    rw- .bss
  200027d0    200027d0    00001800   00000000    rw- .stack
  20003fd0    20003fd0    000000b0   00000000    rw- .data
  20004080    20004080    00000010   00000000    rw- .sysmem


SECTION ALLOCATION MAP

 output                                  attributes/
section   page    origin      length       input sections
--------  ----  ----------  ----------   ----------------
.intvecs   0    00000000    0000026c     
                  00000000    0000026c     tm4c1233e6pz_startup_ccs.obj (.intvecs)

.text      0    0000026c    00011c06     
                  0000026c    00001564     uip.obj (.text)
                  000017d0    00001488     Telecom_Ethernet.obj (.text)
                  00002c58    00001358     Telecom_server_query.obj (.text)
                  00003fb0    00001108     Clock.obj (.text)
                  000050b8    00000f04     flash_logger.obj (.text)
                  00005fbc    00000d80     gps.obj (.text)
                  00006d3c    00000bd0     UIPClient.obj (.text)
                  0000790c    00000b94     Enc28J60Network.obj (.text)
                  000084a0    00000b6c     Dhcp.obj (.text)
                  0000900c    00000ae0     UIPEthernet.obj (.text)
                  00009aec    00000a6c     PC_Cmds.obj (.text)
                  0000a558    00000a30     E2P.obj (.text)
                  0000af88    000009c0     flashCore.obj (.text)
                  0000b948    00000794     UIPUdp.obj (.text)
                  0000c0dc    00000778     ADC_Core.obj (.text)
                  0000c854    00000604     main.obj (.text)
                  0000ce58    000005e4     uip_arp.obj (.text)
                  0000d43c    000005c0     UartCore.obj (.text)
                  0000d9fc    000005b8     Print.obj (.text)
                  0000dfb4    000005b0     Dns.obj (.text)
                  0000e564    000004cc     _common.obj (.text)
                  0000ea30    000002f0     mempool.obj (.text)
                  0000ed20    000002b8     rtsv7M4_T_le_v4SPD16_eabi.lib : mktime64.c.obj (.text:__mktime64)
                  0000efd8    00000284     UIPServer.obj (.text)
                  0000f25c    00000268     IO_cntrl.obj (.text)
                  0000f4c4    00000230     gprs.obj (.text)
                  0000f6f4    00000210     DS3231.obj (.text)
                  0000f904    000001b6     rtsv7M4_T_le_v4SPD16_eabi.lib : fd_add_t2.asm.obj (.text)
                  0000faba    00000002                                   : stdlib_typeinfo.cpp.obj (.text:_ZNSt9type_infoD1Ev)
                  0000fabc    000001a8     SysTick_Timer.obj (.text)
                  0000fc64    00000192     itoa.obj (.text)
                  0000fdf6    00000002     rtsv7M4_T_le_v4SPD16_eabi.lib : _lock.c.obj (.text:_nop)
                  0000fdf8    0000016c     driverlib.lib : gpio.obj (.text:GPIOPadConfigSet)
                  0000ff64    0000016c     IPAddress.obj (.text)
                  000100d0    00000136     rtsv7M4_T_le_v4SPD16_eabi.lib : fd_div_t2.asm.obj (.text)
                  00010206    00000002                                   : div0.asm.obj (.text)
                  00010208    00000118     driverlib.lib : sysctl.obj (.text:SysCtlClockGet)
                  00010320    00000100     rtsv7M4_T_le_v4SPD16_eabi.lib : memory.c.obj (.text:aligned_alloc)
                  00010420    000000fc                                   : fd_mul_t2.asm.obj (.text)
                  0001051c    000000f4     driverlib.lib : sysctl.obj (.text:SysCtlClockSet)
                  00010610    000000e4     rtsv7M4_T_le_v4SPD16_eabi.lib : memory.c.obj (.text:free)
                  000106f4    000000c4     driverlib.lib : eeprom.obj (.text:EEPROMProgram)
                  000107b8    0000009c     rtsv7M4_T_le_v4SPD16_eabi.lib : memcpy_t2.asm.obj (.text)
                  00010854    00000096                                   : ull_div_t2.asm.obj (.text)
                  000108ea    00000086                                   : fd_cmp_t2.asm.obj (.text:__aeabi_cdcmple)
                  00010970    00000086                                   : fd_cmp_t2.asm.obj (.text:__aeabi_cdrcmple)
                  000109f6    0000007a     driverlib.lib : adc.obj (.text:ADCSequenceStepConfigure)
                  00010a70    0000007a     rtsv7M4_T_le_v4SPD16_eabi.lib : memset_t2.asm.obj (.text)
                  00010aea    00000002     --HOLE-- [fill = 0]
                  00010aec    00000070                                   : memory.c.obj (.text:split)
                  00010b5c    0000006e                                   : ll_div_t2.asm.obj (.text)
                  00010bca    00000002     --HOLE-- [fill = 0]
                  00010bcc    00000068     driverlib.lib : interrupt.obj (.text:IntEnable)
                  00010c34    00000068     rtsv7M4_T_le_v4SPD16_eabi.lib : copy_decompress_lzss.c.obj (.text:decompress:lzss:__TI_decompress_lzss)
                  00010c9c    00000060                                   : hosttime.c.obj (.text:HOSTtime64)
                  00010cfc    00000060                                   : autoinit.c.obj (.text:__TI_auto_init_nobinit:__TI_auto_init_nobinit)
                  00010d5c    0000005c     Print.obj (.text:__isnan)
                  00010db8    00000058     driverlib.lib : gpio.obj (.text:GPIOIntTypeSet)
                  00010e10    00000054     Print.obj (.text:__isinf)
                  00010e64    00000050     driverlib.lib : sysctl.obj (.text:SysCtlPeripheralReset)
                  00010eb4    0000004e                   : adc.obj (.text:ADCSequenceConfigure)
                  00010f02    00000002     --HOLE-- [fill = 0]
                  00010f04    0000004c                   : gpio.obj (.text:GPIOPinConfigure)
                  00010f50    0000004c                   : i2c.obj (.text:I2CMasterInitExpClk)
                  00010f9c    0000004c     rtsv7M4_T_le_v4SPD16_eabi.lib : atoi.c.obj (.text:atoi)
                  00010fe8    00000048                                   : exit.c.obj (.text:exit)
                  00011030    00000048                                   : fd_toi_t2.asm.obj (.text)
                  00011078    00000046     driverlib.lib : uart.obj (.text:UARTConfigSetExpClk)
                  000110be    00000002     --HOLE-- [fill = 0]
                  000110c0    00000044     rtsv7M4_T_le_v4SPD16_eabi.lib : dtor_list.c.obj (.text:_Z25__add_destruction_to_listPP20a_needed_destructionPFYvPvES2_S2_)
                  00011104    00000044                                   : fd_tou_t2.asm.obj (.text)
                  00011148    00000042                                   : dtor_list.c.obj (.text:_Z23__finalize_destructionsPP20a_needed_destructionPv)
                  0001118a    00000002     --HOLE-- [fill = 0]
                  0001118c    00000040     driverlib.lib : eeprom.obj (.text:EEPROMInit)
                  000111cc    00000040     rtsv7M4_T_le_v4SPD16_eabi.lib : u_divt2.asm.obj (.text)
                  0001120c    0000003c     driverlib.lib : ssi.obj (.text:SSIConfigSetExpClk)
                  00011248    0000003c                   : eeprom.obj (.text:_EEPROMSectorMaskSet)
                  00011284    00000038                   : eeprom.obj (.text:EEPROMRead)
                  000112bc    00000038                   : sysctl.obj (.text:SysCtlPeripheralReady)
                  000112f4    00000038     rtsv7M4_T_le_v4SPD16_eabi.lib : trgmsg.c.obj (.text:__TI_writemsg)
                  0001132c    00000038     delay.obj (.text)
                  00011364    00000034     driverlib.lib : sysctl.obj (.text:SysCtlPeripheralDisable)
                  00011398    00000034                   : sysctl.obj (.text:SysCtlPeripheralEnable)
                  000113cc    00000034                   : eeprom.obj (.text:_EEPROMSectorMaskClear)
                  00011400    00000034     rtsv7M4_T_le_v4SPD16_eabi.lib : trgmsg.c.obj (.text:__TI_readmsg)
                  00011434    00000034                                   : dtor_list.c.obj (.text:__aeabi_atexit)
                  00011468    00000034                                   : boot_cortex_m.c.obj (.text:_c_int00_noargs:_c_int00_noargs)
                  0001149c    00000034                                   : rand.c.obj (.text:rand)
                  000114d0    00000034                                   : strstr.c.obj (.text:strstr)
                  00011504    0000002e     driverlib.lib : adc.obj (.text:ADCIntStatus)
                  00011532    0000002e     rtsv7M4_T_le_v4SPD16_eabi.lib : i_tofd_t2.asm.obj (.text)
                  00011560    0000002c     driverlib.lib : gpio.obj (.text:GPIODirModeSet)
                  0001158c    0000002c     SPI.obj (.text)
                  000115b8    0000002c     rtsv7M4_T_le_v4SPD16_eabi.lib : strncmp.c.obj (.text:strncmp)
                  000115e4    00000028                                   : memory.c.obj (.text:free_list_insert)
                  0001160c    00000024     Print.obj (.text:_ZN5Print5writeEPKc)
                  00011630    00000024     Dhcp.obj (.text:_ZN9IPAddressC1ERKS_)
                  00011654    00000024     Dhcp.obj (.text:_ZThn8_N6UIPUDP4readEPcj)
                  00011678    00000024     rtsv7M4_T_le_v4SPD16_eabi.lib : memcmp.c.obj (.text:memcmp)
                  0001169c    00000024                                   : rand.c.obj (.text:srand)
                  000116c0    00000022     UIPClient.obj (.text:_ZN9UIPClientneERKS_)
                  000116e2    00000002     --HOLE-- [fill = 0]
                  000116e4    00000020     driverlib.lib : uart.obj (.text:UARTDisable)
                  00011704    00000020     Print.obj (.text:_Z14__libcpp_isinfIdEbT_)
                  00011724    00000020     Print.obj (.text:_Z14__libcpp_isnanIdEbT_)
                  00011744    00000020     rtsv7M4_T_le_v4SPD16_eabi.lib : u_tofd_t2.asm.obj (.text)
                  00011764    0000001e     driverlib.lib : adc.obj (.text:ADCSequenceDataGet)
                  00011782    00000002     --HOLE-- [fill = 0]
                  00011784    0000001c     UIPClient.obj (.text:_ZN5PrintC1Ev)
                  000117a0    0000001c     Dhcp.obj (.text:_ZNK9IPAddresseqERKS_)
                  000117bc    0000001c     rtsv7M4_T_le_v4SPD16_eabi.lib : memory.c.obj (.text:free_list_remove)
                  000117d8    0000001c     millis.obj (.text)
                  000117f4    0000001a     driverlib.lib : gpio.obj (.text:GPIOPinTypeGPIOOutput)
                  0001180e    0000001a     Telecom_Ethernet.obj (.text:_ZN9IPAddressaSERKS_)
                  00011828    00000018     driverlib.lib : adc.obj (.text:ADCProcessorTrigger)
                  00011840    00000018     Print.obj (.text:_Z5isinfIdENSt3__29enable_ifIXaasr3std3__213is_arithmeticIT_EE5valuesr3std3__214numeric_limitsIS2_EE12has_infinityEbE4typeES2_)
                  00011858    00000018     Print.obj (.text:_Z5isnanIdENSt3__29enable_ifIXsr3std3__217is_floating_pointIT_EE5valueEbE4typeES2_)
                  00011870    00000018     UIPUdp.obj (.text:_ZN3UDPC1Ev)
                  00011888    00000018     Telecom_Ethernet.obj (.text:_ZN5Print5writeEPKcj)
                  000118a0    00000018     UIPClient.obj (.text:_ZN6ClientC1Ev)
                  000118b8    00000018     UIPServer.obj (.text:_ZN6ServerC1Ev)
                  000118d0    00000018     Dhcp.obj (.text:_ZN6UIPUDP4readEPcj)
                  000118e8    00000018     Dhcp.obj (.text:_ZN9PrintableC1ERKS_)
                  00011900    00000018     IPAddress.obj (.text:_ZN9PrintableC1Ev)
                  00011918    00000018     rtsv7M4_T_le_v4SPD16_eabi.lib : ll_mul_t2.asm.obj (.text)
                  00011930    00000018                                   : strcmp.c.obj (.text:strcmp)
                  00011948    00000016     driverlib.lib : gpio.obj (.text:GPIOPinTypeADC)
                  0001195e    00000016                   : gpio.obj (.text:GPIOPinTypeGPIOInput)
                  00011974    00000016                   : gpio.obj (.text:GPIOPinTypeI2C)
                  0001198a    00000016                   : gpio.obj (.text:GPIOPinTypeI2CSCL)
                  000119a0    00000016                   : gpio.obj (.text:GPIOPinTypeSSI)
                  000119b6    00000016                   : gpio.obj (.text:GPIOPinTypeUART)
                  000119cc    00000016     UIPClient.obj (.text:_ZN9DNSClientC1Ev)
                  000119e2    00000016     UIPClient.obj (.text:_ZThn8_N9UIPClientD1Ev)
                  000119f8    00000016     UIPServer.obj (.text:_ZThn8_N9UIPServerD1Ev)
                  00011a0e    00000002     --HOLE-- [fill = 0]
                  00011a10    00000014     driverlib.lib : systick.obj (.text:SysTickEnable)
                  00011a24    00000014                   : systick.obj (.text:SysTickIntEnable)
                  00011a38    00000014                   : uart.obj (.text:UARTEnable)
                  00011a4c    00000014     Telecom_Ethernet.obj (.text:_ZN6ClientD0Ev)
                  00011a60    00000014     UIPServer.obj (.text:_ZN6ServerD0Ev)
                  00011a74    00000014     Telecom_Ethernet.obj (.text:_ZN9IPAddressD0Ev)
                  00011a88    00000014     Telecom_Ethernet.obj (.text:_ZN9IPAddressixEi)
                  00011a9c    00000014     Telecom_Ethernet.obj (.text:_ZN9PrintableD0Ev)
                  00011ab0    00000014     Telecom_Ethernet.obj (.text:_ZN9UIPClientD0Ev)
                  00011ac4    00000014     UIPServer.obj (.text:_ZN9UIPServerD0Ev)
                  00011ad8    00000014     rtsv7M4_T_le_v4SPD16_eabi.lib : strcpy.c.obj (.text:strcpy)
                  00011aec    00000014                                   : strlen.c.obj (.text:strlen)
                  00011b00    00000012     driverlib.lib : ssi.obj (.text:SSIDataGetNonBlocking)
                  00011b12    00000012     Telecom_server_query.obj (.text:_Z3absl)
                  00011b24    00000012     Telecom_Ethernet.obj (.text:_ZThn8_N9UIPClientD0Ev)
                  00011b36    00000012     UIPServer.obj (.text:_ZThn8_N9UIPServerD0Ev)
                  00011b48    00000010     driverlib.lib : interrupt.obj (.text:IntMasterEnable)
                  00011b58    00000010                   : sysctl.obj (.text:SysCtlReset)
                  00011b68    00000010                   : systick.obj (.text:SysTickPeriodSet)
                  00011b78    00000010                   : eeprom.obj (.text:_EEPROMWaitForDone)
                  00011b88    00000010     UIPEthernet.obj (.text:_ZN9DhcpClassC1Ev)
                  00011b98    00000010     Dhcp.obj (.text:_ZN9PrintableC2ERKS_)
                  00011ba8    00000010     Telecom_Ethernet.obj (.text:_ZN9UIPClientD1Ev)
                  00011bb8    00000010     UIPServer.obj (.text:_ZN9UIPServerD1Ev)
                  00011bc8    00000010     rtsv7M4_T_le_v4SPD16_eabi.lib : time64.c.obj (.text:__time64)
                  00011bd8    00000010                                   : isdigit.c.obj (.text:isdigit)
                  00011be8    0000000e     driverlib.lib : adc.obj (.text:ADCSequenceEnable)
                  00011bf6    0000000e                   : gpio.obj (.text:GPIOIntStatus)
                  00011c04    0000000e                   : i2c.obj (.text:I2CRxFIFOFlush)
                  00011c12    0000000e                   : i2c.obj (.text:I2CTxFIFOFlush)
                  00011c20    0000000e                   : ssi.obj (.text:SSIDataPutNonBlocking)
                  00011c2e    0000000e                   : uart.obj (.text:UARTCharGetNonBlocking)
                  00011c3c    0000000e                   : uart.obj (.text:UARTCharPutNonBlocking)
                  00011c4a    0000000e                   : uart.obj (.text:UARTCharsAvail)
                  00011c58    0000000e     rtsv7M4_T_le_v4SPD16_eabi.lib : typeinfo.c.obj (.text:_ZN10__cxxabiv117__class_type_infoD0Ev)
                  00011c66    0000000e                                   : typeinfo.c.obj (.text:_ZN10__cxxabiv120__si_class_type_infoD0Ev)
                  00011c74    0000000e                                   : typeinfo.c.obj (.text:_ZN10__cxxabiv121__vmi_class_type_infoD0Ev)
                  00011c82    0000000e     UIPClient.obj (.text:_ZN9DNSClientD1Ev)
                  00011c90    0000000e     Dns.obj (.text:_ZN9IPAddress11raw_addressEv)
                  00011c9e    0000000e     Telecom_Ethernet.obj (.text:_ZN9IPAddressD1Ev)
                  00011cac    0000000e     Telecom_Ethernet.obj (.text:_ZN9PrintableaSERKS_)
                  00011cba    0000000e     Print.obj (.text:_ZNK6String5c_strEv)
                  00011cc8    0000000e     Print.obj (.text:_ZNK6String6lengthEv)
                  00011cd6    0000000e     Dns.obj (.text:_ZNK9IPAddresscvjEv)
                  00011ce4    0000000e     rtsv7M4_T_le_v4SPD16_eabi.lib : copy_decompress_none.c.obj (.text:decompress:none:__TI_decompress_none)
                  00011cf2    0000000c     driverlib.lib : cpu.obj (.text:CPUcpsie)
                  00011cfe    0000000c                   : gpio.obj (.text:GPIOIntEnable)
                  00011d0a    0000000c     UIPUdp.obj (.text:_ZN3UDPC2Ev)
                  00011d16    0000000c     UIPClient.obj (.text:_ZN5PrintC2Ev)
                  00011d22    0000000c     UIPClient.obj (.text:_ZN6ClientC2Ev)
                  00011d2e    0000000c     Telecom_Ethernet.obj (.text:_ZN6ClientD1Ev)
                  00011d3a    0000000c     Telecom_Ethernet.obj (.text:_ZN6ClientD2Ev)
                  00011d46    0000000c     UIPServer.obj (.text:_ZN6ServerC2Ev)
                  00011d52    0000000c     UIPServer.obj (.text:_ZN6ServerD1Ev)
                  00011d5e    0000000c     UIPServer.obj (.text:_ZN6ServerD2Ev)
                  00011d6a    0000000c     IPAddress.obj (.text:_ZN9PrintableC2Ev)
                  00011d76    0000000c     Telecom_Ethernet.obj (.text:_ZN9PrintableD1Ev)
                  00011d82    0000000c     Telecom_Ethernet.obj (.text:_ZN9PrintableD2Ev)
                  00011d8e    00000002     --HOLE-- [fill = 0]
                  00011d90    0000000c     rtsv7M4_T_le_v4SPD16_eabi.lib : dtor_list.c.obj (.text:__cxa_finalize)
                  00011d9c    0000000c                                   : guard.c.obj (.text:__cxa_guard_acquire)
                  00011da8    0000000c                                   : copy_zero_init.c.obj (.text:decompress:ZI:__TI_zero_init)
                  00011db4    0000000c     tm4c1233e6pz_startup_ccs.obj (.text)
                  00011dc0    0000000a     driverlib.lib : adc.obj (.text:ADCIntClear)
                  00011dca    0000000a                   : i2c.obj (.text:I2CMasterEnable)
                  00011dd4    0000000a                   : ssi.obj (.text:SSIEnable)
                  00011dde    0000000a                   : uart.obj (.text:UARTIntStatus)
                  00011de8    0000000a     rtsv7M4_T_le_v4SPD16_eabi.lib : guard.c.obj (.text:__cxa_guard_release)
                  00011df2    00000008     driverlib.lib : i2c.obj (.text:I2CMasterBusy)
                  00011dfa    00000008                   : i2c.obj (.text:I2CMasterSlaveAddrSet)
                  00011e02    00000008                   : uart.obj (.text:UARTBusy)
                  00011e0a    00000008                   : uart.obj (.text:UARTIntEnable)
                  00011e12    00000008     rtsv7M4_T_le_v4SPD16_eabi.lib : new.cpp.obj (.text:_ZdlPv)
                  00011e1a    00000008                                   : memory.c.obj (.text:malloc)
                  00011e22    00000006     driverlib.lib : gpio.obj (.text:GPIOIntClear)
                  00011e28    00000006                   : gpio.obj (.text:GPIOPinRead)
                  00011e2e    00000006                   : gpio.obj (.text:GPIOPinWrite)
                  00011e34    00000006                   : sysctl.obj (.text:SysCtlDelay)
                  00011e3a    00000006     rtsv7M4_T_le_v4SPD16_eabi.lib : dtor_list.c.obj (.text:__cxa_ia64_exit)
                  00011e40    00000006                                   : pure_virt.c.obj (.text:__cxa_pure_virtual)
                  00011e46    00000004     driverlib.lib : i2c.obj (.text:I2CMasterControl)
                  00011e4a    00000004                   : i2c.obj (.text:I2CMasterDataGet)
                  00011e4e    00000004                   : i2c.obj (.text:I2CMasterDataPut)
                  00011e52    00000004                   : uart.obj (.text:UARTIntClear)
                  00011e56    00000004     rtsv7M4_T_le_v4SPD16_eabi.lib : typeinfo.c.obj (.text:_ZN10__cxxabiv117__class_type_infoD1Ev)
                  00011e5a    00000004                                   : typeinfo.c.obj (.text:_ZN10__cxxabiv120__si_class_type_infoD1Ev)
                  00011e5e    00000004                                   : typeinfo.c.obj (.text:_ZN10__cxxabiv121__vmi_class_type_infoD1Ev)
                  00011e62    00000004                                   : new.cpp.obj (.text:_ZdlPvj)
                  00011e66    00000004                                   : error.c.obj (.text:__abort_execution)
                  00011e6a    00000004                                   : pre_init.c.obj (.text:_system_pre_init)
                  00011e6e    00000004                                   : exit.c.obj (.text:abort:abort)

.const     0    00011e74    00000710     
                  00011e74    00000101     rtsv7M4_T_le_v4SPD16_eabi.lib : ctype.c.obj (.const:.string:_ctypes_)
                  00011f75    00000003     --HOLE-- [fill = 0]
                  00011f78    00000090     UIPUdp.obj (.const:_ZTV6UIPUDP)
                  00012008    00000090     driverlib.lib : gpio.obj (.const:g_pui32GPIOBaseAddrs)
                  00012098    0000008c     UIPClient.obj (.const:_ZTV9UIPClient)
                  00012124    0000006c     driverlib.lib : sysctl.obj (.const:g_pui32Xtals)
                  00012190    00000060     rtsv7M4_T_le_v4SPD16_eabi.lib : mktime64.c.obj (.const:$O1$$)
                  000121f0    00000048     UIPUdp.obj (.const:_ZTV3UDP)
                  00012238    00000041     _common.obj (.const:.string:$P$T0$1)
                  00012279    00000003     --HOLE-- [fill = 0]
                  0001227c    00000040     UIPClient.obj (.const:_ZTV6Client)
                  000122bc    00000034     UIPServer.obj (.const:_ZTV9UIPServer)
                  000122f0    00000026     rtsv7M4_T_le_v4SPD16_eabi.lib : typeinfo.c.obj (.const:.typeinfo:_ZTSN10__cxxabiv121__vmi_class_type_infoE)
                  00012316    00000025                                   : typeinfo.c.obj (.const:.typeinfo:_ZTSN10__cxxabiv120__si_class_type_infoE)
                  0001233b    00000001     --HOLE-- [fill = 0]
                  0001233c    00000024     Clock.obj (.const:$P$T0$1)
                  00012360    00000022     rtsv7M4_T_le_v4SPD16_eabi.lib : typeinfo.c.obj (.const:.typeinfo:_ZTSN10__cxxabiv117__class_type_infoE)
                  00012382    00000002     --HOLE-- [fill = 0]
                  00012384    00000020     UIPUdp.obj (.const:.typeinfo:_ZTI6UIPUDP)
                  000123a4    00000020     UIPClient.obj (.const:.typeinfo:_ZTI9UIPClient)
                  000123c4    00000020     UIPServer.obj (.const:.typeinfo:_ZTI9UIPServer)
                  000123e4    00000019     Telecom_Ethernet.obj (.const:.string:$P$T5$5)
                  000123fd    00000003     --HOLE-- [fill = 0]
                  00012400    00000014     UIPServer.obj (.const:_ZTV6Server)
                  00012414    00000014     IPAddress.obj (.const:_ZTV9IPAddress)
                  00012428    00000014     Dhcp.obj (.const:_ZTV9Printable)
                  0001243c    00000014     driverlib.lib : interrupt.obj (.const:g_pui32EnRegs)
                  00012450    00000010     Print.obj (.const:_ZTV5Print)
                  00012460    00000010     rtsv7M4_T_le_v4SPD16_eabi.lib : typeinfo.c.obj (.const:_ZTVN10__cxxabiv117__class_type_infoE)
                  00012470    00000010                                   : typeinfo.c.obj (.const:_ZTVN10__cxxabiv120__si_class_type_infoE)
                  00012480    00000010                                   : typeinfo.c.obj (.const:_ZTVN10__cxxabiv121__vmi_class_type_infoE)
                  00012490    0000000d                                   : stdlib_typeinfo.cpp.obj (.const:.typeinfo:_ZTSSt9type_info)
                  0001249d    00000003     --HOLE-- [fill = 0]
                  000124a0    0000000c     IPAddress.obj (.const:.typeinfo:_ZTI9IPAddress)
                  000124ac    0000000c     rtsv7M4_T_le_v4SPD16_eabi.lib : typeinfo.c.obj (.const:.typeinfo:_ZTIN10__cxxabiv117__class_type_infoE)
                  000124b8    0000000c                                   : typeinfo.c.obj (.const:.typeinfo:_ZTIN10__cxxabiv120__si_class_type_infoE)
                  000124c4    0000000c                                   : typeinfo.c.obj (.const:.typeinfo:_ZTIN10__cxxabiv121__vmi_class_type_infoE)
                  000124d0    0000000b     IPAddress.obj (.const:.typeinfo:_ZTS9IPAddress)
                  000124db    0000000b     Dhcp.obj (.const:.typeinfo:_ZTS9Printable)
                  000124e6    0000000b     UIPClient.obj (.const:.typeinfo:_ZTS9UIPClient)
                  000124f1    0000000b     UIPServer.obj (.const:.typeinfo:_ZTS9UIPServer)
                  000124fc    00000008     Clock.obj (.const:$P$T1$2)
                  00012504    00000008     Telecom_Ethernet.obj (.const:.string:$P$T7$12)
                  0001250c    00000008     UIPUdp.obj (.const:.typeinfo:_ZTI3UDP)
                  00012514    00000008     Print.obj (.const:.typeinfo:_ZTI5Print)
                  0001251c    00000008     UIPClient.obj (.const:.typeinfo:_ZTI6Client)
                  00012524    00000008     UIPServer.obj (.const:.typeinfo:_ZTI6Server)
                  0001252c    00000008     Dhcp.obj (.const:.typeinfo:_ZTI9Printable)
                  00012534    00000008     rtsv7M4_T_le_v4SPD16_eabi.lib : stdlib_typeinfo.cpp.obj (.const:.typeinfo:_ZTISt9type_info)
                  0001253c    00000008     UIPClient.obj (.const:.typeinfo:_ZTS6Client)
                  00012544    00000008     UIPServer.obj (.const:.typeinfo:_ZTS6Server)
                  0001254c    00000008     UIPUdp.obj (.const:.typeinfo:_ZTS6UIPUDP)
                  00012554    00000007     Print.obj (.const:.typeinfo:_ZTS5Print)
                  0001255b    00000006     Telecom_Ethernet.obj (.const:.string:$P$T3$1)
                  00012561    00000006     UIPEthernet.obj (.const:.string:$P$T6$1)
                  00012567    00000006     Telecom_Ethernet.obj (.const:.string:$P$T6$8)
                  0001256d    00000006     uip_arp.obj (.const:broadcast_ethaddr)
                  00012573    00000005     UIPUdp.obj (.const:.typeinfo:_ZTS3UDP)
                  00012578    00000004     uip.obj (.const:all_ones_addr)
                  0001257c    00000004     uip.obj (.const:all_zeroes_addr)
                  00012580    00000004     uip_arp.obj (.const:broadcast_ipaddr)

.cinit     0    000125a8    00000080     
                  000125a8    00000056     (.cinit..data.load) [load image, compression = lzss]
                  000125fe    00000002     --HOLE-- [fill = 0]
                  00012600    0000000c     (__TI_handler_table)
                  0001260c    00000004     --HOLE-- [fill = 0]
                  00012610    00000008     (.cinit..bss.load) [load image, compression = zero_init]
                  00012618    00000010     (__TI_cinit_table)

.init_array 
*          0    00012584    00000024     
                  00012584    00000004     IPAddress.obj (.init_array)
                  00012588    00000004     UIPUdp.obj (.init_array)
                  0001258c    00000004     UIPServer.obj (.init_array)
                  00012590    00000004     UIPEthernet.obj (.init_array)
                  00012594    00000004     UIPClient.obj (.init_array)
                  00012598    00000004     Dns.obj (.init_array)
                  0001259c    00000004     Dhcp.obj (.init_array)
                  000125a0    00000004     main.obj (.init_array)
                  000125a4    00000004     Telecom_Ethernet.obj (.init_array)

.bss       0    20000000    000027ca     UNINITIALIZED
                  20000000    00000a34     (.common:ethernet_rx_buff)
                  20000a34    00000a30     (.common:ethernet_tx_buff)
                  20001464    00000230     (.common:_ZN10MemoryPool6blocksE)
                  20001694    000001fc     (.common:gprs_rx_buff)
                  20001890    000001fc     (.common:gprs_tx_buff)
                  20001a8c    00000188     (.common:dummy_json_string)
                  20001c14    0000017c     (.common:adc)
                  20001d90    00000130     (.common:display_tx)
                  20001ec0    00000120     rtsv7M4_T_le_v4SPD16_eabi.lib : trgmsg.c.obj (.bss:_CIOBUF_)
                  20001fe0    000000d6     (.common:cloud_config)
                  200020b6    00000002     (.common:EXTI_cnt)
                  200020b8    000000a0     (.common:display_uart_rx)
                  20002158    000000a0     (.common:pc_uart_rx)
                  200021f8    00000080     (.common:e2p_cloud_config)
                  20002278    00000080     (.common:uip_conns)
                  200022f8    00000070     (.common:_ZN9UIPClient8all_dataE)
                  20002368    00000064     (.common:uip_buf)
                  200023cc    00000060     uip_arp.obj (.bss:arp_table)
                  2000242c    0000005c     UIPEthernet.obj (.bss:s_dhcp)
                  20002488    00000050     (.common:pc_uart_tx)
                  200024d8    00000043     (.common:gps)
                  2000251b    00000040     (.common:FLR_log_data)
                  2000255b    00000040     (.common:FL_log_data)
                  2000259b    00000001     UIPEthernet.obj (.bss:UIPEthernet)
                  2000259c    00000040     (.common:uip_udp_conns)
                  200025dc    00000036     (.common:ram_data)
                  20002612    0000001f     (.common:time_main)
                  20002631    0000001c     (.common:measurements)
                  2000264d    00000001     (.common:System_mode)
                  2000264e    00000002     (.common:_ZN15Enc28J60Network13nextPacketPtrE)
                  20002650    00000014     (.common:gprs)
                  20002664    00000010     Telecom_Ethernet.obj (.bss:Eclient)
                  20002674    00000010     Telecom_Ethernet.obj (.bss:client)
                  20002684    00000010     (.common:e2p_device_info)
                  20002694    00000010     (.common:e2p_location_info)
                  200026a4    00000010     (.common:freq_updated_data)
                  200026b4    0000000e     (.common:scheduler)
                  200026c2    0000000c     Telecom_Ethernet.obj (.bss)
                  200026ce    0000000c     (.common:Alarms)
                  200026da    0000000b     (.common:Telecom_Ethernet)
                  200026e5    00000002     (.common:gprs_rx_isr_handler)
                  200026e7    00000001     (.common:gps_handler_state)
                  200026e8    00000008     Dhcp.obj (.bss)
                  200026f0    00000008     Dhcp.obj (.bss:INADDR_NONE)
                  200026f8    00000008     Dns.obj (.bss:INADDR_NONE)
                  20002700    00000008     IPAddress.obj (.bss:INADDR_NONE)
                  20002708    00000008     Telecom_Ethernet.obj (.bss:INADDR_NONE)
                  20002710    00000008     UIPClient.obj (.bss:INADDR_NONE)
                  20002718    00000008     UIPEthernet.obj (.bss:INADDR_NONE)
                  20002720    00000008     UIPServer.obj (.bss:INADDR_NONE)
                  20002728    00000008     UIPUdp.obj (.bss:INADDR_NONE)
                  20002730    00000008     main.obj (.bss:INADDR_NONE)
                  20002738    00000008     UIPEthernet.obj (.bss:_ZN16UIPEthernetClass17_dnsServerAddressE)
                  20002740    00000008     uip.obj (.bss)
                  20002748    00000008     (.common:e2p_config_time)
                  20002750    00000008     (.common:e2p_router_config)
                  20002758    00000008     (.common:gps_data)
                  20002760    00000008     (.common:parmbuf)
                  20002768    00000008     (.common:uip_listenports)
                  20002770    00000006     (.common:_ZN15Enc28J60Network10receivePktE)
                  20002776    00000006     (.common:time_stamp)
                  2000277c    00000004     UIPClient.obj (.bss:_ZZN9UIPClient7connectE9IPAddresstE4conn)
                  20002780    00000004     uip_arp.obj (.bss:ipaddr)
                  20002784    00000004     uip.obj (.bss:iss)
                  20002788    00000004     uip_arp.obj (.bss)
                  2000278c    00000004     (.common:Telecom_server_query)
                  20002790    00000004     (.common:_ZN16UIPEthernetClass14periodic_timerE)
                  20002794    00000004     (.common:__dso_handle)
                  20002798    00000004     (.common:_millis)
                  2000279c    00000004     (.common:startTime)
                  200027a0    00000004     (.common:u32DelayCounter)
                  200027a4    00000004     (.common:uip_acc32)
                  200027a8    00000004     (.common:uip_appdata)
                  200027ac    00000004     (.common:uip_conn)
                  200027b0    00000004     (.common:uip_draddr)
                  200027b4    00000004     (.common:uip_hostaddr)
                  200027b8    00000004     (.common:uip_netmask)
                  200027bc    00000004     (.common:uip_sappdata)
                  200027c0    00000004     (.common:uip_udp_conn)
                  200027c4    00000002     (.common:uip_len)
                  200027c6    00000002     (.common:uip_slen)
                  200027c8    00000001     (.common:router_mode)
                  200027c9    00000001     (.common:uip_flags)

.stack     0    200027d0    00001800     UNINITIALIZED
                  200027d0    00000004     rtsv7M4_T_le_v4SPD16_eabi.lib : boot_cortex_m.c.obj (.stack)
                  200027d4    000017fc     --HOLE--

.data      0    20003fd0    000000b0     UNINITIALIZED
                  20003fd0    0000001b     Telecom_server_query.obj (.data:server_response_str)
                  20003feb    00000001     Dhcp.obj (.data)
                  20003fec    00000010     flash_logger.obj (.data:FL_data)
                  20003ffc    00000010     rtsv7M4_T_le_v4SPD16_eabi.lib : tmzone.c.obj (.data:_tz)
                  2000400c    0000000d     Telecom_Ethernet.obj (.data)
                  20004019    00000001     UIPClient.obj (.data:_ZZN9UIPClient7connectE9IPAddresstE10first_call)
                  2000401a    00000002     UIPClient.obj (.data:_ZZN9UIPClient7connectE9IPAddresstE7timeout)
                  2000401c    0000000c     rtsv7M4_T_le_v4SPD16_eabi.lib : exit.c.obj (.data:$O1$$)
                  20004028    0000000c     gps.obj (.data)
                  20004034    00000008     rtsv7M4_T_le_v4SPD16_eabi.lib : _lock.c.obj (.data:$O1$$)
                  2000403c    00000008                                   : memory.c.obj (.data:$O1$$)
                  20004044    00000004     Enc28J60Network.obj (.data)
                  20004048    00000008     ADC_Core.obj (.data)
                  20004050    00000008     UIPEthernet.obj (.data)
                  20004058    00000008     UartCore.obj (.data)
                  20004060    00000008     main.obj (.data)
                  20004068    00000006     uip.obj (.data:uip_ethaddr)
                  2000406e    00000002     --HOLE--
                  20004070    00000004     SysTick_Timer.obj (.data)
                  20004074    00000004     _common.obj (.data)
                  20004078    00000004     rtsv7M4_T_le_v4SPD16_eabi.lib : dtor_list.c.obj (.data)
                  2000407c    00000004                                   : rand.c.obj (.data)

.sysmem    0    20004080    00000010     UNINITIALIZED
                  20004080    00000010     rtsv7M4_T_le_v4SPD16_eabi.lib : memory.c.obj (.sysmem)

__llvm_prf_cnts 
*          0    20000000    00000000     UNINITIALIZED

MODULE SUMMARY

       Module                         code    ro data   rw data
       ------                         ----    -------   -------
    .\
       tm4c1233e6pz_startup_ccs.obj   12      620       0      
    +--+------------------------------+-------+---------+---------+
       Total:                         12      620       0      
                                                               
    .\Sources\
       Telecom_Ethernet.obj           5516    49        5296   
       Telecom_server_query.obj       4970    0         423    
       Clock.obj                      4360    44        37     
       flash_logger.obj               3844    0         214    
       gps.obj                        3456    0         88     
       E2P.obj                        2608    0         390    
       PC_Cmds.obj                    2668    0         1      
       flashCore.obj                  2496    0         0      
       ADC_Core.obj                   1912    0         416    
       UartCore.obj                   1472    0         712    
       gprs.obj                       560     0         1038   
       main.obj                       1540    4         28     
       _common.obj                    1228    65        4      
       IO_cntrl.obj                   616     0         3      
       DS3231.obj                     528     0         0      
       SysTick_Timer.obj              424     0         22     
       delay.obj                      56      0         0      
       SPI.obj                        44      0         0      
    +--+------------------------------+-------+---------+---------+
       Total:                         38298   162       8672   
                                                               
    .\Sources\UIPEthernet\
       UIPClient.obj                  3192    267       127    
       Dhcp.obj                       3088    43        21     
       UIPEthernet.obj                2800    10        121    
       UIPUdp.obj                     1976    273       8      
       Dns.obj                        1484    4         8      
       UIPServer.obj                  800     135       8      
    +--+------------------------------+-------+---------+---------+
       Total:                         13340   732       293    
                                                               
    .\Sources\UIPEthernet\mbed\
       Print.obj                      1816    31        0      
       IPAddress.obj                  400     47        8      
       itoa.obj                       402     0         0      
       millis.obj                     28      0         4      
    +--+------------------------------+-------+---------+---------+
       Total:                         2646    78        12     
                                                               
    .\Sources\UIPEthernet\utility\
       uip.obj                        5476    8         355    
       Enc28J60Network.obj            2964    0         12     
       uip_arp.obj                    1508    10        104    
       mempool.obj                    752     0         560    
    +--+------------------------------+-------+---------+---------+
       Total:                         10700   18        1031   
                                                               
    C:/ti/TivaWare_C_Series-2.2.0.295/driverlib/ccs/Debug/driverlib.lib
       gpio.obj                       774     144       0      
       sysctl.obj                     786     108       0      
       eeprom.obj                     444     0         0      
       adc.obj                        324     0         0      
       uart.obj                       194     0         0      
       i2c.obj                        142     0         0      
       interrupt.obj                  120     20        0      
       ssi.obj                        102     0         0      
       systick.obj                    56      0         0      
       cpu.obj                        12      0         0      
    +--+------------------------------+-------+---------+---------+
       Total:                         2954    272       0      
                                                               
    C:\ti\ccs1110\ccs\tools\compiler\ti-cgt-arm_20.2.6.LTS\lib\rtsv7M4_T_le_v4SPD16_eabi.lib
       mktime64.c.obj                 696     96        0      
       memory.c.obj                   672     0         8      
       fd_add_t2.asm.obj              438     0         0      
       trgmsg.c.obj                   108     0         288    
       fd_div_t2.asm.obj              310     0         0      
       fd_cmp_t2.asm.obj              268     0         0      
       ctype.c.obj                    0       257       0      
       fd_mul_t2.asm.obj              252     0         0      
       typeinfo.c.obj                 54      193       0      
       dtor_list.c.obj                204     0         8      
       memcpy_t2.asm.obj              156     0         0      
       ull_div_t2.asm.obj             150     0         0      
       memset_t2.asm.obj              122     0         0      
       ll_div_t2.asm.obj              110     0         0      
       copy_decompress_lzss.c.obj     104     0         0      
       autoinit.c.obj                 96      0         0      
       hosttime.c.obj                 96      0         0      
       rand.c.obj                     88      0         4      
       exit.c.obj                     76      0         12     
       atoi.c.obj                     76      0         0      
       fd_toi_t2.asm.obj              72      0         0      
       fd_tou_t2.asm.obj              68      0         0      
       u_divt2.asm.obj                64      0         0      
       boot_cortex_m.c.obj            52      0         0      
       strstr.c.obj                   52      0         0      
       i_tofd_t2.asm.obj              46      0         0      
       strncmp.c.obj                  44      0         0      
       memcmp.c.obj                   36      0         0      
       u_tofd_t2.asm.obj              32      0         0      
       ll_mul_t2.asm.obj              24      0         0      
       strcmp.c.obj                   24      0         0      
       stdlib_typeinfo.cpp.obj        2       21        0      
       guard.c.obj                    22      0         0      
       strcpy.c.obj                   20      0         0      
       strlen.c.obj                   20      0         0      
       isdigit.c.obj                  16      0         0      
       time64.c.obj                   16      0         0      
       tmzone.c.obj                   0       0         16     
       copy_decompress_none.c.obj     14      0         0      
       copy_zero_init.c.obj           12      0         0      
       new.cpp.obj                    12      0         0      
       _lock.c.obj                    2       0         8      
       hostopen.c.obj                 0       0         8      
       pure_virt.c.obj                6       0         0      
       error.c.obj                    4       0         0      
       pre_init.c.obj                 4       0         0      
       div0.asm.obj                   2       0         0      
    +--+------------------------------+-------+---------+---------+
       Total:                         4742    567       352    
                                                               
       Heap:                          0       0         16     
       Stack:                         0       0         6144   
       Linker Generated:              0       122       0      
    +--+------------------------------+-------+---------+---------+
       Grand Total:                   72692   2571      16520  


LINKER GENERATED COPY TABLES

__TI_cinit_table @ 00012618 records: 2, size/record: 8, table size: 16
	.data: load addr=000125a8, load size=00000056 bytes, run addr=20003fd0, run size=000000b0 bytes, compression=lzss
	.bss: load addr=00012610, load size=00000008 bytes, run addr=20000000, run size=000027ca bytes, compression=zero_init


LINKER GENERATED HANDLER TABLE

__TI_handler_table @ 00012600 records: 3, size/record: 4, table size: 12
	index: 0, handler: __TI_decompress_lzss
	index: 1, handler: __TI_decompress_none
	index: 2, handler: __TI_zero_init


GLOBAL SYMBOLS: SORTED ALPHABETICALLY BY Name 

address   name                                                                                                                          
-------   ----                                                                                                                          
00011dc1  ADCIntClear                                                                                                                   
00011505  ADCIntStatus                                                                                                                  
00011829  ADCProcessorTrigger                                                                                                           
00010eb5  ADCSequenceConfigure                                                                                                          
00011765  ADCSequenceDataGet                                                                                                            
00011be9  ADCSequenceEnable                                                                                                             
000109f7  ADCSequenceStepConfigure                                                                                                      
20004048  ADC_RAW_MAX                                                                                                                   
200026ce  Alarms                                                                                                                        
00011e6f  C$$EXIT                                                                                                                       
00011323  C$$IO$$                                                                                                                       
00011cf3  CPUcpsie                                                                                                                      
0000d4f3  DEBUGUARTIntHandler                                                                                                           
0001118d  EEPROMInit                                                                                                                    
000106f5  EEPROMProgram                                                                                                                 
00011285  EEPROMRead                                                                                                                    
20004044  ENC28J60ControlCS                                                                                                             
200020b6  EXTI_cnt                                                                                                                      
20002664  Eclient                                                                                                                       
2000251b  FLR_log_data                                                                                                                  
2000255b  FL_log_data                                                                                                                   
0000f25d  GPIODIntHandler                                                                                                               
00011561  GPIODirModeSet                                                                                                                
00011e23  GPIOIntClear                                                                                                                  
00011cff  GPIOIntEnable                                                                                                                 
00011bf7  GPIOIntStatus                                                                                                                 
00010db9  GPIOIntTypeSet                                                                                                                
0000fdf9  GPIOPadConfigSet                                                                                                              
00010f05  GPIOPinConfigure                                                                                                              
00011e29  GPIOPinRead                                                                                                                   
00011949  GPIOPinTypeADC                                                                                                                
0001195f  GPIOPinTypeGPIOInput                                                                                                          
000117f5  GPIOPinTypeGPIOOutput                                                                                                         
00011975  GPIOPinTypeI2C                                                                                                                
0001198b  GPIOPinTypeI2CSCL                                                                                                             
000119a1  GPIOPinTypeSSI                                                                                                                
000119b7  GPIOPinTypeUART                                                                                                               
00011e2f  GPIOPinWrite                                                                                                                  
00010c9d  HOSTtime64                                                                                                                    
00011df3  I2CMasterBusy                                                                                                                 
00011e47  I2CMasterControl                                                                                                              
00011e4b  I2CMasterDataGet                                                                                                              
00011e4f  I2CMasterDataPut                                                                                                              
00011dcb  I2CMasterEnable                                                                                                               
00010f51  I2CMasterInitExpClk                                                                                                           
00011dfb  I2CMasterSlaveAddrSet                                                                                                         
00011c05  I2CRxFIFOFlush                                                                                                                
00011c13  I2CTxFIFOFlush                                                                                                                
00010bcd  IntEnable                                                                                                                     
00011b49  IntMasterEnable                                                                                                               
0000d67d  LTEUARTIntHandler                                                                                                             
00011db5  ResetISR                                                                                                                      
00012584  SHT$$INIT_ARRAY$$Base                                                                                                         
000125a8  SHT$$INIT_ARRAY$$Limit                                                                                                        
0001120d  SSIConfigSetExpClk                                                                                                            
00011b01  SSIDataGetNonBlocking                                                                                                         
00011c21  SSIDataPutNonBlocking                                                                                                         
00011dd5  SSIEnable                                                                                                                     
00010209  SysCtlClockGet                                                                                                                
0001051d  SysCtlClockSet                                                                                                                
00011e35  SysCtlDelay                                                                                                                   
00011365  SysCtlPeripheralDisable                                                                                                       
00011399  SysCtlPeripheralEnable                                                                                                        
000112bd  SysCtlPeripheralReady                                                                                                         
00010e65  SysCtlPeripheralReset                                                                                                         
00011b59  SysCtlReset                                                                                                                   
00011a11  SysTickEnable                                                                                                                 
00011a25  SysTickIntEnable                                                                                                              
0000fad9  SysTickIntHandler                                                                                                             
00011b69  SysTickPeriodSet                                                                                                              
000117e1  SysTick_Handler                                                                                                               
2000264d  System_mode                                                                                                                   
200026da  Telecom_Ethernet                                                                                                              
2000278c  Telecom_server_query                                                                                                          
00011e03  UARTBusy                                                                                                                      
00011c2f  UARTCharGetNonBlocking                                                                                                        
00011c3d  UARTCharPutNonBlocking                                                                                                        
00011c4b  UARTCharsAvail                                                                                                                
00011079  UARTConfigSetExpClk                                                                                                           
000116e5  UARTDisable                                                                                                                   
00011a39  UARTEnable                                                                                                                    
00011e53  UARTIntClear                                                                                                                  
00011e0b  UARTIntEnable                                                                                                                 
00011ddf  UARTIntStatus                                                                                                                 
2000259b  UIPEthernet                                                                                                                   
0000b927  _Z10Chip_Erasev                                                                                                               
0000c7f7  _Z10GetAdcDatav                                                                                                               
0000f753  _Z10I2CReceivev                                                                                                               
0000f47d  _Z10ToggleLEDsv                                                                                                               
00004265  _Z10asUnixTimeiiiiii                                                                                                          
000056fd  _Z10clear_logsv                                                                                                               
00003f0d  _Z10getREQmodev                                                                                                               
0000e5c7  _Z10my_sprintfPciz                                                                                                            
00003ef3  _Z10setREQmode13gprs_status_t                                                                                                 
00004af9  _Z10update_rtcPci                                                                                                             
000020b1  _Z10ws_connectv                                                                                                               
00002491  _Z10ws_disconnv                                                                                                               
0000b753  _Z11SetSI_Inputv                                                                                                              
0000b777  _Z11SetSO_Inputv                                                                                                              
0000d7a1  _Z11Usendbufferj                                                                                                              
0000574b  _Z11clear_flashv                                                                                                              
0000e993  _Z11count_commaPct                                                                                                            
0000b351  _Z11flashCopyMRPcS_                                                                                                           
0000e571  _Z11getChecksumPhc                                                                                                            
000045a1  _Z11getDateTimev                                                                                                              
000057a5  _Z11get_log_cnti                                                                                                              
0000f511  _Z11get_rx_dataPc                                                                                                             
00006239  _Z11gps_handlerv                                                                                                              
0000ccb9  _Z11init_configv                                                                                                              
0000f69d  _Z11setNWstatus13gprs_status_t                                                                                                
0000f6f5  _Z11vRTCI2CInitv                                                                                                              
0000c0dd  _Z12ADC_PortIniti                                                                                                             
00002c59  _Z12Query_decodePcPKcS_i                                                                                                      
0000b673  _Z12Sector_Erasem                                                                                                             
0000b745  _Z12SetSI_Outputv                                                                                                             
0000b761  _Z12SetSO_Outputv                                                                                                             
000042b5  _Z12calcTimeDiff12time_stamp_tS_                                                                                              
0000f543  _Z12check_stringPKcPcPi                                                                                                       
00005729  _Z12clear_log_idv                                                                                                             
0000b1b9  _Z12flashSwResetv                                                                                                             
0000559b  _Z12flashWriteTRv                                                                                                             
0000f6b1  _Z12getNW_statusv                                                                                                             
0000caa1  _Z12getRAM_Alarmv                                                                                                             
00005fbd  _Z12get_locationv                                                                                                             
0000585d  _Z12get_log_dataimPc                                                                                                          
0000294f  _Z12get_pkt_recvv                                                                                                             
00004fdb  _Z12is_leap_yearh                                                                                                             
00003047  _Z12server_queryv                                                                                                             
0000ca69  _Z12setRAM_Alarm16Alarm_sts_bits_tb                                                                                           
00002955  _Z12set_pkt_recvb                                                                                                             
0000f457  _Z12vEXTIpinInitv                                                                                                             
0000f3f7  _Z12vGPIO_Togglejhh                                                                                                           
0000f3b3  _Z12vLEDGPIOInitv                                                                                                             
0000d48b  _Z12vLTEUARTInitv                                                                                                             
0001158d  _Z13SPI_transrecvjh                                                                                                           
00004d95  _Z13add_date_timeP12time_stamp_tS0_j                                                                                          
0000e809  _Z13delete_SubStrPcS_c                                                                                                        
0000b1d1  _Z13enable_wp_pinv                                                                                                            
0000183f  _Z13ethernet_initv                                                                                                            
0000d889  _Z13flushRxBufferi                                                                                                            
0000d8bd  _Z13flushTxBufferi                                                                                                            
0000cadf  _Z13getRAM_Statusv                                                                                                            
0000ab07  _Z13get_device_idv                                                                                                            
0000caa7  _Z13setRAM_Statushb                                                                                                           
0000aa65  _Z13set_device_idPc                                                                                                           
0000fbff  _Z13vMAIN_DelayMSj                                                                                                            
0000d6e1  _Z13vUART_SendChrjh                                                                                                           
0000d771  _Z13vUART_SendIntji                                                                                                           
0000d6ff  _Z13vUART_SendStrjPKh                                                                                                         
0000af89  _Z14Reset_Hold_Lowv                                                                                                           
00004c85  _Z14StrToTimeStampPh                                                                                                          
00011705  _Z14__libcpp_isinfIdEbT_                                                                                                      
00011725  _Z14__libcpp_isnanIdEbT_                                                                                                      
000026e1  _Z14ether_tcp_sendPci                                                                                                         
000043ff  _Z14getDaysOfMonthcj                                                                                                          
00006d07  _Z14get_gps_statusv                                                                                                           
0000b281  _Z14readContToBuffmjPc                                                                                                        
00006d0f  _Z14set_gps_status12gps_status_t                                                                                              
0000d43d  _Z14vDEBUGUARTInitv                                                                                                           
0000cb51  _Z14write_defaultsj                                                                                                           
00002b29  _Z15HTTP_valid_codePc                                                                                                         
0000af97  _Z15Reset_Hold_Highv                                                                                                          
0000410b  _Z15check_date_timePcS_                                                                                                       
000079b3  _Z15ether_cs_activev                                                                                                          
00002289  _Z15ether_ping_sendv                                                                                                          
0000b07b  _Z15flashClrTR_Logsv                                                                                                          
000050b9  _Z15flashWriteMR_BRv                                                                                                          
0000f4d1  _Z15generateMaskKeyPh                                                                                                         
0000f6cd  _Z15getServerStatusv                                                                                                          
00005c53  _Z15get_unsent_logsv                                                                                                          
0000f661  _Z15get_upload_datav                                                                                                          
0000f67d  _Z15get_webconn_stsv                                                                                                          
000067a5  _Z15gps_pkt_parsingP10gps_info_tPc                                                                                            
0000b01f  _Z15init_flash_pinsv                                                                                                          
0000f6b9  _Z15setServerStatus13gprs_status_t                                                                                            
0000f64d  _Z15set_upload_data13upload_data_t                                                                                            
0000f669  _Z15set_webconn_stsh                                                                                                          
0000c9cb  _Z15update_ram_datav                                                                                                          
0000f2b1  _Z15vGPIOPortEnablev                                                                                                          
0000a559  _Z15vPERIPH_E2PInitv                                                                                                          
0000d72d  _Z15vUART_SendBytesjPKhj                                                                                                      
0000c7bd  _Z16calculate_AC_ADCv                                                                                                         
00005c1d  _Z16check_unsent_logv                                                                                                         
00009aed  _Z16decodeMsgPC_Uartv                                                                                                         
0000264b  _Z16ether_valid_codePc                                                                                                        
00001a31  _Z16ethernet_handlerv                                                                                                         
0000b3f7  _Z16flashEraseBackupv                                                                                                         
0000b2f3  _Z16flashEraseMasterv                                                                                                         
0000b399  _Z16flashEraseSectormm                                                                                                        
00005557  _Z16flashGetSerMR_BRv                                                                                                         
00003f4d  _Z16getClientMSGTypev                                                                                                         
00003f31  _Z16getServerReqTypev                                                                                                         
00004a89  _Z16get_present_timeP12time_stamp_t                                                                                           
0000a4c7  _Z16get_system_statev                                                                                                         
00003f39  _Z16setClientMSGType21client_message_type_t                                                                                   
00003f1d  _Z16setServerReqType21server_request_type_t                                                                                   
0000a4b3  _Z16set_system_state10sys_mode_t                                                                                              
00003fbd  _Z16update_date_timev                                                                                                         
000017d1  _Z16vETHERNETSPIInitv                                                                                                         
0000f365  _Z16vGPIO_UnlockGPIOjh                                                                                                        
0000f3c9  _Z16vPERIPH_GPIOInitv                                                                                                         
0000d4e7  _Z16vPERIPH_UARTInitv                                                                                                         
000056b9  _Z16validate_FL_addrcm                                                                                                        
00003d0d  _Z16websocket_packetPh                                                                                                        
00003e09  _Z17HandleQueryStatesv                                                                                                        
000044b9  _Z17check_expire_time12time_stamp_tS_                                                                                         
0000add5  _Z17cloud_config_datav                                                                                                        
0000a8ed  _Z17e2p_read_cfg_timev                                                                                                        
0000a7fd  _Z17e2p_read_locationv                                                                                                        
000079c1  _Z17ether_cs_inactivev                                                                                                        
00001f89  _Z17ether_tcp_connectv                                                                                                        
0000afc1  _Z17flash_port_assignv                                                                                                        
0000e8cd  _Z17generateRandomKeyiPc                                                                                                      
0000c719  _Z17getBatteryVoltagev                                                                                                        
0000c769  _Z17getChargerVoltagev                                                                                                        
000033a9  _Z17prepare_JSON_pcktv                                                                                                        
00005e97  _Z17save_TELECOM_datav                                                                                                        
0000a495  _Z17tx_pending_dataPCv                                                                                                        
0000cae5  _Z17vPERIPH_ClockInitv                                                                                                        
0000f633  _Z18check_string_nobufPKc                                                                                                     
000041e3  _Z18convertToEpochTimePK12time_stamp_t                                                                                        
0000a661  _Z18e2p_read_cloud_cfgv                                                                                                       
0000a893  _Z18e2p_write_cfg_timev                                                                                                       
0000a7a9  _Z18e2p_write_locationv                                                                                                       
00002905  _Z18ether_respos_recvdPc                                                                                                      
0000b449  _Z18flashPacketProgramPctm                                                                                                    
0000ad8b  _Z18get_fixed_locationv                                                                                                       
00003e7b  _Z18prepare_server_pktv                                                                                                       
0000ab79  _Z18set_fixed_locationPc                                                                                                      
0000f41d  _Z18vInput_PollingReadv                                                                                                       
00005031  _Z19check_dateTime_dataP12time_stamp_t                                                                                        
0000a71f  _Z19e2p_read_device_cfgv                                                                                                      
0000a631  _Z19e2p_write_cloud_cfgv                                                                                                      
0000b0c5  _Z19flashClrFreqUpdLogsv                                                                                                      
0000269b  _Z19flush_ether_rx_buffv                                                                                                      
000026bb  _Z19flush_ether_tx_buffv                                                                                                      
0000f697  _Z19get_gprs_connct_stsv                                                                                                      
00003eed  _Z19get_pending_requestv                                                                                                      
[...]
000122f0  _ZTSN10__cxxabiv121__vmi_class_type_infoE                                                                                     
00012316  _ZTSN10__cxxabiv120__si_class_type_infoE                                                                                      
00012360  _ZTSN10__cxxabiv117__class_type_infoE                                                                                         
00012384  _ZTI6UIPUDP                                                                                                                   
000123a4  _ZTI9UIPClient                                                                                                                
000123c4  _ZTI9UIPServer                                                                                                                
00012400  _ZTV6Server                                                                                                                   
00012414  _ZTV9IPAddress                                                                                                                
00012428  _ZTV9Printable                                                                                                                
00012450  _ZTV5Print                                                                                                                    
00012460  _ZTVN10__cxxabiv117__class_type_infoE                                                                                         
00012470  _ZTVN10__cxxabiv120__si_class_type_infoE                                                                                      
00012480  _ZTVN10__cxxabiv121__vmi_class_type_infoE                                                                                     
00012490  _ZTSSt9type_info                                                                                                              
000124a0  _ZTI9IPAddress                                                                                                                
000124ac  _ZTIN10__cxxabiv117__class_type_infoE                                                                                         
000124b8  _ZTIN10__cxxabiv120__si_class_type_infoE                                                                                      
000124c4  _ZTIN10__cxxabiv121__vmi_class_type_infoE                                                                                     
000124d0  _ZTS9IPAddress                                                                                                                
000124db  _ZTS9Printable                                                                                                                
000124e6  _ZTS9UIPClient                                                                                                                
000124f1  _ZTS9UIPServer                                                                                                                
0001250c  _ZTI3UDP                                                                                                                      
00012514  _ZTI5Print                                                                                                                    
0001251c  _ZTI6Client                                                                                                                   
00012524  _ZTI6Server                                                                                                                   
0001252c  _ZTI9Printable                                                                                                                
00012534  _ZTISt9type_info                                                                                                              
0001253c  _ZTS6Client                                                                                                                   
00012544  _ZTS6Server                                                                                                                   
0001254c  _ZTS6UIPUDP                                                                                                                   
00012554  _ZTS5Print                                                                                                                    
00012573  _ZTS3UDP                                                                                                                      
00012584  SHT$$INIT_ARRAY$$Base                                                                                                         
000125a8  SHT$$INIT_ARRAY$$Limit                                                                                                        
00012600  __TI_Handler_Table_Base                                                                                                       
0001260c  __TI_Handler_Table_Limit                                                                                                      
00012618  __TI_CINIT_Base                                                                                                               
00012628  __TI_CINIT_Limit                                                                                                              
20000000  __start___llvm_prf_cnts                                                                                                       
20000000  __stop___llvm_prf_cnts                                                                                                        
20000000  ethernet_rx_buff                                                                                                              
20000a34  ethernet_tx_buff                                                                                                              
20001464  _ZN10MemoryPool6blocksE                                                                                                       
20001694  gprs_rx_buff                                                                                                                  
20001890  gprs_tx_buff                                                                                                                  
20001a8c  dummy_json_string                                                                                                             
20001c14  adc                                                                                                                           
20001d90  display_tx                                                                                                                    
20001ec0  __CIOBUF_                                                                                                                     
20001fe0  cloud_config                                                                                                                  
200020b6  EXTI_cnt                                                                                                                      
200020b8  display_uart_rx                                                                                                               
20002158  pc_uart_rx                                                                                                                    
200021f8  e2p_cloud_config                                                                                                              
20002278  uip_conns                                                                                                                     
200022f8  _ZN9UIPClient8all_dataE                                                                                                       
20002368  uip_buf                                                                                                                       
20002488  pc_uart_tx                                                                                                                    
200024d8  gps                                                                                                                           
2000251b  FLR_log_data                                                                                                                  
2000255b  FL_log_data                                                                                                                   
2000259b  UIPEthernet                                                                                                                   
2000259c  uip_udp_conns                                                                                                                 
200025dc  ram_data                                                                                                                      
20002612  time_main                                                                                                                     
20002631  measurements                                                                                                                  
2000264d  System_mode                                                                                                                   
2000264e  _ZN15Enc28J60Network13nextPacketPtrE                                                                                          
20002650  gprs                                                                                                                          
20002664  Eclient                                                                                                                       
20002674  client                                                                                                                        
20002684  e2p_device_info                                                                                                               
20002694  e2p_location_info                                                                                                             
200026a4  freq_updated_data                                                                                                             
200026b4  scheduler                                                                                                                     
200026ce  Alarms                                                                                                                        
200026da  Telecom_Ethernet                                                                                                              
200026e5  gprs_rx_isr_handler                                                                                                           
200026e7  gps_handler_state                                                                                                             
20002738  _ZN16UIPEthernetClass17_dnsServerAddressE                                                                                     
20002748  e2p_config_time                                                                                                               
20002750  e2p_router_config                                                                                                             
20002758  gps_data                                                                                                                      
20002760  parmbuf                                                                                                                       
20002768  uip_listenports                                                                                                               
20002770  _ZN15Enc28J60Network10receivePktE                                                                                             
20002776  time_stamp                                                                                                                    
2000277c  _ZZN9UIPClient7connectE9IPAddresstE4conn                                                                                      
2000278c  Telecom_server_query                                                                                                          
20002790  _ZN16UIPEthernetClass14periodic_timerE                                                                                        
20002794  __dso_handle                                                                                                                  
20002798  _millis                                                                                                                       
2000279c  startTime                                                                                                                     
200027a0  u32DelayCounter                                                                                                               
200027a4  uip_acc32                                                                                                                     
200027a8  uip_appdata                                                                                                                   
200027ac  uip_conn                                                                                                                      
200027b0  uip_draddr                                                                                                                    
200027b4  uip_hostaddr                                                                                                                  
200027b8  uip_netmask                                                                                                                   
200027bc  uip_sappdata                                                                                                                  
200027c0  uip_udp_conn                                                                                                                  
200027c4  uip_len                                                                                                                       
200027c6  uip_slen                                                                                                                      
200027c8  router_mode                                                                                                                   
200027c9  uip_flags                                                                                                                     
200027d0  __stack                                                                                                                       
200029d0  __STACK_TOP                                                                                                                   
20003fd0  __STACK_END                                                                                                                   
20003fd0  server_response_str                                                                                                           
20003ffc  _tz                                                                                                                           
20004019  _ZZN9UIPClient7connectE9IPAddresstE10first_call                                                                               
2000401a  _ZZN9UIPClient7connectE9IPAddresstE7timeout                                                                                   
2000401c  __TI_cleanup_ptr                                                                                                              
20004020  __TI_dtors_ptr                                                                                                                
20004024  __TI_enable_exit_profile_output                                                                                               
20004028  gps_interval_start                                                                                                            
2000402c  cnt_gps_1sec                                                                                                                  
20004034  _lock                                                                                                                         
20004038  _unlock                                                                                                                       
20004044  ENC28J60ControlCS                                                                                                             
20004045  _ZN15Enc28J60Network4bankE                                                                                                    
20004046  _ZN15Enc28J60Network6erevidE                                                                                                  
20004047  _ZN15Enc28J60Network17broadcast_enabledE                                                                                      
20004048  ADC_RAW_MAX                                                                                                                   
20004050  _ZN16UIPEthernetClass9in_packetE                                                                                              
20004051  _ZN16UIPEthernetClass10uip_packetE                                                                                            
20004052  _ZN16UIPEthernetClass10uip_hdrlenE                                                                                            
20004053  _ZN16UIPEthernetClass11packetstateE                                                                                           
20004054  _ZN16UIPEthernetClass5_dhcpE                                                                                                  
20004060  upload_time                                                                                                                   
20004064  save_offline_time                                                                                                             
20004068  uip_ethaddr                                                                                                                   
20004070  millis_cnt                                                                                                                    
20004080  _sys_memory                                                                                                                   
ffffffff  __TI_pprof_out_hndl                                                                                                           
ffffffff  __TI_prof_data_size                                                                                                           
ffffffff  __TI_prof_data_start                                                                                                          
ffffffff  __binit__                                                                                                                     
ffffffff  __c_args__                                                                                                                    
ffffffff  binit                                                                                                                         
UNDEFED   __mpu_init                                                                                                                    
UNDEFED   _system_post_cinit                                                                                                            

[822 symbols]
