******************************************************************************
                  TI ARM Linker PC v20.2.6                     
******************************************************************************
>> Linked Thu May 30 16:46:50 2024

OUTPUT FILE NAME:   <Telecom_IoT_v2_00.out>
ENTRY POINT SYMBOL: "_c_int00_noargs"  address: 0000a4c1


MEMORY CONFIGURATION

         name            origin    length      used     unused   attr    fill
----------------------  --------  ---------  --------  --------  ----  --------
  FLASH                 00000000   00020000  0000ad12  000152ee  R  X
  SRAM                  20000000   00008000  00002624  000059dc  RW X


SEGMENT ALLOCATION MAP

run origin  load origin   length   init length attrs members
----------  ----------- ---------- ----------- ----- -------
00000000    00000000    0000ad18   0000ad18    r-x
  00000000    00000000    0000026c   0000026c    r-- .intvecs
  0000026c    0000026c    0000a71e   0000a71e    r-x .text
  0000a98c    0000a98c    00000308   00000308    r-- .const
  0000ac98    0000ac98    00000080   00000080    r-- .cinit
20000000    20000000    00002624   00000000    rw-
  20000000    20000000    00001800   00000000    rw- .stack
  20001800    20001800    00000d70   00000000    rw- .bss
  20002570    20002570    000000b4   00000000    rw- .data


SECTION ALLOCATION MAP

 output                                  attributes/
section   page    origin      length       input sections
--------  ----  ----------  ----------   ----------------
.intvecs   0    00000000    0000026c     
                  00000000    0000026c     tm4c1233e6pz_startup_ccs.obj (.intvecs)

.text      0    0000026c    0000a71e     
                  0000026c    00002994     gprs.obj (.text)
                  00002c00    00001108     Clock.obj (.text)
                  00003d08    00000fec     gps.obj (.text)
                  00004cf4    00000f50     Telecom_server_query.obj (.text)
                  00005c44    00000a30     E2P.obj (.text)
                  00006674    000007c4     ADC_Core.obj (.text)
                  00006e38    000006d8     UartCore.obj (.text)
                  00007510    00000674     PC_Cmds.obj (.text)
                  00007b84    00000578     main.obj (.text)
                  000080fc    000004cc     _common.obj (.text)
                  000085c8    00000488     Display.obj (.text)
                  00008a50    000002b8     rtsv7M4_T_le_v4SPD16_eabi.lib : mktime64.c.obj (.text:__mktime64)
                  00008d08    0000025c     IO_cntrl.obj (.text)
                  00008f64    00000210     DS3231.obj (.text)
                  00009174    000001bc     Web_Comm.obj (.text)
                  00009330    00000194     SysTick_Timer.obj (.text)
                  000094c4    0000016c     driverlib.lib : gpio.obj (.text:GPIOPadConfigSet)
                  00009630    00000136     rtsv7M4_T_le_v4SPD16_eabi.lib : fd_div_t2.asm.obj (.text)
                  00009766    00000002                                   : _lock.c.obj (.text:_nop)
                  00009768    00000118     driverlib.lib : sysctl.obj (.text:SysCtlClockGet)
                  00009880    000000fc     rtsv7M4_T_le_v4SPD16_eabi.lib : fd_mul_t2.asm.obj (.text)
                  0000997c    000000f4     driverlib.lib : sysctl.obj (.text:SysCtlClockSet)
                  00009a70    000000c4                   : eeprom.obj (.text:EEPROMProgram)
                  00009b34    000000b8     WDT.obj (.text)
                  00009bec    0000009c     rtsv7M4_T_le_v4SPD16_eabi.lib : memcpy_t2.asm.obj (.text)
                  00009c88    00000096                                   : ull_div_t2.asm.obj (.text)
                  00009d1e    0000007a     driverlib.lib : adc.obj (.text:ADCSequenceStepConfigure)
                  00009d98    0000007a     rtsv7M4_T_le_v4SPD16_eabi.lib : memset_t2.asm.obj (.text)
                  00009e12    00000002                                   : div0.asm.obj (.text)
                  00009e14    0000006e                                   : ltoa.c.obj (.text:ltoa)
                  00009e82    0000006e                                   : ll_div_t2.asm.obj (.text)
                  00009ef0    00000068     driverlib.lib : interrupt.obj (.text:IntEnable)
                  00009f58    00000068     rtsv7M4_T_le_v4SPD16_eabi.lib : copy_decompress_lzss.c.obj (.text:decompress:lzss:__TI_decompress_lzss)
                  00009fc0    00000060                                   : hosttime.c.obj (.text:HOSTtime64)
                  0000a020    00000058     driverlib.lib : gpio.obj (.text:GPIOIntTypeSet)
                  0000a078    00000050                   : sysctl.obj (.text:SysCtlPeripheralReset)
                  0000a0c8    0000004e                   : adc.obj (.text:ADCSequenceConfigure)
                  0000a116    00000002     --HOLE-- [fill = 0]
                  0000a118    0000004c                   : gpio.obj (.text:GPIOPinConfigure)
                  0000a164    0000004c                   : i2c.obj (.text:I2CMasterInitExpClk)
                  0000a1b0    0000004c     rtsv7M4_T_le_v4SPD16_eabi.lib : atoi.c.obj (.text:atoi)
                  0000a1fc    00000046     driverlib.lib : uart.obj (.text:UARTConfigSetExpClk)
                  0000a242    00000002     --HOLE-- [fill = 0]
                  0000a244    00000044     rtsv7M4_T_le_v4SPD16_eabi.lib : autoinit.c.obj (.text:__TI_auto_init_nobinit_nopinit:__TI_auto_init_nobinit_nopinit)
                  0000a288    00000044                                   : fd_tou_t2.asm.obj (.text)
                  0000a2cc    00000040     driverlib.lib : eeprom.obj (.text:EEPROMInit)
                  0000a30c    0000003c                   : eeprom.obj (.text:_EEPROMSectorMaskSet)
                  0000a348    00000038                   : eeprom.obj (.text:EEPROMRead)
                  0000a380    00000038                   : sysctl.obj (.text:SysCtlPeripheralReady)
                  0000a3b8    00000038     rtsv7M4_T_le_v4SPD16_eabi.lib : trgmsg.c.obj (.text:__TI_writemsg)
                  0000a3f0    00000034     driverlib.lib : sysctl.obj (.text:SysCtlPeripheralDisable)
                  0000a424    00000034                   : sysctl.obj (.text:SysCtlPeripheralEnable)
                  0000a458    00000034                   : eeprom.obj (.text:_EEPROMSectorMaskClear)
                  0000a48c    00000034     rtsv7M4_T_le_v4SPD16_eabi.lib : trgmsg.c.obj (.text:__TI_readmsg)
                  0000a4c0    00000034                                   : boot_cortex_m.c.obj (.text:_c_int00_noargs:_c_int00_noargs)
                  0000a4f4    00000034                                   : rand.c.obj (.text:rand)
                  0000a528    00000034                                   : strstr.c.obj (.text:strstr)
                  0000a55c    0000002e     driverlib.lib : adc.obj (.text:ADCIntStatus)
                  0000a58a    0000002c                   : gpio.obj (.text:GPIODirModeSet)
                  0000a5b6    0000002c     rtsv7M4_T_le_v4SPD16_eabi.lib : strncmp.c.obj (.text:strncmp)
                  0000a5e2    00000024                                   : memcmp.c.obj (.text:memcmp)
                  0000a606    00000002     --HOLE-- [fill = 0]
                  0000a608    00000024                                   : rand.c.obj (.text:srand)
                  0000a62c    00000020     driverlib.lib : uart.obj (.text:UARTDisable)
                  0000a64c    00000020     rtsv7M4_T_le_v4SPD16_eabi.lib : u_tofd_t2.asm.obj (.text)
                  0000a66c    0000001e     driverlib.lib : adc.obj (.text:ADCSequenceDataGet)
                  0000a68a    0000001a                   : gpio.obj (.text:GPIOPinTypeGPIOOutput)
                  0000a6a4    00000018                   : adc.obj (.text:ADCProcessorTrigger)
                  0000a6bc    00000018     rtsv7M4_T_le_v4SPD16_eabi.lib : ll_mul_t2.asm.obj (.text)
                  0000a6d4    00000018                                   : strcmp.c.obj (.text:strcmp)
                  0000a6ec    00000016     driverlib.lib : gpio.obj (.text:GPIOPinTypeADC)
                  0000a702    00000016                   : gpio.obj (.text:GPIOPinTypeGPIOInput)
                  0000a718    00000016                   : gpio.obj (.text:GPIOPinTypeI2C)
                  0000a72e    00000016                   : gpio.obj (.text:GPIOPinTypeI2CSCL)
                  0000a744    00000016                   : gpio.obj (.text:GPIOPinTypeUART)
                  0000a75a    00000002     --HOLE-- [fill = 0]
                  0000a75c    00000014                   : systick.obj (.text:SysTickEnable)
                  0000a770    00000014                   : systick.obj (.text:SysTickIntEnable)
                  0000a784    00000014                   : uart.obj (.text:UARTEnable)
                  0000a798    00000014     rtsv7M4_T_le_v4SPD16_eabi.lib : strcpy.c.obj (.text:strcpy)
                  0000a7ac    00000014                                   : strlen.c.obj (.text:strlen)
                  0000a7c0    00000012     Telecom_server_query.obj (.text:_Z3absl)
                  0000a7d2    00000010     driverlib.lib : interrupt.obj (.text:IntMasterEnable)
                  0000a7e2    00000002     --HOLE-- [fill = 0]
                  0000a7e4    00000010                   : systick.obj (.text:SysTickPeriodSet)
                  0000a7f4    00000010                   : eeprom.obj (.text:_EEPROMWaitForDone)
                  0000a804    00000010     rtsv7M4_T_le_v4SPD16_eabi.lib : time64.c.obj (.text:__time64)
                  0000a814    00000010                                   : isdigit.c.obj (.text:isdigit)
                  0000a824    0000000e     driverlib.lib : adc.obj (.text:ADCSequenceEnable)
                  0000a832    0000000e                   : gpio.obj (.text:GPIOIntStatus)
                  0000a840    0000000e                   : i2c.obj (.text:I2CRxFIFOFlush)
                  0000a84e    0000000e                   : i2c.obj (.text:I2CTxFIFOFlush)
                  0000a85c    0000000e                   : uart.obj (.text:UARTCharGetNonBlocking)
                  0000a86a    0000000e                   : uart.obj (.text:UARTCharPutNonBlocking)
                  0000a878    0000000e                   : uart.obj (.text:UARTCharsAvail)
                  0000a886    0000000e                   : watchdog.obj (.text:WatchdogLockState)
                  0000a894    0000000e     rtsv7M4_T_le_v4SPD16_eabi.lib : copy_decompress_none.c.obj (.text:decompress:none:__TI_decompress_none)
                  0000a8a2    0000000c     driverlib.lib : cpu.obj (.text:CPUcpsie)
                  0000a8ae    0000000c                   : gpio.obj (.text:GPIOIntEnable)
                  0000a8ba    0000000c                   : watchdog.obj (.text:WatchdogIntTypeSet)
                  0000a8c6    00000002     --HOLE-- [fill = 0]
                  0000a8c8    0000000c                   : watchdog.obj (.text:WatchdogUnlock)
                  0000a8d4    0000000c     rtsv7M4_T_le_v4SPD16_eabi.lib : copy_zero_init.c.obj (.text:decompress:ZI:__TI_zero_init)
                  0000a8e0    0000000c     tm4c1233e6pz_startup_ccs.obj (.text)
                  0000a8ec    0000000a     driverlib.lib : adc.obj (.text:ADCIntClear)
                  0000a8f6    0000000a                   : i2c.obj (.text:I2CMasterEnable)
                  0000a900    0000000a                   : uart.obj (.text:UARTIntStatus)
                  0000a90a    0000000a                   : watchdog.obj (.text:WatchdogEnable)
                  0000a914    0000000a                   : watchdog.obj (.text:WatchdogIntEnable)
                  0000a91e    0000000a                   : watchdog.obj (.text:WatchdogResetEnable)
                  0000a928    00000008                   : i2c.obj (.text:I2CMasterBusy)
                  0000a930    00000008                   : i2c.obj (.text:I2CMasterSlaveAddrSet)
                  0000a938    00000008                   : uart.obj (.text:UARTBusy)
                  0000a940    00000008                   : uart.obj (.text:UARTIntEnable)
                  0000a948    00000008                   : watchdog.obj (.text:WatchdogLock)
                  0000a950    00000006                   : gpio.obj (.text:GPIOIntClear)
                  0000a956    00000006                   : gpio.obj (.text:GPIOPinRead)
                  0000a95c    00000006                   : gpio.obj (.text:GPIOPinWrite)
                  0000a962    00000006                   : sysctl.obj (.text:SysCtlDelay)
                  0000a968    00000006                   : watchdog.obj (.text:WatchdogIntClear)
                  0000a96e    00000004                   : i2c.obj (.text:I2CMasterControl)
                  0000a972    00000004                   : i2c.obj (.text:I2CMasterDataGet)
                  0000a976    00000004                   : i2c.obj (.text:I2CMasterDataPut)
                  0000a97a    00000004                   : uart.obj (.text:UARTIntClear)
                  0000a97e    00000004                   : watchdog.obj (.text:WatchdogReloadSet)
                  0000a982    00000004     rtsv7M4_T_le_v4SPD16_eabi.lib : pre_init.c.obj (.text:_system_pre_init)
                  0000a986    00000004                                   : exit.c.obj (.text:abort:abort)

.const     0    0000a98c    00000308     
                  0000a98c    00000101     rtsv7M4_T_le_v4SPD16_eabi.lib : ctype.c.obj (.const:.string:_ctypes_)
                  0000aa8d    00000003     --HOLE-- [fill = 0]
                  0000aa90    00000090     driverlib.lib : gpio.obj (.const:g_pui32GPIOBaseAddrs)
                  0000ab20    0000006c                   : sysctl.obj (.const:g_pui32Xtals)
                  0000ab8c    00000060     rtsv7M4_T_le_v4SPD16_eabi.lib : mktime64.c.obj (.const:$O1$$)
                  0000abec    00000041     _common.obj (.const:.string:$P$T0$1)
                  0000ac2d    00000003     --HOLE-- [fill = 0]
                  0000ac30    00000024     Clock.obj (.const:$P$T0$1)
                  0000ac54    00000019     gprs.obj (.const:.string:$P$T0$11)
                  0000ac6d    00000003     --HOLE-- [fill = 0]
                  0000ac70    00000014     driverlib.lib : interrupt.obj (.const:g_pui32EnRegs)
                  0000ac84    00000008     Clock.obj (.const:$P$T1$2)
                  0000ac8c    00000008     gprs.obj (.const:.string:$P$T1$18)

.cinit     0    0000ac98    00000080     
                  0000ac98    00000057     (.cinit..data.load) [load image, compression = lzss]
                  0000acef    00000001     --HOLE-- [fill = 0]
                  0000acf0    0000000c     (__TI_handler_table)
                  0000acfc    00000004     --HOLE-- [fill = 0]
                  0000ad00    00000008     (.cinit..bss.load) [load image, compression = zero_init]
                  0000ad08    00000010     (__TI_cinit_table)

.init_array 
*          0    00000000    00000000     UNINITIALIZED

.bss       0    20001800    00000d70     UNINITIALIZED
                  20001800    000001fc     (.common:gprs_rx_buff)
                  200019fc    000001fc     (.common:gprs_tx_buff)
                  20001bf8    00000188     (.common:dummy_json_string)
                  20001d80    0000017c     (.common:adc)
                  20001efc    00000130     (.common:display_tx)
                  2000202c    00000120     rtsv7M4_T_le_v4SPD16_eabi.lib : trgmsg.c.obj (.bss:_CIOBUF_)
                  2000214c    000000d6     (.common:cloud_config)
                  20002222    00000002     (.common:EXTI_cnt)
                  20002224    000000a0     (.common:display_uart_rx)
                  200022c4    000000a0     (.common:pc_uart_rx)
                  20002364    00000080     (.common:e2p_cloud_config)
                  200023e4    00000050     (.common:pc_uart_tx)
                  20002434    00000043     (.common:gps)
                  20002477    00000036     (.common:ram_data)
                  200024ad    0000001f     (.common:time_main)
                  200024cc    0000001c     (.common:measurements)
                  200024e8    00000014     (.common:gprs)
                  200024fc    00000010     (.common:e2p_device_info)
                  2000250c    00000010     (.common:e2p_location_info)
                  2000251c    0000000e     (.common:scheduler)
                  2000252a    0000000c     (.common:Alarms)
                  20002536    00000008     (.common:e2p_config_time)
                  2000253e    00000008     (.common:e2p_router_config)
                  20002546    00000008     (.common:gps_data)
                  2000254e    00000008     (.common:parmbuf)
                  20002556    00000007     (.common:gprs_date_time)
                  2000255d    00000006     (.common:time_stamp)
                  20002563    00000004     (.common:Telecom_server_query)
                  20002567    00000001     (.common:System_mode)
                  20002568    00000004     (.common:u32DelayCounter)
                  2000256c    00000002     (.common:gprs_rx_isr_handler)
                  2000256e    00000001     (.common:gps_handler_state)
                  2000256f    00000001     (.common:router_mode)

.data      0    20002570    000000b4     UNINITIALIZED
                  20002570    00000041     gprs.obj (.data)
                  200025b1    0000001b     Telecom_server_query.obj (.data:server_response_str)
                  200025cc    00000014     Web_Comm.obj (.data)
                  200025e0    00000010     rtsv7M4_T_le_v4SPD16_eabi.lib : tmzone.c.obj (.data:_tz)
                  200025f0    0000000c     gps.obj (.data)
                  200025fc    00000008     rtsv7M4_T_le_v4SPD16_eabi.lib : _lock.c.obj (.data:$O1$$)
                  20002604    00000004     SysTick_Timer.obj (.data)
                  20002608    00000008     ADC_Core.obj (.data)
                  20002610    00000008     UartCore.obj (.data)
                  20002618    00000004     _common.obj (.data)
                  2000261c    00000004     main.obj (.data)
                  20002620    00000004     rtsv7M4_T_le_v4SPD16_eabi.lib : rand.c.obj (.data)

.stack     0    20000000    00001800     UNINITIALIZED
                  20000000    00000004     rtsv7M4_T_le_v4SPD16_eabi.lib : boot_cortex_m.c.obj (.stack)
                  20000004    000017fc     --HOLE--

__llvm_prf_cnts 
*          0    20000000    00000000     UNINITIALIZED

MODULE SUMMARY

       Module                         code    ro data   rw data
       ------                         ----    -------   -------
    .\
       tm4c1233e6pz_startup_ccs.obj   12      620       0      
    +--+------------------------------+-------+---------+---------+
       Total:                         12      620       0      
                                                               
    .\Sources\
       gprs.obj                       10644   33        1110   
       Clock.obj                      4360    44        37     
       Telecom_server_query.obj       3938    0         423    
       gps.obj                        4076    0         88     
       E2P.obj                        2608    0         390    
       UartCore.obj                   1752    0         712    
       ADC_Core.obj                   1988    0         416    
       PC_Cmds.obj                    1652    0         1      
       main.obj                       1400    0         70     
       _common.obj                    1228    65        4      
       Display.obj                    1160    0         0      
       IO_cntrl.obj                   604     0         3      
       DS3231.obj                     528     0         0      
       Web_Comm.obj                   444     0         20     
       SysTick_Timer.obj              404     0         22     
       WDT.obj                        184     0         0      
    +--+------------------------------+-------+---------+---------+
       Total:                         36970   142       3296   
                                                               
    C:/ti/TivaWare_C_Series-2.2.0.295/driverlib/ccs/Debug/driverlib.lib
       gpio.obj                       752     144       0      
       sysctl.obj                     770     108       0      
       eeprom.obj                     444     0         0      
       adc.obj                        324     0         0      
       uart.obj                       194     0         0      
       i2c.obj                        142     0         0      
       interrupt.obj                  120     20        0      
       watchdog.obj                   86      0         0      
       systick.obj                    56      0         0      
       cpu.obj                        12      0         0      
    +--+------------------------------+-------+---------+---------+
       Total:                         2900    272       0      
                                                               
    C:\ti\ccs1110\ccs\tools\compiler\ti-cgt-arm_20.2.6.LTS\lib\rtsv7M4_T_le_v4SPD16_eabi.lib
       mktime64.c.obj                 696     96        0      
       trgmsg.c.obj                   108     0         288    
       fd_div_t2.asm.obj              310     0         0      
       ctype.c.obj                    0       257       0      
       fd_mul_t2.asm.obj              252     0         0      
       memcpy_t2.asm.obj              156     0         0      
       ull_div_t2.asm.obj             150     0         0      
       memset_t2.asm.obj              122     0         0      
       ll_div_t2.asm.obj              110     0         0      
       ltoa.c.obj                     110     0         0      
       copy_decompress_lzss.c.obj     104     0         0      
       hosttime.c.obj                 96      0         0      
       rand.c.obj                     88      0         4      
       atoi.c.obj                     76      0         0      
       autoinit.c.obj                 68      0         0      
       fd_tou_t2.asm.obj              68      0         0      
       boot_cortex_m.c.obj            52      0         0      
       strstr.c.obj                   52      0         0      
       strncmp.c.obj                  44      0         0      
       memcmp.c.obj                   36      0         0      
       u_tofd_t2.asm.obj              32      0         0      
       ll_mul_t2.asm.obj              24      0         0      
       strcmp.c.obj                   24      0         0      
       strcpy.c.obj                   20      0         0      
       strlen.c.obj                   20      0         0      
       isdigit.c.obj                  16      0         0      
       time64.c.obj                   16      0         0      
       tmzone.c.obj                   0       0         16     
       copy_decompress_none.c.obj     14      0         0      
       copy_zero_init.c.obj           12      0         0      
       _lock.c.obj                    2       0         8      
       hostopen.c.obj                 0       0         8      
       exit.c.obj                     4       0         0      
       pre_init.c.obj                 4       0         0      
       div0.asm.obj                   2       0         0      
    +--+------------------------------+-------+---------+---------+
       Total:                         2888    353       324    
                                                               
       Stack:                         0       0         6144   
       Linker Generated:              0       123       0      
    +--+------------------------------+-------+---------+---------+
       Grand Total:                   42770   1510      9764   


LINKER GENERATED COPY TABLES

__TI_cinit_table @ 0000ad08 records: 2, size/record: 8, table size: 16
	.data: load addr=0000ac98, load size=00000057 bytes, run addr=20002570, run size=000000b4 bytes, compression=lzss
	.bss: load addr=0000ad00, load size=00000008 bytes, run addr=20001800, run size=00000d70 bytes, compression=zero_init


LINKER GENERATED HANDLER TABLE

__TI_handler_table @ 0000acf0 records: 3, size/record: 4, table size: 12
	index: 0, handler: __TI_decompress_lzss
	index: 1, handler: __TI_decompress_none
	index: 2, handler: __TI_zero_init


GLOBAL SYMBOLS: SORTED ALPHABETICALLY BY Name 

address   name                                       
-------   ----                                       
0000a8ed  ADCIntClear                                
0000a55d  ADCIntStatus                               
0000a6a5  ADCProcessorTrigger                        
0000a0c9  ADCSequenceConfigure                       
0000a66d  ADCSequenceDataGet                         
0000a825  ADCSequenceEnable                          
00009d1f  ADCSequenceStepConfigure                   
20002608  ADC_RAW_MAX                                
2000252a  Alarms                                     
0000a987  C$$EXIT                                    
0000a3e7  C$$IO$$                                    
0000a8a3  CPUcpsie                                   
00006f3d  DEBUGUARTIntHandler                        
0000712b  DISPLAYUARTIntHandler                      
0000a2cd  EEPROMInit                                 
00009a71  EEPROMProgram                              
0000a349  EEPROMRead                                 
20002222  EXTI_cnt                                   
00008d09  GPIODIntHandler                            
0000a58b  GPIODirModeSet                             
0000a951  GPIOIntClear                               
0000a8af  GPIOIntEnable                              
0000a833  GPIOIntStatus                              
0000a021  GPIOIntTypeSet                             
000094c5  GPIOPadConfigSet                           
0000a119  GPIOPinConfigure                           
0000a957  GPIOPinRead                                
0000a6ed  GPIOPinTypeADC                             
0000a703  GPIOPinTypeGPIOInput                       
0000a68b  GPIOPinTypeGPIOOutput                      
0000a719  GPIOPinTypeI2C                             
0000a72f  GPIOPinTypeI2CSCL                          
0000a745  GPIOPinTypeUART                            
0000a95d  GPIOPinWrite                               
00009fc1  HOSTtime64                                 
0000a929  I2CMasterBusy                              
0000a96f  I2CMasterControl                           
0000a973  I2CMasterDataGet                           
0000a977  I2CMasterDataPut                           
0000a8f7  I2CMasterEnable                            
0000a165  I2CMasterInitExpClk                        
0000a931  I2CMasterSlaveAddrSet                      
0000a841  I2CRxFIFOFlush                             
0000a84f  I2CTxFIFOFlush                             
00009ef1  IntEnable                                  
0000a7d3  IntMasterEnable                            
000070c7  LTEUARTIntHandler                          
0000a8e1  ResetISR                                   
00009769  SysCtlClockGet                             
0000997d  SysCtlClockSet                             
0000a963  SysCtlDelay                                
0000a3f1  SysCtlPeripheralDisable                    
0000a425  SysCtlPeripheralEnable                     
0000a381  SysCtlPeripheralReady                      
0000a079  SysCtlPeripheralReset                      
0000a75d  SysTickEnable                              
0000a771  SysTickIntEnable                           
0000934d  SysTickIntHandler                          
0000a7e5  SysTickPeriodSet                           
20002567  System_mode                                
20002563  Telecom_server_query                       
0000a939  UARTBusy                                   
0000a85d  UARTCharGetNonBlocking                     
0000a86b  UARTCharPutNonBlocking                     
0000a879  UARTCharsAvail                             
0000a1fd  UARTConfigSetExpClk                        
0000a62d  UARTDisable                                
0000a785  UARTEnable                                 
0000a97b  UARTIntClear                               
0000a941  UARTIntEnable                              
0000a901  UARTIntStatus                              
0000a90b  WatchdogEnable                             
0000a969  WatchdogIntClear                           
0000a915  WatchdogIntEnable                          
0000a8bb  WatchdogIntTypeSet                         
0000a949  WatchdogLock                               
0000a887  WatchdogLockState                          
0000a97f  WatchdogReloadSet                          
0000a91f  WatchdogResetEnable                        
0000a8c9  WatchdogUnlock                             
00006ddb  _Z10GetAdcDatav                            
00008fc3  _Z10I2CReceivev                            
00008f21  _Z10ToggleLEDsv                            
00002eb5  _Z10asUnixTimeiiiiii                       
00005a31  _Z10getREQmodev                            
0000815f  _Z10my_sprintfPciz                         
00005a19  _Z10setREQmode13gprs_status_t              
00003749  _Z10update_rtcPci                          
0000291d  _Z10valid_codePc                           
00000279  _Z11TCP_Handlerv                           
00007245  _Z11Usendbufferj                           
0000852b  _Z11count_commaPct                         
00008109  _Z11getChecksumPhc                         
000031f1  _Z11getDateTimev                           
000029f1  _Z11get_rx_dataPc                          
00003f85  _Z11gps_handlerv                           
00007f8d  _Z11init_configv                           
00002ba3  _Z11setNWstatus13gprs_status_t             
000011e5  _Z11tcp_connectv                           
00008f65  _Z11vRTCI2CInitv                           
00006675  _Z12ADC_PortIniti                          
00004cf5  _Z12Query_decodePcPKcS_i                   
00002f05  _Z12calcTimeDiff12time_stamp_tS_           
00002a3d  _Z12check_stringPKcPcPi                    
00002bb7  _Z12getNW_statusv                          
00007d8d  _Z12getRAM_Alarmv                          
00003d09  _Z12get_locationv                          
0000088d  _Z12gprs_connectv                          
00003c2b  _Z12is_leap_yearh                          
00002715  _Z12read_ip_portPc                         
00002977  _Z12respos_recvdPc                         
000050df  _Z12server_queryv                          
00007d55  _Z12setRAM_Alarm16Alarm_sts_bits_tb        
00008efb  _Z12vEXTIpinInitv                          
00008e9b  _Z12vGPIO_Togglejhh                        
00008e5f  _Z12vLEDGPIOInitv                          
00006e83  _Z12vLTEUARTInitv                          
000039e5  _Z13add_date_timeP12time_stamp_tS0_j       
000083a1  _Z13delete_SubStrPcS_c                     
0000737d  _Z13flushRxBufferi                         
000073c5  _Z13flushTxBufferi                         
00007dcb  _Z13getRAM_Statusv                         
000061f3  _Z13get_device_idv                         
000028e9  _Z13pong_receivedPc                        
00007d93  _Z13setRAM_Statushb                        
00006151  _Z13set_device_idPc                        
00009461  _Z13vMAIN_DelayMSj                         
0000716d  _Z13vUART_SendChrjh                        
0000720d  _Z13vUART_SendIntji                        
000071a1  _Z13vUART_SendStrjPKh                      
000038d5  _Z14StrToTimeStampPh                       
0000304f  _Z14getDaysOfMonthcj                       
00004cbf  _Z14get_gps_statusv                        
00004cc7  _Z14set_gps_status12gps_status_t           
00002531  _Z14tcp_disconnectv                        
00006e39  _Z14vDEBUGUARTInitv                        
00007e1d  _Z14write_defaultsj                        
0000873d  _Z15Data_Screen_lcdv                       
00002d5b  _Z15check_date_timePcS_                    
000029b1  _Z15generateMaskKeyPh                      
00002bd3  _Z15getServerStatusv                       
00002b65  _Z15get_upload_datav                       
00002b81  _Z15get_webconn_stsv                       
0000475d  _Z15gps_pkt_parsingP10gps_info_tPc         
00009175  _Z15manage_gps_gprsv                       
00002825  _Z15match_cpsi_dataPc                      
00002bbf  _Z15setServerStatus13gprs_status_t         
00002b4d  _Z15set_upload_data13upload_data_t         
00002b6d  _Z15set_webconn_stsh                       
00007cb7  _Z15update_ram_datav                       
00008d5d  _Z15vGPIOPortEnablev                       
00005c45  _Z15vPERIPH_E2PInitv                       
000071d9  _Z15vUART_SendBytesjPKhj                   
000015dd  _Z15websckt_connectv                       
000085c9  _Z16PrepareLcdBufferPhcc                   
00006da1  _Z16calculate_AC_ADCv                      
00007511  _Z16decodeMsgPC_Uartv                      
00005beb  _Z16getClientMSGTypev                      
00005a4d  _Z16getServerReqTypev                      
000036d9  _Z16get_present_timeP12time_stamp_t        
00007b45  _Z16get_system_statev                      
00009b9f  _Z16reset_controllerv                      
00005bd7  _Z16setClientMSGType21client_message_type_t
00005a39  _Z16setServerReqType21server_request_type_t
00007b31  _Z16set_system_state10sys_mode_t           
00002c0d  _Z16update_date_timev                      
00006edf  _Z16vDISPLAYUARTInitv                      
00008e11  _Z16vGPIO_UnlockGPIOjh                     
00008e75  _Z16vPERIPH_GPIOInitv                      
00006f2d  _Z16vPERIPH_UARTInitv                      
0000582d  _Z16websocket_packetPh                     
00005939  _Z17HandleQueryStatesv                     
00003109  _Z17check_expire_time12time_stamp_tS_      
000064c1  _Z17cloud_config_datav                     
00005fd9  _Z17e2p_read_cfg_timev                     
00005ee9  _Z17e2p_read_locationv                     
00008465  _Z17generateRandomKeyiPc                   
00006d09  _Z17getBatteryVoltagev                     
00006d55  _Z17getChargerVoltagev                     
00005445  _Z17prepare_JSON_pcktv                     
00007aff  _Z17tx_pending_dataPCv                     
00007dd1  _Z17vPERIPH_ClockInitv                     
00002b2d  _Z18check_string_nobufPKc                  
00002e33  _Z18convertToEpochTimePK12time_stamp_t     
00005d4d  _Z18e2p_read_cloud_cfgv                    
00005f7f  _Z18e2p_write_cfg_timev                    
00005e95  _Z18e2p_write_locationv                    
00006477  _Z18get_fixed_locationv                    
000059bd  _Z18prepare_server_pktv                    
00006265  _Z18set_fixed_locationPc                   
00008ec1  _Z18vInput_PollingReadv                    
00002231  _Z18websckt_disconnectv                    
00003c81  _Z19check_dateTime_dataP12time_stamp_t     
00005e0b  _Z19e2p_read_device_cfgv                   
00005d1d  _Z19e2p_write_cloud_cfgv                   
00002b9b  _Z19get_gprs_connct_stsv                   
00005a0f  _Z19get_pending_requestv                   
00000e59  _Z19gprs_connect_statusv                   
00002b87  _Z19set_gprs_connct_stsh                   
000059fb  _Z19set_pending_requestb                   
00008e7d  _Z19vInit_InputTestpinsv                   
00009331  _Z19vPERIPH_SystickInitv                   
00005ddb  _Z20e2p_write_device_cfgv                  
00006c65  _Z20getRouter1_DCvoltagev                  
00006cb9  _Z20getRouter2_DCvoltagev                  
0000079b  _Z20resetTCP_SubHandlersv                  
00006c15  _Z21getRouter1_DC_currentv                 
00006bc5  _Z21getRouter2_DC_currentv                 
00005c93  _Z23e2p_read_voltage_configv               
000072dd  _Z23vUART_CheckFrameTimeouti               
00005c53  _Z24e2p_write_voltage_configv              
00007537  _Z24preparePC_ResponsePacket5cmd_tPchii    
000084d7  _Z25count_doubleSquareBracketPcj           
0000742f  _Z25prepare_graphical_tx_buffjPch          
00007ddb  _Z26vMAIN_InitClockPeripheralsv            
0000a7c1  _Z3absl                                    
00009bcb  _Z7feedWDTv                                
00005dd7  _Z7get_urlv                                
00009b35  _Z7initWDTv                                
00003649  _Z7isDT_okv                                
000068b9  _Z7readADCh                                
00008351  _Z7reversePci                              
0000608d  _Z7set_urlPc                               
0000900d  _Z8Read_RTCPhh                             
000082e3  _Z8intToStriPci                            
00007645  _Z8response5cmd_ti                         
00001e85  _Z8tcp_sendPci                             
000090d5  _Z9Write_RTCPhh                            
000086cf  _Z9clear_lcdv                              
0000947f  _Z9my_millisv                              
00008573  _Z9my_strstrPKcS0_i                        
00001a89  _Z9ping_sendv                              
0000691d  _Z9updateADC14ADC_Channels_th              
0000685d  _Z9vADC0Initv                              
2000202c  __CIOBUF_                                  
20001800  __STACK_END                                
00001800  __STACK_SIZE                               
20000200  __STACK_TOP                                
0000ad08  __TI_CINIT_Base                            
0000ad18  __TI_CINIT_Limit                           
0000acf0  __TI_Handler_Table_Base                    
0000acfc  __TI_Handler_Table_Limit                   
0000a245  __TI_auto_init_nobinit_nopinit             
00009f59  __TI_decompress_lzss                       
0000a895  __TI_decompress_none                       
ffffffff  __TI_pprof_out_hndl                        
ffffffff  __TI_prof_data_size                        
ffffffff  __TI_prof_data_start                       
0000a48d  __TI_readmsg                               
00000000  __TI_static_base__                         
0000a3b9  __TI_writemsg                              
0000a8d5  __TI_zero_init                             
0000a289  __aeabi_d2uiz                              
00009631  __aeabi_ddiv                               
00009881  __aeabi_dmul                               
00009e13  __aeabi_idiv0                              
00009e13  __aeabi_ldiv0                              
00009e83  __aeabi_ldivmod                            
0000a6bd  __aeabi_lmul                               
00009d99  __aeabi_memclr                             
00009d99  __aeabi_memclr4                            
00009d99  __aeabi_memclr8                            
00009bed  __aeabi_memcpy                             
00009bed  __aeabi_memcpy4                            
00009bed  __aeabi_memcpy8                            
00009d9b  __aeabi_memset                             
00009d9b  __aeabi_memset4                            
00009d9b  __aeabi_memset8                            
0000a64d  __aeabi_ui2d                               
00009c89  __aeabi_uldivmod                           
ffffffff  __binit__                                  
ffffffff  __c_args__                                 
00008a51  __mktime64                                 
UNDEFED   __mpu_init                                 
20000000  __stack                                    
20000000  __start___llvm_prf_cnts                    
20000000  __stop___llvm_prf_cnts                     
0000a805  __time64                                   
0000a4c1  _c_int00_noargs                            
0000a98c  _ctypes_                                   
200025fc  _lock                                      
00009767  _nop                                       
UNDEFED   _system_post_cinit                         
0000a983  _system_pre_init                           
200025e0  _tz                                        
20002600  _unlock                                    
0000a987  abort                                      
20001d80  adc                                        
0000a1b1  atoi                                       
ffffffff  binit                                      
2000214c  cloud_config                               
200025f4  cnt_gps_1sec                               
200025d4  conn_state                                 
20001efc  display_tx                                 
20002224  display_uart_rx                            
20001bf8  dummy_json_string                          
20002364  e2p_cloud_config                           
20002536  e2p_config_time                            
200024fc  e2p_device_info                            
2000250c  e2p_location_info                          
2000253e  e2p_router_config                          
00000000  g_pfnVectors                               
200024e8  gprs                                       
20002556  gprs_date_time                             
200025d0  gprs_read_timeout                          
20001800  gprs_rx_buff                               
2000256c  gprs_rx_isr_handler                        
200019fc  gprs_tx_buff                               
20002434  gps                                        
20002546  gps_data                                   
2000256e  gps_handler_state                          
200025f0  gps_interval_start                         
200025cc  gps_read_timeout                           
0000a815  isdigit                                    
00009e15  ltoa                                       
00007b85  main                                       
200024cc  measurements                               
0000a5e3  memcmp                                     
00009bed  memcpy                                     
00009da1  memset                                     
20002604  millis_cnt                                 
2000254e  parmbuf                                    
200022c4  pc_uart_rx                                 
200023e4  pc_uart_tx                                 
20002477  ram_data                                   
0000a4f5  rand                                       
2000256f  router_mode                                
2000251c  scheduler                                  
200025b1  server_response_str                        
0000a609  srand                                      
0000a6d5  strcmp                                     
0000a799  strcpy                                     
0000a7ad  strlen                                     
0000a5b7  strncmp                                    
0000a529  strstr                                     
200024ad  time_main                                  
2000255d  time_stamp                                 
20002568  u32DelayCounter                            
2000261c  upload_time                                


GLOBAL SYMBOLS: SORTED BY Symbol Address 

address   name                                       
-------   ----                                       
00000000  __TI_static_base__                         
00000000  g_pfnVectors                               
00000279  _Z11TCP_Handlerv                           
0000079b  _Z20resetTCP_SubHandlersv                  
0000088d  _Z12gprs_connectv                          
00000e59  _Z19gprs_connect_statusv                   
000011e5  _Z11tcp_connectv                           
000015dd  _Z15websckt_connectv                       
00001800  __STACK_SIZE                               
00001a89  _Z9ping_sendv                              
00001e85  _Z8tcp_sendPci                             
00002231  _Z18websckt_disconnectv                    
00002531  _Z14tcp_disconnectv                        
00002715  _Z12read_ip_portPc                         
00002825  _Z15match_cpsi_dataPc                      
000028e9  _Z13pong_receivedPc                        
0000291d  _Z10valid_codePc                           
00002977  _Z12respos_recvdPc                         
000029b1  _Z15generateMaskKeyPh                      
000029f1  _Z11get_rx_dataPc                          
00002a3d  _Z12check_stringPKcPcPi                    
00002b2d  _Z18check_string_nobufPKc                  
00002b4d  _Z15set_upload_data13upload_data_t         
00002b65  _Z15get_upload_datav                       
00002b6d  _Z15set_webconn_stsh                       
00002b81  _Z15get_webconn_stsv                       
00002b87  _Z19set_gprs_connct_stsh                   
00002b9b  _Z19get_gprs_connct_stsv                   
00002ba3  _Z11setNWstatus13gprs_status_t             
00002bb7  _Z12getNW_statusv                          
00002bbf  _Z15setServerStatus13gprs_status_t         
00002bd3  _Z15getServerStatusv                       
00002c0d  _Z16update_date_timev                      
00002d5b  _Z15check_date_timePcS_                    
00002e33  _Z18convertToEpochTimePK12time_stamp_t     
00002eb5  _Z10asUnixTimeiiiiii                       
00002f05  _Z12calcTimeDiff12time_stamp_tS_           
0000304f  _Z14getDaysOfMonthcj                       
00003109  _Z17check_expire_time12time_stamp_tS_      
000031f1  _Z11getDateTimev                           
00003649  _Z7isDT_okv                                
000036d9  _Z16get_present_timeP12time_stamp_t        
00003749  _Z10update_rtcPci                          
000038d5  _Z14StrToTimeStampPh                       
000039e5  _Z13add_date_timeP12time_stamp_tS0_j       
00003c2b  _Z12is_leap_yearh                          
00003c81  _Z19check_dateTime_dataP12time_stamp_t     
00003d09  _Z12get_locationv                          
00003f85  _Z11gps_handlerv                           
0000475d  _Z15gps_pkt_parsingP10gps_info_tPc         
00004cbf  _Z14get_gps_statusv                        
00004cc7  _Z14set_gps_status12gps_status_t           
00004cf5  _Z12Query_decodePcPKcS_i                   
000050df  _Z12server_queryv                          
00005445  _Z17prepare_JSON_pcktv                     
0000582d  _Z16websocket_packetPh                     
00005939  _Z17HandleQueryStatesv                     
000059bd  _Z18prepare_server_pktv                    
000059fb  _Z19set_pending_requestb                   
00005a0f  _Z19get_pending_requestv                   
00005a19  _Z10setREQmode13gprs_status_t              
00005a31  _Z10getREQmodev                            
00005a39  _Z16setServerReqType21server_request_type_t
00005a4d  _Z16getServerReqTypev                      
00005bd7  _Z16setClientMSGType21client_message_type_t
00005beb  _Z16getClientMSGTypev                      
00005c45  _Z15vPERIPH_E2PInitv                       
00005c53  _Z24e2p_write_voltage_configv              
00005c93  _Z23e2p_read_voltage_configv               
00005d1d  _Z19e2p_write_cloud_cfgv                   
00005d4d  _Z18e2p_read_cloud_cfgv                    
00005dd7  _Z7get_urlv                                
00005ddb  _Z20e2p_write_device_cfgv                  
00005e0b  _Z19e2p_read_device_cfgv                   
00005e95  _Z18e2p_write_locationv                    
00005ee9  _Z17e2p_read_locationv                     
00005f7f  _Z18e2p_write_cfg_timev                    
00005fd9  _Z17e2p_read_cfg_timev                     
0000608d  _Z7set_urlPc                               
00006151  _Z13set_device_idPc                        
000061f3  _Z13get_device_idv                         
00006265  _Z18set_fixed_locationPc                   
00006477  _Z18get_fixed_locationv                    
000064c1  _Z17cloud_config_datav                     
00006675  _Z12ADC_PortIniti                          
0000685d  _Z9vADC0Initv                              
000068b9  _Z7readADCh                                
0000691d  _Z9updateADC14ADC_Channels_th              
00006bc5  _Z21getRouter2_DC_currentv                 
00006c15  _Z21getRouter1_DC_currentv                 
00006c65  _Z20getRouter1_DCvoltagev                  
00006cb9  _Z20getRouter2_DCvoltagev                  
00006d09  _Z17getBatteryVoltagev                     
00006d55  _Z17getChargerVoltagev                     
00006da1  _Z16calculate_AC_ADCv                      
00006ddb  _Z10GetAdcDatav                            
00006e39  _Z14vDEBUGUARTInitv                        
00006e83  _Z12vLTEUARTInitv                          
00006edf  _Z16vDISPLAYUARTInitv                      
00006f2d  _Z16vPERIPH_UARTInitv                      
00006f3d  DEBUGUARTIntHandler                        
000070c7  LTEUARTIntHandler                          
0000712b  DISPLAYUARTIntHandler                      
0000716d  _Z13vUART_SendChrjh                        
000071a1  _Z13vUART_SendStrjPKh                      
000071d9  _Z15vUART_SendBytesjPKhj                   
0000720d  _Z13vUART_SendIntji                        
00007245  _Z11Usendbufferj                           
000072dd  _Z23vUART_CheckFrameTimeouti               
0000737d  _Z13flushRxBufferi                         
000073c5  _Z13flushTxBufferi                         
0000742f  _Z25prepare_graphical_tx_buffjPch          
00007511  _Z16decodeMsgPC_Uartv                      
00007537  _Z24preparePC_ResponsePacket5cmd_tPchii    
00007645  _Z8response5cmd_ti                         
00007aff  _Z17tx_pending_dataPCv                     
00007b31  _Z16set_system_state10sys_mode_t           
00007b45  _Z16get_system_statev                      
00007b85  main                                       
00007cb7  _Z15update_ram_datav                       
00007d55  _Z12setRAM_Alarm16Alarm_sts_bits_tb        
00007d8d  _Z12getRAM_Alarmv                          
00007d93  _Z13setRAM_Statushb                        
00007dcb  _Z13getRAM_Statusv                         
00007dd1  _Z17vPERIPH_ClockInitv                     
00007ddb  _Z26vMAIN_InitClockPeripheralsv            
00007e1d  _Z14write_defaultsj                        
00007f8d  _Z11init_configv                           
00008109  _Z11getChecksumPhc                         
0000815f  _Z10my_sprintfPciz                         
000082e3  _Z8intToStriPci                            
00008351  _Z7reversePci                              
000083a1  _Z13delete_SubStrPcS_c                     
00008465  _Z17generateRandomKeyiPc                   
000084d7  _Z25count_doubleSquareBracketPcj           
0000852b  _Z11count_commaPct                         
00008573  _Z9my_strstrPKcS0_i                        
000085c9  _Z16PrepareLcdBufferPhcc                   
000086cf  _Z9clear_lcdv                              
0000873d  _Z15Data_Screen_lcdv                       
00008a51  __mktime64                                 
00008d09  GPIODIntHandler                            
00008d5d  _Z15vGPIOPortEnablev                       
00008e11  _Z16vGPIO_UnlockGPIOjh                     
00008e5f  _Z12vLEDGPIOInitv                          
00008e75  _Z16vPERIPH_GPIOInitv                      
00008e7d  _Z19vInit_InputTestpinsv                   
00008e9b  _Z12vGPIO_Togglejhh                        
00008ec1  _Z18vInput_PollingReadv                    
00008efb  _Z12vEXTIpinInitv                          
00008f21  _Z10ToggleLEDsv                            
00008f65  _Z11vRTCI2CInitv                           
00008fc3  _Z10I2CReceivev                            
0000900d  _Z8Read_RTCPhh                             
000090d5  _Z9Write_RTCPhh                            
00009175  _Z15manage_gps_gprsv                       
00009331  _Z19vPERIPH_SystickInitv                   
0000934d  SysTickIntHandler                          
00009461  _Z13vMAIN_DelayMSj                         
0000947f  _Z9my_millisv                              
000094c5  GPIOPadConfigSet                           
00009631  __aeabi_ddiv                               
00009767  _nop                                       
00009769  SysCtlClockGet                             
00009881  __aeabi_dmul                               
0000997d  SysCtlClockSet                             
00009a71  EEPROMProgram                              
00009b35  _Z7initWDTv                                
00009b9f  _Z16reset_controllerv                      
00009bcb  _Z7feedWDTv                                
00009bed  __aeabi_memcpy                             
00009bed  __aeabi_memcpy4                            
00009bed  __aeabi_memcpy8                            
00009bed  memcpy                                     
00009c89  __aeabi_uldivmod                           
00009d1f  ADCSequenceStepConfigure                   
00009d99  __aeabi_memclr                             
00009d99  __aeabi_memclr4                            
00009d99  __aeabi_memclr8                            
00009d9b  __aeabi_memset                             
00009d9b  __aeabi_memset4                            
00009d9b  __aeabi_memset8                            
00009da1  memset                                     
00009e13  __aeabi_idiv0                              
00009e13  __aeabi_ldiv0                              
00009e15  ltoa                                       
00009e83  __aeabi_ldivmod                            
00009ef1  IntEnable                                  
00009f59  __TI_decompress_lzss                       
00009fc1  HOSTtime64                                 
0000a021  GPIOIntTypeSet                             
0000a079  SysCtlPeripheralReset                      
0000a0c9  ADCSequenceConfigure                       
0000a119  GPIOPinConfigure                           
0000a165  I2CMasterInitExpClk                        
0000a1b1  atoi                                       
0000a1fd  UARTConfigSetExpClk                        
0000a245  __TI_auto_init_nobinit_nopinit             
0000a289  __aeabi_d2uiz                              
0000a2cd  EEPROMInit                                 
0000a349  EEPROMRead                                 
0000a381  SysCtlPeripheralReady                      
0000a3b9  __TI_writemsg                              
0000a3e7  C$$IO$$                                    
0000a3f1  SysCtlPeripheralDisable                    
0000a425  SysCtlPeripheralEnable                     
0000a48d  __TI_readmsg                               
0000a4c1  _c_int00_noargs                            
0000a4f5  rand                                       
0000a529  strstr                                     
0000a55d  ADCIntStatus                               
0000a58b  GPIODirModeSet                             
0000a5b7  strncmp                                    
0000a5e3  memcmp                                     
0000a609  srand                                      
0000a62d  UARTDisable                                
0000a64d  __aeabi_ui2d                               
0000a66d  ADCSequenceDataGet                         
0000a68b  GPIOPinTypeGPIOOutput                      
0000a6a5  ADCProcessorTrigger                        
0000a6bd  __aeabi_lmul                               
0000a6d5  strcmp                                     
0000a6ed  GPIOPinTypeADC                             
0000a703  GPIOPinTypeGPIOInput                       
0000a719  GPIOPinTypeI2C                             
0000a72f  GPIOPinTypeI2CSCL                          
0000a745  GPIOPinTypeUART                            
0000a75d  SysTickEnable                              
0000a771  SysTickIntEnable                           
0000a785  UARTEnable                                 
0000a799  strcpy                                     
0000a7ad  strlen                                     
0000a7c1  _Z3absl                                    
0000a7d3  IntMasterEnable                            
0000a7e5  SysTickPeriodSet                           
0000a805  __time64                                   
0000a815  isdigit                                    
0000a825  ADCSequenceEnable                          
0000a833  GPIOIntStatus                              
0000a841  I2CRxFIFOFlush                             
0000a84f  I2CTxFIFOFlush                             
0000a85d  UARTCharGetNonBlocking                     
0000a86b  UARTCharPutNonBlocking                     
0000a879  UARTCharsAvail                             
0000a887  WatchdogLockState                          
0000a895  __TI_decompress_none                       
0000a8a3  CPUcpsie                                   
0000a8af  GPIOIntEnable                              
0000a8bb  WatchdogIntTypeSet                         
0000a8c9  WatchdogUnlock                             
0000a8d5  __TI_zero_init                             
0000a8e1  ResetISR                                   
0000a8ed  ADCIntClear                                
0000a8f7  I2CMasterEnable                            
0000a901  UARTIntStatus                              
0000a90b  WatchdogEnable                             
0000a915  WatchdogIntEnable                          
0000a91f  WatchdogResetEnable                        
0000a929  I2CMasterBusy                              
0000a931  I2CMasterSlaveAddrSet                      
0000a939  UARTBusy                                   
0000a941  UARTIntEnable                              
0000a949  WatchdogLock                               
0000a951  GPIOIntClear                               
0000a957  GPIOPinRead                                
0000a95d  GPIOPinWrite                               
0000a963  SysCtlDelay                                
0000a969  WatchdogIntClear                           
0000a96f  I2CMasterControl                           
0000a973  I2CMasterDataGet                           
0000a977  I2CMasterDataPut                           
0000a97b  UARTIntClear                               
0000a97f  WatchdogReloadSet                          
0000a983  _system_pre_init                           
0000a987  C$$EXIT                                    
0000a987  abort                                      
0000a98c  _ctypes_                                   
0000acf0  __TI_Handler_Table_Base                    
0000acfc  __TI_Handler_Table_Limit                   
0000ad08  __TI_CINIT_Base                            
0000ad18  __TI_CINIT_Limit                           
20000000  __stack                                    
20000000  __start___llvm_prf_cnts                    
20000000  __stop___llvm_prf_cnts                     
20000200  __STACK_TOP                                
20001800  __STACK_END                                
20001800  gprs_rx_buff                               
200019fc  gprs_tx_buff                               
20001bf8  dummy_json_string                          
20001d80  adc                                        
20001efc  display_tx                                 
2000202c  __CIOBUF_                                  
2000214c  cloud_config                               
20002222  EXTI_cnt                                   
20002224  display_uart_rx                            
200022c4  pc_uart_rx                                 
20002364  e2p_cloud_config                           
200023e4  pc_uart_tx                                 
20002434  gps                                        
20002477  ram_data                                   
200024ad  time_main                                  
200024cc  measurements                               
200024e8  gprs                                       
200024fc  e2p_device_info                            
2000250c  e2p_location_info                          
2000251c  scheduler                                  
2000252a  Alarms                                     
20002536  e2p_config_time                            
2000253e  e2p_router_config                          
20002546  gps_data                                   
2000254e  parmbuf                                    
20002556  gprs_date_time                             
2000255d  time_stamp                                 
20002563  Telecom_server_query                       
20002567  System_mode                                
20002568  u32DelayCounter                            
2000256c  gprs_rx_isr_handler                        
2000256e  gps_handler_state                          
2000256f  router_mode                                
200025b1  server_response_str                        
200025cc  gps_read_timeout                           
200025d0  gprs_read_timeout                          
200025d4  conn_state                                 
200025e0  _tz                                        
200025f0  gps_interval_start                         
200025f4  cnt_gps_1sec                               
200025fc  _lock                                      
20002600  _unlock                                    
20002604  millis_cnt                                 
20002608  ADC_RAW_MAX                                
2000261c  upload_time                                
ffffffff  __TI_pprof_out_hndl                        
ffffffff  __TI_prof_data_size                        
ffffffff  __TI_prof_data_start                       
ffffffff  __binit__                                  
ffffffff  __c_args__                                 
ffffffff  binit                                      
UNDEFED   __mpu_init                                 
UNDEFED   _system_post_cinit                         

[339 symbols]
