******************************************************************************
                  TI ARM Linker PC v20.2.6                     
******************************************************************************
>> Linked Tue May  7 12:14:16 2024

OUTPUT FILE NAME:   <Telecom_IoT_v2_00.out>
ENTRY POINT SYMBOL: "_c_int00_noargs"  address: 0000c80d


MEMORY CONFIGURATION

         name            origin    length      used     unused   attr    fill
----------------------  --------  ---------  --------  --------  ----  --------
  FLASH                 00000000   00020000  0000d5f0  00012a10  R  X
  SRAM                  20000000   00008000  00002004  00005ffc  RW X


SEGMENT ALLOCATION MAP

run origin  load origin   length   init length attrs members
----------  ----------- ---------- ----------- ----- -------
00000000    00000000    0000d5f0   0000d5f0    r-x
  00000000    00000000    0000026c   0000026c    r-- .intvecs
  0000026c    0000026c    0000cbd0   0000cbd0    r-x .text
  0000ce3c    0000ce3c    00000728   00000728    r-- .const
  0000d564    0000d564    00000024   00000024    r-- .init_array
  0000d588    0000d588    00000068   00000068    r-- .cinit
20000000    20000000    00002008   00000000    rw-
  20000000    20000000    00001730   00000000    rw- .bss
  20001730    20001730    00000800   00000000    rw- .stack
  20001f30    20001f30    000000c4   00000000    rw- .data
  20001ff8    20001ff8    00000010   00000000    rw- .sysmem


SECTION ALLOCATION MAP

 output                                  attributes/
section   page    origin      length       input sections
--------  ----  ----------  ----------   ----------------
.intvecs   0    00000000    0000026c     
                  00000000    0000026c     tm4c1233e6pz_startup_ccs.obj (.intvecs)

.text      0    0000026c    0000cbd0     
                  0000026c    00002b2c     gprs.obj (.text)
                  00002d98    00000ee8     Telecom_Ethernet.obj (.text)
                  00003c80    00000ee0     uip.obj (.text)
                  00004b60    00000a44     Clock.obj (.text)
                  000055a4    0000085c     Dhcp.obj (.text)
                  00005e00    00000800     E2P.obj (.text)
                  00006600    000007f0     Enc28J60Network.obj (.text)
                  00006df0    00000718     UIPClient.obj (.text)
                  00007508    00000624     UIPEthernet.obj (.text)
                  00007b2c    00000544     UartCore.obj (.text)
                  00008070    0000049c     PC_Cmds.obj (.text)
                  0000850c    00000464     Dns.obj (.text)
                  00008970    00000458     UIPUdp.obj (.text)
                  00008dc8    00000454     main.obj (.text)
                  0000921c    00000424     ADC_Core.obj (.text)
                  00009640    000003f4     uip_arp.obj (.text)
                  00009a34    000003e0     Print.obj (.text)
                  00009e14    00000380     Display.obj (.text)
                  0000a194    000002f0     _common.obj (.text)
                  0000a484    000002b8     rtsv7M4_T_le_v4SPD16_eabi.lib : mktime64.c.obj (.text:__mktime64)
                  0000a73c    00000208     IO_cntrl.obj (.text)
                  0000a944    000001dc     UIPServer.obj (.text)
                  0000ab20    000001cc     DS3231.obj (.text)
                  0000acec    000001b6     rtsv7M4_T_le_v4SPD16_eabi.lib : fd_add_t2.asm.obj (.text)
                  0000aea2    00000002     UIPClient.obj (.text:_ZN6ClientD1Ev)
                  0000aea4    00000184     SysTick_Timer.obj (.text)
                  0000b028    0000016c     driverlib.lib : gpio.obj (.text:GPIOPadConfigSet)
                  0000b194    00000160     mempool.obj (.text)
                  0000b2f4    00000136     rtsv7M4_T_le_v4SPD16_eabi.lib : fd_div_t2.asm.obj (.text)
                  0000b42a    00000002     UIPServer.obj (.text:_ZN6ServerD1Ev)
                  0000b42c    00000120     IPAddress.obj (.text)
                  0000b54c    00000118     driverlib.lib : sysctl.obj (.text:SysCtlClockGet)
                  0000b664    00000100     rtsv7M4_T_le_v4SPD16_eabi.lib : memory.c.obj (.text:aligned_alloc)
                  0000b764    000000fc                                   : fd_mul_t2.asm.obj (.text)
                  0000b860    000000f4     driverlib.lib : sysctl.obj (.text:SysCtlClockSet)
                  0000b954    000000e6     itoa.obj (.text)
                  0000ba3a    00000002     Telecom_Ethernet.obj (.text:_ZN9IPAddressD1Ev)
                  0000ba3c    000000e4     rtsv7M4_T_le_v4SPD16_eabi.lib : memory.c.obj (.text:free)
                  0000bb20    000000c4     driverlib.lib : eeprom.obj (.text:EEPROMProgram)
                  0000bbe4    0000009c     rtsv7M4_T_le_v4SPD16_eabi.lib : memcpy_t2.asm.obj (.text)
                  0000bc80    00000096                                   : ull_div_t2.asm.obj (.text)
                  0000bd16    00000086                                   : fd_cmp_t2.asm.obj (.text:__aeabi_cdcmple)
                  0000bd9c    00000086                                   : fd_cmp_t2.asm.obj (.text:__aeabi_cdrcmple)
                  0000be22    0000007a     driverlib.lib : adc.obj (.text:ADCSequenceStepConfigure)
                  0000be9c    0000007a     rtsv7M4_T_le_v4SPD16_eabi.lib : memset_t2.asm.obj (.text)
                  0000bf16    00000002     Dhcp.obj (.text:_ZN9PrintableD1Ev)
                  0000bf18    00000070     rtsv7M4_T_le_v4SPD16_eabi.lib : memory.c.obj (.text:split)
                  0000bf88    0000006e                                   : ll_div_t2.asm.obj (.text)
                  0000bff6    00000002     Telecom_Ethernet.obj (.text:_ZN9UIPClientD1Ev)
                  0000bff8    00000068     driverlib.lib : interrupt.obj (.text:IntEnable)
                  0000c060    00000068     rtsv7M4_T_le_v4SPD16_eabi.lib : copy_decompress_lzss.c.obj (.text:decompress:lzss:__TI_decompress_lzss)
                  0000c0c8    00000060                                   : hosttime.c.obj (.text:HOSTtime64)
                  0000c128    00000060                                   : autoinit.c.obj (.text:__TI_auto_init_nobinit:__TI_auto_init_nobinit)
                  0000c188    0000005e                                   : i_divt2.asm.obj (.text)
                  0000c1e6    00000058     driverlib.lib : gpio.obj (.text:GPIOIntTypeSet)
                  0000c23e    00000002     UIPServer.obj (.text:_ZN9UIPServerD1Ev)
                  0000c240    00000050     driverlib.lib : sysctl.obj (.text:SysCtlPeripheralReset)
                  0000c290    0000004e                   : adc.obj (.text:ADCSequenceConfigure)
                  0000c2de    00000002     rtsv7M4_T_le_v4SPD16_eabi.lib : stdlib_typeinfo.cpp.obj (.text:_ZNSt9type_infoD1Ev)
                  0000c2e0    0000004c     driverlib.lib : gpio.obj (.text:GPIOPinConfigure)
                  0000c32c    0000004c                   : i2c.obj (.text:I2CMasterInitExpClk)
                  0000c378    0000004c     rtsv7M4_T_le_v4SPD16_eabi.lib : atoi.c.obj (.text:atoi)
                  0000c3c4    00000048                                   : exit.c.obj (.text:exit)
                  0000c40c    00000048                                   : fd_toi_t2.asm.obj (.text)
                  0000c454    00000046     driverlib.lib : uart.obj (.text:UARTConfigSetExpClk)
                  0000c49a    00000002     rtsv7M4_T_le_v4SPD16_eabi.lib : _lock.c.obj (.text:_nop)
                  0000c49c    00000044                                   : dtor_list.c.obj (.text:_Z25__add_destruction_to_listPP20a_needed_destructionPFYvPvES2_S2_)
                  0000c4e0    00000044                                   : fd_tou_t2.asm.obj (.text)
                  0000c524    00000042                                   : dtor_list.c.obj (.text:_Z23__finalize_destructionsPP20a_needed_destructionPv)
                  0000c566    00000002                                   : div0.asm.obj (.text)
                  0000c568    00000040     driverlib.lib : eeprom.obj (.text:EEPROMInit)
                  0000c5a8    00000040     rtsv7M4_T_le_v4SPD16_eabi.lib : u_divt2.asm.obj (.text)
                  0000c5e8    0000003c     driverlib.lib : ssi.obj (.text:SSIConfigSetExpClk)
                  0000c624    0000003c                   : eeprom.obj (.text:_EEPROMSectorMaskSet)
                  0000c660    00000038                   : eeprom.obj (.text:EEPROMRead)
                  0000c698    00000038                   : sysctl.obj (.text:SysCtlPeripheralReady)
                  0000c6d0    00000038     rtsv7M4_T_le_v4SPD16_eabi.lib : trgmsg.c.obj (.text:__TI_writemsg)
                  0000c708    00000034     driverlib.lib : sysctl.obj (.text:SysCtlPeripheralDisable)
                  0000c73c    00000034                   : sysctl.obj (.text:SysCtlPeripheralEnable)
                  0000c770    00000034                   : eeprom.obj (.text:_EEPROMSectorMaskClear)
                  0000c7a4    00000034     rtsv7M4_T_le_v4SPD16_eabi.lib : trgmsg.c.obj (.text:__TI_readmsg)
                  0000c7d8    00000034                                   : dtor_list.c.obj (.text:__aeabi_atexit)
                  0000c80c    00000034                                   : boot_cortex_m.c.obj (.text:_c_int00_noargs:_c_int00_noargs)
                  0000c840    00000034                                   : rand.c.obj (.text:rand)
                  0000c874    00000034                                   : strstr.c.obj (.text:strstr)
                  0000c8a8    0000002e     driverlib.lib : adc.obj (.text:ADCIntStatus)
                  0000c8d6    0000002e     rtsv7M4_T_le_v4SPD16_eabi.lib : i_tofd_t2.asm.obj (.text)
                  0000c904    0000002c     driverlib.lib : gpio.obj (.text:GPIODirModeSet)
                  0000c930    0000002c     delay.obj (.text)
                  0000c95c    0000002c     rtsv7M4_T_le_v4SPD16_eabi.lib : strncmp.c.obj (.text:strncmp)
                  0000c988    00000028                                   : memory.c.obj (.text:free_list_insert)
                  0000c9b0    00000024                                   : memcmp.c.obj (.text:memcmp)
                  0000c9d4    00000024                                   : rand.c.obj (.text:srand)
                  0000c9f8    00000020     driverlib.lib : uart.obj (.text:UARTDisable)
                  0000ca18    00000020     rtsv7M4_T_le_v4SPD16_eabi.lib : u_tofd_t2.asm.obj (.text)
                  0000ca38    0000001e     driverlib.lib : adc.obj (.text:ADCSequenceDataGet)
                  0000ca56    0000001e     SPI.obj (.text)
                  0000ca74    0000001c     rtsv7M4_T_le_v4SPD16_eabi.lib : memory.c.obj (.text:free_list_remove)
                  0000ca90    0000001c     millis.obj (.text)
                  0000caac    0000001a     driverlib.lib : gpio.obj (.text:GPIOPinTypeGPIOOutput)
                  0000cac6    00000018                   : adc.obj (.text:ADCProcessorTrigger)
                  0000cade    00000018     rtsv7M4_T_le_v4SPD16_eabi.lib : ll_mul_t2.asm.obj (.text)
                  0000caf6    00000018                                   : strcmp.c.obj (.text:strcmp)
                  0000cb0e    00000016     driverlib.lib : gpio.obj (.text:GPIOPinTypeADC)
                  0000cb24    00000016                   : gpio.obj (.text:GPIOPinTypeGPIOInput)
                  0000cb3a    00000016                   : gpio.obj (.text:GPIOPinTypeI2C)
                  0000cb50    00000016                   : gpio.obj (.text:GPIOPinTypeI2CSCL)
                  0000cb66    00000016                   : gpio.obj (.text:GPIOPinTypeSSI)
                  0000cb7c    00000016                   : gpio.obj (.text:GPIOPinTypeUART)
                  0000cb92    00000002     --HOLE-- [fill = 0]
                  0000cb94    00000014                   : systick.obj (.text:SysTickEnable)
                  0000cba8    00000014                   : systick.obj (.text:SysTickIntEnable)
                  0000cbbc    00000014                   : uart.obj (.text:UARTEnable)
                  0000cbd0    00000014     rtsv7M4_T_le_v4SPD16_eabi.lib : strlen.c.obj (.text:strlen)
                  0000cbe4    00000012     driverlib.lib : ssi.obj (.text:SSIDataGetNonBlocking)
                  0000cbf6    00000012     UIPClient.obj (.text:_ZN9UIPClientneERKS_)
                  0000cc08    00000010     driverlib.lib : interrupt.obj (.text:IntMasterEnable)
                  0000cc18    00000010                   : systick.obj (.text:SysTickPeriodSet)
                  0000cc28    00000010                   : eeprom.obj (.text:_EEPROMWaitForDone)
                  0000cc38    00000010     rtsv7M4_T_le_v4SPD16_eabi.lib : time64.c.obj (.text:__time64)
                  0000cc48    0000000e     driverlib.lib : adc.obj (.text:ADCSequenceEnable)
                  0000cc56    0000000e                   : gpio.obj (.text:GPIOIntStatus)
                  0000cc64    0000000e                   : i2c.obj (.text:I2CRxFIFOFlush)
                  0000cc72    0000000e                   : i2c.obj (.text:I2CTxFIFOFlush)
                  0000cc80    0000000e                   : ssi.obj (.text:SSIDataPutNonBlocking)
                  0000cc8e    0000000e                   : uart.obj (.text:UARTCharGetNonBlocking)
                  0000cc9c    0000000e                   : uart.obj (.text:UARTCharPutNonBlocking)
                  0000ccaa    0000000e                   : uart.obj (.text:UARTCharsAvail)
                  0000ccb8    0000000e     rtsv7M4_T_le_v4SPD16_eabi.lib : typeinfo.c.obj (.text:_ZN10__cxxabiv117__class_type_infoD0Ev)
                  0000ccc6    0000000e                                   : typeinfo.c.obj (.text:_ZN10__cxxabiv120__si_class_type_infoD0Ev)
                  0000ccd4    0000000e                                   : typeinfo.c.obj (.text:_ZN10__cxxabiv121__vmi_class_type_infoD0Ev)
                  0000cce2    0000000e                                   : copy_decompress_none.c.obj (.text:decompress:none:__TI_decompress_none)
                  0000ccf0    0000000c     driverlib.lib : cpu.obj (.text:CPUcpsie)
                  0000ccfc    0000000c                   : gpio.obj (.text:GPIOIntEnable)
                  0000cd08    0000000c     Dhcp.obj (.text:_ZThn8_N6UIPUDP4readEPcj)
                  0000cd14    0000000c     rtsv7M4_T_le_v4SPD16_eabi.lib : dtor_list.c.obj (.text:__cxa_finalize)
                  0000cd20    0000000c                                   : guard.c.obj (.text:__cxa_guard_acquire)
                  0000cd2c    0000000c                                   : copy_zero_init.c.obj (.text:decompress:ZI:__TI_zero_init)
                  0000cd38    0000000c     tm4c1233e6pz_startup_ccs.obj (.text)
                  0000cd44    0000000a     driverlib.lib : adc.obj (.text:ADCIntClear)
                  0000cd4e    0000000a                   : i2c.obj (.text:I2CMasterEnable)
                  0000cd58    0000000a                   : ssi.obj (.text:SSIEnable)
                  0000cd62    0000000a                   : uart.obj (.text:UARTIntStatus)
                  0000cd6c    0000000a     UIPUdp.obj (.text:_ZN6UIPUDP4readEPcj)
                  0000cd76    0000000a     rtsv7M4_T_le_v4SPD16_eabi.lib : guard.c.obj (.text:__cxa_guard_release)
                  0000cd80    00000008     driverlib.lib : i2c.obj (.text:I2CMasterBusy)
                  0000cd88    00000008                   : i2c.obj (.text:I2CMasterSlaveAddrSet)
                  0000cd90    00000008                   : uart.obj (.text:UARTBusy)
                  0000cd98    00000008                   : uart.obj (.text:UARTIntEnable)
                  0000cda0    00000008     Telecom_Ethernet.obj (.text:_ZThn8_N9UIPClientD0Ev)
                  0000cda8    00000008     UIPServer.obj (.text:_ZThn8_N9UIPServerD0Ev)
                  0000cdb0    00000008     rtsv7M4_T_le_v4SPD16_eabi.lib : new.cpp.obj (.text:_ZdlPv)
                  0000cdb8    00000008                                   : memory.c.obj (.text:malloc)
                  0000cdc0    00000006     driverlib.lib : gpio.obj (.text:GPIOIntClear)
                  0000cdc6    00000006                   : gpio.obj (.text:GPIOPinRead)
                  0000cdcc    00000006                   : gpio.obj (.text:GPIOPinWrite)
                  0000cdd2    00000006                   : sysctl.obj (.text:SysCtlDelay)
                  0000cdd8    00000006     Telecom_Ethernet.obj (.text:_ZN6ClientD0Ev)
                  0000cdde    00000006     UIPServer.obj (.text:_ZN6ServerD0Ev)
                  0000cde4    00000006     Telecom_Ethernet.obj (.text:_ZN9IPAddressD0Ev)
                  0000cdea    00000006     Telecom_Ethernet.obj (.text:_ZN9PrintableD0Ev)
                  0000cdf0    00000006     UIPClient.obj (.text:_ZN9UIPClientD0Ev)
                  0000cdf6    00000006     UIPServer.obj (.text:_ZN9UIPServerD0Ev)
                  0000cdfc    00000006     rtsv7M4_T_le_v4SPD16_eabi.lib : dtor_list.c.obj (.text:__cxa_ia64_exit)
                  0000ce02    00000006                                   : pure_virt.c.obj (.text:__cxa_pure_virtual)
                  0000ce08    00000004     driverlib.lib : i2c.obj (.text:I2CMasterControl)
                  0000ce0c    00000004                   : i2c.obj (.text:I2CMasterDataGet)
                  0000ce10    00000004                   : i2c.obj (.text:I2CMasterDataPut)
                  0000ce14    00000004                   : uart.obj (.text:UARTIntClear)
                  0000ce18    00000004     rtsv7M4_T_le_v4SPD16_eabi.lib : typeinfo.c.obj (.text:_ZN10__cxxabiv117__class_type_infoD1Ev)
                  0000ce1c    00000004                                   : typeinfo.c.obj (.text:_ZN10__cxxabiv120__si_class_type_infoD1Ev)
                  0000ce20    00000004                                   : typeinfo.c.obj (.text:_ZN10__cxxabiv121__vmi_class_type_infoD1Ev)
                  0000ce24    00000004     UIPClient.obj (.text:_ZThn8_N9UIPClientD1Ev)
                  0000ce28    00000004     UIPServer.obj (.text:_ZThn8_N9UIPServerD1Ev)
                  0000ce2c    00000004     rtsv7M4_T_le_v4SPD16_eabi.lib : new.cpp.obj (.text:_ZdlPvj)
                  0000ce30    00000004                                   : error.c.obj (.text:__abort_execution)
                  0000ce34    00000004                                   : pre_init.c.obj (.text:_system_pre_init)
                  0000ce38    00000004                                   : exit.c.obj (.text:abort:abort)

.const     0    0000ce3c    00000728     
                  0000ce3c    00000101     rtsv7M4_T_le_v4SPD16_eabi.lib : ctype.c.obj (.const:.string:_ctypes_)
                  0000cf3d    00000003     --HOLE-- [fill = 0]
                  0000cf40    00000090     UIPUdp.obj (.const:_ZTV6UIPUDP)
                  0000cfd0    00000090     driverlib.lib : gpio.obj (.const:g_pui32GPIOBaseAddrs)
                  0000d060    0000008c     UIPClient.obj (.const:_ZTV9UIPClient)
                  0000d0ec    0000006c     driverlib.lib : sysctl.obj (.const:g_pui32Xtals)
                  0000d158    00000060     rtsv7M4_T_le_v4SPD16_eabi.lib : mktime64.c.obj (.const:$O1$$)
                  0000d1b8    00000048     UIPUdp.obj (.const:_ZTV3UDP)
                  0000d200    00000041     _common.obj (.const:.string:$P$T0$1)
                  0000d241    00000003     --HOLE-- [fill = 0]
                  0000d244    00000040     UIPClient.obj (.const:_ZTV6Client)
                  0000d284    00000034     UIPServer.obj (.const:_ZTV9UIPServer)
                  0000d2b8    00000026     rtsv7M4_T_le_v4SPD16_eabi.lib : typeinfo.c.obj (.const:.typeinfo:_ZTSN10__cxxabiv121__vmi_class_type_infoE)
                  0000d2de    00000025                                   : typeinfo.c.obj (.const:.typeinfo:_ZTSN10__cxxabiv120__si_class_type_infoE)
                  0000d303    00000001     --HOLE-- [fill = 0]
                  0000d304    00000024     Clock.obj (.const:$P$T0$1)
                  0000d328    00000022     rtsv7M4_T_le_v4SPD16_eabi.lib : typeinfo.c.obj (.const:.typeinfo:_ZTSN10__cxxabiv117__class_type_infoE)
                  0000d34a    00000002     --HOLE-- [fill = 0]
                  0000d34c    00000020     UIPUdp.obj (.const:.typeinfo:_ZTI6UIPUDP)
                  0000d36c    00000020     UIPClient.obj (.const:.typeinfo:_ZTI9UIPClient)
                  0000d38c    00000020     UIPServer.obj (.const:.typeinfo:_ZTI9UIPServer)
                  0000d3ac    00000019     gprs.obj (.const:.string:$P$T0$12)
                  0000d3c5    00000019     Telecom_Ethernet.obj (.const:.string:$P$T5$6)
                  0000d3de    00000002     --HOLE-- [fill = 0]
                  0000d3e0    00000014     UIPServer.obj (.const:_ZTV6Server)
                  0000d3f4    00000014     IPAddress.obj (.const:_ZTV9IPAddress)
                  0000d408    00000014     Dhcp.obj (.const:_ZTV9Printable)
                  0000d41c    00000014     driverlib.lib : interrupt.obj (.const:g_pui32EnRegs)
                  0000d430    00000010     Print.obj (.const:_ZTV5Print)
                  0000d440    00000010     rtsv7M4_T_le_v4SPD16_eabi.lib : typeinfo.c.obj (.const:_ZTVN10__cxxabiv117__class_type_infoE)
                  0000d450    00000010                                   : typeinfo.c.obj (.const:_ZTVN10__cxxabiv120__si_class_type_infoE)
                  0000d460    00000010                                   : typeinfo.c.obj (.const:_ZTVN10__cxxabiv121__vmi_class_type_infoE)
                  0000d470    0000000d                                   : stdlib_typeinfo.cpp.obj (.const:.typeinfo:_ZTSSt9type_info)
                  0000d47d    00000003     --HOLE-- [fill = 0]
                  0000d480    0000000c     IPAddress.obj (.const:.typeinfo:_ZTI9IPAddress)
                  0000d48c    0000000c     rtsv7M4_T_le_v4SPD16_eabi.lib : typeinfo.c.obj (.const:.typeinfo:_ZTIN10__cxxabiv117__class_type_infoE)
                  0000d498    0000000c                                   : typeinfo.c.obj (.const:.typeinfo:_ZTIN10__cxxabiv120__si_class_type_infoE)
                  0000d4a4    0000000c                                   : typeinfo.c.obj (.const:.typeinfo:_ZTIN10__cxxabiv121__vmi_class_type_infoE)
                  0000d4b0    0000000b     IPAddress.obj (.const:.typeinfo:_ZTS9IPAddress)
                  0000d4bb    0000000b     Dhcp.obj (.const:.typeinfo:_ZTS9Printable)
                  0000d4c6    0000000b     UIPClient.obj (.const:.typeinfo:_ZTS9UIPClient)
                  0000d4d1    0000000b     UIPServer.obj (.const:.typeinfo:_ZTS9UIPServer)
                  0000d4dc    00000008     Clock.obj (.const:$P$T1$2)
                  0000d4e4    00000008     gprs.obj (.const:.string:$P$T1$20)
                  0000d4ec    00000008     UIPUdp.obj (.const:.typeinfo:_ZTI3UDP)
                  0000d4f4    00000008     Print.obj (.const:.typeinfo:_ZTI5Print)
                  0000d4fc    00000008     UIPClient.obj (.const:.typeinfo:_ZTI6Client)
                  0000d504    00000008     UIPServer.obj (.const:.typeinfo:_ZTI6Server)
                  0000d50c    00000008     Dhcp.obj (.const:.typeinfo:_ZTI9Printable)
                  0000d514    00000008     rtsv7M4_T_le_v4SPD16_eabi.lib : stdlib_typeinfo.cpp.obj (.const:.typeinfo:_ZTISt9type_info)
                  0000d51c    00000008     UIPClient.obj (.const:.typeinfo:_ZTS6Client)
                  0000d524    00000008     UIPServer.obj (.const:.typeinfo:_ZTS6Server)
                  0000d52c    00000008     UIPUdp.obj (.const:.typeinfo:_ZTS6UIPUDP)
                  0000d534    00000007     Print.obj (.const:.typeinfo:_ZTS5Print)
                  0000d53b    00000006     Telecom_Ethernet.obj (.const:.string:$P$T3$1)
                  0000d541    00000006     Telecom_Ethernet.obj (.const:.string:$P$T6$10)
                  0000d547    00000006     UIPEthernet.obj (.const:.string:$P$T6$1)
                  0000d54d    00000006     uip_arp.obj (.const:broadcast_ethaddr)
                  0000d553    00000005     UIPUdp.obj (.const:.typeinfo:_ZTS3UDP)
                  0000d558    00000004     uip.obj (.const:all_ones_addr)
                  0000d55c    00000004     uip.obj (.const:all_zeroes_addr)
                  0000d560    00000004     uip_arp.obj (.const:broadcast_ipaddr)

.cinit     0    0000d588    00000068     
                  0000d588    0000003d     (.cinit..data.load) [load image, compression = lzss]
                  0000d5c5    00000003     --HOLE-- [fill = 0]
                  0000d5c8    0000000c     (__TI_handler_table)
                  0000d5d4    00000004     --HOLE-- [fill = 0]
                  0000d5d8    00000008     (.cinit..bss.load) [load image, compression = zero_init]
                  0000d5e0    00000010     (__TI_cinit_table)

.init_array 
*          0    0000d564    00000024     
                  0000d564    00000004     IPAddress.obj (.init_array)
                  0000d568    00000004     UIPUdp.obj (.init_array)
                  0000d56c    00000004     UIPServer.obj (.init_array)
                  0000d570    00000004     UIPEthernet.obj (.init_array)
                  0000d574    00000004     UIPClient.obj (.init_array)
                  0000d578    00000004     Dns.obj (.init_array)
                  0000d57c    00000004     Dhcp.obj (.init_array)
                  0000d580    00000004     main.obj (.init_array)
                  0000d584    00000004     Telecom_Ethernet.obj (.init_array)

.bss       0    20000000    00001730     UNINITIALIZED
                  20000000    00000230     (.common:_ZN10MemoryPool6blocksE)
                  20000230    0000020c     (.common:ethernet_rx_buff)
                  2000043c    00000208     (.common:ethernet_tx_buff)
                  20000644    00000204     (.common:JSON_Tx_Buff)
                  20000848    000001fc     (.common:gprs_tx_buff)
                  20000a44    00000188     (.common:dummy_json_string)
                  20000bcc    0000017c     (.common:adc)
                  20000d48    00000130     (.common:display_tx)
                  20000e78    00000120     rtsv7M4_T_le_v4SPD16_eabi.lib : trgmsg.c.obj (.bss:_CIOBUF_)
                  20000f98    000000d6     (.common:cloud_config)
                  2000106e    00000002     (.common:EXTI_cnt)
                  20001070    000000a0     (.common:display_uart_rx)
                  20001110    000000a0     (.common:pc_uart_rx)
                  200011b0    00000088     (.common:gprs_rx_buff)
                  20001238    00000080     (.common:e2p_cloud_config)
                  200012b8    00000080     (.common:uip_conns)
                  20001338    00000070     (.common:_ZN9UIPClient8all_dataE)
                  200013a8    00000064     (.common:uip_buf)
                  2000140c    00000060     uip_arp.obj (.bss:arp_table)
                  2000146c    0000005c     UIPEthernet.obj (.bss:s_dhcp)
                  200014c8    00000050     (.common:pc_uart_tx)
                  20001518    00000040     (.common:uip_udp_conns)
                  20001558    00000036     (.common:ram_data)
                  2000158e    0000001f     (.common:time_main)
                  200015ad    0000001c     (.common:measurements)
                  200015c9    00000001     UIPEthernet.obj (.bss:UIPEthernet)
                  200015ca    00000002     (.common:_ZN15Enc28J60Network13nextPacketPtrE)
                  200015cc    00000018     (.common:gprs)
                  200015e4    00000010     Telecom_Ethernet.obj (.bss:Eclient)
                  200015f4    00000010     Telecom_Ethernet.obj (.bss:client)
                  20001604    00000010     (.common:e2p_device_info)
                  20001614    00000010     (.common:e2p_location_info)
                  20001624    0000000e     (.common:scheduler)
                  20001632    0000000c     (.common:Alarms)
                  2000163e    00000002     (.common:gprs_rx_isr_handler)
                  20001640    00000008     Dhcp.obj (.bss)
                  20001648    00000008     Dhcp.obj (.bss:INADDR_NONE)
                  20001650    00000008     Dns.obj (.bss:INADDR_NONE)
                  20001658    00000008     IPAddress.obj (.bss:INADDR_NONE)
                  20001660    00000008     Telecom_Ethernet.obj (.bss:INADDR_NONE)
                  20001668    00000008     UIPClient.obj (.bss:INADDR_NONE)
                  20001670    00000008     UIPEthernet.obj (.bss:INADDR_NONE)
                  20001678    00000008     UIPServer.obj (.bss:INADDR_NONE)
                  20001680    00000008     UIPUdp.obj (.bss:INADDR_NONE)
                  20001688    00000008     main.obj (.bss:INADDR_NONE)
                  20001690    00000008     Telecom_Ethernet.obj (.bss)
                  20001698    00000008     UIPEthernet.obj (.bss:_ZN16UIPEthernetClass17_dnsServerAddressE)
                  200016a0    00000008     uip.obj (.bss)
                  200016a8    00000008     (.common:e2p_config_time)
                  200016b0    00000008     (.common:e2p_router_config)
                  200016b8    00000008     (.common:gps_data)
                  200016c0    00000008     (.common:parmbuf)
                  200016c8    00000008     (.common:uip_listenports)
                  200016d0    00000007     (.common:gprs_date_time)
                  200016d7    00000001     (.common:System_mode)
                  200016d8    00000006     (.common:_ZN15Enc28J60Network10receivePktE)
                  200016de    00000006     (.common:time_stamp)
                  200016e4    00000004     UIPClient.obj (.bss:_ZZN9UIPClient7connectE9IPAddresstE4conn)
                  200016e8    00000004     uip_arp.obj (.bss:ipaddr)
                  200016ec    00000004     uip.obj (.bss:iss)
                  200016f0    00000004     uip_arp.obj (.bss)
                  200016f4    00000004     (.common:_ZN16UIPEthernetClass14periodic_timerE)
                  200016f8    00000004     (.common:__dso_handle)
                  200016fc    00000004     (.common:_millis)
                  20001700    00000004     (.common:startTime)
                  20001704    00000004     (.common:u32DelayCounter)
                  20001708    00000004     (.common:uip_acc32)
                  2000170c    00000004     (.common:uip_appdata)
                  20001710    00000004     (.common:uip_conn)
                  20001714    00000004     (.common:uip_draddr)
                  20001718    00000004     (.common:uip_hostaddr)
                  2000171c    00000004     (.common:uip_netmask)
                  20001720    00000004     (.common:uip_sappdata)
                  20001724    00000004     (.common:uip_udp_conn)
                  20001728    00000002     (.common:uip_len)
                  2000172a    00000002     (.common:uip_slen)
                  2000172c    00000001     (.common:ether_connect_sts)
                  2000172d    00000001     (.common:ether_network_sts)
                  2000172e    00000001     (.common:router_mode)
                  2000172f    00000001     (.common:uip_flags)

.stack     0    20001730    00000800     UNINITIALIZED
                  20001730    00000004     rtsv7M4_T_le_v4SPD16_eabi.lib : boot_cortex_m.c.obj (.stack)
                  20001734    000007fc     --HOLE--

.data      0    20001f30    000000c4     UNINITIALIZED
                  20001f30    00000045     gprs.obj (.data)
                  20001f75    00000001     Dhcp.obj (.data)
                  20001f76    00000002     UIPClient.obj (.data:_ZZN9UIPClient7connectE9IPAddresstE7timeout)
                  20001f78    00000015     Telecom_Ethernet.obj (.data)
                  20001f8d    00000001     UIPClient.obj (.data:_ZZN9UIPClient7connectE9IPAddresstE10first_call)
                  20001f8e    00000002     --HOLE--
                  20001f90    00000010     rtsv7M4_T_le_v4SPD16_eabi.lib : tmzone.c.obj (.data:_tz)
                  20001fa0    0000000c                                   : exit.c.obj (.data:$O1$$)
                  20001fac    00000008                                   : _lock.c.obj (.data:$O1$$)
                  20001fb4    00000008                                   : memory.c.obj (.data:$O1$$)
                  20001fbc    00000004     Enc28J60Network.obj (.data)
                  20001fc0    00000008     ADC_Core.obj (.data)
                  20001fc8    00000008     UIPEthernet.obj (.data)
                  20001fd0    00000008     UartCore.obj (.data)
                  20001fd8    00000006     uip.obj (.data:uip_ethaddr)
                  20001fde    00000002     --HOLE--
                  20001fe0    00000004     SysTick_Timer.obj (.data)
                  20001fe4    00000004     _common.obj (.data)
                  20001fe8    00000004     main.obj (.data)
                  20001fec    00000004     rtsv7M4_T_le_v4SPD16_eabi.lib : dtor_list.c.obj (.data)
                  20001ff0    00000004                                   : rand.c.obj (.data)

.sysmem    0    20001ff8    00000010     UNINITIALIZED
                  20001ff8    00000010     rtsv7M4_T_le_v4SPD16_eabi.lib : memory.c.obj (.sysmem)

__llvm_prf_cnts 
*          0    20000000    00000000     UNINITIALIZED

MODULE SUMMARY

       Module                         code    ro data   rw data
       ------                         ----    -------   -------
    .\
       tm4c1233e6pz_startup_ccs.obj   12      620       0      
    +--+------------------------------+-------+---------+---------+
       Total:                         12      620       0      
                                                               
    .\Sources\
       gprs.obj                       11052   33        1654   
       Telecom_Ethernet.obj           3846    41        1115   
       Clock.obj                      2628    44        37     
       E2P.obj                        2048    0         390    
       UartCore.obj                   1348    0         712    
       ADC_Core.obj                   1060    0         416    
       main.obj                       1108    4         78     
       PC_Cmds.obj                    1180    0         1      
       Display.obj                    896     0         0      
       _common.obj                    752     65        4      
       IO_cntrl.obj                   520     0         3      
       DS3231.obj                     460     0         0      
       SysTick_Timer.obj              388     0         22     
       delay.obj                      44      0         0      
       SPI.obj                        30      0         0      
       gps.obj                        0       0         8      
    +--+------------------------------+-------+---------+---------+
       Total:                         27360   187       4440   
                                                               
    .\Sources\UIPEthernet\
       UIPClient.obj                  1846    267       127    
       Dhcp.obj                       2154    43        21     
       UIPEthernet.obj                1572    10        121    
       UIPUdp.obj                     1122    273       8      
       Dns.obj                        1124    4         8      
       UIPServer.obj                  504     135       8      
    +--+------------------------------+-------+---------+---------+
       Total:                         8322    732       293    
                                                               
    .\Sources\UIPEthernet\mbed\
       Print.obj                      992     31        0      
       IPAddress.obj                  288     47        8      
       itoa.obj                       230     0         0      
       millis.obj                     28      0         4      
    +--+------------------------------+-------+---------+---------+
       Total:                         1538    78        12     
                                                               
    .\Sources\UIPEthernet\utility\
       uip.obj                        3808    8         355    
       Enc28J60Network.obj            2032    0         12     
       uip_arp.obj                    1012    10        104    
       mempool.obj                    352     0         560    
    +--+------------------------------+-------+---------+---------+
       Total:                         7204    18        1031   
                                                               
    C:/ti/TivaWare_C_Series-2.2.0.295/driverlib/ccs/Debug/driverlib.lib
       gpio.obj                       774     144       0      
       sysctl.obj                     770     108       0      
       eeprom.obj                     444     0         0      
       adc.obj                        324     0         0      
       uart.obj                       194     0         0      
       i2c.obj                        142     0         0      
       interrupt.obj                  120     20        0      
       ssi.obj                        102     0         0      
       systick.obj                    56      0         0      
       cpu.obj                        12      0         0      
    +--+------------------------------+-------+---------+---------+
       Total:                         2938    272       0      
                                                               
    C:\ti\ccs1110\ccs\tools\compiler\ti-cgt-arm_20.2.6.LTS\lib\rtsv7M4_T_le_v4SPD16_eabi.lib
       mktime64.c.obj                 696     96        0      
       memory.c.obj                   672     0         8      
       fd_add_t2.asm.obj              438     0         0      
       trgmsg.c.obj                   108     0         288    
       fd_div_t2.asm.obj              310     0         0      
       fd_cmp_t2.asm.obj              268     0         0      
       ctype.c.obj                    0       257       0      
       fd_mul_t2.asm.obj              252     0         0      
       typeinfo.c.obj                 54      193       0      
       dtor_list.c.obj                204     0         8      
       memcpy_t2.asm.obj              156     0         0      
       ull_div_t2.asm.obj             150     0         0      
       memset_t2.asm.obj              122     0         0      
       ll_div_t2.asm.obj              110     0         0      
       copy_decompress_lzss.c.obj     104     0         0      
       autoinit.c.obj                 96      0         0      
       hosttime.c.obj                 96      0         0      
       i_divt2.asm.obj                94      0         0      
       rand.c.obj                     88      0         4      
       exit.c.obj                     76      0         12     
       atoi.c.obj                     76      0         0      
       fd_toi_t2.asm.obj              72      0         0      
       fd_tou_t2.asm.obj              68      0         0      
       u_divt2.asm.obj                64      0         0      
       boot_cortex_m.c.obj            52      0         0      
       strstr.c.obj                   52      0         0      
       i_tofd_t2.asm.obj              46      0         0      
       strncmp.c.obj                  44      0         0      
       memcmp.c.obj                   36      0         0      
       u_tofd_t2.asm.obj              32      0         0      
       ll_mul_t2.asm.obj              24      0         0      
       strcmp.c.obj                   24      0         0      
       stdlib_typeinfo.cpp.obj        2       21        0      
       guard.c.obj                    22      0         0      
       strlen.c.obj                   20      0         0      
       time64.c.obj                   16      0         0      
       tmzone.c.obj                   0       0         16     
       copy_decompress_none.c.obj     14      0         0      
       copy_zero_init.c.obj           12      0         0      
       new.cpp.obj                    12      0         0      
       _lock.c.obj                    2       0         8      
       hostopen.c.obj                 0       0         8      
       pure_virt.c.obj                6       0         0      
       error.c.obj                    4       0         0      
       pre_init.c.obj                 4       0         0      
       div0.asm.obj                   2       0         0      
    +--+------------------------------+-------+---------+---------+
       Total:                         4800    567       352    
                                                               
       Heap:                          0       0         16     
       Stack:                         0       0         2048   
       Linker Generated:              0       97        0      
    +--+------------------------------+-------+---------+---------+
       Grand Total:                   52174   2571      8192   


LINKER GENERATED COPY TABLES

__TI_cinit_table @ 0000d5e0 records: 2, size/record: 8, table size: 16
	.data: load addr=0000d588, load size=0000003d bytes, run addr=20001f30, run size=000000c4 bytes, compression=lzss
	.bss: load addr=0000d5d8, load size=00000008 bytes, run addr=20000000, run size=00001730 bytes, compression=zero_init


LINKER GENERATED HANDLER TABLE

__TI_handler_table @ 0000d5c8 records: 3, size/record: 4, table size: 12
	index: 0, handler: __TI_decompress_lzss
	index: 1, handler: __TI_decompress_none
	index: 2, handler: __TI_zero_init


GLOBAL SYMBOLS: SORTED ALPHABETICALLY BY Name 

address   name                                                              
-------   ----                                                              
0000cd45  ADCIntClear                                                       
0000c8a9  ADCIntStatus                                                      
0000cac7  ADCProcessorTrigger                                               
0000c291  ADCSequenceConfigure                                              
0000ca39  ADCSequenceDataGet                                                
0000cc49  ADCSequenceEnable                                                 
0000be23  ADCSequenceStepConfigure                                          
20001fc0  ADC_RAW_MAX                                                       
20001632  Alarms                                                            
0000ce39  C$$EXIT                                                           
0000c6ff  C$$IO$$                                                           
0000ccf1  CPUcpsie                                                          
00007efd  DEBUGUARTIntHandler                                               
00007e99  DISPLAYUARTIntHandler                                             
0000c569  EEPROMInit                                                        
0000bb21  EEPROMProgram                                                     
0000c661  EEPROMRead                                                        
20001fbc  ENC28J60ControlCS                                                 
2000106e  EXTI_cnt                                                          
200015e4  Eclient                                                           
0000a8d1  GPIODIntHandler                                                   
0000c905  GPIODirModeSet                                                    
0000cdc1  GPIOIntClear                                                      
0000ccfd  GPIOIntEnable                                                     
0000cc57  GPIOIntStatus                                                     
0000c1e7  GPIOIntTypeSet                                                    
0000b029  GPIOPadConfigSet                                                  
0000c2e1  GPIOPinConfigure                                                  
0000cdc7  GPIOPinRead                                                       
0000cb0f  GPIOPinTypeADC                                                    
0000cb25  GPIOPinTypeGPIOInput                                              
0000caad  GPIOPinTypeGPIOOutput                                             
0000cb3b  GPIOPinTypeI2C                                                    
0000cb51  GPIOPinTypeI2CSCL                                                 
0000cb67  GPIOPinTypeSSI                                                    
0000cb7d  GPIOPinTypeUART                                                   
0000cdcd  GPIOPinWrite                                                      
0000c0c9  HOSTtime64                                                        
0000cd81  I2CMasterBusy                                                     
0000ce09  I2CMasterControl                                                  
0000ce0d  I2CMasterDataGet                                                  
0000ce11  I2CMasterDataPut                                                  
0000cd4f  I2CMasterEnable                                                   
0000c32d  I2CMasterInitExpClk                                               
0000cd89  I2CMasterSlaveAddrSet                                             
0000cc65  I2CRxFIFOFlush                                                    
0000cc73  I2CTxFIFOFlush                                                    
0000bff9  IntEnable                                                         
0000cc09  IntMasterEnable                                                   
20000644  JSON_Tx_Buff                                                      
00007e35  LTEUARTIntHandler                                                 
0000cd39  ResetISR                                                          
0000d564  SHT$$INIT_ARRAY$$Base                                             
0000d588  SHT$$INIT_ARRAY$$Limit                                            
0000c5e9  SSIConfigSetExpClk                                                
0000cbe5  SSIDataGetNonBlocking                                             
0000cc81  SSIDataPutNonBlocking                                             
0000cd59  SSIEnable                                                         
0000b54d  SysCtlClockGet                                                    
0000b861  SysCtlClockSet                                                    
0000cdd3  SysCtlDelay                                                       
0000c709  SysCtlPeripheralDisable                                           
0000c73d  SysCtlPeripheralEnable                                            
0000c699  SysCtlPeripheralReady                                             
0000c241  SysCtlPeripheralReset                                             
0000cb95  SysTickEnable                                                     
0000cba9  SysTickIntEnable                                                  
0000aed7  SysTickIntHandler                                                 
0000cc19  SysTickPeriodSet                                                  
0000ca9f  SysTick_Handler                                                   
200016d7  System_mode                                                       
0000cd91  UARTBusy                                                          
0000cc8f  UARTCharGetNonBlocking                                            
0000cc9d  UARTCharPutNonBlocking                                            
0000ccab  UARTCharsAvail                                                    
0000c455  UARTConfigSetExpClk                                               
0000c9f9  UARTDisable                                                       
0000cbbd  UARTEnable                                                        
0000ce15  UARTIntClear                                                      
0000cd99  UARTIntEnable                                                     
0000cd63  UARTIntStatus                                                     
200015c9  UIPEthernet                                                       
000095df  _Z10GetAdcDatav                                                   
0000ac99  _Z10I2CReceivev                                                   
0000a8c7  _Z10ToggleLEDsv                                                   
00005569  _Z10asUnixTimeiiiiii                                              
000028af  _Z10getREQmodev                                                   
0000a385  _Z10my_sprintfPciz                                                
00001075  _Z10setREQmode13gprs_status_t                                     
0000546b  _Z10update_rtcPci                                                 
00002c71  _Z10valid_codePc                                                  
00003529  _Z10ws_connectv                                                   
000029e9  _Z11TCP_Handlerv                                                  
00007dd1  _Z11Usendbufferj                                                  
0000a35d  _Z11count_commaPct                                                
0000a33f  _Z11getChecksumPhc                                                
00004d61  _Z11getDateTimev                                                  
0000026d  _Z11get_rx_dataPc                                                 
00008f31  _Z11init_configv                                                  
000028a9  _Z11setNWstatus13gprs_status_t                                    
000025e5  _Z11tcp_connectv                                                  
0000ac37  _Z11vRTCI2CInitv                                                  
0000921d  _Z12ADC_PortIniti                                                 
0000539f  _Z12calcTimeDiff12time_stamp_tS_                                  
00000295  _Z12check_stringPKcPcPi                                           
0000249b  _Z12getNW_statusv                                                 
000091a3  _Z12getRAM_Alarmv                                                 
00002489  _Z12get_pkt_recvv                                                 
00002035  _Z12gprs_connectv                                                 
000051d9  _Z12is_leap_yearh                                                 
00001ed5  _Z12read_ip_portPc                                                
000005e5  _Z12respos_recvdPc                                                
00008f11  _Z12setRAM_Alarm16Alarm_sts_bits_tb                               
00001ebd  _Z12set_pkt_recvh                                                 
0000a89f  _Z12vEXTIpinInitv                                                 
0000a893  _Z12vGPIO_Togglejhh                                               
0000a785  _Z12vLEDGPIOInitv                                                 
00007c93  _Z12vLTEUARTInitv                                                 
0000ca57  _Z13SPI_transrecvjh                                               
0000522d  _Z13add_date_timeP12time_stamp_tS0_j                              
0000a2bb  _Z13delete_SubStrPcS_c                                            
000039e5  _Z13ethernet_initv                                                
00007bdd  _Z13flushRxBufferi                                                
00007c01  _Z13flushTxBufferi                                                
0000919d  _Z13getRAM_Statusv                                                
0000657d  _Z13get_device_idv                                                
00001e91  _Z13pong_receivedPc                                               
0000917d  _Z13setRAM_Statushb                                               
000064f1  _Z13set_device_idPc                                               
0000aec7  _Z13vMAIN_DelayMSj                                                
00007dbd  _Z13vUART_SendChrjh                                               
00007d9f  _Z13vUART_SendIntji                                               
00007d7d  _Z13vUART_SendStrjPKh                                             
00005109  _Z14StrToTimeStampPh                                              
00003195  _Z14ether_tcp_sendPci                                             
00005093  _Z14getDaysOfMonthcj                                              
00001bbd  _Z14tcp_disconnectv                                               
00007c47  _Z14vDEBUGUARTInitv                                               
00008e01  _Z14write_defaultsj                                               
00009ef5  _Z15Data_Screen_lcdv                                              
000039a9  _Z15HTTP_valid_codePc                                             
0000500f  _Z15check_date_timePcS_                                           
00006601  _Z15ether_cs_activev                                              
00003331  _Z15ether_ping_sendv                                              
00001a91  _Z15generateMaskKeyPh                                             
00001a6f  _Z15getServerStatusv                                              
00001a65  _Z15get_upload_datav                                              
00001a51  _Z15get_webconn_stsv                                              
000019c9  _Z15match_cpsi_dataPc                                             
00001985  _Z15setServerStatus13gprs_status_t                                
0000197d  _Z15set_upload_data13upload_data_t                                
00001977  _Z15set_webconn_stsh                                              
00008fe5  _Z15update_ram_datav                                              
0000a7cb  _Z15vGPIOPortEnablev                                              
000064bf  _Z15vPERIPH_E2PInitv                                              
00007d57  _Z15vUART_SendBytesjPKhj                                          
00001621  _Z15websckt_connectv                                              
00009e4b  _Z16PrepareLcdBufferPhcc                                          
000095ad  _Z16calculate_AC_ADCv                                             
0000842b  _Z16decodeMsgPC_Uartv                                             
00003435  _Z16ether_valid_codePc                                            
00003781  _Z16ethernet_handlerv                                             
00004feb  _Z16get_present_timeP12time_stamp_t                               
00008071  _Z16get_system_statev                                             
00008125  _Z16set_system_state10sys_mode_t                                  
00004c8d  _Z16update_date_timev                                             
00007cf5  _Z16vDISPLAYUARTInitv                                             
000030e1  _Z16vETHERNETSPIInitv                                             
0000a79d  _Z16vGPIO_UnlockGPIOjh                                            
0000a785  _Z16vPERIPH_GPIOInitv                                             
00007d47  _Z16vPERIPH_UARTInitv                                             
00000ff5  _Z16websocket_packetPh                                            
00004c35  _Z17check_expire_time12time_stamp_tS_                             
0000640b  _Z17cloud_config_datav                                            
0000635b  _Z17e2p_read_cfg_timev                                            
000062f1  _Z17e2p_read_locationv                                            
0000660b  _Z17ether_cs_inactivev                                            
00003071  _Z17ether_tcp_connectv                                            
0000a265  _Z17generateRandomKeyiPc                                          
00009581  _Z17getBatteryVoltagev                                            
00009551  _Z17getChargerVoltagev                                            
00001135  _Z17prepare_JSON_pcktv                                            
00008409  _Z17tx_pending_dataPCv                                            
00008dc9  _Z17vPERIPH_ClockInitv                                            
0000032b  _Z18check_string_nobufPKc                                         
00004be5  _Z18convertToEpochTimePK12time_stamp_t                            
00006289  _Z18e2p_read_cloud_cfgv                                           
00006225  _Z18e2p_write_cfg_timev                                           
00005fd3  _Z18e2p_write_locationv                                           
0000304f  _Z18ether_respos_recvdPc                                          
000061fb  _Z18get_fixed_locationv                                           
00006015  _Z18set_fixed_locationPc                                          
0000a75d  _Z18vInput_PollingReadv                                           
00000d09  _Z18websckt_disconnectv                                           
00004ba3  _Z19check_dateTime_dataP12time_stamp_t                            
00005f7f  _Z19e2p_read_device_cfgv                                          
00005e01  _Z19e2p_write_cloud_cfgv                                          
00003043  _Z19flush_ether_rx_buffv                                          
00002deb  _Z19flush_ether_tx_buffv                                          
00000c3b  _Z19get_gprs_connct_stsv                                          
00000c35  _Z19get_pending_requestv                                          
000009b5  _Z19gprs_connect_statusv                                          
00000907  _Z19set_gprs_connct_stsh                                          
00000901  _Z19set_pending_requesth                                          
0000a73d  _Z19vInit_InputTestpinsv                                          
0000aeab  _Z19vPERIPH_SystickInitv                                          
00005f51  _Z20e2p_write_device_cfgv                                         
00009521  _Z20getRouter1_DCvoltagev                                         
000094ef  _Z20getRouter2_DCvoltagev                                         
000094c5  _Z21getRouter1_DC_currentv                                        
0000949d  _Z21getRouter2_DC_currentv                                        
0000303d  _Z21get_ethernet_NWstatusv                                        
00003037  _Z21set_ethernet_NWstatush                                        
00002eb3  _Z22check_ethernet_messagev                                       
00002df7  _Z22ether_websocket_packetPh                                      
00002ddf  _Z22ethernet_pong_receivedPh                                      
0000c525  _Z23__finalize_destructionsPP20a_needed_destructionPv             
00005efd  _Z23e2p_read_voltage_configv                                      
00002dd9  _Z23get_ethernet_connct_stsv                                      
00002dd3  _Z23set_ethernet_connct_stsh                                      
00007ba3  _Z23vUART_CheckFrameTimeouti                                      
00005ebf  _Z24e2p_write_voltage_configv                                     
00008079  _Z24preparePC_ResponsePacket5cmd_tPchii                           
0000c49d  _Z25__add_destruction_to_listPP20a_needed_destructionPFYvPvES2_S2_
0000a23d  _Z25count_doubleSquareBracketPcj                                  
00007b2d  _Z25prepare_graphical_tx_buffjPch                                 
00008dcf  _Z26vMAIN_InitClockPeripheralsv                                   
00006d2d  _Z36enc28J60_mempool_block_move_callbackttt                       
00005ebb  _Z7get_urlv                                                       
00004b61  _Z7isDT_okv                                                       
000093b1  _Z7readADCh                                                       
0000a1cf  _Z7reversePci                                                     
00005e31  _Z7set_urlPc                                                      
0000ab93  _Z8Read_RTCPhh                                                    
0000a1f5  _Z8intToStriPci                                                   
00008135  _Z8response5cmd_ti                                                
0000c931  _Z8sleep_usi                                                      
000006c1  _Z8tcp_sendPci                                                    
0000ab21  _Z9Write_RTCPhh                                                   
00009e15  _Z9clear_lcdv                                                     
0000aea5  _Z9my_millisv                                                     
0000a195  _Z9my_strstrPKcS0_i                                               
00000345  _Z9ping_sendv                                                     
000093e7  _Z9updateADC14ADC_Channels_th                                     
00009353  _Z9vADC0Initv                                                     
0000b221  _ZN10MemoryPool10allocBlockEt                                     
0000b20b  _ZN10MemoryPool11resizeBlockEht                                   
0000b1f7  _ZN10MemoryPool11resizeBlockEhtt                                  
0000b1d9  _ZN10MemoryPool4initEv                                            
20000000  _ZN10MemoryPool6blocksE                                           
0000b1cb  _ZN10MemoryPool9blockSizeEh                                       
0000b195  _ZN10MemoryPool9freeBlockEh                                       
0000ccb9  _ZN10__cxxabiv117__class_type_infoD0Ev                            
0000ce19  _ZN10__cxxabiv117__class_type_infoD1Ev                            
0000ce19  _ZN10__cxxabiv117__class_type_infoD2Ev                            
0000ccc7  _ZN10__cxxabiv120__si_class_type_infoD0Ev                         
0000ce1d  _ZN10__cxxabiv120__si_class_type_infoD1Ev                         
0000ce1d  _ZN10__cxxabiv120__si_class_type_infoD2Ev                         
0000ccd5  _ZN10__cxxabiv121__vmi_class_type_infoD0Ev                        
0000ce21  _ZN10__cxxabiv121__vmi_class_type_infoD1Ev                        
0000ce21  _ZN10__cxxabiv121__vmi_class_type_infoD2Ev                        
00006d9f  _ZN15Enc28J60Network10copyPacketEhthtt                            
00006b0d  _ZN15Enc28J60Network10freePacketEv                                
00006d1f  _ZN15Enc28J60Network10linkStatusEv                                
00006cd5  _ZN15Enc28J60Network10readBufferEtPh                              
00006d09  _ZN15Enc28J60Network10readPacketEhtPht                            
200016d8  _ZN15Enc28J60Network10receivePktE                                 
00006c33  _ZN15Enc28J60Network10sendPacketEh                                
00006b0d  _ZN15Enc28J60Network10setERXRDPTEv                                
00006881  _ZN15Enc28J60Network10setReadPtrEhtt                              
00006a8b  _ZN15Enc28J60Network11readRegByteEh                               
00006bc9  _ZN15Enc28J60Network11writeBufferEtPh                             
00006c01  _ZN15Enc28J60Network11writePacketEhtPht                           
00006a75  _ZN15Enc28J60Network12writeRegByteEhh                             
00006669  _ZN15Enc28J60Network12writeRegPairEht                             
200015ca  _ZN15Enc28J60Network13nextPacketPtrE                              
00006b23  _ZN15Enc28J60Network13receivePacketEv                             
00006aed  _ZN15Enc28J60Network15enableBroadcastEb                           
00006ad9  _ZN15Enc28J60Network15enableMulticastEv                           
00006ab1  _ZN15Enc28J60Network16disableBroadcastEb                          
00006a9d  _ZN15Enc28J60Network16disableMulticastEv                          
20001fbf  _ZN15Enc28J60Network17broadcast_enabledE                          
20001fbd  _ZN15Enc28J60Network4bankE                                        
0000696d  _ZN15Enc28J60Network4initEPh                                      
000068c5  _ZN15Enc28J60Network6chksumEthtt                                  
00006877  _ZN15Enc28J60Network6clkoutEh                                     
20001fbe  _ZN15Enc28J60Network6erevidE                                      
000066f1  _ZN15Enc28J60Network6readOpEhh                                    
0000685b  _ZN15Enc28J60Network7initSPIEv                                    
0000673f  _ZN15Enc28J60Network7phyReadEh                                    
00006837  _ZN15Enc28J60Network7powerOnEv                                    
0000672d  _ZN15Enc28J60Network7readRegEh                                    
0000663f  _ZN15Enc28J60Network7setBankEh                                    
00006615  _ZN15Enc28J60Network7writeOpEhhh                                  
0000680b  _ZN15Enc28J60Network8phyWriteEht                                  
000067dd  _ZN15Enc28J60Network8powerOffEv                                   
000067b3  _ZN15Enc28J60Network8readByteEt                                   
000066db  _ZN15Enc28J60Network8writeRegEhh                                  
00006789  _ZN15Enc28J60Network9PhyStatusEv                                  
000066b9  _ZN15Enc28J60Network9blockSizeEh                                  
000066b3  _ZN15Enc28J60Network9geterevidEv                                  
0000668b  _ZN15Enc28J60Network9writeByteEth                                 
00007ad5  _ZN16UIPEthernetClass10linkStatusEv                               
00007aa3  _ZN16UIPEthernetClass10subnetMaskEv                               
20001fca  _ZN16UIPEthernetClass10uip_hdrlenE                                
20001fc9  _ZN16UIPEthernetClass10uip_packetE                                
00007a93  _ZN16UIPEthernetClass11dnsServerIPEv                              
20001fcb  _ZN16UIPEthernetClass11packetstateE                               
00007a35  _ZN16UIPEthernetClass12dhcp_handlerEv                             
00007697  _ZN16UIPEthernetClass12network_sendEv                             
00007a15  _ZN16UIPEthernetClass14hardwareStatusEv                           
200016f4  _ZN16UIPEthernetClass14periodic_timerE                            
20001698  _ZN16UIPEthernetClass17_dnsServerAddressE                         
00007545  _ZN16UIPEthernetClass18upper_layer_chksumEh                       
00007a0f  _ZN16UIPEthernetClass4initEh                                      
000076f3  _ZN16UIPEthernetClass4tickEv                                      
20001fcc  _ZN16UIPEthernetClass5_dhcpE                                      
000079fb  _ZN16UIPEthernetClass5beginEPKh                                   
000079d1  _ZN16UIPEthernetClass5beginEPKh9IPAddress                         
00007999  _ZN16UIPEthernetClass5beginEPKh9IPAddressS2_                      
0000793d  _ZN16UIPEthernetClass5beginEPKh9IPAddressS2_S2_                   
000078f5  _ZN16UIPEthernetClass5beginEPKh9IPAddressS2_S2_S2_                
00007509  _ZN16UIPEthernetClass6chksumEtPKht                                
000078b5  _ZN16UIPEthernetClass7localIPEv                                   
00007879  _ZN16UIPEthernetClass7netInitEPKh                                 
000075b9  _ZN16UIPEthernetClass8ipchksumEv                                  
00007819  _ZN16UIPEthernetClass8maintainEv                                  
00007631  _ZN16UIPEthernetClass9configureE9IPAddressS0_S0_S0_               
00007609  _ZN16UIPEthernetClass9gatewayIPEv                                 
20001fc8  _ZN16UIPEthernetClass9in_packetE                                  
00007607  _ZN16UIPEthernetClassC1Ev                                         
00007607  _ZN16UIPEthernetClassC2Ev                                         
00009bb9  _ZN5Print10printFloatEdh                                          
00009a71  _ZN5Print11printNumberEmh                                         
00009db1  _ZN5Print5printEPK19__FlashStringHelper                           
00009b97  _ZN5Print5printEPKc                                               
00009d75  _ZN5Print5printERK6String                                         
00009d51  _ZN5Print5printERK9Printable                                      
00009aeb  _ZN5Print5printEc                                                 
00009d13  _ZN5Print5printEdi                                                
00009b7f  _ZN5Print5printEhi                                                
00009b67  _ZN5Print5printEii                                                
00009b4f  _ZN5Print5printEji                                                
00009af5  _ZN5Print5printEli                                                
00009ac1  _ZN5Print5printEmi                                                
00009a35  _ZN5Print5writeEPKhj                                              
00009dc5  _ZN5Print7printlnEPK19__FlashStringHelper                         
00009d9d  _ZN5Print7printlnEPKc                                             
00009d83  _ZN5Print7printlnERK6String                                       
00009d61  _ZN5Print7printlnERK9Printable                                    
00009d3d  _ZN5Print7printlnEc                                               
00009d21  _ZN5Print7printlnEdi                                              
00009b83  _ZN5Print7printlnEhi                                              
00009b6b  _ZN5Print7printlnEii                                              
00009b53  _ZN5Print7printlnEji                                              
00009b3b  _ZN5Print7printlnEli                                              
00009ad7  _ZN5Print7printlnEmi                                              
00009a61  _ZN5Print7printlnEv                                               
0000cdd9  _ZN6ClientD0Ev                                                    
0000aea3  _ZN6ClientD1Ev                                                    
0000cddf  _ZN6ServerD0Ev                                                    
0000b42b  _ZN6ServerD1Ev                                                    
00008abd  _ZN6UIPUDP10remotePortEv                                          
00008be1  _ZN6UIPUDP11beginPacketE9IPAddresst                               
00008d15  _ZN6UIPUDP11beginPacketEPKct                                      
00008b61  _ZN6UIPUDP11parsePacketEv                                         
00008aeb  _ZN6UIPUDP4peekEv                                                 
0000cd6d  _ZN6UIPUDP4readEPcj                                               
00008b17  _ZN6UIPUDP4readEPhj                                               
00008d77  _ZN6UIPUDP4readEv                                                 
00008c85  _ZN6UIPUDP4stopEv                                                 
00008a0b  _ZN6UIPUDP5_sendEP18uip_udp_userdata_t                            
00008cd1  _ZN6UIPUDP5beginEt                                                
00008ad1  _ZN6UIPUDP5flushEv                                                
00008b85  _ZN6UIPUDP5writeEPKhj                                             
00008d99  _ZN6UIPUDP5writeEh                                                
00008a97  _ZN6UIPUDP8remoteIPEv                                             
00008a81  _ZN6UIPUDP9availableEv                                            
00008a3d  _ZN6UIPUDP9endPacketEv                                            
00008bab  _ZN6UIPUDPC1Ev                                                    
00008bab  _ZN6UIPUDPC2Ev                                                    
000087e1  _ZN9DNSClient12BuildRequestEPKc                                   
000088c9  _ZN9DNSClient13getHostByNameEPKcR9IPAddress                       
00008593  _ZN9DNSClient15ProcessResponseEtR9IPAddress                       
00008589  _ZN9DNSClient5beginERK9IPAddress                                  
00008527  _ZN9DNSClient9inet_atonEPKcR9IPAddress                            
00005d19  _ZN9DhcpClass10checkLeaseEv                                       
00005d0b  _ZN9DhcpClass10getLocalIpEv                                       
00005d05  _ZN9DhcpClass12getGatewayIpEv                                     
000055e3  _ZN9DhcpClass12presend_DHCPEv                                     
00005c9f  _ZN9DhcpClass13beginWithDHCPEPh                                   
00005c99  _ZN9DhcpClass13getSubnetMaskEv                                    
00005c93  _ZN9DhcpClass14getDnsServerIpEv                                   
00005c8d  _ZN9DhcpClass15getDhcpServerIpEv                                  
00005c83  _ZN9DhcpClass16reset_DHCP_leaseEv                                 
000055e5  _ZN9DhcpClass17parseDHCPResponseERj                               
000058d1  _ZN9DhcpClass17send_DHCP_MESSAGEEht                               
00005af5  _ZN9DhcpClass18request_DHCP_leaseEv                               
000055bf  _ZN9DhcpClass9printByteEPch                                       
0000b4ed  _ZN9IPAddress10fromStringEPKc                                     
0000b4dd  _ZN9IPAddressC1EPKh                                               
0000b42d  _ZN9IPAddressC1Ehhhh                                              
0000b4d1  _ZN9IPAddressC1Ej                                                 
0000b4c3  _ZN9IPAddressC1Ev                                                 
0000b4dd  _ZN9IPAddressC2EPKh                                               
0000b42d  _ZN9IPAddressC2Ehhhh                                              
0000b4d1  _ZN9IPAddressC2Ej                                                 
0000b4c3  _ZN9IPAddressC2Ev                                                 
0000cde5  _ZN9IPAddressD0Ev                                                 
0000ba3b  _ZN9IPAddressD1Ev                                                 
0000b4bb  _ZN9IPAddressaSEPKh                                               
0000b4b7  _ZN9IPAddressaSEj                                                 
0000cdeb  _ZN9PrintableD0Ev                                                 
0000bf17  _ZN9PrintableD1Ev                                                 
00007049  _ZN9UIPClient10_availableEP14uip_userdata_t                       
000074ad  _ZN9UIPClient10remotePortEv                                       
00006e43  _ZN9UIPClient12_flushBlocksEPh                                    
00006df1  _ZN9UIPClient13_allocateDataEv                                    
00007095  _ZN9UIPClient13_currentBlockEPh                                   
00007173  _ZN9UIPClient17availableForWriteEv                                
000073d1  _ZN9UIPClient4peekEv                                              
00007321  _ZN9UIPClient4readEPhj                                            
000072f5  _ZN9UIPClient4readEv                                              
00007063  _ZN9UIPClient4stopEv                                              
00007403  _ZN9UIPClient5flushEv                                             
00007147  _ZN9UIPClient5writeEPKhj                                          
00007153  _ZN9UIPClient5writeEh                                             
000070bd  _ZN9UIPClient6_writeEP14uip_userdata_tPKhj                        
000071c5  _ZN9UIPClient7connectE9IPAddresst                                 
00007295  _ZN9UIPClient7connectEPKct                                        
20001338  _ZN9UIPClient8all_dataE                                           
0000747f  _ZN9UIPClient8remoteIPEv                                          
00006e25  _ZN9UIPClient9_eatBlockEPh                                        
00007423  _ZN9UIPClient9availableEv                                         
0000702f  _ZN9UIPClient9connectedEv                                         
00007461  _ZN9UIPClientC1EP14uip_userdata_t                                 
00007445  _ZN9UIPClientC1Ev                                                 
00007461  _ZN9UIPClientC2EP14uip_userdata_t                                 
00007445  _ZN9UIPClientC2Ev                                                 
0000cdf1  _ZN9UIPClientD0Ev                                                 
0000bff7  _ZN9UIPClientD1Ev                                                 
0000700d  _ZN9UIPClientcvbEv                                                
000071a5  _ZN9UIPClienteqERKS_                                              
0000cbf7  _ZN9UIPClientneERKS_                                              
0000aabb  _ZN9UIPServer3endEv                                               
0000aa8f  _ZN9UIPServer5beginEt                                             
0000a95f  _ZN9UIPServer5beginEv                                             
0000aa49  _ZN9UIPServer5writeEPKhj                                          
0000aaa7  _ZN9UIPServer5writeEh                                             
0000a9f5  _ZN9UIPServer6acceptEv                                            
0000a9a9  _ZN9UIPServer9availableEv                                         
0000a97d  _ZN9UIPServerC1Et                                                 
0000a97d  _ZN9UIPServerC2Et                                                 
0000cdf7  _ZN9UIPServerD0Ev                                                 
0000c23f  _ZN9UIPServerD1Ev                                                 
0000a979  _ZN9UIPServercvbEv                                                
0000b477  _ZNK9IPAddress7printToER5Print                                    
0000b45f  _ZNK9IPAddresseqEPKh                                              
0000c2df  _ZNSt9type_infoD1Ev                                               
0000c2df  _ZNSt9type_infoD2Ev                                               
0000ce39  _ZSt17__throw_bad_allocv                                          
0000d4ec  _ZTI3UDP                                                          
0000d4f4  _ZTI5Print                                                        
0000d4fc  _ZTI6Client                                                       
0000d504  _ZTI6Server                                                       
0000d34c  _ZTI6UIPUDP                                                       
0000d480  _ZTI9IPAddress                                                    
0000d50c  _ZTI9Printable                                                    
0000d36c  _ZTI9UIPClient                                                    
0000d38c  _ZTI9UIPServer                                                    
0000d48c  _ZTIN10__cxxabiv117__class_type_infoE                             
0000d498  _ZTIN10__cxxabiv120__si_class_type_infoE                          
0000d4a4  _ZTIN10__cxxabiv121__vmi_class_type_infoE                         
0000d514  _ZTISt9type_info                                                  
0000d553  _ZTS3UDP                                                          
0000d534  _ZTS5Print                                                        
0000d51c  _ZTS6Client                                                       
0000d524  _ZTS6Server                                                       
0000d52c  _ZTS6UIPUDP                                                       
0000d4b0  _ZTS9IPAddress                                                    
0000d4bb  _ZTS9Printable                                                    
[...]
0000c567  __aeabi_ldiv0                                                     
0000c569  EEPROMInit                                                        
0000c5a9  __aeabi_uidiv                                                     
0000c5a9  __aeabi_uidivmod                                                  
0000c5e9  SSIConfigSetExpClk                                                
0000c661  EEPROMRead                                                        
0000c699  SysCtlPeripheralReady                                             
0000c6d1  __TI_writemsg                                                     
0000c6ff  C$$IO$$                                                           
0000c709  SysCtlPeripheralDisable                                           
0000c73d  SysCtlPeripheralEnable                                            
0000c7a5  __TI_readmsg                                                      
0000c7d9  __aeabi_atexit                                                    
0000c80d  _c_int00_noargs                                                   
0000c841  rand                                                              
0000c875  strstr                                                            
0000c8a9  ADCIntStatus                                                      
0000c8d7  __aeabi_i2d                                                       
0000c905  GPIODirModeSet                                                    
0000c931  _Z8sleep_usi                                                      
0000c95d  strncmp                                                           
0000c9b1  memcmp                                                            
0000c9d5  srand                                                             
0000c9f9  UARTDisable                                                       
0000ca19  __aeabi_ui2d                                                      
0000ca39  ADCSequenceDataGet                                                
0000ca57  _Z13SPI_transrecvjh                                               
0000ca91  millis_start                                                      
0000ca99  millis                                                            
0000ca9f  SysTick_Handler                                                   
0000caad  GPIOPinTypeGPIOOutput                                             
0000cac7  ADCProcessorTrigger                                               
0000cadf  __aeabi_lmul                                                      
0000caf7  strcmp                                                            
0000cb0f  GPIOPinTypeADC                                                    
0000cb25  GPIOPinTypeGPIOInput                                              
0000cb3b  GPIOPinTypeI2C                                                    
0000cb51  GPIOPinTypeI2CSCL                                                 
0000cb67  GPIOPinTypeSSI                                                    
0000cb7d  GPIOPinTypeUART                                                   
0000cb95  SysTickEnable                                                     
0000cba9  SysTickIntEnable                                                  
0000cbbd  UARTEnable                                                        
0000cbd1  strlen                                                            
0000cbe5  SSIDataGetNonBlocking                                             
0000cbf7  _ZN9UIPClientneERKS_                                              
0000cc09  IntMasterEnable                                                   
0000cc19  SysTickPeriodSet                                                  
0000cc39  __time64                                                          
0000cc49  ADCSequenceEnable                                                 
0000cc57  GPIOIntStatus                                                     
0000cc65  I2CRxFIFOFlush                                                    
0000cc73  I2CTxFIFOFlush                                                    
0000cc81  SSIDataPutNonBlocking                                             
0000cc8f  UARTCharGetNonBlocking                                            
0000cc9d  UARTCharPutNonBlocking                                            
0000ccab  UARTCharsAvail                                                    
0000ccb9  _ZN10__cxxabiv117__class_type_infoD0Ev                            
0000ccc7  _ZN10__cxxabiv120__si_class_type_infoD0Ev                         
0000ccd5  _ZN10__cxxabiv121__vmi_class_type_infoD0Ev                        
0000cce3  __TI_decompress_none                                              
0000ccf1  CPUcpsie                                                          
0000ccfd  GPIOIntEnable                                                     
0000cd09  _ZThn8_N6UIPUDP4readEPcj                                          
0000cd15  __cxa_finalize                                                    
0000cd21  __cxa_guard_acquire                                               
0000cd2d  __TI_zero_init                                                    
0000cd39  ResetISR                                                          
0000cd45  ADCIntClear                                                       
0000cd4f  I2CMasterEnable                                                   
0000cd59  SSIEnable                                                         
0000cd63  UARTIntStatus                                                     
0000cd6d  _ZN6UIPUDP4readEPcj                                               
0000cd77  __cxa_guard_release                                               
0000cd81  I2CMasterBusy                                                     
0000cd89  I2CMasterSlaveAddrSet                                             
0000cd91  UARTBusy                                                          
0000cd99  UARTIntEnable                                                     
0000cda1  _ZThn8_N9UIPClientD0Ev                                            
0000cda9  _ZThn8_N9UIPServerD0Ev                                            
0000cdb1  _ZdlPv                                                            
0000cdb9  malloc                                                            
0000cdc1  GPIOIntClear                                                      
0000cdc7  GPIOPinRead                                                       
0000cdcd  GPIOPinWrite                                                      
0000cdd3  SysCtlDelay                                                       
0000cdd9  _ZN6ClientD0Ev                                                    
0000cddf  _ZN6ServerD0Ev                                                    
0000cde5  _ZN9IPAddressD0Ev                                                 
0000cdeb  _ZN9PrintableD0Ev                                                 
0000cdf1  _ZN9UIPClientD0Ev                                                 
0000cdf7  _ZN9UIPServerD0Ev                                                 
0000cdfd  __cxa_ia64_exit                                                   
0000ce03  __cxa_pure_virtual                                                
0000ce09  I2CMasterControl                                                  
0000ce0d  I2CMasterDataGet                                                  
0000ce11  I2CMasterDataPut                                                  
0000ce15  UARTIntClear                                                      
0000ce19  _ZN10__cxxabiv117__class_type_infoD1Ev                            
0000ce19  _ZN10__cxxabiv117__class_type_infoD2Ev                            
0000ce1d  _ZN10__cxxabiv120__si_class_type_infoD1Ev                         
0000ce1d  _ZN10__cxxabiv120__si_class_type_infoD2Ev                         
0000ce21  _ZN10__cxxabiv121__vmi_class_type_infoD1Ev                        
0000ce21  _ZN10__cxxabiv121__vmi_class_type_infoD2Ev                        
0000ce25  _ZThn8_N9UIPClientD1Ev                                            
0000ce29  _ZThn8_N9UIPServerD1Ev                                            
0000ce2d  _ZdlPvj                                                           
0000ce31  __abort_execution                                                 
0000ce35  _system_pre_init                                                  
0000ce39  C$$EXIT                                                           
0000ce39  _ZSt17__throw_bad_allocv                                          
0000ce39  abort                                                             
0000ce3c  _ctypes_                                                          
0000cf40  _ZTV6UIPUDP                                                       
0000d060  _ZTV9UIPClient                                                    
0000d1b8  _ZTV3UDP                                                          
0000d244  _ZTV6Client                                                       
0000d284  _ZTV9UIPServer                                                    
0000d2b8  _ZTSN10__cxxabiv121__vmi_class_type_infoE                         
0000d2de  _ZTSN10__cxxabiv120__si_class_type_infoE                          
0000d328  _ZTSN10__cxxabiv117__class_type_infoE                             
0000d34c  _ZTI6UIPUDP                                                       
0000d36c  _ZTI9UIPClient                                                    
0000d38c  _ZTI9UIPServer                                                    
0000d3e0  _ZTV6Server                                                       
0000d3f4  _ZTV9IPAddress                                                    
0000d408  _ZTV9Printable                                                    
0000d430  _ZTV5Print                                                        
0000d440  _ZTVN10__cxxabiv117__class_type_infoE                             
0000d450  _ZTVN10__cxxabiv120__si_class_type_infoE                          
0000d460  _ZTVN10__cxxabiv121__vmi_class_type_infoE                         
0000d470  _ZTSSt9type_info                                                  
0000d480  _ZTI9IPAddress                                                    
0000d48c  _ZTIN10__cxxabiv117__class_type_infoE                             
0000d498  _ZTIN10__cxxabiv120__si_class_type_infoE                          
0000d4a4  _ZTIN10__cxxabiv121__vmi_class_type_infoE                         
0000d4b0  _ZTS9IPAddress                                                    
0000d4bb  _ZTS9Printable                                                    
0000d4c6  _ZTS9UIPClient                                                    
0000d4d1  _ZTS9UIPServer                                                    
0000d4ec  _ZTI3UDP                                                          
0000d4f4  _ZTI5Print                                                        
0000d4fc  _ZTI6Client                                                       
0000d504  _ZTI6Server                                                       
0000d50c  _ZTI9Printable                                                    
0000d514  _ZTISt9type_info                                                  
0000d51c  _ZTS6Client                                                       
0000d524  _ZTS6Server                                                       
0000d52c  _ZTS6UIPUDP                                                       
0000d534  _ZTS5Print                                                        
0000d553  _ZTS3UDP                                                          
0000d564  SHT$$INIT_ARRAY$$Base                                             
0000d588  SHT$$INIT_ARRAY$$Limit                                            
0000d5c8  __TI_Handler_Table_Base                                           
0000d5d4  __TI_Handler_Table_Limit                                          
0000d5e0  __TI_CINIT_Base                                                   
0000d5f0  __TI_CINIT_Limit                                                  
20000000  _ZN10MemoryPool6blocksE                                           
20000000  __start___llvm_prf_cnts                                           
20000000  __stop___llvm_prf_cnts                                            
20000230  ethernet_rx_buff                                                  
2000043c  ethernet_tx_buff                                                  
20000644  JSON_Tx_Buff                                                      
20000848  gprs_tx_buff                                                      
20000a44  dummy_json_string                                                 
20000bcc  adc                                                               
20000d48  display_tx                                                        
20000e78  __CIOBUF_                                                         
20000f98  cloud_config                                                      
2000106e  EXTI_cnt                                                          
20001070  display_uart_rx                                                   
20001110  pc_uart_rx                                                        
200011b0  gprs_rx_buff                                                      
20001238  e2p_cloud_config                                                  
200012b8  uip_conns                                                         
20001338  _ZN9UIPClient8all_dataE                                           
200013a8  uip_buf                                                           
200014c8  pc_uart_tx                                                        
20001518  uip_udp_conns                                                     
20001558  ram_data                                                          
2000158e  time_main                                                         
200015ad  measurements                                                      
200015c9  UIPEthernet                                                       
200015ca  _ZN15Enc28J60Network13nextPacketPtrE                              
200015cc  gprs                                                              
200015e4  Eclient                                                           
200015f4  client                                                            
20001604  e2p_device_info                                                   
20001614  e2p_location_info                                                 
20001624  scheduler                                                         
20001632  Alarms                                                            
2000163e  gprs_rx_isr_handler                                               
20001698  _ZN16UIPEthernetClass17_dnsServerAddressE                         
200016a8  e2p_config_time                                                   
200016b0  e2p_router_config                                                 
200016b8  gps_data                                                          
200016c0  parmbuf                                                           
200016c8  uip_listenports                                                   
200016d0  gprs_date_time                                                    
200016d7  System_mode                                                       
200016d8  _ZN15Enc28J60Network10receivePktE                                 
200016de  time_stamp                                                        
200016e4  _ZZN9UIPClient7connectE9IPAddresstE4conn                          
200016f4  _ZN16UIPEthernetClass14periodic_timerE                            
200016f8  __dso_handle                                                      
200016fc  _millis                                                           
20001700  startTime                                                         
20001704  u32DelayCounter                                                   
20001708  uip_acc32                                                         
2000170c  uip_appdata                                                       
20001710  uip_conn                                                          
20001714  uip_draddr                                                        
20001718  uip_hostaddr                                                      
2000171c  uip_netmask                                                       
20001720  uip_sappdata                                                      
20001724  uip_udp_conn                                                      
20001728  uip_len                                                           
2000172a  uip_slen                                                          
2000172c  ether_connect_sts                                                 
2000172d  ether_network_sts                                                 
2000172e  router_mode                                                       
2000172f  uip_flags                                                         
20001730  __stack                                                           
20001930  __STACK_TOP                                                       
20001f30  __STACK_END                                                       
20001f76  _ZZN9UIPClient7connectE9IPAddresstE7timeout                       
20001f78  ethernet_state                                                    
20001f8d  _ZZN9UIPClient7connectE9IPAddresstE10first_call                   
20001f90  _tz                                                               
20001fa0  __TI_cleanup_ptr                                                  
20001fa4  __TI_dtors_ptr                                                    
20001fa8  __TI_enable_exit_profile_output                                   
20001fac  _lock                                                             
20001fb0  _unlock                                                           
20001fbc  ENC28J60ControlCS                                                 
20001fbd  _ZN15Enc28J60Network4bankE                                        
20001fbe  _ZN15Enc28J60Network6erevidE                                      
20001fbf  _ZN15Enc28J60Network17broadcast_enabledE                          
20001fc0  ADC_RAW_MAX                                                       
20001fc8  _ZN16UIPEthernetClass9in_packetE                                  
20001fc9  _ZN16UIPEthernetClass10uip_packetE                                
20001fca  _ZN16UIPEthernetClass10uip_hdrlenE                                
20001fcb  _ZN16UIPEthernetClass11packetstateE                               
20001fcc  _ZN16UIPEthernetClass5_dhcpE                                      
20001fd8  uip_ethaddr                                                       
20001fe0  millis_cnt                                                        
20001fe8  upload_time                                                       
20001ff8  _sys_memory                                                       
ffffffff  __TI_pprof_out_hndl                                               
ffffffff  __TI_prof_data_size                                               
ffffffff  __TI_prof_data_start                                              
ffffffff  __binit__                                                         
ffffffff  __c_args__                                                        
ffffffff  binit                                                             
UNDEFED   __mpu_init                                                        
UNDEFED   _system_post_cinit                                                

[719 symbols]
