******************************************************************************
                  TI ARM Linker PC v20.2.6                     
******************************************************************************
>> Linked Mon Aug  5 12:14:19 2024

OUTPUT FILE NAME:   <Telecom_IoT_v2_00.out>
ENTRY POINT SYMBOL: "_c_int00_noargs"  address: 0000d3d5


MEMORY CONFIGURATION

         name            origin    length      used     unused   attr    fill
----------------------  --------  ---------  --------  --------  ----  --------
  FLASH                 00000000   00020000  0000e06e  00011f92  R  X
  SRAM                  20000000   00008000  0000291f  000056e1  RW X


SEGMENT ALLOCATION MAP

run origin  load origin   length   init length attrs members
----------  ----------- ---------- ----------- ----- -------
00000000    00000000    0000e070   0000e070    r-x
  00000000    00000000    0000026c   0000026c    r-- .intvecs
  0000026c    0000026c    0000d696   0000d696    r-x .text
  0000d904    0000d904    000006d4   000006d4    r-- .const
  0000dfd8    0000dfd8    00000098   00000098    r-- .cinit
20000000    20000000    00002928   00000000    rw-
  20000000    20000000    0000026c   00000000    rw- .vtable
  20000270    20000270    00001800   00000000    rw- .stack
  20001a70    20001a70    00000de3   00000000    rw- .bss
  20002858    20002858    000000d0   00000000    rw- .data


SECTION ALLOCATION MAP

 output                                  attributes/
section   page    origin      length       input sections
--------  ----  ----------  ----------   ----------------
.intvecs   0    00000000    0000026c     
                  00000000    0000026c     tm4c1233e6pz_startup_ccs.obj (.intvecs)

.text      0    0000026c    0000d696     
                  0000026c    000037fc     gprs.obj (.text)
                  00003a68    00001150     Clock.obj (.text)
                  00004bb8    00001088     GLCD.obj (.text)
                  00005c40    00000cc8     Telecom_server_query.obj (.text)
                  00006908    00000bac     IO_cntrl.obj (.text)
                  000074b4    00000ad4     ADC_Core.obj (.text)
                  00007f88    00000a40     main.obj (.text)
                  000089c8    00000a30     E2P.obj (.text)
                  000093f8    000009f0     flashCore.obj (.text)
                  00009de8    000009e8     PC_Cmds.obj (.text)
                  0000a7d0    00000738     flash_logger.obj (.text)
                  0000af08    000005f0     UartCore.obj (.text)
                  0000b4f8    00000510     _common.obj (.text)
                  0000ba08    000002b8     rtsv7M4_T_le_v4SPD16_eabi.lib : mktime64.c.obj (.text:__mktime64)
                  0000bcc0    00000210     DS3231.obj (.text)
                  0000bed0    000001e4     SysTick_Timer.obj (.text)
                  0000c0b4    000001b6     rtsv7M4_T_le_v4SPD16_eabi.lib : fd_add_t2.asm.obj (.text)
                  0000c26a    00000002                                   : _lock.c.obj (.text:_nop)
                  0000c26c    0000016c     driverlib.lib : gpio.obj (.text:GPIOPadConfigSet)
                  0000c3d8    00000136     rtsv7M4_T_le_v4SPD16_eabi.lib : fd_div_t2.asm.obj (.text)
                  0000c50e    00000002                                   : div0.asm.obj (.text)
                  0000c510    00000118     driverlib.lib : sysctl.obj (.text:SysCtlClockGet)
                  0000c628    000000fc     rtsv7M4_T_le_v4SPD16_eabi.lib : fd_mul_t2.asm.obj (.text)
                  0000c724    000000f4     driverlib.lib : sysctl.obj (.text:SysCtlClockSet)
                  0000c818    000000c4                   : eeprom.obj (.text:EEPROMProgram)
                  0000c8dc    0000009c     rtsv7M4_T_le_v4SPD16_eabi.lib : memcpy_t2.asm.obj (.text)
                  0000c978    00000096                                   : ull_div_t2.asm.obj (.text)
                  0000ca0e    00000086                                   : fd_cmp_t2.asm.obj (.text:__aeabi_cdcmple)
                  0000ca94    0000007a     driverlib.lib : adc.obj (.text:ADCSequenceStepConfigure)
                  0000cb0e    0000007a     rtsv7M4_T_le_v4SPD16_eabi.lib : memset_t2.asm.obj (.text)
                  0000cb88    0000006e                                   : ltoa.c.obj (.text:ltoa)
                  0000cbf6    0000006e                                   : ll_div_t2.asm.obj (.text)
                  0000cc64    00000068     driverlib.lib : interrupt.obj (.text:IntEnable)
                  0000cccc    00000068     rtsv7M4_T_le_v4SPD16_eabi.lib : copy_decompress_lzss.c.obj (.text:decompress:lzss:__TI_decompress_lzss)
                  0000cd34    00000068     delay.obj (.text)
                  0000cd9c    00000060     rtsv7M4_T_le_v4SPD16_eabi.lib : hosttime.c.obj (.text:HOSTtime64)
                  0000cdfc    00000060     driverlib.lib : timer.obj (.text:TimerConfigure)
                  0000ce5c    00000060     tiot_timer.obj (.text)
                  0000cebc    00000058     driverlib.lib : gpio.obj (.text:GPIOIntTypeSet)
                  0000cf14    00000050                   : sysctl.obj (.text:SysCtlPeripheralReset)
                  0000cf64    0000004e                   : adc.obj (.text:ADCSequenceConfigure)
                  0000cfb2    00000002     --HOLE-- [fill = 0]
                  0000cfb4    0000004c                   : gpio.obj (.text:GPIOPinConfigure)
                  0000d000    0000004c                   : i2c.obj (.text:I2CMasterInitExpClk)
                  0000d04c    0000004c     rtsv7M4_T_le_v4SPD16_eabi.lib : atoi.c.obj (.text:atoi)
                  0000d098    00000046     driverlib.lib : uart.obj (.text:UARTConfigSetExpClk)
                  0000d0de    00000002     --HOLE-- [fill = 0]
                  0000d0e0    00000044                   : gpio.obj (.text:_GPIOIntNumberGet)
                  0000d124    00000044     rtsv7M4_T_le_v4SPD16_eabi.lib : autoinit.c.obj (.text:__TI_auto_init_nobinit_nopinit:__TI_auto_init_nobinit_nopinit)
                  0000d168    00000044                                   : fd_tou_t2.asm.obj (.text)
                  0000d1ac    00000040     driverlib.lib : eeprom.obj (.text:EEPROMInit)
                  0000d1ec    0000003c                   : eeprom.obj (.text:_EEPROMSectorMaskSet)
                  0000d228    00000038                   : eeprom.obj (.text:EEPROMRead)
                  0000d260    00000038                   : sysctl.obj (.text:SysCtlPeripheralReady)
                  0000d298    00000038     rtsv7M4_T_le_v4SPD16_eabi.lib : trgmsg.c.obj (.text:__TI_writemsg)
                  0000d2d0    00000034     driverlib.lib : interrupt.obj (.text:IntRegister)
                  0000d304    00000034                   : sysctl.obj (.text:SysCtlPeripheralDisable)
                  0000d338    00000034                   : sysctl.obj (.text:SysCtlPeripheralEnable)
                  0000d36c    00000034                   : eeprom.obj (.text:_EEPROMSectorMaskClear)
                  0000d3a0    00000034     rtsv7M4_T_le_v4SPD16_eabi.lib : trgmsg.c.obj (.text:__TI_readmsg)
                  0000d3d4    00000034                                   : boot_cortex_m.c.obj (.text:_c_int00_noargs:_c_int00_noargs)
                  0000d408    00000034                                   : rand.c.obj (.text:rand)
                  0000d43c    00000034                                   : strstr.c.obj (.text:strstr)
                  0000d470    0000002e     driverlib.lib : adc.obj (.text:ADCIntStatus)
                  0000d49e    0000002e     rtsv7M4_T_le_v4SPD16_eabi.lib : i_tofd_t2.asm.obj (.text)
                  0000d4cc    0000002c     driverlib.lib : gpio.obj (.text:GPIODirModeSet)
                  0000d4f8    0000002c     rtsv7M4_T_le_v4SPD16_eabi.lib : strncmp.c.obj (.text:strncmp)
                  0000d524    00000024                                   : memcmp.c.obj (.text:memcmp)
                  0000d548    00000024                                   : rand.c.obj (.text:srand)
                  0000d56c    00000020     driverlib.lib : uart.obj (.text:UARTDisable)
                  0000d58c    00000020     rtsv7M4_T_le_v4SPD16_eabi.lib : u_tofd_t2.asm.obj (.text)
                  0000d5ac    0000001e     driverlib.lib : adc.obj (.text:ADCSequenceDataGet)
                  0000d5ca    0000001a                   : gpio.obj (.text:GPIOPinTypeGPIOOutput)
                  0000d5e4    00000018                   : adc.obj (.text:ADCProcessorTrigger)
                  0000d5fc    00000018                   : gpio.obj (.text:GPIOIntRegister)
                  0000d614    00000018     rtsv7M4_T_le_v4SPD16_eabi.lib : ll_mul_t2.asm.obj (.text)
                  0000d62c    00000018                                   : strcmp.c.obj (.text:strcmp)
                  0000d644    00000016     driverlib.lib : gpio.obj (.text:GPIOPinTypeADC)
                  0000d65a    00000016                   : gpio.obj (.text:GPIOPinTypeGPIOInput)
                  0000d670    00000016                   : gpio.obj (.text:GPIOPinTypeI2C)
                  0000d686    00000016                   : gpio.obj (.text:GPIOPinTypeI2CSCL)
                  0000d69c    00000016                   : gpio.obj (.text:GPIOPinTypeUART)
                  0000d6b2    00000002     --HOLE-- [fill = 0]
                  0000d6b4    00000014                   : systick.obj (.text:SysTickEnable)
                  0000d6c8    00000014                   : systick.obj (.text:SysTickIntEnable)
                  0000d6dc    00000014                   : uart.obj (.text:UARTEnable)
                  0000d6f0    00000014     rtsv7M4_T_le_v4SPD16_eabi.lib : strcpy.c.obj (.text:strcpy)
                  0000d704    00000014                                   : strlen.c.obj (.text:strlen)
                  0000d718    00000012     driverlib.lib : timer.obj (.text:TimerLoadSet)
                  0000d72a    00000012                   : timer.obj (.text:TimerPrescaleSet)
                  0000d73c    00000012     Telecom_server_query.obj (.text:_Z3absl)
                  0000d74e    00000010     driverlib.lib : interrupt.obj (.text:IntMasterDisable)
                  0000d75e    00000010                   : interrupt.obj (.text:IntMasterEnable)
                  0000d76e    00000002     --HOLE-- [fill = 0]
                  0000d770    00000010                   : sysctl.obj (.text:SysCtlReset)
                  0000d780    00000010                   : systick.obj (.text:SysTickPeriodSet)
                  0000d790    00000010                   : eeprom.obj (.text:_EEPROMWaitForDone)
                  0000d7a0    00000010     rtsv7M4_T_le_v4SPD16_eabi.lib : time64.c.obj (.text:__time64)
                  0000d7b0    00000010                                   : isdigit.c.obj (.text:isdigit)
                  0000d7c0    0000000e     driverlib.lib : adc.obj (.text:ADCSequenceEnable)
                  0000d7ce    0000000e                   : gpio.obj (.text:GPIOIntStatus)
                  0000d7dc    0000000e                   : i2c.obj (.text:I2CRxFIFOFlush)
                  0000d7ea    0000000e                   : i2c.obj (.text:I2CTxFIFOFlush)
                  0000d7f8    0000000e                   : timer.obj (.text:TimerEnable)
                  0000d806    0000000e                   : uart.obj (.text:UARTCharGetNonBlocking)
                  0000d814    0000000e                   : uart.obj (.text:UARTCharPutNonBlocking)
                  0000d822    0000000e                   : uart.obj (.text:UARTCharsAvail)
                  0000d830    0000000e     rtsv7M4_T_le_v4SPD16_eabi.lib : copy_decompress_none.c.obj (.text:decompress:none:__TI_decompress_none)
                  0000d83e    0000000c     driverlib.lib : cpu.obj (.text:CPUcpsid)
                  0000d84a    0000000c                   : cpu.obj (.text:CPUcpsie)
                  0000d856    0000000c                   : gpio.obj (.text:GPIOIntEnable)
                  0000d862    00000002     --HOLE-- [fill = 0]
                  0000d864    0000000c                   : sysctl.obj (.text:SysCtlResetCauseGet)
                  0000d870    0000000c     rtsv7M4_T_le_v4SPD16_eabi.lib : copy_zero_init.c.obj (.text:decompress:ZI:__TI_zero_init)
                  0000d87c    0000000c     tm4c1233e6pz_startup_ccs.obj (.text)
                  0000d888    0000000a     driverlib.lib : adc.obj (.text:ADCIntClear)
                  0000d892    0000000a                   : i2c.obj (.text:I2CMasterEnable)
                  0000d89c    0000000a                   : uart.obj (.text:UARTIntStatus)
                  0000d8a6    00000008                   : i2c.obj (.text:I2CMasterBusy)
                  0000d8ae    00000008                   : i2c.obj (.text:I2CMasterSlaveAddrSet)
                  0000d8b6    00000008                   : timer.obj (.text:TimerIntEnable)
                  0000d8be    00000008                   : uart.obj (.text:UARTBusy)
                  0000d8c6    00000008                   : uart.obj (.text:UARTIntEnable)
                  0000d8ce    00000006                   : gpio.obj (.text:GPIOIntClear)
                  0000d8d4    00000006                   : gpio.obj (.text:GPIOPinRead)
                  0000d8da    00000006                   : gpio.obj (.text:GPIOPinWrite)
                  0000d8e0    00000006                   : sysctl.obj (.text:SysCtlDelay)
                  0000d8e6    00000004                   : i2c.obj (.text:I2CMasterControl)
                  0000d8ea    00000004                   : i2c.obj (.text:I2CMasterDataGet)
                  0000d8ee    00000004                   : i2c.obj (.text:I2CMasterDataPut)
                  0000d8f2    00000004                   : timer.obj (.text:TimerIntClear)
                  0000d8f6    00000004                   : uart.obj (.text:UARTIntClear)
                  0000d8fa    00000004     rtsv7M4_T_le_v4SPD16_eabi.lib : pre_init.c.obj (.text:_system_pre_init)
                  0000d8fe    00000004                                   : exit.c.obj (.text:abort:abort)

.const     0    0000d904    000006d4     
                  0000d904    000001d6     GLCD.obj (.const:.string:font5x8)
                  0000dada    00000101     rtsv7M4_T_le_v4SPD16_eabi.lib : ctype.c.obj (.const:.string:_ctypes_)
                  0000dbdb    00000001     --HOLE-- [fill = 0]
                  0000dbdc    000000d8     driverlib.lib : gpio.obj (.const:g_ppui32GPIOIntMapSnowflake)
                  0000dcb4    000000c0                   : gpio.obj (.const:g_ppui32GPIOIntMapBlizzard)
                  0000dd74    00000090                   : gpio.obj (.const:g_pui32GPIOBaseAddrs)
                  0000de04    0000006c                   : sysctl.obj (.const:g_pui32Xtals)
                  0000de70    00000060     rtsv7M4_T_le_v4SPD16_eabi.lib : mktime64.c.obj (.const:$O1$$)
                  0000ded0    0000004e     GLCD.obj (.const:.string:BattFont5x8)
                  0000df1e    00000041     _common.obj (.const:.string:$P$T0$1)
                  0000df5f    00000001     --HOLE-- [fill = 0]
                  0000df60    00000024     Clock.obj (.const:$P$T0$1)
                  0000df84    00000019     gprs.obj (.const:.string:$P$T0$11)
                  0000df9d    00000014     GLCD.obj (.const:.string:NetworkFont5x8)
                  0000dfb1    00000003     --HOLE-- [fill = 0]
                  0000dfb4    00000014     driverlib.lib : interrupt.obj (.const:g_pui32EnRegs)
                  0000dfc8    00000008     Clock.obj (.const:$P$T1$2)
                  0000dfd0    00000008     gprs.obj (.const:.string:$P$T1$18)

.cinit     0    0000dfd8    00000098     
                  0000dfd8    0000005d     (.cinit..data.load) [load image, compression = lzss]
                  0000e035    00000003     --HOLE-- [fill = 0]
                  0000e038    0000000c     (__TI_handler_table)
                  0000e044    00000004     --HOLE-- [fill = 0]
                  0000e048    00000008     (.cinit..bss.load) [load image, compression = zero_init]
                  0000e050    00000008     (.cinit..vtable.load) [load image, compression = zero_init]
                  0000e058    00000018     (__TI_cinit_table)

.init_array 
*          0    00000000    00000000     UNINITIALIZED

.vtable    0    20000000    0000026c     UNINITIALIZED
                  20000000    0000026c     driverlib.lib : interrupt.obj (.vtable)

.bss       0    20001a70    00000de3     UNINITIALIZED
                  20001a70    000001fc     (.common:gprs_rx_buff)
                  20001c6c    000001fc     (.common:gprs_tx_buff)
                  20001e68    00000188     (.common:dummy_json_string)
                  20001ff0    0000017c     (.common:adc)
                  2000216c    00000130     (.common:display_tx)
                  2000229c    00000120     rtsv7M4_T_le_v4SPD16_eabi.lib : trgmsg.c.obj (.bss:_CIOBUF_)
                  200023bc    000000d6     (.common:cloud_config)
                  20002492    00000002     (.common:BCD_MODE)
                  20002494    000000a0     (.common:display_uart_rx)
                  20002534    000000a0     (.common:pc_uart_rx)
                  200025d4    00000080     (.common:e2p_cloud_config)
                  20002654    00000050     (.common:pc_uart_tx)
                  200026a4    00000040     (.common:FLR_log_data)
                  200026e4    00000040     (.common:FL_log_data)
                  20002724    00000036     (.common:ram_data)
                  2000275a    00000029     (.common:adc_arr)
                  20002783    0000001f     (.common:time_main)
                  200027a2    0000001c     (.common:measurements)
                  200027be    00000002     (.common:EXTI_cnt)
                  200027c0    00000014     (.common:gprs)
                  200027d4    00000010     (.common:e2p_device_info)
                  200027e4    00000010     (.common:e2p_location_info)
                  200027f4    00000010     (.common:freq_updated_data)
                  20002804    0000000e     (.common:scheduler)
                  20002812    0000000c     (.common:Alarms)
                  2000281e    00000008     (.common:e2p_config_time)
                  20002826    00000008     (.common:e2p_router_config)
                  2000282e    00000008     (.common:parmbuf)
                  20002836    00000007     (.common:gprs_date_time)
                  2000283d    00000006     (.common:time_stamp)
                  20002843    00000004     (.common:Telecom_server_query)
                  20002847    00000001     (.common:System_mode)
                  20002848    00000004     (.common:u32DelayCounter)
                  2000284c    00000003     (.common:relay_state)
                  2000284f    00000002     (.common:gprs_rx_isr_handler)
                  20002851    00000001     (.common:network_status)
                  20002852    00000001     (.common:voltage_mode)

.data      0    20002858    000000d0     UNINITIALIZED
                  20002858    00000041     gprs.obj (.data)
                  20002899    0000001b     Telecom_server_query.obj (.data:server_response_str)
                  200028b4    00000004     _common.obj (.data)
                  200028b8    00000012     ADC_Core.obj (.data)
                  200028ca    00000002     IO_cntrl.obj (.data)
                  200028cc    00000010     flash_logger.obj (.data:FL_data)
                  200028dc    00000010     rtsv7M4_T_le_v4SPD16_eabi.lib : tmzone.c.obj (.data:_tz)
                  200028ec    00000010     main.obj (.data)
                  200028fc    0000000c     SysTick_Timer.obj (.data)
                  20002908    0000000c     UartCore.obj (.data)
                  20002914    00000008     rtsv7M4_T_le_v4SPD16_eabi.lib : _lock.c.obj (.data:$O1$$)
                  2000291c    00000008     GLCD.obj (.data)
                  20002924    00000004     rtsv7M4_T_le_v4SPD16_eabi.lib : rand.c.obj (.data)

.stack     0    20000270    00001800     UNINITIALIZED
                  20000270    00000004     rtsv7M4_T_le_v4SPD16_eabi.lib : boot_cortex_m.c.obj (.stack)
                  20000274    000017fc     --HOLE--

__llvm_prf_cnts 
*          0    20000000    00000000     UNINITIALIZED

MODULE SUMMARY

       Module                         code    ro data   rw data
       ------                         ----    -------   -------
    .\
       tm4c1233e6pz_startup_ccs.obj   12      620       0      
    +--+------------------------------+-------+---------+---------+
       Total:                         12      620       0      
                                                               
    .\Sources\
       gprs.obj                       14332   33        1110   
       GLCD.obj                       4232    568       8      
       Clock.obj                      4432    44        37     
       Telecom_server_query.obj       3290    0         424    
       ADC_Core.obj                   2772    0         467    
       E2P.obj                        2608    0         390    
       IO_cntrl.obj                   2988    0         10     
       main.obj                       2624    0         28     
       flashCore.obj                  2544    0         0      
       PC_Cmds.obj                    2536    0         1      
       UartCore.obj                   1520    0         716    
       flash_logger.obj               1848    0         214    
       _common.obj                    1296    65        4      
       DS3231.obj                     528     0         0      
       SysTick_Timer.obj              484     0         30     
       delay.obj                      104     0         0      
       tiot_timer.obj                 96      0         0      
    +--+------------------------------+-------+---------+---------+
       Total:                         48234   710       3439   
                                                               
    C:/ti/TivaWare_C_Series-2.2.0.295/driverlib/ccs/Debug/driverlib.lib
       gpio.obj                       844     552       0      
       sysctl.obj                     798     108       0      
       interrupt.obj                  188     20        620    
       eeprom.obj                     444     0         0      
       adc.obj                        324     0         0      
       uart.obj                       194     0         0      
       timer.obj                      158     0         0      
       i2c.obj                        142     0         0      
       systick.obj                    56      0         0      
       cpu.obj                        24      0         0      
    +--+------------------------------+-------+---------+---------+
       Total:                         3172    680       620    
                                                               
    C:\ti\ccs1110\ccs\tools\compiler\ti-cgt-arm_20.2.6.LTS\lib\rtsv7M4_T_le_v4SPD16_eabi.lib
       mktime64.c.obj                 696     96        0      
       fd_add_t2.asm.obj              438     0         0      
       trgmsg.c.obj                   108     0         288    
       fd_div_t2.asm.obj              310     0         0      
       ctype.c.obj                    0       257       0      
       fd_mul_t2.asm.obj              252     0         0      
       memcpy_t2.asm.obj              156     0         0      
       ull_div_t2.asm.obj             150     0         0      
       fd_cmp_t2.asm.obj              134     0         0      
       memset_t2.asm.obj              122     0         0      
       ll_div_t2.asm.obj              110     0         0      
       ltoa.c.obj                     110     0         0      
       copy_decompress_lzss.c.obj     104     0         0      
       hosttime.c.obj                 96      0         0      
       rand.c.obj                     88      0         4      
       atoi.c.obj                     76      0         0      
       autoinit.c.obj                 68      0         0      
       fd_tou_t2.asm.obj              68      0         0      
       boot_cortex_m.c.obj            52      0         0      
       strstr.c.obj                   52      0         0      
       i_tofd_t2.asm.obj              46      0         0      
       strncmp.c.obj                  44      0         0      
       memcmp.c.obj                   36      0         0      
       u_tofd_t2.asm.obj              32      0         0      
       ll_mul_t2.asm.obj              24      0         0      
       strcmp.c.obj                   24      0         0      
       strcpy.c.obj                   20      0         0      
       strlen.c.obj                   20      0         0      
       isdigit.c.obj                  16      0         0      
       time64.c.obj                   16      0         0      
       tmzone.c.obj                   0       0         16     
       copy_decompress_none.c.obj     14      0         0      
       copy_zero_init.c.obj           12      0         0      
       _lock.c.obj                    2       0         8      
       hostopen.c.obj                 0       0         8      
       exit.c.obj                     4       0         0      
       pre_init.c.obj                 4       0         0      
       div0.asm.obj                   2       0         0      
    +--+------------------------------+-------+---------+---------+
       Total:                         3506    353       324    
                                                               
       Stack:                         0       0         6144   
       Linker Generated:              0       145       0      
    +--+------------------------------+-------+---------+---------+
       Grand Total:                   54924   2508      10527  


LINKER GENERATED COPY TABLES

__TI_cinit_table @ 0000e058 records: 3, size/record: 8, table size: 24
	.data: load addr=0000dfd8, load size=0000005d bytes, run addr=20002858, run size=000000d0 bytes, compression=lzss
	.bss: load addr=0000e048, load size=00000008 bytes, run addr=20001a70, run size=00000de3 bytes, compression=zero_init
	.vtable: load addr=0000e050, load size=00000008 bytes, run addr=20000000, run size=0000026c bytes, compression=zero_init


LINKER GENERATED HANDLER TABLE

__TI_handler_table @ 0000e038 records: 3, size/record: 4, table size: 12
	index: 0, handler: __TI_zero_init
	index: 1, handler: __TI_decompress_lzss
	index: 2, handler: __TI_decompress_none


GLOBAL SYMBOLS: SORTED ALPHABETICALLY BY Name 

address   name                                              
-------   ----                                              
20002900  ACVoltReadMillis                                  
0000d889  ADCIntClear                                       
0000d471  ADCIntStatus                                      
0000d5e5  ADCProcessorTrigger                               
0000cf65  ADCSequenceConfigure                              
0000d5ad  ADCSequenceDataGet                                
0000d7c1  ADCSequenceEnable                                 
0000ca95  ADCSequenceStepConfigure                          
20002812  Alarms                                            
20002492  BCD_MODE                                          
0000d8ff  C$$EXIT                                           
0000d2c7  C$$IO$$                                           
0000d83f  CPUcpsid                                          
0000d84b  CPUcpsie                                          
0000afbf  DEBUGUARTIntHandler                               
0000d1ad  EEPROMInit                                        
0000c819  EEPROMProgram                                     
0000d229  EEPROMRead                                        
200027be  EXTI_cnt                                          
200026a4  FLR_log_data                                      
200026e4  FL_log_data                                       
200028f8  GLCD_startup_time                                 
0000d4cd  GPIODirModeSet                                    
0000d8cf  GPIOIntClear                                      
0000d857  GPIOIntEnable                                     
0000d5fd  GPIOIntRegister                                   
0000d7cf  GPIOIntStatus                                     
0000cebd  GPIOIntTypeSet                                    
0000c26d  GPIOPadConfigSet                                  
0000cfb5  GPIOPinConfigure                                  
0000d8d5  GPIOPinRead                                       
0000d645  GPIOPinTypeADC                                    
0000d65b  GPIOPinTypeGPIOInput                              
0000d5cb  GPIOPinTypeGPIOOutput                             
0000d671  GPIOPinTypeI2C                                    
0000d687  GPIOPinTypeI2CSCL                                 
0000d69d  GPIOPinTypeUART                                   
0000d8db  GPIOPinWrite                                      
0000cd9d  HOSTtime64                                        
0000d8a7  I2CMasterBusy                                     
0000d8e7  I2CMasterControl                                  
0000d8eb  I2CMasterDataGet                                  
0000d8ef  I2CMasterDataPut                                  
0000d893  I2CMasterEnable                                   
0000d001  I2CMasterInitExpClk                               
0000d8af  I2CMasterSlaveAddrSet                             
0000d7dd  I2CRxFIFOFlush                                    
0000d7eb  I2CTxFIFOFlush                                    
0000cc65  IntEnable                                         
0000d74f  IntMasterDisable                                  
0000d75f  IntMasterEnable                                   
0000d2d1  IntRegister                                       
0000b151  LTEUARTIntHandler                                 
200028c0  NE_ADC_RAW_MAX                                    
200028b8  PN_ADC_RAW_MAX                                    
0000d87d  ResetISR                                          
0000c511  SysCtlClockGet                                    
0000c725  SysCtlClockSet                                    
0000d8e1  SysCtlDelay                                       
0000d305  SysCtlPeripheralDisable                           
0000d339  SysCtlPeripheralEnable                            
0000d261  SysCtlPeripheralReady                             
0000cf15  SysCtlPeripheralReset                             
0000d771  SysCtlReset                                       
0000d865  SysCtlResetCauseGet                               
0000d6b5  SysTickEnable                                     
0000d6c9  SysTickIntEnable                                  
0000beed  SysTickIntHandler                                 
0000d781  SysTickPeriodSet                                  
20002847  System_mode                                       
20002843  Telecom_server_query                              
0000cdfd  TimerConfigure                                    
0000d7f9  TimerEnable                                       
0000d8f3  TimerIntClear                                     
0000d8b7  TimerIntEnable                                    
0000ce97  TimerIntHandler                                   
0000d719  TimerLoadSet                                      
0000d72b  TimerPrescaleSet                                  
0000d8bf  UARTBusy                                          
0000d807  UARTCharGetNonBlocking                            
0000d815  UARTCharPutNonBlocking                            
0000d823  UARTCharsAvail                                    
0000d099  UARTConfigSetExpClk                               
0000d56d  UARTDisable                                       
0000d6dd  UARTEnable                                        
0000d8f7  UARTIntClear                                      
0000d8c7  UARTIntEnable                                     
0000d89d  UARTIntStatus                                     
00009dd7  _Z10Chip_Erasev                                   
00007ce5  _Z10GetAdcDatav                                   
0000bd1f  _Z10I2CReceivev                                   
00006be9  _Z10ToggleLEDsv                                   
00003d1d  _Z10asUnixTimeiiiiii                              
0000ab3f  _Z10clear_logsv                                   
0000684d  _Z10getREQmodev                                   
0000b55b  _Z10my_sprintfPciz                                
00005b89  _Z10print_dashv                                   
00006839  _Z10setREQmode13gprs_status_t                     
00005a5d  _Z10updateGlcdv                                   
000045ed  _Z10update_rtcPci                                 
0000ce5d  _Z10vTimerInitv                                   
00003797  _Z10valid_codePc                                  
00006c95  _Z11SetODU_Mode14voltage_mode_t                   
00009c0b  _Z11SetSI_Inputv                                  
00009c27  _Z11SetSO_Inputv                                  
00000279  _Z11TCP_Handlerv                                  
0000b27d  _Z11Usendbufferj                                  
0000ab6f  _Z11clear_flashv                                  
0000b927  _Z11count_commaPct                                
00009811  _Z11flashCopyMRPcS_                               
0000b505  _Z11getChecksumPhc                                
00004059  _Z11getDateTimev                                  
0000ab8d  _Z11get_log_cnti                                  
00003881  _Z11get_rx_dataPc                                 
00008479  _Z11init_configv                                  
000018ad  _Z11tcp_connectv                                  
0000bcc1  _Z11vRTCI2CInitv                                  
000074b5  _Z12ADC_PortIniti                                 
00005421  _Z12AlarmDisplayv                                 
00005c41  _Z12Query_decodePcPKcS_i                          
00009b1b  _Z12Sector_Erasem                                 
00009bfd  _Z12SetSI_Outputv                                 
00009c19  _Z12SetSO_Outputv                                 
00003d6d  _Z12calcTimeDiff12time_stamp_tS_                  
000038dd  _Z12check_stringPKcPcPi                           
0000ab5b  _Z12clear_log_idv                                 
0000969b  _Z12flashSwResetv                                 
0000aa41  _Z12flashWriteTRv                                 
000081bd  _Z12getRAM_Alarmv                                 
0000895d  _Z12getRSTreasonv                                 
0000ac35  _Z12get_log_dataimPc                              
0000093d  _Z12gprs_connectv                                 
00004adb  _Z12is_leap_yearh                                 
00003561  _Z12read_ip_portPci                               
000037e3  _Z12respos_recvdPci                               
00005d57  _Z12server_queryv                                 
00008185  _Z12setRAM_Alarm16Alarm_sts_bits_tb               
000072df  _Z12vEarthDetectv                                 
00006bc3  _Z12vGPIO_Togglejhh                               
00006a0b  _Z12vLEDGPIOInitv                                 
0000af57  _Z12vLTEUARTInitv                                 
00004895  _Z13add_date_timeP12time_stamp_tS0_j              
00006e21  _Z13controlRelaysv                                
0000b79d  _Z13delete_SubStrPcS_c                            
000096b3  _Z13enable_wp_pinv                                
0000b389  _Z13flushRxBufferi                                
0000b3b9  _Z13flushTxBufferi                                
00007a59  _Z13getODUCurrentv                                
00007b25  _Z13getODUVoltagev                                
000081fb  _Z13getRAM_Statusv                                
000073dd  _Z13get_ODU_statev                                
00008f77  _Z13get_device_idv                                
0000374b  _Z13pong_receivedPc                               
00007cb9  _Z13readACVoltagev                                
000081c3  _Z13setRAM_Statushb                               
000073c9  _Z13set_ODU_state18relay_ctrl_state_t             
00008ed5  _Z13set_device_idPc                               
0000c029  _Z13vMAIN_DelayMSj                                
0000b1bd  _Z13vUART_SendChrjh                               
0000b255  _Z13vUART_SendIntji                               
0000b1db  _Z13vUART_SendStrjPKh                             
00004d21  _Z14GLCD_Initalizev                               
00004e79  _Z14GLCD_WriteCharc                               
00004ca9  _Z14GLCD_WriteDatah                               
000093f9  _Z14Reset_Hold_Lowv                               
00004775  _Z14StrToTimeStampPh                              
00003eb7  _Z14getDaysOfMonthcj                              
00007c05  _Z14getSMPSVoltagev                               
000070f5  _Z14isSupplyStablev                               
0000975d  _Z14readContToBuffmjPc                            
00003335  _Z14tcp_disconnectv                               
0000af09  _Z14vDEBUGUARTInitv                               
00008339  _Z14write_defaultsj                               
00005065  _Z15Data_Screen_lcdv                              
00004e4b  _Z15GLCD_Clear_Lineh                              
00009407  _Z15Reset_Hold_Highv                              
00003bc3  _Z15check_date_timePcS_                           
000094cb  _Z15flashClrTR_Logsv                              
0000a7d1  _Z15flashWriteMR_BRv                              
00003831  _Z15generateMaskKeyPh                             
0000ae8b  _Z15get_unsent_logsv                              
000039ff  _Z15get_upload_datav                              
00003a2b  _Z15get_webconn_stsv                              
0000947f  _Z15init_flash_pinsv                              
0000368d  _Z15match_cpsi_dataPc                             
000039eb  _Z15set_upload_data13upload_data_t                
00003a17  _Z15set_webconn_stsh                              
00008139  _Z15update_ram_datav                              
000071b3  _Z15vEarthCheckInitv                              
0000718d  _Z15vFreqDetectInitv                              
00006909  _Z15vGPIOPortEnablev                              
000089c9  _Z15vPERIPH_E2PInitv                              
0000b20d  _Z15vUART_SendBytesjPKhj                          
00001e71  _Z15websckt_connectv                              
000056d9  _Z16AlarmDisplayTestv                             
0000732b  _Z16ControlODU_Relayh                             
00004df7  _Z16GLCD_ClearScreenv                             
00004eb7  _Z16GLCD_WriteStringPc                            
0000ae7d  _Z16check_unsent_logv                             
00009de9  _Z16decodeMsgPC_Uartv                             
000098b1  _Z16flashEraseBackupv                             
000097d1  _Z16flashEraseMasterv                             
0000984d  _Z16flashEraseSectormm                            
0000aa35  _Z16flashGetSerMR_BRv                             
00006885  _Z16getClientMSGTypev                             
00006869  _Z16getServerReqTypev                             
00007d4d  _Z16get_ADC_SIGarray14ADC_Channels_th             
0000458b  _Z16get_present_timeP12time_stamp_t               
000073f9  _Z16get_router_statev                             
0000a745  _Z16get_system_statev                             
00006871  _Z16setClientMSGType21client_message_type_t       
00006855  _Z16setServerReqType21server_request_type_t       
000073e5  _Z16set_router_state18relay_ctrl_state_t          
0000a731  _Z16set_system_state10sys_mode_t                  
00003a75  _Z16update_date_timev                             
000069bd  _Z16vGPIO_UnlockGPIOjh                            
00006a21  _Z16vPERIPH_GPIOInitv                             
0000afb3  _Z16vPERIPH_UARTInitv                             
0000ab11  _Z16validate_FL_addrcm                            
00006639  _Z16websocket_packetPh                            
00005b0d  _Z17Display_CFGScreenv                            
000071f9  _Z17FREQDetIntHandlerv                            
00004c57  _Z17GLCD_WriteCommandhh                           
0000674d  _Z17HandleQueryStatesv                            
00003f71  _Z17check_expire_time12time_stamp_tS_             
00009245  _Z17cloud_config_datav                            
00008d5d  _Z17e2p_read_cfg_timev                            
00008c6d  _Z17e2p_read_locationv                            
00009431  _Z17flash_port_assignv                            
0000b861  _Z17generateRandomKeyiPc                          
00007ba5  _Z17getBatteryVoltagev                            
00006045  _Z17prepare_JSON_pcktv                            
0000aee1  _Z17save_TELECOM_datav                            
0000a70f  _Z17tx_pending_dataPCv                            
00008201  _Z17vPERIPH_ClockInitv                            
000039d1  _Z18check_string_nobufPKc                         
00003c9b  _Z18convertToEpochTimePK12time_stamp_t            
00008ad1  _Z18e2p_read_cloud_cfgv                           
00008d03  _Z18e2p_write_cfg_timev                           
00008c19  _Z18e2p_write_locationv                           
000098f5  _Z18flashPacketProgramPctm                        
000085fd  _Z18getRelay_CtrlStatev                           
000091fb  _Z18get_fixed_locationv                           
000068a1  _Z18get_network_statusv                           
000067c5  _Z18prepare_server_pktv                           
00006a77  _Z18readBCD_SelectorSWv                           
00008fe9  _Z18set_fixed_locationPc                          
0000688d  _Z18set_network_statush                           
00002fe9  _Z18websckt_disconnectv                           
00007363  _Z19ControlRouter_Relayh                          
00004bb9  _Z19GLCD_InitalizePortsv                          
00004f6f  _Z19GLCD_PrintRightIconv                          
00004fa3  _Z19GLCD_PrintWrongIconv                          
00007c7f  _Z19calculate_NE_AC_ADCv                          
00007c59  _Z19calculate_PN_AC_ADCv                          
00004b31  _Z19check_dateTime_dataP12time_stamp_t            
00008b8f  _Z19e2p_read_device_cfgv                          
00008aa1  _Z19e2p_write_cloud_cfgv                          
0000950d  _Z19flashClrFreqUpdLogsv                          
00003a45  _Z19get_gprs_connct_stsv                          
00006833  _Z19get_pending_requestv                          
000013a1  _Z19gprs_connect_statusv                          
00006bfd  _Z19init_ODU_Supplypinsv                          
00003a31  _Z19set_gprs_connct_stsh                          
0000681f  _Z19set_pending_requestb                          
0000a869  _Z19updateFlashCurrAddrv                          
000086c9  _Z19update_alarm_statusv                          
0000bed1  _Z19vPERIPH_SystickInitv                          
00005b45  _Z20Display_BootUPscreenv                         
00004ee5  _Z20GLCD_PrintBatteryStsv                         
00004fd5  _Z20GLCD_PrintNetworkStsv                         
00005011  _Z20GLCD_PrintTopBoarderv                         
00009c55  _Z20Read_Status_Registerv                         
00008b5f  _Z20e2p_write_device_cfgv                         
0000ad31  _Z20flashReadFreqUpdDataP19freq_updated_data_tmi  
00000855  _Z20resetTCP_SubHandlersv                         
00004bf7  _Z21GLCD_EnableControllerh                        
0000acc3  _Z21flashWriteFreqUpdDataP19freq_updated_data_tm  
00007abd  _Z21getRouter1_DC_currentv                        
0000ad59  _Z21readFreqUpdData_flashv                        
00004c27  _Z22GLCD_DisableControllerh                       
00009551  _Z22addDummyFL_TelecomLogsj                       
00007459  _Z22control_inverter_inputb                       
0000aa0f  _Z22flashGetCurrUploadAddrc                       
00005031  _Z23GLCD_PrintButtomBoarderv                      
00008a17  _Z23e2p_read_voltage_configv                      
00006299  _Z23prepare_unsentJSON_pcktv                      
00009b55  _Z23remove_block_protectionv                      
0000aeab  _Z23save_OfflineTelecomDatav                      
0000b2f1  _Z23vUART_CheckFrameTimeouti                      
00007425  _Z24control_battery_chargingb                     
0000ae31  _Z24decrement_unsent_log_cnti                     
000089d7  _Z24e2p_write_voltage_configv                     
0000ae57  _Z24increment_unsent_log_cnti                     
00009e0f  _Z24preparePC_ResponsePacket5cmd_tPchii           
0000b8d3  _Z25count_doubleSquareBracketPcj                  
0000a9e9  _Z25flashGetCurrDataWriteAddrc                    
0000b421  _Z25prepare_graphical_tx_buffjPch                 
00007415  _Z26get_router_selection_statev                   
0000aecd  _Z26prepare_OfflineTelecomDatav                   
00007401  _Z26set_router_selection_state18relay_ctrl_state_t
00008221  _Z26vMAIN_InitClockPeripheralsv                   
0000ac9f  _Z27flashClearFreqUpdatedConfigv                  
0000ac7d  _Z27flashEraseFreqUpdDataSectorv                  
0000acf1  _Z27flashWriteFreqUpdatedConfigv                  
000073a5  _Z28ControlRouterSelection_Relayh                 
0000d73d  _Z3absl                                           
00009b7f  _Z4WBPRc                                          
000096f9  _Z4WRCRc                                          
000096e7  _Z4WRDIv                                          
000096d5  _Z4WRENv                                          
0000cd69  _Z5delayj                                         
0000972b  _Z6CE_Lowv                                        
00009c35  _Z6SI_Lowv                                        
00009415  _Z6WP_Lowv                                        
0000971d  _Z7CE_Highv                                       
00009749  _Z7SCK_Lowv                                       
00009c45  _Z7SI_Highv                                       
00009423  _Z7WP_Highv                                       
0000b9bd  _Z7findMaxPii                                     
00008b5b  _Z7get_urlv                                       
00004313  _Z7isDT_okv                                       
000076f3  _Z7readADCh                                       
0000b74d  _Z7reversePci                                     
00008e11  _Z7set_urlPc                                      
00009d5d  _Z8Get_Bytev                                      
0000bd69  _Z8Read_RTCPhh                                    
00009739  _Z8SCK_Highv                                      
0000abe1  _Z8get_addrim                                     
0000b6df  _Z8intToStriPci                                   
00009f1d  _Z8response5cmd_ti                                
0000cd35  _Z8sleep_usi                                      
00002a5d  _Z8tcp_sendPci                                    
00004d59  _Z9GLCD_GoTohh                                    
00009c79  _Z9Send_Byteh                                     
00009979  _Z9Wait_Busyv                                     
0000be31  _Z9Write_RTCPhh                                   
0000c057  _Z9_delay_usi                                     
000094a1  _Z9flashInitv                                     
0000c047  _Z9my_millisv                                     
0000b96f  _Z9my_strstrPKcS0_i                               
000024f5  _Z9ping_sendv                                     
000043ed  _Z9time_syncv                                     
000077ad  _Z9updateADC14ADC_Channels_th                     
0000769d  _Z9vADC0Initv                                     
2000229c  __CIOBUF_                                         
20001a70  __STACK_END                                       
00001800  __STACK_SIZE                                      
20000470  __STACK_TOP                                       
0000e058  __TI_CINIT_Base                                   
0000e070  __TI_CINIT_Limit                                  
0000e038  __TI_Handler_Table_Base                           
0000e044  __TI_Handler_Table_Limit                          
0000d125  __TI_auto_init_nobinit_nopinit                    
0000cccd  __TI_decompress_lzss                              
0000d831  __TI_decompress_none                              
ffffffff  __TI_pprof_out_hndl                               
ffffffff  __TI_prof_data_size                               
ffffffff  __TI_prof_data_start                              
0000d3a1  __TI_readmsg                                      
00000000  __TI_static_base__                                
0000d299  __TI_writemsg                                     
0000d871  __TI_zero_init                                    
0000ca0f  __aeabi_cdcmpeq                                   
0000ca0f  __aeabi_cdcmple                                   
0000d169  __aeabi_d2uiz                                     
0000c0bf  __aeabi_dadd                                      
0000c3d9  __aeabi_ddiv                                      
0000c629  __aeabi_dmul                                      
0000c0b5  __aeabi_dsub                                      
0000d49f  __aeabi_i2d                                       
0000c50f  __aeabi_idiv0                                     
0000c50f  __aeabi_ldiv0                                     
0000cbf7  __aeabi_ldivmod                                   
0000d615  __aeabi_lmul                                      
0000cb0f  __aeabi_memclr                                    
0000cb0f  __aeabi_memclr4                                   
0000cb0f  __aeabi_memclr8                                   
0000c8dd  __aeabi_memcpy                                    
0000c8dd  __aeabi_memcpy4                                   
0000c8dd  __aeabi_memcpy8                                   
0000cb11  __aeabi_memset                                    
0000cb11  __aeabi_memset4                                   
0000cb11  __aeabi_memset8                                   
0000d58d  __aeabi_ui2d                                      
0000c979  __aeabi_uldivmod                                  
ffffffff  __binit__                                         
ffffffff  __c_args__                                        
0000ba09  __mktime64                                        
UNDEFED   __mpu_init                                        
20000270  __stack                                           
20000000  __start___llvm_prf_cnts                           
20000000  __stop___llvm_prf_cnts                            
0000d7a1  __time64                                          
0000d3d5  _c_int00_noargs                                   
0000dada  _ctypes_                                          
20002914  _lock                                             
0000c26b  _nop                                              
UNDEFED   _system_post_cinit                                
0000d8fb  _system_pre_init                                  
200028dc  _tz                                               
20002918  _unlock                                           
0000d8ff  abort                                             
20001ff0  adc                                               
2000275a  adc_arr                                           
0000d04d  atoi                                              
ffffffff  binit                                             
200023bc  cloud_config                                      
20002904  counter_10sec                                     
2000216c  display_tx                                        
20002494  display_uart_rx                                   
20001e68  dummy_json_string                                 
200025d4  e2p_cloud_config                                  
2000281e  e2p_config_time                                   
200027d4  e2p_device_info                                   
200027e4  e2p_location_info                                 
20002826  e2p_router_config                                 
200027f4  freq_updated_data                                 
20002908  g_bIntFlag                                        
20000000  g_pfnRAMVectors                                   
00000000  g_pfnVectors                                      
200027c0  gprs                                              
20002836  gprs_date_time                                    
20001a70  gprs_rx_buff                                      
2000284f  gprs_rx_isr_handler                               
20001c6c  gprs_tx_buff                                      
0000d7b1  isdigit                                           
0000cb89  ltoa                                              
00007f89  main                                              
200027a2  measurements                                      
0000d525  memcmp                                            
0000c8dd  memcpy                                            
0000cb17  memset                                            
200028fc  millis_cnt                                        
20002851  network_status                                    
2000282e  parmbuf                                           
20002534  pc_uart_rx                                        
20002654  pc_uart_tx                                        
20002724  ram_data                                          
0000d409  rand                                              
200028f4  relay_startup_time                                
2000284c  relay_state                                       
200028f0  save_offline_time                                 
20002804  scheduler                                         
2000291c  screen_x                                          
20002899  server_response_str                               
0000d549  srand                                             
0000d62d  strcmp                                            
0000d6f1  strcpy                                            
0000d705  strlen                                            
0000d4f9  strncmp                                           
0000d43d  strstr                                            
20002783  time_main                                         
2000283d  time_stamp                                        
20002848  u32DelayCounter                                   
200028ec  upload_time                                       
20002852  voltage_mode                                      


GLOBAL SYMBOLS: SORTED BY Symbol Address 

address   name                                              
-------   ----                                              
00000000  __TI_static_base__                                
00000000  g_pfnVectors                                      
00000279  _Z11TCP_Handlerv                                  
00000855  _Z20resetTCP_SubHandlersv                         
0000093d  _Z12gprs_connectv                                 
000013a1  _Z19gprs_connect_statusv                          
00001800  __STACK_SIZE                                      
000018ad  _Z11tcp_connectv                                  
00001e71  _Z15websckt_connectv                              
000024f5  _Z9ping_sendv                                     
00002a5d  _Z8tcp_sendPci                                    
00002fe9  _Z18websckt_disconnectv                           
00003335  _Z14tcp_disconnectv                               
00003561  _Z12read_ip_portPci                               
0000368d  _Z15match_cpsi_dataPc                             
0000374b  _Z13pong_receivedPc                               
00003797  _Z10valid_codePc                                  
000037e3  _Z12respos_recvdPci                               
00003831  _Z15generateMaskKeyPh                             
00003881  _Z11get_rx_dataPc                                 
000038dd  _Z12check_stringPKcPcPi                           
000039d1  _Z18check_string_nobufPKc                         
000039eb  _Z15set_upload_data13upload_data_t                
000039ff  _Z15get_upload_datav                              
00003a17  _Z15set_webconn_stsh                              
00003a2b  _Z15get_webconn_stsv                              
00003a31  _Z19set_gprs_connct_stsh                          
00003a45  _Z19get_gprs_connct_stsv                          
00003a75  _Z16update_date_timev                             
00003bc3  _Z15check_date_timePcS_                           
00003c9b  _Z18convertToEpochTimePK12time_stamp_t            
00003d1d  _Z10asUnixTimeiiiiii                              
00003d6d  _Z12calcTimeDiff12time_stamp_tS_                  
00003eb7  _Z14getDaysOfMonthcj                              
00003f71  _Z17check_expire_time12time_stamp_tS_             
00004059  _Z11getDateTimev                                  
00004313  _Z7isDT_okv                                       
000043ed  _Z9time_syncv                                     
0000458b  _Z16get_present_timeP12time_stamp_t               
000045ed  _Z10update_rtcPci                                 
00004775  _Z14StrToTimeStampPh                              
00004895  _Z13add_date_timeP12time_stamp_tS0_j              
00004adb  _Z12is_leap_yearh                                 
00004b31  _Z19check_dateTime_dataP12time_stamp_t            
00004bb9  _Z19GLCD_InitalizePortsv                          
00004bf7  _Z21GLCD_EnableControllerh                        
00004c27  _Z22GLCD_DisableControllerh                       
00004c57  _Z17GLCD_WriteCommandhh                           
00004ca9  _Z14GLCD_WriteDatah                               
00004d21  _Z14GLCD_Initalizev                               
00004d59  _Z9GLCD_GoTohh                                    
00004df7  _Z16GLCD_ClearScreenv                             
00004e4b  _Z15GLCD_Clear_Lineh                              
00004e79  _Z14GLCD_WriteCharc                               
00004eb7  _Z16GLCD_WriteStringPc                            
00004ee5  _Z20GLCD_PrintBatteryStsv                         
00004f6f  _Z19GLCD_PrintRightIconv                          
00004fa3  _Z19GLCD_PrintWrongIconv                          
00004fd5  _Z20GLCD_PrintNetworkStsv                         
00005011  _Z20GLCD_PrintTopBoarderv                         
00005031  _Z23GLCD_PrintButtomBoarderv                      
00005065  _Z15Data_Screen_lcdv                              
00005421  _Z12AlarmDisplayv                                 
000056d9  _Z16AlarmDisplayTestv                             
00005a5d  _Z10updateGlcdv                                   
00005b0d  _Z17Display_CFGScreenv                            
00005b45  _Z20Display_BootUPscreenv                         
00005b89  _Z10print_dashv                                   
00005c41  _Z12Query_decodePcPKcS_i                          
00005d57  _Z12server_queryv                                 
00006045  _Z17prepare_JSON_pcktv                            
00006299  _Z23prepare_unsentJSON_pcktv                      
00006639  _Z16websocket_packetPh                            
0000674d  _Z17HandleQueryStatesv                            
000067c5  _Z18prepare_server_pktv                           
0000681f  _Z19set_pending_requestb                          
00006833  _Z19get_pending_requestv                          
00006839  _Z10setREQmode13gprs_status_t                     
0000684d  _Z10getREQmodev                                   
00006855  _Z16setServerReqType21server_request_type_t       
00006869  _Z16getServerReqTypev                             
00006871  _Z16setClientMSGType21client_message_type_t       
00006885  _Z16getClientMSGTypev                             
0000688d  _Z18set_network_statush                           
000068a1  _Z18get_network_statusv                           
00006909  _Z15vGPIOPortEnablev                              
000069bd  _Z16vGPIO_UnlockGPIOjh                            
00006a0b  _Z12vLEDGPIOInitv                                 
00006a21  _Z16vPERIPH_GPIOInitv                             
00006a77  _Z18readBCD_SelectorSWv                           
00006bc3  _Z12vGPIO_Togglejhh                               
00006be9  _Z10ToggleLEDsv                                   
00006bfd  _Z19init_ODU_Supplypinsv                          
00006c95  _Z11SetODU_Mode14voltage_mode_t                   
00006e21  _Z13controlRelaysv                                
000070f5  _Z14isSupplyStablev                               
0000718d  _Z15vFreqDetectInitv                              
000071b3  _Z15vEarthCheckInitv                              
000071f9  _Z17FREQDetIntHandlerv                            
000072df  _Z12vEarthDetectv                                 
0000732b  _Z16ControlODU_Relayh                             
00007363  _Z19ControlRouter_Relayh                          
000073a5  _Z28ControlRouterSelection_Relayh                 
000073c9  _Z13set_ODU_state18relay_ctrl_state_t             
000073dd  _Z13get_ODU_statev                                
000073e5  _Z16set_router_state18relay_ctrl_state_t          
000073f9  _Z16get_router_statev                             
00007401  _Z26set_router_selection_state18relay_ctrl_state_t
00007415  _Z26get_router_selection_statev                   
00007425  _Z24control_battery_chargingb                     
00007459  _Z22control_inverter_inputb                       
000074b5  _Z12ADC_PortIniti                                 
0000769d  _Z9vADC0Initv                                     
000076f3  _Z7readADCh                                       
000077ad  _Z9updateADC14ADC_Channels_th                     
00007a59  _Z13getODUCurrentv                                
00007abd  _Z21getRouter1_DC_currentv                        
00007b25  _Z13getODUVoltagev                                
00007ba5  _Z17getBatteryVoltagev                            
00007c05  _Z14getSMPSVoltagev                               
00007c59  _Z19calculate_PN_AC_ADCv                          
00007c7f  _Z19calculate_NE_AC_ADCv                          
00007cb9  _Z13readACVoltagev                                
00007ce5  _Z10GetAdcDatav                                   
00007d4d  _Z16get_ADC_SIGarray14ADC_Channels_th             
00007f89  main                                              
00008139  _Z15update_ram_datav                              
00008185  _Z12setRAM_Alarm16Alarm_sts_bits_tb               
000081bd  _Z12getRAM_Alarmv                                 
000081c3  _Z13setRAM_Statushb                               
000081fb  _Z13getRAM_Statusv                                
00008201  _Z17vPERIPH_ClockInitv                            
00008221  _Z26vMAIN_InitClockPeripheralsv                   
00008339  _Z14write_defaultsj                               
00008479  _Z11init_configv                                  
000085fd  _Z18getRelay_CtrlStatev                           
000086c9  _Z19update_alarm_statusv                          
0000895d  _Z12getRSTreasonv                                 
000089c9  _Z15vPERIPH_E2PInitv                              
000089d7  _Z24e2p_write_voltage_configv                     
00008a17  _Z23e2p_read_voltage_configv                      
00008aa1  _Z19e2p_write_cloud_cfgv                          
00008ad1  _Z18e2p_read_cloud_cfgv                           
00008b5b  _Z7get_urlv                                       
00008b5f  _Z20e2p_write_device_cfgv                         
00008b8f  _Z19e2p_read_device_cfgv                          
00008c19  _Z18e2p_write_locationv                           
00008c6d  _Z17e2p_read_locationv                            
00008d03  _Z18e2p_write_cfg_timev                           
00008d5d  _Z17e2p_read_cfg_timev                            
00008e11  _Z7set_urlPc                                      
00008ed5  _Z13set_device_idPc                               
00008f77  _Z13get_device_idv                                
00008fe9  _Z18set_fixed_locationPc                          
000091fb  _Z18get_fixed_locationv                           
00009245  _Z17cloud_config_datav                            
000093f9  _Z14Reset_Hold_Lowv                               
00009407  _Z15Reset_Hold_Highv                              
00009415  _Z6WP_Lowv                                        
00009423  _Z7WP_Highv                                       
00009431  _Z17flash_port_assignv                            
0000947f  _Z15init_flash_pinsv                              
000094a1  _Z9flashInitv                                     
000094cb  _Z15flashClrTR_Logsv                              
0000950d  _Z19flashClrFreqUpdLogsv                          
00009551  _Z22addDummyFL_TelecomLogsj                       
0000969b  _Z12flashSwResetv                                 
000096b3  _Z13enable_wp_pinv                                
000096d5  _Z4WRENv                                          
000096e7  _Z4WRDIv                                          
000096f9  _Z4WRCRc                                          
0000971d  _Z7CE_Highv                                       
0000972b  _Z6CE_Lowv                                        
00009739  _Z8SCK_Highv                                      
00009749  _Z7SCK_Lowv                                       
0000975d  _Z14readContToBuffmjPc                            
000097d1  _Z16flashEraseMasterv                             
00009811  _Z11flashCopyMRPcS_                               
0000984d  _Z16flashEraseSectormm                            
000098b1  _Z16flashEraseBackupv                             
000098f5  _Z18flashPacketProgramPctm                        
00009979  _Z9Wait_Busyv                                     
00009b1b  _Z12Sector_Erasem                                 
00009b55  _Z23remove_block_protectionv                      
00009b7f  _Z4WBPRc                                          
00009bfd  _Z12SetSI_Outputv                                 
00009c0b  _Z11SetSI_Inputv                                  
00009c19  _Z12SetSO_Outputv                                 
00009c27  _Z11SetSO_Inputv                                  
00009c35  _Z6SI_Lowv                                        
00009c45  _Z7SI_Highv                                       
00009c55  _Z20Read_Status_Registerv                         
00009c79  _Z9Send_Byteh                                     
00009d5d  _Z8Get_Bytev                                      
00009dd7  _Z10Chip_Erasev                                   
00009de9  _Z16decodeMsgPC_Uartv                             
00009e0f  _Z24preparePC_ResponsePacket5cmd_tPchii           
00009f1d  _Z8response5cmd_ti                                
0000a70f  _Z17tx_pending_dataPCv                            
0000a731  _Z16set_system_state10sys_mode_t                  
0000a745  _Z16get_system_statev                             
0000a7d1  _Z15flashWriteMR_BRv                              
0000a869  _Z19updateFlashCurrAddrv                          
0000a9e9  _Z25flashGetCurrDataWriteAddrc                    
0000aa0f  _Z22flashGetCurrUploadAddrc                       
0000aa35  _Z16flashGetSerMR_BRv                             
0000aa41  _Z12flashWriteTRv                                 
0000ab11  _Z16validate_FL_addrcm                            
0000ab3f  _Z10clear_logsv                                   
0000ab5b  _Z12clear_log_idv                                 
0000ab6f  _Z11clear_flashv                                  
0000ab8d  _Z11get_log_cnti                                  
0000abe1  _Z8get_addrim                                     
0000ac35  _Z12get_log_dataimPc                              
0000ac7d  _Z27flashEraseFreqUpdDataSectorv                  
0000ac9f  _Z27flashClearFreqUpdatedConfigv                  
0000acc3  _Z21flashWriteFreqUpdDataP19freq_updated_data_tm  
0000acf1  _Z27flashWriteFreqUpdatedConfigv                  
0000ad31  _Z20flashReadFreqUpdDataP19freq_updated_data_tmi  
0000ad59  _Z21readFreqUpdData_flashv                        
0000ae31  _Z24decrement_unsent_log_cnti                     
0000ae57  _Z24increment_unsent_log_cnti                     
0000ae7d  _Z16check_unsent_logv                             
0000ae8b  _Z15get_unsent_logsv                              
0000aeab  _Z23save_OfflineTelecomDatav                      
0000aecd  _Z26prepare_OfflineTelecomDatav                   
0000aee1  _Z17save_TELECOM_datav                            
0000af09  _Z14vDEBUGUARTInitv                               
0000af57  _Z12vLTEUARTInitv                                 
0000afb3  _Z16vPERIPH_UARTInitv                             
0000afbf  DEBUGUARTIntHandler                               
0000b151  LTEUARTIntHandler                                 
0000b1bd  _Z13vUART_SendChrjh                               
0000b1db  _Z13vUART_SendStrjPKh                             
0000b20d  _Z15vUART_SendBytesjPKhj                          
0000b255  _Z13vUART_SendIntji                               
0000b27d  _Z11Usendbufferj                                  
0000b2f1  _Z23vUART_CheckFrameTimeouti                      
0000b389  _Z13flushRxBufferi                                
0000b3b9  _Z13flushTxBufferi                                
0000b421  _Z25prepare_graphical_tx_buffjPch                 
0000b505  _Z11getChecksumPhc                                
0000b55b  _Z10my_sprintfPciz                                
0000b6df  _Z8intToStriPci                                   
0000b74d  _Z7reversePci                                     
0000b79d  _Z13delete_SubStrPcS_c                            
0000b861  _Z17generateRandomKeyiPc                          
0000b8d3  _Z25count_doubleSquareBracketPcj                  
0000b927  _Z11count_commaPct                                
0000b96f  _Z9my_strstrPKcS0_i                               
0000b9bd  _Z7findMaxPii                                     
0000ba09  __mktime64                                        
0000bcc1  _Z11vRTCI2CInitv                                  
0000bd1f  _Z10I2CReceivev                                   
0000bd69  _Z8Read_RTCPhh                                    
0000be31  _Z9Write_RTCPhh                                   
0000bed1  _Z19vPERIPH_SystickInitv                          
0000beed  SysTickIntHandler                                 
0000c029  _Z13vMAIN_DelayMSj                                
0000c047  _Z9my_millisv                                     
0000c057  _Z9_delay_usi                                     
0000c0b5  __aeabi_dsub                                      
0000c0bf  __aeabi_dadd                                      
0000c26b  _nop                                              
0000c26d  GPIOPadConfigSet                                  
0000c3d9  __aeabi_ddiv                                      
0000c50f  __aeabi_idiv0                                     
0000c50f  __aeabi_ldiv0                                     
0000c511  SysCtlClockGet                                    
0000c629  __aeabi_dmul                                      
0000c725  SysCtlClockSet                                    
0000c819  EEPROMProgram                                     
0000c8dd  __aeabi_memcpy                                    
0000c8dd  __aeabi_memcpy4                                   
0000c8dd  __aeabi_memcpy8                                   
0000c8dd  memcpy                                            
0000c979  __aeabi_uldivmod                                  
0000ca0f  __aeabi_cdcmpeq                                   
0000ca0f  __aeabi_cdcmple                                   
0000ca95  ADCSequenceStepConfigure                          
0000cb0f  __aeabi_memclr                                    
0000cb0f  __aeabi_memclr4                                   
0000cb0f  __aeabi_memclr8                                   
0000cb11  __aeabi_memset                                    
0000cb11  __aeabi_memset4                                   
0000cb11  __aeabi_memset8                                   
0000cb17  memset                                            
0000cb89  ltoa                                              
0000cbf7  __aeabi_ldivmod                                   
0000cc65  IntEnable                                         
0000cccd  __TI_decompress_lzss                              
0000cd35  _Z8sleep_usi                                      
0000cd69  _Z5delayj                                         
0000cd9d  HOSTtime64                                        
0000cdfd  TimerConfigure                                    
0000ce5d  _Z10vTimerInitv                                   
0000ce97  TimerIntHandler                                   
0000cebd  GPIOIntTypeSet                                    
0000cf15  SysCtlPeripheralReset                             
0000cf65  ADCSequenceConfigure                              
0000cfb5  GPIOPinConfigure                                  
0000d001  I2CMasterInitExpClk                               
0000d04d  atoi                                              
0000d099  UARTConfigSetExpClk                               
0000d125  __TI_auto_init_nobinit_nopinit                    
0000d169  __aeabi_d2uiz                                     
0000d1ad  EEPROMInit                                        
0000d229  EEPROMRead                                        
0000d261  SysCtlPeripheralReady                             
0000d299  __TI_writemsg                                     
0000d2c7  C$$IO$$                                           
0000d2d1  IntRegister                                       
0000d305  SysCtlPeripheralDisable                           
0000d339  SysCtlPeripheralEnable                            
0000d3a1  __TI_readmsg                                      
0000d3d5  _c_int00_noargs                                   
0000d409  rand                                              
0000d43d  strstr                                            
0000d471  ADCIntStatus                                      
0000d49f  __aeabi_i2d                                       
0000d4cd  GPIODirModeSet                                    
0000d4f9  strncmp                                           
0000d525  memcmp                                            
0000d549  srand                                             
0000d56d  UARTDisable                                       
0000d58d  __aeabi_ui2d                                      
0000d5ad  ADCSequenceDataGet                                
0000d5cb  GPIOPinTypeGPIOOutput                             
0000d5e5  ADCProcessorTrigger                               
0000d5fd  GPIOIntRegister                                   
0000d615  __aeabi_lmul                                      
0000d62d  strcmp                                            
0000d645  GPIOPinTypeADC                                    
0000d65b  GPIOPinTypeGPIOInput                              
0000d671  GPIOPinTypeI2C                                    
0000d687  GPIOPinTypeI2CSCL                                 
0000d69d  GPIOPinTypeUART                                   
0000d6b5  SysTickEnable                                     
0000d6c9  SysTickIntEnable                                  
0000d6dd  UARTEnable                                        
0000d6f1  strcpy                                            
0000d705  strlen                                            
0000d719  TimerLoadSet                                      
0000d72b  TimerPrescaleSet                                  
0000d73d  _Z3absl                                           
0000d74f  IntMasterDisable                                  
0000d75f  IntMasterEnable                                   
0000d771  SysCtlReset                                       
0000d781  SysTickPeriodSet                                  
0000d7a1  __time64                                          
0000d7b1  isdigit                                           
0000d7c1  ADCSequenceEnable                                 
0000d7cf  GPIOIntStatus                                     
0000d7dd  I2CRxFIFOFlush                                    
0000d7eb  I2CTxFIFOFlush                                    
0000d7f9  TimerEnable                                       
0000d807  UARTCharGetNonBlocking                            
0000d815  UARTCharPutNonBlocking                            
0000d823  UARTCharsAvail                                    
0000d831  __TI_decompress_none                              
0000d83f  CPUcpsid                                          
0000d84b  CPUcpsie                                          
0000d857  GPIOIntEnable                                     
0000d865  SysCtlResetCauseGet                               
0000d871  __TI_zero_init                                    
0000d87d  ResetISR                                          
0000d889  ADCIntClear                                       
0000d893  I2CMasterEnable                                   
0000d89d  UARTIntStatus                                     
0000d8a7  I2CMasterBusy                                     
0000d8af  I2CMasterSlaveAddrSet                             
0000d8b7  TimerIntEnable                                    
0000d8bf  UARTBusy                                          
0000d8c7  UARTIntEnable                                     
0000d8cf  GPIOIntClear                                      
0000d8d5  GPIOPinRead                                       
0000d8db  GPIOPinWrite                                      
0000d8e1  SysCtlDelay                                       
0000d8e7  I2CMasterControl                                  
0000d8eb  I2CMasterDataGet                                  
0000d8ef  I2CMasterDataPut                                  
0000d8f3  TimerIntClear                                     
0000d8f7  UARTIntClear                                      
0000d8fb  _system_pre_init                                  
0000d8ff  C$$EXIT                                           
0000d8ff  abort                                             
0000dada  _ctypes_                                          
0000e038  __TI_Handler_Table_Base                           
0000e044  __TI_Handler_Table_Limit                          
0000e058  __TI_CINIT_Base                                   
0000e070  __TI_CINIT_Limit                                  
20000000  __start___llvm_prf_cnts                           
20000000  __stop___llvm_prf_cnts                            
20000000  g_pfnRAMVectors                                   
20000270  __stack                                           
20000470  __STACK_TOP                                       
20001a70  __STACK_END                                       
20001a70  gprs_rx_buff                                      
20001c6c  gprs_tx_buff                                      
20001e68  dummy_json_string                                 
20001ff0  adc                                               
2000216c  display_tx                                        
2000229c  __CIOBUF_                                         
200023bc  cloud_config                                      
20002492  BCD_MODE                                          
20002494  display_uart_rx                                   
20002534  pc_uart_rx                                        
200025d4  e2p_cloud_config                                  
20002654  pc_uart_tx                                        
200026a4  FLR_log_data                                      
200026e4  FL_log_data                                       
20002724  ram_data                                          
2000275a  adc_arr                                           
20002783  time_main                                         
200027a2  measurements                                      
200027be  EXTI_cnt                                          
200027c0  gprs                                              
200027d4  e2p_device_info                                   
200027e4  e2p_location_info                                 
200027f4  freq_updated_data                                 
20002804  scheduler                                         
20002812  Alarms                                            
2000281e  e2p_config_time                                   
20002826  e2p_router_config                                 
2000282e  parmbuf                                           
20002836  gprs_date_time                                    
2000283d  time_stamp                                        
20002843  Telecom_server_query                              
20002847  System_mode                                       
20002848  u32DelayCounter                                   
2000284c  relay_state                                       
2000284f  gprs_rx_isr_handler                               
20002851  network_status                                    
20002852  voltage_mode                                      
20002899  server_response_str                               
200028b8  PN_ADC_RAW_MAX                                    
200028c0  NE_ADC_RAW_MAX                                    
200028dc  _tz                                               
200028ec  upload_time                                       
200028f0  save_offline_time                                 
200028f4  relay_startup_time                                
200028f8  GLCD_startup_time                                 
200028fc  millis_cnt                                        
20002900  ACVoltReadMillis                                  
20002904  counter_10sec                                     
20002908  g_bIntFlag                                        
20002914  _lock                                             
20002918  _unlock                                           
2000291c  screen_x                                          
ffffffff  __TI_pprof_out_hndl                               
ffffffff  __TI_prof_data_size                               
ffffffff  __TI_prof_data_start                              
ffffffff  __binit__                                         
ffffffff  __c_args__                                        
ffffffff  binit                                             
UNDEFED   __mpu_init                                        
UNDEFED   _system_post_cinit                                

[457 symbols]
