******************************************************************************
                  TI ARM Linker PC v20.2.6                     
******************************************************************************
>> Linked Wed Jul  3 14:36:35 2024

OUTPUT FILE NAME:   <Telecom_IoT_v2_00.out>
ENTRY POINT SYMBOL: "_c_int00_noargs"  address: 00011aa1


MEMORY CONFIGURATION

         name            origin    length      used     unused   attr    fill
----------------------  --------  ---------  --------  --------  ----  --------
  FLASH                 00000000   00020000  000130ee  0000cf12  R  X
  SRAM                  20000000   00008000  0000434d  00003cb3  RW X


SEGMENT ALLOCATION MAP

run origin  load origin   length   init length attrs members
----------  ----------- ---------- ----------- ----- -------
00000000    00000000    000130f0   000130f0    r-x
  00000000    00000000    0000026c   0000026c    r-- .intvecs
  0000026c    0000026c    000122e6   000122e6    r-x .text
  00012554    00012554    00000ae0   00000ae0    r-- .const
  00013034    00013034    00000024   00000024    r-- .init_array
  00013058    00013058    00000098   00000098    r-- .cinit
20000000    20000000    00004350   00000000    rw-
  20000000    20000000    0000026c   00000000    rw- .vtable
  2000026c    2000026c    00002801   00000000    rw- .bss
  20002a70    20002a70    00001800   00000000    rw- .stack
  20004270    20004270    000000d0   00000000    rw- .data
  20004340    20004340    00000010   00000000    rw- .sysmem


SECTION ALLOCATION MAP

 output                                  attributes/
section   page    origin      length       input sections
--------  ----  ----------  ----------   ----------------
.intvecs   0    00000000    0000026c     
                  00000000    0000026c     tm4c1233e6pz_startup_ccs.obj (.intvecs)

.text      0    0000026c    000122e6     
                  0000026c    00001564     uip.obj (.text)
                  000017d0    00001150     Clock.obj (.text)
                  00002920    00001018     gps.obj (.text)
                  00003938    00000c90     Telecom_Ethernet.obj (.text)
                  000045c8    00000bf0     IO_cntrl.obj (.text)
                  000051b8    00000bac     UIPClient.obj (.text)
                  00005d64    00000b94     Enc28J60Network.obj (.text)
                  000068f8    00000b68     GLCD.obj (.text)
                  00007460    00000b28     Telecom_server_query.obj (.text)
                  00007f88    00000b04     Dhcp.obj (.text)
                  00008a8c    00000ab8     UIPEthernet.obj (.text)
                  00009544    00000aa0     main.obj (.text)
                  00009fe4    000009e8     PC_Cmds.obj (.text)
                  0000a9cc    000009e0     E2P.obj (.text)
                  0000b3ac    000009cc     flashCore.obj (.text)
                  0000bd78    0000084c     ADC_Core.obj (.text)
                  0000c5c4    00000794     UIPUdp.obj (.text)
                  0000cd58    00000730     flash_logger.obj (.text)
                  0000d488    000005e4     uip_arp.obj (.text)
                  0000da6c    000005bc     UartCore.obj (.text)
                  0000e028    000005b8     Print.obj (.text)
                  0000e5e0    000005b0     Dns.obj (.text)
                  0000eb90    00000510     _common.obj (.text)
                  0000f0a0    000002f0     mempool.obj (.text)
                  0000f390    000002b8     rtsv7M4_T_le_v4SPD16_eabi.lib : mktime64.c.obj (.text:__mktime64)
                  0000f648    00000284     UIPServer.obj (.text)
                  0000f8cc    00000210     DS3231.obj (.text)
                  0000fadc    000001f0     gprs.obj (.text)
                  0000fccc    000001e4     SysTick_Timer.obj (.text)
                  0000feb0    000001b6     rtsv7M4_T_le_v4SPD16_eabi.lib : fd_add_t2.asm.obj (.text)
                  00010066    00000192     itoa.obj (.text)
                  000101f8    0000016c     driverlib.lib : gpio.obj (.text:GPIOPadConfigSet)
                  00010364    0000016c     IPAddress.obj (.text)
                  000104d0    00000136     rtsv7M4_T_le_v4SPD16_eabi.lib : fd_div_t2.asm.obj (.text)
                  00010606    00000002                                   : stdlib_typeinfo.cpp.obj (.text:_ZNSt9type_infoD1Ev)
                  00010608    00000118     driverlib.lib : sysctl.obj (.text:SysCtlClockGet)
                  00010720    00000100     rtsv7M4_T_le_v4SPD16_eabi.lib : memory.c.obj (.text:aligned_alloc)
                  00010820    000000fc                                   : fd_mul_t2.asm.obj (.text)
                  0001091c    000000f4     driverlib.lib : sysctl.obj (.text:SysCtlClockSet)
                  00010a10    000000e4     rtsv7M4_T_le_v4SPD16_eabi.lib : memory.c.obj (.text:free)
                  00010af4    000000d8     WDT.obj (.text)
                  00010bcc    000000c4     driverlib.lib : eeprom.obj (.text:EEPROMProgram)
                  00010c90    0000009c     rtsv7M4_T_le_v4SPD16_eabi.lib : memcpy_t2.asm.obj (.text)
                  00010d2c    00000096                                   : ull_div_t2.asm.obj (.text)
                  00010dc2    00000086                                   : fd_cmp_t2.asm.obj (.text:__aeabi_cdcmple)
                  00010e48    00000086                                   : fd_cmp_t2.asm.obj (.text:__aeabi_cdrcmple)
                  00010ece    0000007a     driverlib.lib : adc.obj (.text:ADCSequenceStepConfigure)
                  00010f48    0000007a     rtsv7M4_T_le_v4SPD16_eabi.lib : memset_t2.asm.obj (.text)
                  00010fc2    00000002                                   : _lock.c.obj (.text:_nop)
                  00010fc4    00000070                                   : memory.c.obj (.text:split)
                  00011034    0000006e                                   : ll_div_t2.asm.obj (.text)
                  000110a2    00000002                                   : div0.asm.obj (.text)
                  000110a4    00000068     driverlib.lib : interrupt.obj (.text:IntEnable)
                  0001110c    00000068     rtsv7M4_T_le_v4SPD16_eabi.lib : copy_decompress_lzss.c.obj (.text:decompress:lzss:__TI_decompress_lzss)
                  00011174    00000068     delay.obj (.text)
                  000111dc    00000060     rtsv7M4_T_le_v4SPD16_eabi.lib : hosttime.c.obj (.text:HOSTtime64)
                  0001123c    00000060     driverlib.lib : timer.obj (.text:TimerConfigure)
                  0001129c    00000060     rtsv7M4_T_le_v4SPD16_eabi.lib : autoinit.c.obj (.text:__TI_auto_init_nobinit:__TI_auto_init_nobinit)
                  000112fc    0000005c     Print.obj (.text:__isnan)
                  00011358    00000058     driverlib.lib : gpio.obj (.text:GPIOIntTypeSet)
                  000113b0    00000058     tiot_timer.obj (.text)
                  00011408    00000054     Print.obj (.text:__isinf)
                  0001145c    00000050     driverlib.lib : sysctl.obj (.text:SysCtlPeripheralReset)
                  000114ac    0000004e                   : adc.obj (.text:ADCSequenceConfigure)
                  000114fa    00000002     --HOLE-- [fill = 0]
                  000114fc    0000004c                   : gpio.obj (.text:GPIOPinConfigure)
                  00011548    0000004c                   : i2c.obj (.text:I2CMasterInitExpClk)
                  00011594    0000004c     rtsv7M4_T_le_v4SPD16_eabi.lib : atoi.c.obj (.text:atoi)
                  000115e0    00000048                                   : exit.c.obj (.text:exit)
                  00011628    00000048                                   : fd_toi_t2.asm.obj (.text)
                  00011670    00000046     driverlib.lib : uart.obj (.text:UARTConfigSetExpClk)
                  000116b6    00000002     --HOLE-- [fill = 0]
                  000116b8    00000044                   : gpio.obj (.text:_GPIOIntNumberGet)
                  000116fc    00000044     rtsv7M4_T_le_v4SPD16_eabi.lib : dtor_list.c.obj (.text:_Z25__add_destruction_to_listPP20a_needed_destructionPFYvPvES2_S2_)
                  00011740    00000044                                   : fd_tou_t2.asm.obj (.text)
                  00011784    00000042                                   : dtor_list.c.obj (.text:_Z23__finalize_destructionsPP20a_needed_destructionPv)
                  000117c6    00000002     --HOLE-- [fill = 0]
                  000117c8    00000040     driverlib.lib : eeprom.obj (.text:EEPROMInit)
                  00011808    00000040     rtsv7M4_T_le_v4SPD16_eabi.lib : u_divt2.asm.obj (.text)
                  00011848    0000003c     driverlib.lib : ssi.obj (.text:SSIConfigSetExpClk)
                  00011884    0000003c                   : eeprom.obj (.text:_EEPROMSectorMaskSet)
                  000118c0    00000038                   : eeprom.obj (.text:EEPROMRead)
                  000118f8    00000038                   : sysctl.obj (.text:SysCtlPeripheralReady)
                  00011930    00000038     rtsv7M4_T_le_v4SPD16_eabi.lib : trgmsg.c.obj (.text:__TI_writemsg)
                  00011968    00000034     driverlib.lib : interrupt.obj (.text:IntRegister)
                  0001199c    00000034                   : sysctl.obj (.text:SysCtlPeripheralDisable)
                  000119d0    00000034                   : sysctl.obj (.text:SysCtlPeripheralEnable)
                  00011a04    00000034                   : eeprom.obj (.text:_EEPROMSectorMaskClear)
                  00011a38    00000034     rtsv7M4_T_le_v4SPD16_eabi.lib : trgmsg.c.obj (.text:__TI_readmsg)
                  00011a6c    00000034                                   : dtor_list.c.obj (.text:__aeabi_atexit)
                  00011aa0    00000034                                   : boot_cortex_m.c.obj (.text:_c_int00_noargs:_c_int00_noargs)
                  00011ad4    00000034                                   : rand.c.obj (.text:rand)
                  00011b08    00000034                                   : strstr.c.obj (.text:strstr)
                  00011b3c    0000002e     driverlib.lib : adc.obj (.text:ADCIntStatus)
                  00011b6a    0000002e     rtsv7M4_T_le_v4SPD16_eabi.lib : i_tofd_t2.asm.obj (.text)
                  00011b98    0000002c     driverlib.lib : gpio.obj (.text:GPIODirModeSet)
                  00011bc4    0000002c     SPI.obj (.text)
                  00011bf0    0000002c     rtsv7M4_T_le_v4SPD16_eabi.lib : strncmp.c.obj (.text:strncmp)
                  00011c1c    00000028                                   : memory.c.obj (.text:free_list_insert)
                  00011c44    00000024     Print.obj (.text:_ZN5Print5writeEPKc)
                  00011c68    00000024     Dhcp.obj (.text:_ZN9IPAddressC1ERKS_)
                  00011c8c    00000024     Dhcp.obj (.text:_ZThn8_N6UIPUDP4readEPcj)
                  00011cb0    00000024     rtsv7M4_T_le_v4SPD16_eabi.lib : memcmp.c.obj (.text:memcmp)
                  00011cd4    00000024                                   : rand.c.obj (.text:srand)
                  00011cf8    00000022     UIPClient.obj (.text:_ZN9UIPClientneERKS_)
                  00011d1a    00000002     --HOLE-- [fill = 0]
                  00011d1c    00000020     driverlib.lib : uart.obj (.text:UARTDisable)
                  00011d3c    00000020     Print.obj (.text:_Z14__libcpp_isinfIdEbT_)
                  00011d5c    00000020     Print.obj (.text:_Z14__libcpp_isnanIdEbT_)
                  00011d7c    00000020     rtsv7M4_T_le_v4SPD16_eabi.lib : u_tofd_t2.asm.obj (.text)
                  00011d9c    0000001e     driverlib.lib : adc.obj (.text:ADCSequenceDataGet)
                  00011dba    00000002     --HOLE-- [fill = 0]
                  00011dbc    0000001c     UIPClient.obj (.text:_ZN5PrintC1Ev)
                  00011dd8    0000001c     Dhcp.obj (.text:_ZNK9IPAddresseqERKS_)
                  00011df4    0000001c     rtsv7M4_T_le_v4SPD16_eabi.lib : memory.c.obj (.text:free_list_remove)
                  00011e10    0000001c     millis.obj (.text)
                  00011e2c    0000001a     driverlib.lib : gpio.obj (.text:GPIOPinTypeGPIOOutput)
                  00011e46    0000001a     Dns.obj (.text:_ZN9IPAddressaSERKS_)
                  00011e60    00000018     driverlib.lib : adc.obj (.text:ADCProcessorTrigger)
                  00011e78    00000018                   : gpio.obj (.text:GPIOIntRegister)
                  00011e90    00000018     Print.obj (.text:_Z5isinfIdENSt3__29enable_ifIXaasr3std3__213is_arithmeticIT_EE5valuesr3std3__214numeric_limitsIS2_EE12has_infinityEbE4typeES2_)
                  00011ea8    00000018     Print.obj (.text:_Z5isnanIdENSt3__29enable_ifIXsr3std3__217is_floating_pointIT_EE5valueEbE4typeES2_)
                  00011ec0    00000018     UIPUdp.obj (.text:_ZN3UDPC1Ev)
                  00011ed8    00000018     Telecom_Ethernet.obj (.text:_ZN5Print5writeEPKcj)
                  00011ef0    00000018     UIPClient.obj (.text:_ZN6ClientC1Ev)
                  00011f08    00000018     UIPServer.obj (.text:_ZN6ServerC1Ev)
                  00011f20    00000018     Dhcp.obj (.text:_ZN6UIPUDP4readEPcj)
                  00011f38    00000018     Dhcp.obj (.text:_ZN9PrintableC1ERKS_)
                  00011f50    00000018     IPAddress.obj (.text:_ZN9PrintableC1Ev)
                  00011f68    00000018     rtsv7M4_T_le_v4SPD16_eabi.lib : ll_mul_t2.asm.obj (.text)
                  00011f80    00000018                                   : strcmp.c.obj (.text:strcmp)
                  00011f98    00000016     driverlib.lib : gpio.obj (.text:GPIOPinTypeADC)
                  00011fae    00000016                   : gpio.obj (.text:GPIOPinTypeGPIOInput)
                  00011fc4    00000016                   : gpio.obj (.text:GPIOPinTypeI2C)
                  00011fda    00000016                   : gpio.obj (.text:GPIOPinTypeI2CSCL)
                  00011ff0    00000016                   : gpio.obj (.text:GPIOPinTypeSSI)
                  00012006    00000016                   : gpio.obj (.text:GPIOPinTypeUART)
                  0001201c    00000016     UIPClient.obj (.text:_ZN9DNSClientC1Ev)
                  00012032    00000016     UIPClient.obj (.text:_ZThn8_N9UIPClientD1Ev)
                  00012048    00000016     UIPServer.obj (.text:_ZThn8_N9UIPServerD1Ev)
                  0001205e    00000002     --HOLE-- [fill = 0]
                  00012060    00000014     driverlib.lib : systick.obj (.text:SysTickEnable)
                  00012074    00000014                   : systick.obj (.text:SysTickIntEnable)
                  00012088    00000014                   : uart.obj (.text:UARTEnable)
                  0001209c    00000014     Telecom_Ethernet.obj (.text:_ZN6ClientD0Ev)
                  000120b0    00000014     UIPServer.obj (.text:_ZN6ServerD0Ev)
                  000120c4    00000014     Telecom_Ethernet.obj (.text:_ZN9IPAddressD0Ev)
                  000120d8    00000014     Dns.obj (.text:_ZN9IPAddressixEi)
                  000120ec    00000014     Telecom_Ethernet.obj (.text:_ZN9PrintableD0Ev)
                  00012100    00000014     Telecom_Ethernet.obj (.text:_ZN9UIPClientD0Ev)
                  00012114    00000014     UIPServer.obj (.text:_ZN9UIPServerD0Ev)
                  00012128    00000014     rtsv7M4_T_le_v4SPD16_eabi.lib : strcpy.c.obj (.text:strcpy)
                  0001213c    00000014                                   : strlen.c.obj (.text:strlen)
                  00012150    00000012     driverlib.lib : ssi.obj (.text:SSIDataGetNonBlocking)
                  00012162    00000012                   : timer.obj (.text:TimerLoadSet)
                  00012174    00000012                   : timer.obj (.text:TimerPrescaleSet)
                  00012186    00000012     Telecom_server_query.obj (.text:_Z3absl)
                  00012198    00000012     Telecom_Ethernet.obj (.text:_ZThn8_N9UIPClientD0Ev)
                  000121aa    00000012     UIPServer.obj (.text:_ZThn8_N9UIPServerD0Ev)
                  000121bc    00000010     driverlib.lib : interrupt.obj (.text:IntMasterEnable)
                  000121cc    00000010                   : systick.obj (.text:SysTickPeriodSet)
                  000121dc    00000010                   : eeprom.obj (.text:_EEPROMWaitForDone)
                  000121ec    00000010     UIPEthernet.obj (.text:_ZN9DhcpClassC1Ev)
                  000121fc    00000010     Dhcp.obj (.text:_ZN9PrintableC2ERKS_)
                  0001220c    00000010     Telecom_Ethernet.obj (.text:_ZN9UIPClientD1Ev)
                  0001221c    00000010     UIPServer.obj (.text:_ZN9UIPServerD1Ev)
                  0001222c    00000010     rtsv7M4_T_le_v4SPD16_eabi.lib : time64.c.obj (.text:__time64)
                  0001223c    00000010                                   : isdigit.c.obj (.text:isdigit)
                  0001224c    0000000e     driverlib.lib : adc.obj (.text:ADCSequenceEnable)
                  0001225a    0000000e                   : gpio.obj (.text:GPIOIntStatus)
                  00012268    0000000e                   : i2c.obj (.text:I2CRxFIFOFlush)
                  00012276    0000000e                   : i2c.obj (.text:I2CTxFIFOFlush)
                  00012284    0000000e                   : ssi.obj (.text:SSIDataPutNonBlocking)
                  00012292    0000000e                   : timer.obj (.text:TimerEnable)
                  000122a0    0000000e                   : uart.obj (.text:UARTCharGetNonBlocking)
                  000122ae    0000000e                   : uart.obj (.text:UARTCharPutNonBlocking)
                  000122bc    0000000e                   : uart.obj (.text:UARTCharsAvail)
                  000122ca    0000000e                   : watchdog.obj (.text:WatchdogLockState)
                  000122d8    0000000e     rtsv7M4_T_le_v4SPD16_eabi.lib : typeinfo.c.obj (.text:_ZN10__cxxabiv117__class_type_infoD0Ev)
                  000122e6    0000000e                                   : typeinfo.c.obj (.text:_ZN10__cxxabiv120__si_class_type_infoD0Ev)
                  000122f4    0000000e                                   : typeinfo.c.obj (.text:_ZN10__cxxabiv121__vmi_class_type_infoD0Ev)
                  00012302    0000000e     UIPClient.obj (.text:_ZN9DNSClientD1Ev)
                  00012310    0000000e     Dns.obj (.text:_ZN9IPAddress11raw_addressEv)
                  0001231e    0000000e     Telecom_Ethernet.obj (.text:_ZN9IPAddressD1Ev)
                  0001232c    0000000e     Dns.obj (.text:_ZN9PrintableaSERKS_)
                  0001233a    0000000e     Print.obj (.text:_ZNK6String5c_strEv)
                  00012348    0000000e     Print.obj (.text:_ZNK6String6lengthEv)
                  00012356    0000000e     Dns.obj (.text:_ZNK9IPAddresscvjEv)
                  00012364    0000000e     rtsv7M4_T_le_v4SPD16_eabi.lib : copy_decompress_none.c.obj (.text:decompress:none:__TI_decompress_none)
                  00012372    0000000c     driverlib.lib : cpu.obj (.text:CPUcpsie)
                  0001237e    0000000c                   : gpio.obj (.text:GPIOIntEnable)
                  0001238a    00000002     --HOLE-- [fill = 0]
                  0001238c    0000000c                   : sysctl.obj (.text:SysCtlResetCauseGet)
                  00012398    0000000c                   : watchdog.obj (.text:WatchdogIntTypeSet)
                  000123a4    0000000c                   : watchdog.obj (.text:WatchdogUnlock)
                  000123b0    0000000c     UIPUdp.obj (.text:_ZN3UDPC2Ev)
                  000123bc    0000000c     UIPClient.obj (.text:_ZN5PrintC2Ev)
                  000123c8    0000000c     UIPClient.obj (.text:_ZN6ClientC2Ev)
                  000123d4    0000000c     Telecom_Ethernet.obj (.text:_ZN6ClientD1Ev)
                  000123e0    0000000c     Telecom_Ethernet.obj (.text:_ZN6ClientD2Ev)
                  000123ec    0000000c     UIPServer.obj (.text:_ZN6ServerC2Ev)
                  000123f8    0000000c     UIPServer.obj (.text:_ZN6ServerD1Ev)
                  00012404    0000000c     UIPServer.obj (.text:_ZN6ServerD2Ev)
                  00012410    0000000c     IPAddress.obj (.text:_ZN9PrintableC2Ev)
                  0001241c    0000000c     Telecom_Ethernet.obj (.text:_ZN9PrintableD1Ev)
                  00012428    0000000c     Telecom_Ethernet.obj (.text:_ZN9PrintableD2Ev)
                  00012434    0000000c     rtsv7M4_T_le_v4SPD16_eabi.lib : dtor_list.c.obj (.text:__cxa_finalize)
                  00012440    0000000c                                   : guard.c.obj (.text:__cxa_guard_acquire)
                  0001244c    0000000c                                   : copy_zero_init.c.obj (.text:decompress:ZI:__TI_zero_init)
                  00012458    0000000c     tm4c1233e6pz_startup_ccs.obj (.text)
                  00012464    0000000a     driverlib.lib : adc.obj (.text:ADCIntClear)
                  0001246e    0000000a                   : i2c.obj (.text:I2CMasterEnable)
                  00012478    0000000a                   : ssi.obj (.text:SSIEnable)
                  00012482    0000000a                   : uart.obj (.text:UARTIntStatus)
                  0001248c    0000000a                   : watchdog.obj (.text:WatchdogEnable)
                  00012496    0000000a                   : watchdog.obj (.text:WatchdogIntEnable)
                  000124a0    0000000a                   : watchdog.obj (.text:WatchdogResetEnable)
                  000124aa    0000000a     rtsv7M4_T_le_v4SPD16_eabi.lib : guard.c.obj (.text:__cxa_guard_release)
                  000124b4    00000008     driverlib.lib : i2c.obj (.text:I2CMasterBusy)
                  000124bc    00000008                   : i2c.obj (.text:I2CMasterSlaveAddrSet)
                  000124c4    00000008                   : timer.obj (.text:TimerIntEnable)
                  000124cc    00000008                   : uart.obj (.text:UARTBusy)
                  000124d4    00000008                   : uart.obj (.text:UARTIntEnable)
                  000124dc    00000008                   : watchdog.obj (.text:WatchdogLock)
                  000124e4    00000008     rtsv7M4_T_le_v4SPD16_eabi.lib : new.cpp.obj (.text:_ZdlPv)
                  000124ec    00000008                                   : memory.c.obj (.text:malloc)
                  000124f4    00000006     driverlib.lib : gpio.obj (.text:GPIOIntClear)
                  000124fa    00000006                   : gpio.obj (.text:GPIOPinRead)
                  00012500    00000006                   : gpio.obj (.text:GPIOPinWrite)
                  00012506    00000006                   : sysctl.obj (.text:SysCtlDelay)
                  0001250c    00000006                   : watchdog.obj (.text:WatchdogIntClear)
                  00012512    00000006     rtsv7M4_T_le_v4SPD16_eabi.lib : dtor_list.c.obj (.text:__cxa_ia64_exit)
                  00012518    00000006                                   : pure_virt.c.obj (.text:__cxa_pure_virtual)
                  0001251e    00000004     driverlib.lib : i2c.obj (.text:I2CMasterControl)
                  00012522    00000004                   : i2c.obj (.text:I2CMasterDataGet)
                  00012526    00000004                   : i2c.obj (.text:I2CMasterDataPut)
                  0001252a    00000004                   : timer.obj (.text:TimerIntClear)
                  0001252e    00000004                   : uart.obj (.text:UARTIntClear)
                  00012532    00000004                   : watchdog.obj (.text:WatchdogReloadSet)
                  00012536    00000004     rtsv7M4_T_le_v4SPD16_eabi.lib : typeinfo.c.obj (.text:_ZN10__cxxabiv117__class_type_infoD1Ev)
                  0001253a    00000004                                   : typeinfo.c.obj (.text:_ZN10__cxxabiv120__si_class_type_infoD1Ev)
                  0001253e    00000004                                   : typeinfo.c.obj (.text:_ZN10__cxxabiv121__vmi_class_type_infoD1Ev)
                  00012542    00000004                                   : new.cpp.obj (.text:_ZdlPvj)
                  00012546    00000004                                   : error.c.obj (.text:__abort_execution)
                  0001254a    00000004                                   : pre_init.c.obj (.text:_system_pre_init)
                  0001254e    00000004                                   : exit.c.obj (.text:abort:abort)

.const     0    00012554    00000ae0     
                  00012554    000001d6     GLCD.obj (.const:.string:font5x8)
                  0001272a    00000101     rtsv7M4_T_le_v4SPD16_eabi.lib : ctype.c.obj (.const:.string:_ctypes_)
                  0001282b    00000001     --HOLE-- [fill = 0]
                  0001282c    000000d8     driverlib.lib : gpio.obj (.const:g_ppui32GPIOIntMapSnowflake)
                  00012904    000000c0                   : gpio.obj (.const:g_ppui32GPIOIntMapBlizzard)
                  000129c4    00000090     UIPUdp.obj (.const:_ZTV6UIPUDP)
                  00012a54    00000090     driverlib.lib : gpio.obj (.const:g_pui32GPIOBaseAddrs)
                  00012ae4    0000008c     UIPClient.obj (.const:_ZTV9UIPClient)
                  00012b70    0000006c     driverlib.lib : sysctl.obj (.const:g_pui32Xtals)
                  00012bdc    00000060     rtsv7M4_T_le_v4SPD16_eabi.lib : mktime64.c.obj (.const:$O1$$)
                  00012c3c    0000004e     GLCD.obj (.const:.string:BattFont5x8)
                  00012c8a    00000002     --HOLE-- [fill = 0]
                  00012c8c    00000048     UIPUdp.obj (.const:_ZTV3UDP)
                  00012cd4    00000041     _common.obj (.const:.string:$P$T0$1)
                  00012d15    00000003     --HOLE-- [fill = 0]
                  00012d18    00000040     UIPClient.obj (.const:_ZTV6Client)
                  00012d58    00000034     UIPServer.obj (.const:_ZTV9UIPServer)
                  00012d8c    00000026     rtsv7M4_T_le_v4SPD16_eabi.lib : typeinfo.c.obj (.const:.typeinfo:_ZTSN10__cxxabiv121__vmi_class_type_infoE)
                  00012db2    00000025                                   : typeinfo.c.obj (.const:.typeinfo:_ZTSN10__cxxabiv120__si_class_type_infoE)
                  00012dd7    00000001     --HOLE-- [fill = 0]
                  00012dd8    00000024     Clock.obj (.const:$P$T0$1)
                  00012dfc    00000022     rtsv7M4_T_le_v4SPD16_eabi.lib : typeinfo.c.obj (.const:.typeinfo:_ZTSN10__cxxabiv117__class_type_infoE)
                  00012e1e    00000002     --HOLE-- [fill = 0]
                  00012e20    00000020     UIPUdp.obj (.const:.typeinfo:_ZTI6UIPUDP)
                  00012e40    00000020     UIPClient.obj (.const:.typeinfo:_ZTI9UIPClient)
                  00012e60    00000020     UIPServer.obj (.const:.typeinfo:_ZTI9UIPServer)
                  00012e80    00000019     Telecom_Ethernet.obj (.const:.string:$P$T1$5)
                  00012e99    00000014     GLCD.obj (.const:.string:NetworkFont5x8)
                  00012ead    00000003     --HOLE-- [fill = 0]
                  00012eb0    00000014     UIPServer.obj (.const:_ZTV6Server)
                  00012ec4    00000014     IPAddress.obj (.const:_ZTV9IPAddress)
                  00012ed8    00000014     Dhcp.obj (.const:_ZTV9Printable)
                  00012eec    00000014     driverlib.lib : interrupt.obj (.const:g_pui32EnRegs)
                  00012f00    00000010     Print.obj (.const:_ZTV5Print)
                  00012f10    00000010     rtsv7M4_T_le_v4SPD16_eabi.lib : typeinfo.c.obj (.const:_ZTVN10__cxxabiv117__class_type_infoE)
                  00012f20    00000010                                   : typeinfo.c.obj (.const:_ZTVN10__cxxabiv120__si_class_type_infoE)
                  00012f30    00000010                                   : typeinfo.c.obj (.const:_ZTVN10__cxxabiv121__vmi_class_type_infoE)
                  00012f40    0000000d                                   : stdlib_typeinfo.cpp.obj (.const:.typeinfo:_ZTSSt9type_info)
                  00012f4d    00000003     --HOLE-- [fill = 0]
                  00012f50    0000000c     IPAddress.obj (.const:.typeinfo:_ZTI9IPAddress)
                  00012f5c    0000000c     rtsv7M4_T_le_v4SPD16_eabi.lib : typeinfo.c.obj (.const:.typeinfo:_ZTIN10__cxxabiv117__class_type_infoE)
                  00012f68    0000000c                                   : typeinfo.c.obj (.const:.typeinfo:_ZTIN10__cxxabiv120__si_class_type_infoE)
                  00012f74    0000000c                                   : typeinfo.c.obj (.const:.typeinfo:_ZTIN10__cxxabiv121__vmi_class_type_infoE)
                  00012f80    0000000b     IPAddress.obj (.const:.typeinfo:_ZTS9IPAddress)
                  00012f8b    0000000b     Dhcp.obj (.const:.typeinfo:_ZTS9Printable)
                  00012f96    0000000b     UIPClient.obj (.const:.typeinfo:_ZTS9UIPClient)
                  00012fa1    0000000b     UIPServer.obj (.const:.typeinfo:_ZTS9UIPServer)
                  00012fac    00000008     Clock.obj (.const:$P$T1$2)
                  00012fb4    00000008     Telecom_Ethernet.obj (.const:.string:$P$T3$12)
                  00012fbc    00000008     UIPUdp.obj (.const:.typeinfo:_ZTI3UDP)
                  00012fc4    00000008     Print.obj (.const:.typeinfo:_ZTI5Print)
                  00012fcc    00000008     UIPClient.obj (.const:.typeinfo:_ZTI6Client)
                  00012fd4    00000008     UIPServer.obj (.const:.typeinfo:_ZTI6Server)
                  00012fdc    00000008     Dhcp.obj (.const:.typeinfo:_ZTI9Printable)
                  00012fe4    00000008     rtsv7M4_T_le_v4SPD16_eabi.lib : stdlib_typeinfo.cpp.obj (.const:.typeinfo:_ZTISt9type_info)
                  00012fec    00000008     UIPClient.obj (.const:.typeinfo:_ZTS6Client)
                  00012ff4    00000008     UIPServer.obj (.const:.typeinfo:_ZTS6Server)
                  00012ffc    00000008     UIPUdp.obj (.const:.typeinfo:_ZTS6UIPUDP)
                  00013004    00000007     Print.obj (.const:.typeinfo:_ZTS5Print)
                  0001300b    00000006     Telecom_Ethernet.obj (.const:.string:$P$T0$1)
                  00013011    00000006     Telecom_Ethernet.obj (.const:.string:$P$T2$8)
                  00013017    00000006     UIPEthernet.obj (.const:.string:$P$T6$1)
                  0001301d    00000006     uip_arp.obj (.const:broadcast_ethaddr)
                  00013023    00000005     UIPUdp.obj (.const:.typeinfo:_ZTS3UDP)
                  00013028    00000004     uip.obj (.const:all_ones_addr)
                  0001302c    00000004     uip.obj (.const:all_zeroes_addr)
                  00013030    00000004     uip_arp.obj (.const:broadcast_ipaddr)

.cinit     0    00013058    00000098     
                  00013058    0000005f     (.cinit..data.load) [load image, compression = lzss]
                  000130b7    00000001     --HOLE-- [fill = 0]
                  000130b8    0000000c     (__TI_handler_table)
                  000130c4    00000004     --HOLE-- [fill = 0]
                  000130c8    00000008     (.cinit..bss.load) [load image, compression = zero_init]
                  000130d0    00000008     (.cinit..vtable.load) [load image, compression = zero_init]
                  000130d8    00000018     (__TI_cinit_table)

.init_array 
*          0    00013034    00000024     
                  00013034    00000004     IPAddress.obj (.init_array)
                  00013038    00000004     UIPUdp.obj (.init_array)
                  0001303c    00000004     UIPServer.obj (.init_array)
                  00013040    00000004     UIPEthernet.obj (.init_array)
                  00013044    00000004     UIPClient.obj (.init_array)
                  00013048    00000004     Dns.obj (.init_array)
                  0001304c    00000004     Dhcp.obj (.init_array)
                  00013050    00000004     main.obj (.init_array)
                  00013054    00000004     Telecom_Ethernet.obj (.init_array)

.vtable    0    20000000    0000026c     UNINITIALIZED
                  20000000    0000026c     driverlib.lib : interrupt.obj (.vtable)

.bss       0    2000026c    00002801     UNINITIALIZED
                  2000026c    00000a34     (.common:ethernet_rx_buff)
                  20000ca0    00000a30     (.common:ethernet_tx_buff)
                  200016d0    00000230     (.common:_ZN10MemoryPool6blocksE)
                  20001900    000001fc     (.common:gprs_rx_buff)
                  20001afc    000001fc     (.common:gprs_tx_buff)
                  20001cf8    00000188     (.common:dummy_json_string)
                  20001e80    0000017c     (.common:adc)
                  20001ffc    00000130     (.common:display_tx)
                  2000212c    00000120     rtsv7M4_T_le_v4SPD16_eabi.lib : trgmsg.c.obj (.bss:_CIOBUF_)
                  2000224c    000000d6     (.common:cloud_config)
                  20002322    00000002     (.common:BCD_MODE)
                  20002324    000000a0     (.common:display_uart_rx)
                  200023c4    000000a0     (.common:pc_uart_rx)
                  20002464    00000080     (.common:e2p_cloud_config)
                  200024e4    00000080     (.common:uip_conns)
                  20002564    00000070     (.common:_ZN9UIPClient8all_dataE)
                  200025d4    00000064     (.common:uip_buf)
                  20002638    00000060     uip_arp.obj (.bss:arp_table)
                  20002698    0000005c     UIPEthernet.obj (.bss:s_dhcp)
                  200026f4    00000050     (.common:pc_uart_tx)
                  20002744    00000044     (.common:gps)
                  20002788    00000040     (.common:FLR_log_data)
                  200027c8    00000040     (.common:FL_log_data)
                  20002808    00000040     (.common:uip_udp_conns)
                  20002848    00000036     (.common:ram_data)
                  2000287e    00000029     (.common:adc_arr)
                  200028a7    0000001f     (.common:time_main)
                  200028c6    0000001c     (.common:measurements)
                  200028e2    00000002     (.common:EXTI_cnt)
                  200028e4    00000014     (.common:gprs)
                  200028f8    00000010     Telecom_Ethernet.obj (.bss:Eclient)
                  20002908    00000010     Telecom_Ethernet.obj (.bss:client)
                  20002918    00000010     (.common:e2p_device_info)
                  20002928    00000010     (.common:e2p_location_info)
                  20002938    00000010     (.common:freq_updated_data)
                  20002948    0000000e     (.common:scheduler)
                  20002956    0000000c     Telecom_Ethernet.obj (.bss)
                  20002962    0000000c     (.common:Alarms)
                  2000296e    0000000a     (.common:Telecom_Ethernet)
                  20002978    00000008     Dhcp.obj (.bss)
                  20002980    00000008     Dhcp.obj (.bss:INADDR_NONE)
                  20002988    00000008     Dns.obj (.bss:INADDR_NONE)
                  20002990    00000008     IPAddress.obj (.bss:INADDR_NONE)
                  20002998    00000008     Telecom_Ethernet.obj (.bss:INADDR_NONE)
                  200029a0    00000008     UIPClient.obj (.bss:INADDR_NONE)
                  200029a8    00000008     UIPEthernet.obj (.bss:INADDR_NONE)
                  200029b0    00000008     UIPServer.obj (.bss:INADDR_NONE)
                  200029b8    00000008     UIPUdp.obj (.bss:INADDR_NONE)
                  200029c0    00000008     main.obj (.bss:INADDR_NONE)
                  200029c8    00000008     UIPEthernet.obj (.bss:_ZN16UIPEthernetClass17_dnsServerAddressE)
                  200029d0    00000008     uip.obj (.bss)
                  200029d8    00000008     (.common:e2p_config_time)
                  200029e0    00000008     (.common:e2p_router_config)
                  200029e8    00000008     (.common:gps_data)
                  200029f0    00000008     (.common:parmbuf)
                  200029f8    00000008     (.common:uip_listenports)
                  20002a00    00000007     (.common:gps_date_time)
                  20002a07    00000001     UIPEthernet.obj (.bss:UIPEthernet)
                  20002a08    00000006     (.common:_ZN15Enc28J60Network10receivePktE)
                  20002a0e    00000006     (.common:time_stamp)
                  20002a14    00000004     UIPClient.obj (.bss:_ZZN9UIPClient7connectE9IPAddresstE4conn)
                  20002a18    00000004     uip_arp.obj (.bss:ipaddr)
                  20002a1c    00000004     uip.obj (.bss:iss)
                  20002a20    00000004     uip_arp.obj (.bss)
                  20002a24    00000004     (.common:Telecom_server_query)
                  20002a28    00000004     (.common:_ZN16UIPEthernetClass14periodic_timerE)
                  20002a2c    00000004     (.common:__dso_handle)
                  20002a30    00000004     (.common:_millis)
                  20002a34    00000004     (.common:startTime)
                  20002a38    00000004     (.common:u32DelayCounter)
                  20002a3c    00000004     (.common:uip_acc32)
                  20002a40    00000004     (.common:uip_appdata)
                  20002a44    00000004     (.common:uip_conn)
                  20002a48    00000004     (.common:uip_draddr)
                  20002a4c    00000004     (.common:uip_hostaddr)
                  20002a50    00000004     (.common:uip_netmask)
                  20002a54    00000004     (.common:uip_sappdata)
                  20002a58    00000004     (.common:uip_udp_conn)
                  20002a5c    00000003     (.common:relay_state)
                  20002a5f    00000001     (.common:System_mode)
                  20002a60    00000002     (.common:_ZN15Enc28J60Network13nextPacketPtrE)
                  20002a62    00000002     (.common:gprs_rx_isr_handler)
                  20002a64    00000002     (.common:uip_len)
                  20002a66    00000002     (.common:uip_slen)
                  20002a68    00000001     (.common:WDT)
                  20002a69    00000001     (.common:gps_handler_state)
                  20002a6a    00000001     (.common:network_status)
                  20002a6b    00000001     (.common:uip_flags)
                  20002a6c    00000001     (.common:voltage_mode)

.stack     0    20002a70    00001800     UNINITIALIZED
                  20002a70    00000004     rtsv7M4_T_le_v4SPD16_eabi.lib : boot_cortex_m.c.obj (.stack)
                  20002a74    000017fc     --HOLE--

.data      0    20004270    000000d0     UNINITIALIZED
                  20004270    0000001b     Telecom_server_query.obj (.data:server_response_str)
                  2000428b    00000004     Enc28J60Network.obj (.data)
                  2000428f    00000001     Dhcp.obj (.data)
                  20004290    00000012     ADC_Core.obj (.data)
                  200042a2    00000002     IO_cntrl.obj (.data)
                  200042a4    00000010     flash_logger.obj (.data:FL_data)
                  200042b4    00000010     rtsv7M4_T_le_v4SPD16_eabi.lib : tmzone.c.obj (.data:_tz)
                  200042c4    0000000d     Telecom_Ethernet.obj (.data)
                  200042d1    00000001     UIPClient.obj (.data:_ZZN9UIPClient7connectE9IPAddresstE10first_call)
                  200042d2    00000002     UIPClient.obj (.data:_ZZN9UIPClient7connectE9IPAddresstE7timeout)
                  200042d4    0000000c     rtsv7M4_T_le_v4SPD16_eabi.lib : exit.c.obj (.data:$O1$$)
                  200042e0    0000000c     UartCore.obj (.data)
                  200042ec    0000000c     gps.obj (.data)
                  200042f8    0000000c     main.obj (.data)
                  20004304    00000008     rtsv7M4_T_le_v4SPD16_eabi.lib : _lock.c.obj (.data:$O1$$)
                  2000430c    00000008                                   : memory.c.obj (.data:$O1$$)
                  20004314    00000008     GLCD.obj (.data)
                  2000431c    00000008     SysTick_Timer.obj (.data)
                  20004324    00000008     UIPEthernet.obj (.data)
                  2000432c    00000006     uip.obj (.data:uip_ethaddr)
                  20004332    00000002     --HOLE--
                  20004334    00000004     _common.obj (.data)
                  20004338    00000004     rtsv7M4_T_le_v4SPD16_eabi.lib : dtor_list.c.obj (.data)
                  2000433c    00000004                                   : rand.c.obj (.data)

.sysmem    0    20004340    00000010     UNINITIALIZED
                  20004340    00000010     rtsv7M4_T_le_v4SPD16_eabi.lib : memory.c.obj (.sysmem)

__llvm_prf_cnts 
*          0    20000000    00000000     UNINITIALIZED

MODULE SUMMARY

       Module                         code    ro data   rw data
       ------                         ----    -------   -------
    .\
       tm4c1233e6pz_startup_ccs.obj   12      620       0      
    +--+------------------------------+-------+---------+---------+
       Total:                         12      620       0      
                                                               
    .\Sources\
       Telecom_Ethernet.obj           3416    49        5295   
       Clock.obj                      4432    44        37     
       gps.obj                        4120    0         96     
       GLCD.obj                       2920    568       8      
       Telecom_server_query.obj       2874    0         424    
       IO_cntrl.obj                   3056    0         10     
       E2P.obj                        2528    0         390    
       main.obj                       2720    4         32     
       ADC_Core.obj                   2124    0         467    
       PC_Cmds.obj                    2536    0         1      
       flashCore.obj                  2508    0         0      
       UartCore.obj                   1468    0         716    
       flash_logger.obj               1840    0         214    
       gprs.obj                       496     0         1038   
       _common.obj                    1296    65        4      
       DS3231.obj                     528     0         0      
       SysTick_Timer.obj              484     0         26     
       WDT.obj                        216     0         1      
       delay.obj                      104     0         0      
       tiot_timer.obj                 88      0         0      
       SPI.obj                        44      0         0      
    +--+------------------------------+-------+---------+---------+
       Total:                         39798   730       8759   
                                                               
    .\Sources\UIPEthernet\
       UIPClient.obj                  3156    267       127    
       Dhcp.obj                       2984    43        21     
       UIPEthernet.obj                2760    10        121    
       UIPUdp.obj                     1976    273       8      
       Dns.obj                        1544    4         8      
       UIPServer.obj                  800     135       8      
    +--+------------------------------+-------+---------+---------+
       Total:                         13220   732       293    
                                                               
    .\Sources\UIPEthernet\mbed\
       Print.obj                      1816    31        0      
       IPAddress.obj                  400     47        8      
       itoa.obj                       402     0         0      
       millis.obj                     28      0         4      
    +--+------------------------------+-------+---------+---------+
       Total:                         2646    78        12     
                                                               
    .\Sources\UIPEthernet\utility\
       uip.obj                        5476    8         355    
       Enc28J60Network.obj            2964    0         12     
       uip_arp.obj                    1508    10        104    
       mempool.obj                    752     0         560    
    +--+------------------------------+-------+---------+---------+
       Total:                         10700   18        1031   
                                                               
    C:/ti/TivaWare_C_Series-2.2.0.295/driverlib/ccs/Debug/driverlib.lib
       gpio.obj                       866     552       0      
       sysctl.obj                     782     108       0      
       interrupt.obj                  172     20        620    
       eeprom.obj                     444     0         0      
       adc.obj                        324     0         0      
       uart.obj                       194     0         0      
       timer.obj                      158     0         0      
       i2c.obj                        142     0         0      
       ssi.obj                        102     0         0      
       watchdog.obj                   86      0         0      
       systick.obj                    56      0         0      
       cpu.obj                        12      0         0      
    +--+------------------------------+-------+---------+---------+
       Total:                         3338    680       620    
                                                               
    C:\ti\ccs1110\ccs\tools\compiler\ti-cgt-arm_20.2.6.LTS\lib\rtsv7M4_T_le_v4SPD16_eabi.lib
       mktime64.c.obj                 696     96        0      
       memory.c.obj                   672     0         8      
       fd_add_t2.asm.obj              438     0         0      
       trgmsg.c.obj                   108     0         288    
       fd_div_t2.asm.obj              310     0         0      
       fd_cmp_t2.asm.obj              268     0         0      
       ctype.c.obj                    0       257       0      
       fd_mul_t2.asm.obj              252     0         0      
       typeinfo.c.obj                 54      193       0      
       dtor_list.c.obj                204     0         8      
       memcpy_t2.asm.obj              156     0         0      
       ull_div_t2.asm.obj             150     0         0      
       memset_t2.asm.obj              122     0         0      
       ll_div_t2.asm.obj              110     0         0      
       copy_decompress_lzss.c.obj     104     0         0      
       autoinit.c.obj                 96      0         0      
       hosttime.c.obj                 96      0         0      
       rand.c.obj                     88      0         4      
       exit.c.obj                     76      0         12     
       atoi.c.obj                     76      0         0      
       fd_toi_t2.asm.obj              72      0         0      
       fd_tou_t2.asm.obj              68      0         0      
       u_divt2.asm.obj                64      0         0      
       boot_cortex_m.c.obj            52      0         0      
       strstr.c.obj                   52      0         0      
       i_tofd_t2.asm.obj              46      0         0      
       strncmp.c.obj                  44      0         0      
       memcmp.c.obj                   36      0         0      
       u_tofd_t2.asm.obj              32      0         0      
       ll_mul_t2.asm.obj              24      0         0      
       strcmp.c.obj                   24      0         0      
       stdlib_typeinfo.cpp.obj        2       21        0      
       guard.c.obj                    22      0         0      
       strcpy.c.obj                   20      0         0      
       strlen.c.obj                   20      0         0      
       isdigit.c.obj                  16      0         0      
       time64.c.obj                   16      0         0      
       tmzone.c.obj                   0       0         16     
       copy_decompress_none.c.obj     14      0         0      
       copy_zero_init.c.obj           12      0         0      
       new.cpp.obj                    12      0         0      
       _lock.c.obj                    2       0         8      
       hostopen.c.obj                 0       0         8      
       pure_virt.c.obj                6       0         0      
       error.c.obj                    4       0         0      
       pre_init.c.obj                 4       0         0      
       div0.asm.obj                   2       0         0      
    +--+------------------------------+-------+---------+---------+
       Total:                         4742    567       352    
                                                               
       Heap:                          0       0         16     
       Stack:                         0       0         6144   
       Linker Generated:              0       147       0      
    +--+------------------------------+-------+---------+---------+
       Grand Total:                   74456   3572      17227  


LINKER GENERATED COPY TABLES

__TI_cinit_table @ 000130d8 records: 3, size/record: 8, table size: 24
	.data: load addr=00013058, load size=0000005f bytes, run addr=20004270, run size=000000d0 bytes, compression=lzss
	.bss: load addr=000130c8, load size=00000008 bytes, run addr=2000026c, run size=00002801 bytes, compression=zero_init
	.vtable: load addr=000130d0, load size=00000008 bytes, run addr=20000000, run size=0000026c bytes, compression=zero_init


LINKER GENERATED HANDLER TABLE

__TI_handler_table @ 000130b8 records: 3, size/record: 4, table size: 12
	index: 0, handler: __TI_zero_init
	index: 1, handler: __TI_decompress_lzss
	index: 2, handler: __TI_decompress_none


GLOBAL SYMBOLS: SORTED ALPHABETICALLY BY Name 

address   name                                                                                                                          
-------   ----                                                                                                                          
20004320  ACVoltReadMillis                                                                                                              
00012465  ADCIntClear                                                                                                                   
00011b3d  ADCIntStatus                                                                                                                  
00011e61  ADCProcessorTrigger                                                                                                           
000114ad  ADCSequenceConfigure                                                                                                          
00011d9d  ADCSequenceDataGet                                                                                                            
0001224d  ADCSequenceEnable                                                                                                             
00010ecf  ADCSequenceStepConfigure                                                                                                      
20002962  Alarms                                                                                                                        
20002322  BCD_MODE                                                                                                                      
0001254f  C$$EXIT                                                                                                                       
0001195f  C$$IO$$                                                                                                                       
00012373  CPUcpsie                                                                                                                      
0000db23  DEBUGUARTIntHandler                                                                                                           
000117c9  EEPROMInit                                                                                                                    
00010bcd  EEPROMProgram                                                                                                                 
000118c1  EEPROMRead                                                                                                                    
2000428b  ENC28J60ControlCS                                                                                                             
200028e2  EXTI_cnt                                                                                                                      
200028f8  Eclient                                                                                                                       
20002788  FLR_log_data                                                                                                                  
200027c8  FL_log_data                                                                                                                   
000045c9  GPIODIntHandler                                                                                                               
00011b99  GPIODirModeSet                                                                                                                
000124f5  GPIOIntClear                                                                                                                  
0001237f  GPIOIntEnable                                                                                                                 
00011e79  GPIOIntRegister                                                                                                               
0001225b  GPIOIntStatus                                                                                                                 
00011359  GPIOIntTypeSet                                                                                                                
000101f9  GPIOPadConfigSet                                                                                                              
000114fd  GPIOPinConfigure                                                                                                              
000124fb  GPIOPinRead                                                                                                                   
00011f99  GPIOPinTypeADC                                                                                                                
00011faf  GPIOPinTypeGPIOInput                                                                                                          
00011e2d  GPIOPinTypeGPIOOutput                                                                                                         
00011fc5  GPIOPinTypeI2C                                                                                                                
00011fdb  GPIOPinTypeI2CSCL                                                                                                             
00011ff1  GPIOPinTypeSSI                                                                                                                
00012007  GPIOPinTypeUART                                                                                                               
00012501  GPIOPinWrite                                                                                                                  
000111dd  HOSTtime64                                                                                                                    
000124b5  I2CMasterBusy                                                                                                                 
0001251f  I2CMasterControl                                                                                                              
00012523  I2CMasterDataGet                                                                                                              
00012527  I2CMasterDataPut                                                                                                              
0001246f  I2CMasterEnable                                                                                                               
00011549  I2CMasterInitExpClk                                                                                                           
000124bd  I2CMasterSlaveAddrSet                                                                                                         
00012269  I2CRxFIFOFlush                                                                                                                
00012277  I2CTxFIFOFlush                                                                                                                
000110a5  IntEnable                                                                                                                     
000121bd  IntMasterEnable                                                                                                               
00011969  IntRegister                                                                                                                   
0000dcad  LTEUARTIntHandler                                                                                                             
20004298  NE_ADC_RAW_MAX                                                                                                                
20004290  PN_ADC_RAW_MAX                                                                                                                
00012459  ResetISR                                                                                                                      
00013034  SHT$$INIT_ARRAY$$Base                                                                                                         
00013058  SHT$$INIT_ARRAY$$Limit                                                                                                        
00011849  SSIConfigSetExpClk                                                                                                            
00012151  SSIDataGetNonBlocking                                                                                                         
00012285  SSIDataPutNonBlocking                                                                                                         
00012479  SSIEnable                                                                                                                     
00010609  SysCtlClockGet                                                                                                                
0001091d  SysCtlClockSet                                                                                                                
00012507  SysCtlDelay                                                                                                                   
0001199d  SysCtlPeripheralDisable                                                                                                       
000119d1  SysCtlPeripheralEnable                                                                                                        
000118f9  SysCtlPeripheralReady                                                                                                         
0001145d  SysCtlPeripheralReset                                                                                                         
0001238d  SysCtlResetCauseGet                                                                                                           
00012061  SysTickEnable                                                                                                                 
00012075  SysTickIntEnable                                                                                                              
0000fce9  SysTickIntHandler                                                                                                             
000121cd  SysTickPeriodSet                                                                                                              
00011e19  SysTick_Handler                                                                                                               
20002a5f  System_mode                                                                                                                   
2000296e  Telecom_Ethernet                                                                                                              
20002a24  Telecom_server_query                                                                                                          
0001123d  TimerConfigure                                                                                                                
00012293  TimerEnable                                                                                                                   
0001252b  TimerIntClear                                                                                                                 
000124c5  TimerIntEnable                                                                                                                
000113eb  TimerIntHandler                                                                                                               
00012163  TimerLoadSet                                                                                                                  
00012175  TimerPrescaleSet                                                                                                              
000124cd  UARTBusy                                                                                                                      
000122a1  UARTCharGetNonBlocking                                                                                                        
000122af  UARTCharPutNonBlocking                                                                                                        
000122bd  UARTCharsAvail                                                                                                                
00011671  UARTConfigSetExpClk                                                                                                           
00011d1d  UARTDisable                                                                                                                   
00012089  UARTEnable                                                                                                                    
0001252f  UARTIntClear                                                                                                                  
000124d5  UARTIntEnable                                                                                                                 
00012483  UARTIntStatus                                                                                                                 
20002a07  UIPEthernet                                                                                                                   
20002a68  WDT                                                                                                                           
0001248d  WatchdogEnable                                                                                                                
0001250d  WatchdogIntClear                                                                                                              
00012497  WatchdogIntEnable                                                                                                             
00010af5  WatchdogIntHandler                                                                                                            
00012399  WatchdogIntTypeSet                                                                                                            
000124dd  WatchdogLock                                                                                                                  
000122cb  WatchdogLockState                                                                                                             
00012533  WatchdogReloadSet                                                                                                             
000124a1  WatchdogResetEnable                                                                                                           
000123a5  WatchdogUnlock                                                                                                                
0000bd67  _Z10Chip_Erasev                                                                                                               
0000c52f  _Z10GetAdcDatav                                                                                                               
0000f92b  _Z10I2CReceivev                                                                                                               
0000499d  _Z10ToggleLEDsv                                                                                                               
00001a85  _Z10asUnixTimeiiiiii                                                                                                          
0000d0bf  _Z10clear_logsv                                                                                                               
00007f09  _Z10getREQmodev                                                                                                               
0000ebf3  _Z10my_sprintfPciz                                                                                                            
00007ef5  _Z10setREQmode13gprs_status_t                                                                                                 
000072e9  _Z10updateGlcdv                                                                                                               
00002355  _Z10update_rtcPci                                                                                                             
00003751  _Z10utcTOlocalP15gps_date_time_t                                                                                              
000113b1  _Z10vTimerInitv                                                                                                               
00003db1  _Z10ws_connectv                                                                                                               
00003fb5  _Z10ws_disconnv                                                                                                               
00004a2d  _Z11SetODU_Mode14voltage_mode_t                                                                                               
0000bb9b  _Z11SetSI_Inputv                                                                                                              
0000bbb7  _Z11SetSO_Inputv                                                                                                              
0000ddcd  _Z11Usendbufferj                                                                                                              
0000d0ef  _Z11clear_flashv                                                                                                              
0000efbf  _Z11count_commaPct                                                                                                            
0000b7bd  _Z11flashCopyMRPcS_                                                                                                           
0000eb9d  _Z11getChecksumPhc                                                                                                            
00001dc1  _Z11getDateTimev                                                                                                              
0000d10d  _Z11get_log_cnti                                                                                                              
0000fb29  _Z11get_rx_dataPc                                                                                                             
00002b49  _Z11gps_handlerv                                                                                                              
00009a73  _Z11init_configv                                                                                                              
0000f8cd  _Z11vRTCI2CInitv                                                                                                              
0000bd79  _Z12ADC_PortIniti                                                                                                             
00007055  _Z12AlarmDisplayv                                                                                                             
00007461  _Z12Query_decodePcPKcS_i                                                                                                      
0000babb  _Z12Sector_Erasem                                                                                                             
0000bb8d  _Z12SetSI_Outputv                                                                                                             
0000bba9  _Z12SetSO_Outputv                                                                                                             
00001ad5  _Z12calcTimeDiff12time_stamp_tS_                                                                                              
0000fb5b  _Z12check_stringPKcPcPi                                                                                                       
0000d0db  _Z12clear_log_idv                                                                                                             
0000b64f  _Z12flashSwResetv                                                                                                             
0000cfc1  _Z12flashWriteTRv                                                                                                             
00009791  _Z12getRAM_Alarmv                                                                                                             
00009f4b  _Z12getRSTreasonv                                                                                                             
00002921  _Z12get_locationv                                                                                                             
0000d1b5  _Z12get_log_dataimPc                                                                                                          
00004393  _Z12get_pkt_recvv                                                                                                             
00002843  _Z12is_leap_yearh                                                                                                             
00007581  _Z12server_queryv                                                                                                             
00009759  _Z12setRAM_Alarm16Alarm_sts_bits_tb                                                                                           
00004399  _Z12set_pkt_recvb                                                                                                             
00004971  _Z12vEXTIpinInitv                                                                                                             
0000506d  _Z12vEarthDetectv                                                                                                             
000048f9  _Z12vGPIO_Togglejhh                                                                                                           
0000471f  _Z12vLEDGPIOInitv                                                                                                             
0000dabb  _Z12vLTEUARTInitv                                                                                                             
00011bc5  _Z13SPI_transrecvjh                                                                                                           
000025fd  _Z13add_date_timeP12time_stamp_tS0_j                                                                                          
00004bc5  _Z13controlRelaysv                                                                                                            
0000ee35  _Z13delete_SubStrPcS_c                                                                                                        
0000b667  _Z13enable_wp_pinv                                                                                                            
000039a7  _Z13ethernet_initv                                                                                                            
0000deb5  _Z13flushRxBufferi                                                                                                            
0000dee9  _Z13flushTxBufferi                                                                                                            
0000c2c1  _Z13getODUCurrentv                                                                                                            
0000c385  _Z13getODUVoltagev                                                                                                            
000097cf  _Z13getRAM_Statusv                                                                                                            
0000af7b  _Z13get_device_idv                                                                                                            
0000c503  _Z13readACVoltagev                                                                                                            
00009797  _Z13setRAM_Statushb                                                                                                           
0000aed9  _Z13set_device_idPc                                                                                                           
0000fe27  _Z13vMAIN_DelayMSj                                                                                                            
0000dd11  _Z13vUART_SendChrjh                                                                                                           
0000dda1  _Z13vUART_SendIntji                                                                                                           
0000dd2f  _Z13vUART_SendStrjPKh                                                                                                         
00006a61  _Z14GLCD_Initalizev                                                                                                           
00006bb9  _Z14GLCD_WriteCharc                                                                                                           
000069e9  _Z14GLCD_WriteDatah                                                                                                           
0000b3ad  _Z14Reset_Hold_Lowv                                                                                                           
000024dd  _Z14StrToTimeStampPh                                                                                                          
00011d3d  _Z14__libcpp_isinfIdEbT_                                                                                                      
00011d5d  _Z14__libcpp_isnanIdEbT_                                                                                                      
000041d9  _Z14ether_tcp_sendPci                                                                                                         
00001c1f  _Z14getDaysOfMonthcj                                                                                                          
0000c44f  _Z14getSMPSVoltagev                                                                                                           
000038ed  _Z14get_gps_statusv                                                                                                           
00003911  _Z14get_loc_statusv                                                                                                           
00004e91  _Z14isSupplyStablev                                                                                                           
0000b711  _Z14readContToBuffmjPc                                                                                                        
000038fd  _Z14set_gps_status13gprs_status_t                                                                                             
00003917  _Z14set_loc_statusb                                                                                                           
0000da6d  _Z14vDEBUGUARTInitv                                                                                                           
0000992d  _Z14write_defaultsj                                                                                                           
00006d7d  _Z15Data_Screen_lcdv                                                                                                          
00006b8b  _Z15GLCD_Clear_Lineh                                                                                                          
000044c9  _Z15HTTP_valid_codePc                                                                                                         
0000b3bb  _Z15Reset_Hold_Highv                                                                                                          
0000192b  _Z15check_date_timePcS_                                                                                                       
00005e0b  _Z15ether_cs_activev                                                                                                          
00003ed9  _Z15ether_ping_sendv                                                                                                          
0000b47f  _Z15flashClrTR_Logsv                                                                                                          
0000cd59  _Z15flashWriteMR_BRv                                                                                                          
0000fae9  _Z15generateMaskKeyPh                                                                                                         
00010bbd  _Z15getWDTreset_flgv                                                                                                          
0000d40b  _Z15get_unsent_logsv                                                                                                          
0000fc79  _Z15get_upload_datav                                                                                                          
[...]
00012f30  _ZTVN10__cxxabiv121__vmi_class_type_infoE                                                                                     
00012f40  _ZTSSt9type_info                                                                                                              
00012f50  _ZTI9IPAddress                                                                                                                
00012f5c  _ZTIN10__cxxabiv117__class_type_infoE                                                                                         
00012f68  _ZTIN10__cxxabiv120__si_class_type_infoE                                                                                      
00012f74  _ZTIN10__cxxabiv121__vmi_class_type_infoE                                                                                     
00012f80  _ZTS9IPAddress                                                                                                                
00012f8b  _ZTS9Printable                                                                                                                
00012f96  _ZTS9UIPClient                                                                                                                
00012fa1  _ZTS9UIPServer                                                                                                                
00012fbc  _ZTI3UDP                                                                                                                      
00012fc4  _ZTI5Print                                                                                                                    
00012fcc  _ZTI6Client                                                                                                                   
00012fd4  _ZTI6Server                                                                                                                   
00012fdc  _ZTI9Printable                                                                                                                
00012fe4  _ZTISt9type_info                                                                                                              
00012fec  _ZTS6Client                                                                                                                   
00012ff4  _ZTS6Server                                                                                                                   
00012ffc  _ZTS6UIPUDP                                                                                                                   
00013004  _ZTS5Print                                                                                                                    
00013023  _ZTS3UDP                                                                                                                      
00013034  SHT$$INIT_ARRAY$$Base                                                                                                         
00013058  SHT$$INIT_ARRAY$$Limit                                                                                                        
000130b8  __TI_Handler_Table_Base                                                                                                       
000130c4  __TI_Handler_Table_Limit                                                                                                      
000130d8  __TI_CINIT_Base                                                                                                               
000130f0  __TI_CINIT_Limit                                                                                                              
20000000  __start___llvm_prf_cnts                                                                                                       
20000000  __stop___llvm_prf_cnts                                                                                                        
20000000  g_pfnRAMVectors                                                                                                               
2000026c  ethernet_rx_buff                                                                                                              
20000ca0  ethernet_tx_buff                                                                                                              
200016d0  _ZN10MemoryPool6blocksE                                                                                                       
20001900  gprs_rx_buff                                                                                                                  
20001afc  gprs_tx_buff                                                                                                                  
20001cf8  dummy_json_string                                                                                                             
20001e80  adc                                                                                                                           
20001ffc  display_tx                                                                                                                    
2000212c  __CIOBUF_                                                                                                                     
2000224c  cloud_config                                                                                                                  
20002322  BCD_MODE                                                                                                                      
20002324  display_uart_rx                                                                                                               
200023c4  pc_uart_rx                                                                                                                    
20002464  e2p_cloud_config                                                                                                              
200024e4  uip_conns                                                                                                                     
20002564  _ZN9UIPClient8all_dataE                                                                                                       
200025d4  uip_buf                                                                                                                       
200026f4  pc_uart_tx                                                                                                                    
20002744  gps                                                                                                                           
20002788  FLR_log_data                                                                                                                  
200027c8  FL_log_data                                                                                                                   
20002808  uip_udp_conns                                                                                                                 
20002848  ram_data                                                                                                                      
2000287e  adc_arr                                                                                                                       
200028a7  time_main                                                                                                                     
200028c6  measurements                                                                                                                  
200028e2  EXTI_cnt                                                                                                                      
200028e4  gprs                                                                                                                          
200028f8  Eclient                                                                                                                       
20002908  client                                                                                                                        
20002918  e2p_device_info                                                                                                               
20002928  e2p_location_info                                                                                                             
20002938  freq_updated_data                                                                                                             
20002948  scheduler                                                                                                                     
20002962  Alarms                                                                                                                        
2000296e  Telecom_Ethernet                                                                                                              
200029c8  _ZN16UIPEthernetClass17_dnsServerAddressE                                                                                     
200029d8  e2p_config_time                                                                                                               
200029e0  e2p_router_config                                                                                                             
200029e8  gps_data                                                                                                                      
200029f0  parmbuf                                                                                                                       
200029f8  uip_listenports                                                                                                               
20002a00  gps_date_time                                                                                                                 
20002a07  UIPEthernet                                                                                                                   
20002a08  _ZN15Enc28J60Network10receivePktE                                                                                             
20002a0e  time_stamp                                                                                                                    
20002a14  _ZZN9UIPClient7connectE9IPAddresstE4conn                                                                                      
20002a24  Telecom_server_query                                                                                                          
20002a28  _ZN16UIPEthernetClass14periodic_timerE                                                                                        
20002a2c  __dso_handle                                                                                                                  
20002a30  _millis                                                                                                                       
20002a34  startTime                                                                                                                     
20002a38  u32DelayCounter                                                                                                               
20002a3c  uip_acc32                                                                                                                     
20002a40  uip_appdata                                                                                                                   
20002a44  uip_conn                                                                                                                      
20002a48  uip_draddr                                                                                                                    
20002a4c  uip_hostaddr                                                                                                                  
20002a50  uip_netmask                                                                                                                   
20002a54  uip_sappdata                                                                                                                  
20002a58  uip_udp_conn                                                                                                                  
20002a5c  relay_state                                                                                                                   
20002a5f  System_mode                                                                                                                   
20002a60  _ZN15Enc28J60Network13nextPacketPtrE                                                                                          
20002a62  gprs_rx_isr_handler                                                                                                           
20002a64  uip_len                                                                                                                       
20002a66  uip_slen                                                                                                                      
20002a68  WDT                                                                                                                           
20002a69  gps_handler_state                                                                                                             
20002a6a  network_status                                                                                                                
20002a6b  uip_flags                                                                                                                     
20002a6c  voltage_mode                                                                                                                  
20002a70  __stack                                                                                                                       
20002c70  __STACK_TOP                                                                                                                   
20004270  __STACK_END                                                                                                                   
20004270  server_response_str                                                                                                           
2000428b  ENC28J60ControlCS                                                                                                             
2000428c  _ZN15Enc28J60Network4bankE                                                                                                    
2000428d  _ZN15Enc28J60Network6erevidE                                                                                                  
2000428e  _ZN15Enc28J60Network17broadcast_enabledE                                                                                      
20004290  PN_ADC_RAW_MAX                                                                                                                
20004298  NE_ADC_RAW_MAX                                                                                                                
200042b4  _tz                                                                                                                           
200042d1  _ZZN9UIPClient7connectE9IPAddresstE10first_call                                                                               
200042d2  _ZZN9UIPClient7connectE9IPAddresstE7timeout                                                                                   
200042d4  __TI_cleanup_ptr                                                                                                              
200042d8  __TI_dtors_ptr                                                                                                                
200042dc  __TI_enable_exit_profile_output                                                                                               
200042e0  g_bIntFlag                                                                                                                    
200042ec  gps_interval_start                                                                                                            
200042f0  cnt_gps_1sec                                                                                                                  
200042f8  upload_time                                                                                                                   
200042fc  save_offline_time                                                                                                             
20004300  relay_startup_time                                                                                                            
20004304  _lock                                                                                                                         
20004308  _unlock                                                                                                                       
20004314  screen_x                                                                                                                      
2000431c  millis_cnt                                                                                                                    
20004320  ACVoltReadMillis                                                                                                              
20004324  _ZN16UIPEthernetClass9in_packetE                                                                                              
20004325  _ZN16UIPEthernetClass10uip_packetE                                                                                            
20004326  _ZN16UIPEthernetClass10uip_hdrlenE                                                                                            
20004327  _ZN16UIPEthernetClass11packetstateE                                                                                           
20004328  _ZN16UIPEthernetClass5_dhcpE                                                                                                  
2000432c  uip_ethaddr                                                                                                                   
20004340  _sys_memory                                                                                                                   
ffffffff  __TI_pprof_out_hndl                                                                                                           
ffffffff  __TI_prof_data_size                                                                                                           
ffffffff  __TI_prof_data_start                                                                                                          
ffffffff  __binit__                                                                                                                     
ffffffff  __c_args__                                                                                                                    
ffffffff  binit                                                                                                                         
UNDEFED   __mpu_init                                                                                                                    
UNDEFED   _system_post_cinit                                                                                                            

[904 symbols]
