******************************************************************************
                  TI ARM Linker PC v20.2.6                     
******************************************************************************
>> Linked Tue Jun 11 11:21:27 2024

OUTPUT FILE NAME:   <Telecom_IoT_v2_00.out>
ENTRY POINT SYMBOL: "_c_int00_noargs"  address: 0000b85d


MEMORY CONFIGURATION

         name            origin    length      used     unused   attr    fill
----------------------  --------  ---------  --------  --------  ----  --------
  FLASH                 00000000   00020000  0000c06e  00013f92  R  X
  SRAM                  20000000   00008000  0000268a  00005976  RW X


SEGMENT ALLOCATION MAP

run origin  load origin   length   init length attrs members
----------  ----------- ---------- ----------- ----- -------
00000000    00000000    0000c070   0000c070    r-x
  00000000    00000000    0000026c   0000026c    r-- .intvecs
  0000026c    0000026c    0000ba72   0000ba72    r-x .text
  0000bce0    0000bce0    00000308   00000308    r-- .const
  0000bfe8    0000bfe8    00000088   00000088    r-- .cinit
20000000    20000000    00002690   00000000    rw-
  20000000    20000000    00001800   00000000    rw- .stack
  20001800    20001800    00000dc2   00000000    rw- .bss
  200025c8    200025c8    000000c8   00000000    rw- .data


SECTION ALLOCATION MAP

 output                                  attributes/
section   page    origin      length       input sections
--------  ----  ----------  ----------   ----------------
.intvecs   0    00000000    0000026c     
                  00000000    0000026c     tm4c1233e6pz_startup_ccs.obj (.intvecs)

.text      0    0000026c    0000ba72     
                  0000026c    00002984     gprs.obj (.text)
                  00002bf0    00000fec     gps.obj (.text)
                  00003bdc    00000f70     Clock.obj (.text)
                  00004b4c    00000f50     Telecom_server_query.obj (.text)
                  00005a9c    00000ccc     flash_logger.obj (.text)
                  00006768    00000a6c     PC_Cmds.obj (.text)
                  000071d4    00000a30     E2P.obj (.text)
                  00007c04    000009c0     flashCore.obj (.text)
                  000085c4    00000780     ADC_Core.obj (.text)
                  00008d44    000005e0     UartCore.obj (.text)
                  00009324    000005bc     main.obj (.text)
                  000098e0    000004cc     _common.obj (.text)
                  00009dac    00000354     IO_cntrl.obj (.text)
                  0000a100    000002b8     rtsv7M4_T_le_v4SPD16_eabi.lib : mktime64.c.obj (.text:__mktime64)
                  0000a3b8    00000210     DS3231.obj (.text)
                  0000a5c8    000001bc     Web_Comm.obj (.text)
                  0000a784    00000194     SysTick_Timer.obj (.text)
                  0000a918    0000016c     driverlib.lib : gpio.obj (.text:GPIOPadConfigSet)
                  0000aa84    00000136     rtsv7M4_T_le_v4SPD16_eabi.lib : fd_div_t2.asm.obj (.text)
                  0000abba    00000002                                   : _lock.c.obj (.text:_nop)
                  0000abbc    00000118     driverlib.lib : sysctl.obj (.text:SysCtlClockGet)
                  0000acd4    000000fc     rtsv7M4_T_le_v4SPD16_eabi.lib : fd_mul_t2.asm.obj (.text)
                  0000add0    000000f4     driverlib.lib : sysctl.obj (.text:SysCtlClockSet)
                  0000aec4    000000c4                   : eeprom.obj (.text:EEPROMProgram)
                  0000af88    0000009c     rtsv7M4_T_le_v4SPD16_eabi.lib : memcpy_t2.asm.obj (.text)
                  0000b024    00000096                                   : ull_div_t2.asm.obj (.text)
                  0000b0ba    0000007a     driverlib.lib : adc.obj (.text:ADCSequenceStepConfigure)
                  0000b134    0000007a     rtsv7M4_T_le_v4SPD16_eabi.lib : memset_t2.asm.obj (.text)
                  0000b1ae    00000002                                   : div0.asm.obj (.text)
                  0000b1b0    0000006e                                   : ltoa.c.obj (.text:ltoa)
                  0000b21e    0000006e                                   : ll_div_t2.asm.obj (.text)
                  0000b28c    00000068     driverlib.lib : interrupt.obj (.text:IntEnable)
                  0000b2f4    00000068     rtsv7M4_T_le_v4SPD16_eabi.lib : copy_decompress_lzss.c.obj (.text:decompress:lzss:__TI_decompress_lzss)
                  0000b35c    00000060                                   : hosttime.c.obj (.text:HOSTtime64)
                  0000b3bc    00000058     driverlib.lib : gpio.obj (.text:GPIOIntTypeSet)
                  0000b414    00000050                   : sysctl.obj (.text:SysCtlPeripheralReset)
                  0000b464    0000004e                   : adc.obj (.text:ADCSequenceConfigure)
                  0000b4b2    00000002     --HOLE-- [fill = 0]
                  0000b4b4    0000004c                   : gpio.obj (.text:GPIOPinConfigure)
                  0000b500    0000004c                   : i2c.obj (.text:I2CMasterInitExpClk)
                  0000b54c    0000004c     rtsv7M4_T_le_v4SPD16_eabi.lib : atoi.c.obj (.text:atoi)
                  0000b598    00000046     driverlib.lib : uart.obj (.text:UARTConfigSetExpClk)
                  0000b5de    00000002     --HOLE-- [fill = 0]
                  0000b5e0    00000044     rtsv7M4_T_le_v4SPD16_eabi.lib : autoinit.c.obj (.text:__TI_auto_init_nobinit_nopinit:__TI_auto_init_nobinit_nopinit)
                  0000b624    00000044                                   : fd_tou_t2.asm.obj (.text)
                  0000b668    00000040     driverlib.lib : eeprom.obj (.text:EEPROMInit)
                  0000b6a8    0000003c                   : eeprom.obj (.text:_EEPROMSectorMaskSet)
                  0000b6e4    00000038                   : eeprom.obj (.text:EEPROMRead)
                  0000b71c    00000038                   : sysctl.obj (.text:SysCtlPeripheralReady)
                  0000b754    00000038     rtsv7M4_T_le_v4SPD16_eabi.lib : trgmsg.c.obj (.text:__TI_writemsg)
                  0000b78c    00000034     driverlib.lib : sysctl.obj (.text:SysCtlPeripheralDisable)
                  0000b7c0    00000034                   : sysctl.obj (.text:SysCtlPeripheralEnable)
                  0000b7f4    00000034                   : eeprom.obj (.text:_EEPROMSectorMaskClear)
                  0000b828    00000034     rtsv7M4_T_le_v4SPD16_eabi.lib : trgmsg.c.obj (.text:__TI_readmsg)
                  0000b85c    00000034                                   : boot_cortex_m.c.obj (.text:_c_int00_noargs:_c_int00_noargs)
                  0000b890    00000034                                   : rand.c.obj (.text:rand)
                  0000b8c4    00000034                                   : strstr.c.obj (.text:strstr)
                  0000b8f8    0000002e     driverlib.lib : adc.obj (.text:ADCIntStatus)
                  0000b926    0000002c                   : gpio.obj (.text:GPIODirModeSet)
                  0000b952    0000002c     rtsv7M4_T_le_v4SPD16_eabi.lib : strncmp.c.obj (.text:strncmp)
                  0000b97e    00000024                                   : memcmp.c.obj (.text:memcmp)
                  0000b9a2    00000002     --HOLE-- [fill = 0]
                  0000b9a4    00000024                                   : rand.c.obj (.text:srand)
                  0000b9c8    00000020     driverlib.lib : uart.obj (.text:UARTDisable)
                  0000b9e8    00000020     rtsv7M4_T_le_v4SPD16_eabi.lib : u_tofd_t2.asm.obj (.text)
                  0000ba08    0000001e     driverlib.lib : adc.obj (.text:ADCSequenceDataGet)
                  0000ba26    0000001a                   : gpio.obj (.text:GPIOPinTypeGPIOOutput)
                  0000ba40    00000018                   : adc.obj (.text:ADCProcessorTrigger)
                  0000ba58    00000018     rtsv7M4_T_le_v4SPD16_eabi.lib : ll_mul_t2.asm.obj (.text)
                  0000ba70    00000018                                   : strcmp.c.obj (.text:strcmp)
                  0000ba88    00000016     driverlib.lib : gpio.obj (.text:GPIOPinTypeADC)
                  0000ba9e    00000016                   : gpio.obj (.text:GPIOPinTypeGPIOInput)
                  0000bab4    00000016                   : gpio.obj (.text:GPIOPinTypeI2C)
                  0000baca    00000016                   : gpio.obj (.text:GPIOPinTypeI2CSCL)
                  0000bae0    00000016                   : gpio.obj (.text:GPIOPinTypeUART)
                  0000baf6    00000002     --HOLE-- [fill = 0]
                  0000baf8    00000014                   : systick.obj (.text:SysTickEnable)
                  0000bb0c    00000014                   : systick.obj (.text:SysTickIntEnable)
                  0000bb20    00000014                   : uart.obj (.text:UARTEnable)
                  0000bb34    00000014     rtsv7M4_T_le_v4SPD16_eabi.lib : strcpy.c.obj (.text:strcpy)
                  0000bb48    00000014                                   : strlen.c.obj (.text:strlen)
                  0000bb5c    00000012     Telecom_server_query.obj (.text:_Z3absl)
                  0000bb6e    00000010     driverlib.lib : interrupt.obj (.text:IntMasterEnable)
                  0000bb7e    00000002     --HOLE-- [fill = 0]
                  0000bb80    00000010                   : sysctl.obj (.text:SysCtlReset)
                  0000bb90    00000010                   : systick.obj (.text:SysTickPeriodSet)
                  0000bba0    00000010                   : eeprom.obj (.text:_EEPROMWaitForDone)
                  0000bbb0    00000010     rtsv7M4_T_le_v4SPD16_eabi.lib : time64.c.obj (.text:__time64)
                  0000bbc0    00000010                                   : isdigit.c.obj (.text:isdigit)
                  0000bbd0    0000000e     driverlib.lib : adc.obj (.text:ADCSequenceEnable)
                  0000bbde    0000000e                   : gpio.obj (.text:GPIOIntStatus)
                  0000bbec    0000000e                   : i2c.obj (.text:I2CRxFIFOFlush)
                  0000bbfa    0000000e                   : i2c.obj (.text:I2CTxFIFOFlush)
                  0000bc08    0000000e                   : uart.obj (.text:UARTCharGetNonBlocking)
                  0000bc16    0000000e                   : uart.obj (.text:UARTCharPutNonBlocking)
                  0000bc24    0000000e                   : uart.obj (.text:UARTCharsAvail)
                  0000bc32    0000000e     rtsv7M4_T_le_v4SPD16_eabi.lib : copy_decompress_none.c.obj (.text:decompress:none:__TI_decompress_none)
                  0000bc40    0000000c     driverlib.lib : cpu.obj (.text:CPUcpsie)
                  0000bc4c    0000000c                   : gpio.obj (.text:GPIOIntEnable)
                  0000bc58    0000000c     rtsv7M4_T_le_v4SPD16_eabi.lib : copy_zero_init.c.obj (.text:decompress:ZI:__TI_zero_init)
                  0000bc64    0000000c     tm4c1233e6pz_startup_ccs.obj (.text)
                  0000bc70    0000000a     driverlib.lib : adc.obj (.text:ADCIntClear)
                  0000bc7a    0000000a                   : i2c.obj (.text:I2CMasterEnable)
                  0000bc84    0000000a                   : uart.obj (.text:UARTIntStatus)
                  0000bc8e    00000008                   : i2c.obj (.text:I2CMasterBusy)
                  0000bc96    00000008                   : i2c.obj (.text:I2CMasterSlaveAddrSet)
                  0000bc9e    00000008                   : uart.obj (.text:UARTBusy)
                  0000bca6    00000008                   : uart.obj (.text:UARTIntEnable)
                  0000bcae    00000006                   : gpio.obj (.text:GPIOIntClear)
                  0000bcb4    00000006                   : gpio.obj (.text:GPIOPinRead)
                  0000bcba    00000006                   : gpio.obj (.text:GPIOPinWrite)
                  0000bcc0    00000006                   : sysctl.obj (.text:SysCtlDelay)
                  0000bcc6    00000004                   : i2c.obj (.text:I2CMasterControl)
                  0000bcca    00000004                   : i2c.obj (.text:I2CMasterDataGet)
                  0000bcce    00000004                   : i2c.obj (.text:I2CMasterDataPut)
                  0000bcd2    00000004                   : uart.obj (.text:UARTIntClear)
                  0000bcd6    00000004     rtsv7M4_T_le_v4SPD16_eabi.lib : pre_init.c.obj (.text:_system_pre_init)
                  0000bcda    00000004                                   : exit.c.obj (.text:abort:abort)

.const     0    0000bce0    00000308     
                  0000bce0    00000101     rtsv7M4_T_le_v4SPD16_eabi.lib : ctype.c.obj (.const:.string:_ctypes_)
                  0000bde1    00000003     --HOLE-- [fill = 0]
                  0000bde4    00000090     driverlib.lib : gpio.obj (.const:g_pui32GPIOBaseAddrs)
                  0000be74    0000006c                   : sysctl.obj (.const:g_pui32Xtals)
                  0000bee0    00000060     rtsv7M4_T_le_v4SPD16_eabi.lib : mktime64.c.obj (.const:$O1$$)
                  0000bf40    00000041     _common.obj (.const:.string:$P$T0$1)
                  0000bf81    00000003     --HOLE-- [fill = 0]
                  0000bf84    00000024     Clock.obj (.const:$P$T0$1)
                  0000bfa8    00000019     gprs.obj (.const:.string:$P$T0$11)
                  0000bfc1    00000003     --HOLE-- [fill = 0]
                  0000bfc4    00000014     driverlib.lib : interrupt.obj (.const:g_pui32EnRegs)
                  0000bfd8    00000008     Clock.obj (.const:$P$T1$2)
                  0000bfe0    00000008     gprs.obj (.const:.string:$P$T1$18)

.cinit     0    0000bfe8    00000088     
                  0000bfe8    0000005d     (.cinit..data.load) [load image, compression = lzss]
                  0000c045    00000003     --HOLE-- [fill = 0]
                  0000c048    0000000c     (__TI_handler_table)
                  0000c054    00000004     --HOLE-- [fill = 0]
                  0000c058    00000008     (.cinit..bss.load) [load image, compression = zero_init]
                  0000c060    00000010     (__TI_cinit_table)

.init_array 
*          0    00000000    00000000     UNINITIALIZED

.bss       0    20001800    00000dc2     UNINITIALIZED
                  20001800    000001fc     (.common:gprs_rx_buff)
                  200019fc    000001fc     (.common:gprs_tx_buff)
                  20001bf8    00000188     (.common:dummy_json_string)
                  20001d80    0000017c     (.common:adc)
                  20001efc    00000130     (.common:display_tx)
                  2000202c    00000120     rtsv7M4_T_le_v4SPD16_eabi.lib : trgmsg.c.obj (.bss:_CIOBUF_)
                  2000214c    000000d6     (.common:cloud_config)
                  20002222    00000002     (.common:EXTI_cnt)
                  20002224    000000a0     (.common:display_uart_rx)
                  200022c4    000000a0     (.common:pc_uart_rx)
                  20002364    00000080     (.common:e2p_cloud_config)
                  200023e4    00000050     (.common:pc_uart_tx)
                  20002434    00000043     (.common:gps)
                  20002477    00000040     (.common:FL_log_data)
                  200024b7    00000036     (.common:ram_data)
                  200024ed    0000001f     (.common:time_main)
                  2000250c    0000001c     (.common:measurements)
                  20002528    00000014     (.common:gprs)
                  2000253c    00000012     (.common:freq_updated_data)
                  2000254e    00000010     (.common:e2p_device_info)
                  2000255e    00000010     (.common:e2p_location_info)
                  2000256e    0000000e     (.common:scheduler)
                  2000257c    0000000c     (.common:Alarms)
                  20002588    00000008     (.common:e2p_config_time)
                  20002590    00000008     (.common:e2p_router_config)
                  20002598    00000008     (.common:gps_data)
                  200025a0    00000008     (.common:parmbuf)
                  200025a8    00000007     (.common:gprs_date_time)
                  200025af    00000006     (.common:time_stamp)
                  200025b5    00000004     (.common:Telecom_server_query)
                  200025b9    00000002     (.common:gprs_rx_isr_handler)
                  200025bb    00000001     (.common:System_mode)
                  200025bc    00000004     (.common:u32DelayCounter)
                  200025c0    00000001     (.common:gps_handler_state)
                  200025c1    00000001     (.common:router_mode)

.data      0    200025c8    000000c8     UNINITIALIZED
                  200025c8    00000041     gprs.obj (.data)
                  20002609    0000001b     Telecom_server_query.obj (.data:server_response_str)
                  20002624    00000014     Web_Comm.obj (.data)
                  20002638    00000010     flash_logger.obj (.data:FL_data)
                  20002648    00000010     rtsv7M4_T_le_v4SPD16_eabi.lib : tmzone.c.obj (.data:_tz)
                  20002658    0000000c     gps.obj (.data)
                  20002664    00000008     rtsv7M4_T_le_v4SPD16_eabi.lib : _lock.c.obj (.data:$O1$$)
                  2000266c    00000004     SysTick_Timer.obj (.data)
                  20002670    00000008     ADC_Core.obj (.data)
                  20002678    00000008     UartCore.obj (.data)
                  20002680    00000008     main.obj (.data)
                  20002688    00000004     _common.obj (.data)
                  2000268c    00000004     rtsv7M4_T_le_v4SPD16_eabi.lib : rand.c.obj (.data)

.stack     0    20000000    00001800     UNINITIALIZED
                  20000000    00000004     rtsv7M4_T_le_v4SPD16_eabi.lib : boot_cortex_m.c.obj (.stack)
                  20000004    000017fc     --HOLE--

__llvm_prf_cnts 
*          0    20000000    00000000     UNINITIALIZED

MODULE SUMMARY

       Module                         code    ro data   rw data
       ------                         ----    -------   -------
    .\
       tm4c1233e6pz_startup_ccs.obj   12      620       0      
    +--+------------------------------+-------+---------+---------+
       Total:                         12      620       0      
                                                               
    .\Sources\
       gprs.obj                       10628   33        1110   
       Telecom_server_query.obj       3938    0         423    
       gps.obj                        4076    0         88     
       Clock.obj                      3952    44        37     
       flash_logger.obj               3276    0         152    
       E2P.obj                        2608    0         390    
       PC_Cmds.obj                    2668    0         1      
       flashCore.obj                  2496    0         0      
       ADC_Core.obj                   1920    0         416    
       UartCore.obj                   1504    0         712    
       main.obj                       1468    0         20     
       _common.obj                    1228    65        4      
       IO_cntrl.obj                   852     0         3      
       DS3231.obj                     528     0         0      
       Web_Comm.obj                   444     0         20     
       SysTick_Timer.obj              404     0         22     
    +--+------------------------------+-------+---------+---------+
       Total:                         41990   142       3398   
                                                               
    C:/ti/TivaWare_C_Series-2.2.0.295/driverlib/ccs/Debug/driverlib.lib
       gpio.obj                       752     144       0      
       sysctl.obj                     786     108       0      
       eeprom.obj                     444     0         0      
       adc.obj                        324     0         0      
       uart.obj                       194     0         0      
       i2c.obj                        142     0         0      
       interrupt.obj                  120     20        0      
       systick.obj                    56      0         0      
       cpu.obj                        12      0         0      
    +--+------------------------------+-------+---------+---------+
       Total:                         2830    272       0      
                                                               
    C:\ti\ccs1110\ccs\tools\compiler\ti-cgt-arm_20.2.6.LTS\lib\rtsv7M4_T_le_v4SPD16_eabi.lib
       mktime64.c.obj                 696     96        0      
       trgmsg.c.obj                   108     0         288    
       fd_div_t2.asm.obj              310     0         0      
       ctype.c.obj                    0       257       0      
       fd_mul_t2.asm.obj              252     0         0      
       memcpy_t2.asm.obj              156     0         0      
       ull_div_t2.asm.obj             150     0         0      
       memset_t2.asm.obj              122     0         0      
       ll_div_t2.asm.obj              110     0         0      
       ltoa.c.obj                     110     0         0      
       copy_decompress_lzss.c.obj     104     0         0      
       hosttime.c.obj                 96      0         0      
       rand.c.obj                     88      0         4      
       atoi.c.obj                     76      0         0      
       autoinit.c.obj                 68      0         0      
       fd_tou_t2.asm.obj              68      0         0      
       boot_cortex_m.c.obj            52      0         0      
       strstr.c.obj                   52      0         0      
       strncmp.c.obj                  44      0         0      
       memcmp.c.obj                   36      0         0      
       u_tofd_t2.asm.obj              32      0         0      
       ll_mul_t2.asm.obj              24      0         0      
       strcmp.c.obj                   24      0         0      
       strcpy.c.obj                   20      0         0      
       strlen.c.obj                   20      0         0      
       isdigit.c.obj                  16      0         0      
       time64.c.obj                   16      0         0      
       tmzone.c.obj                   0       0         16     
       copy_decompress_none.c.obj     14      0         0      
       copy_zero_init.c.obj           12      0         0      
       _lock.c.obj                    2       0         8      
       hostopen.c.obj                 0       0         8      
       exit.c.obj                     4       0         0      
       pre_init.c.obj                 4       0         0      
       div0.asm.obj                   2       0         0      
    +--+------------------------------+-------+---------+---------+
       Total:                         2888    353       324    
                                                               
       Stack:                         0       0         6144   
       Linker Generated:              0       129       0      
    +--+------------------------------+-------+---------+---------+
       Grand Total:                   47720   1516      9866   


LINKER GENERATED COPY TABLES

__TI_cinit_table @ 0000c060 records: 2, size/record: 8, table size: 16
	.data: load addr=0000bfe8, load size=0000005d bytes, run addr=200025c8, run size=000000c8 bytes, compression=lzss
	.bss: load addr=0000c058, load size=00000008 bytes, run addr=20001800, run size=00000dc2 bytes, compression=zero_init


LINKER GENERATED HANDLER TABLE

__TI_handler_table @ 0000c048 records: 3, size/record: 4, table size: 12
	index: 0, handler: __TI_decompress_lzss
	index: 1, handler: __TI_decompress_none
	index: 2, handler: __TI_zero_init


GLOBAL SYMBOLS: SORTED ALPHABETICALLY BY Name 

address   name                                            
-------   ----                                            
0000bc71  ADCIntClear                                     
0000b8f9  ADCIntStatus                                    
0000ba41  ADCProcessorTrigger                             
0000b465  ADCSequenceConfigure                            
0000ba09  ADCSequenceDataGet                              
0000bbd1  ADCSequenceEnable                               
0000b0bb  ADCSequenceStepConfigure                        
20002670  ADC_RAW_MAX                                     
2000257c  Alarms                                          
0000bcdb  C$$EXIT                                         
0000b783  C$$IO$$                                         
0000bc41  CPUcpsie                                        
00008dfb  DEBUGUARTIntHandler                             
0000b669  EEPROMInit                                      
0000aec5  EEPROMProgram                                   
0000b6e5  EEPROMRead                                      
20002222  EXTI_cnt                                        
20002477  FL_log_data                                     
00009dad  GPIODIntHandler                                 
0000b927  GPIODirModeSet                                  
0000bcaf  GPIOIntClear                                    
0000bc4d  GPIOIntEnable                                   
0000bbdf  GPIOIntStatus                                   
0000b3bd  GPIOIntTypeSet                                  
0000a919  GPIOPadConfigSet                                
0000b4b5  GPIOPinConfigure                                
0000bcb5  GPIOPinRead                                     
0000ba89  GPIOPinTypeADC                                  
0000ba9f  GPIOPinTypeGPIOInput                            
0000ba27  GPIOPinTypeGPIOOutput                           
0000bab5  GPIOPinTypeI2C                                  
0000bacb  GPIOPinTypeI2CSCL                               
0000bae1  GPIOPinTypeUART                                 
0000bcbb  GPIOPinWrite                                    
0000b35d  HOSTtime64                                      
0000bc8f  I2CMasterBusy                                   
0000bcc7  I2CMasterControl                                
0000bccb  I2CMasterDataGet                                
0000bccf  I2CMasterDataPut                                
0000bc7b  I2CMasterEnable                                 
0000b501  I2CMasterInitExpClk                             
0000bc97  I2CMasterSlaveAddrSet                           
0000bbed  I2CRxFIFOFlush                                  
0000bbfb  I2CTxFIFOFlush                                  
0000b28d  IntEnable                                       
0000bb6f  IntMasterEnable                                 
00008f85  LTEUARTIntHandler                               
0000bc65  ResetISR                                        
0000abbd  SysCtlClockGet                                  
0000add1  SysCtlClockSet                                  
0000bcc1  SysCtlDelay                                     
0000b78d  SysCtlPeripheralDisable                         
0000b7c1  SysCtlPeripheralEnable                          
0000b71d  SysCtlPeripheralReady                           
0000b415  SysCtlPeripheralReset                           
0000bb81  SysCtlReset                                     
0000baf9  SysTickEnable                                   
0000bb0d  SysTickIntEnable                                
0000a7a1  SysTickIntHandler                               
0000bb91  SysTickPeriodSet                                
200025bb  System_mode                                     
200025b5  Telecom_server_query                            
0000bc9f  UARTBusy                                        
0000bc09  UARTCharGetNonBlocking                          
0000bc17  UARTCharPutNonBlocking                          
0000bc25  UARTCharsAvail                                  
0000b599  UARTConfigSetExpClk                             
0000b9c9  UARTDisable                                     
0000bb21  UARTEnable                                      
0000bcd3  UARTIntClear                                    
0000bca7  UARTIntEnable                                   
0000bc85  UARTIntStatus                                   
000085a3  _Z10Chip_Erasev                                 
00008ce7  _Z10GetAdcDatav                                 
0000a417  _Z10I2CReceivev                                 
0000a0a1  _Z10ToggleLEDsv                                 
00003e91  _Z10asUnixTimeiiiiii                            
000060e1  _Z10clear_logsv                                 
00005889  _Z10getREQmodev                                 
00009943  _Z10my_sprintfPciz                              
00005871  _Z10setREQmode13gprs_status_t                   
0000459d  _Z10update_rtcPci                               
0000290d  _Z10valid_codePc                                
000083cf  _Z11SetSI_Inputv                                
000083f3  _Z11SetSO_Inputv                                
00000279  _Z11TCP_Handlerv                                
000090a5  _Z11Usendbufferj                                
0000612f  _Z11clear_flashv                                
00009d0f  _Z11count_commaPct                              
00007fcd  _Z11flashCopyMRPcS_                             
000098ed  _Z11getChecksumPhc                              
000041cd  _Z11getDateTimev                                
00006189  _Z11get_log_cnti                                
000029e1  _Z11get_rx_dataPc                               
00002e6d  _Z11gps_handlerv                                
00009769  _Z11init_configv                                
00002b93  _Z11setNWstatus13gprs_status_t                  
000011d5  _Z11tcp_connectv                                
0000a3b9  _Z11vRTCI2CInitv                                
000085c5  _Z12ADC_PortIniti                               
00004b4d  _Z12Query_decodePcPKcS_i                        
000082ef  _Z12Sector_Erasem                               
000083c1  _Z12SetSI_Outputv                               
000083dd  _Z12SetSO_Outputv                               
00003ee1  _Z12calcTimeDiff12time_stamp_tS_                
00002a2d  _Z12check_stringPKcPcPi                         
0000610d  _Z12clear_log_idv                               
00007e35  _Z12flashSwResetv                               
00005f7f  _Z12flashWriteTRv                               
00002ba7  _Z12getNW_statusv                               
00009553  _Z12getRAM_Alarmv                               
00002bf1  _Z12get_locationv                               
00006241  _Z12get_log_dataimPc                            
0000087d  _Z12gprs_connectv                               
00004a6f  _Z12is_leap_yearh                               
00002705  _Z12read_ip_portPc                              
00002967  _Z12respos_recvdPc                              
00004f37  _Z12server_queryv                               
0000951b  _Z12setRAM_Alarm16Alarm_sts_bits_tb             
0000a07b  _Z12vEXTIpinInitv                               
0000a01b  _Z12vGPIO_Togglejhh                             
00009f03  _Z12vLEDGPIOInitv                               
00008d93  _Z12vLTEUARTInitv                               
00004829  _Z13add_date_timeP12time_stamp_tS0_j            
00009b85  _Z13delete_SubStrPcS_c                          
00007e4d  _Z13enable_wp_pinv                              
000091b5  _Z13flushRxBufferi                              
000091e5  _Z13flushTxBufferi                              
00009591  _Z13getRAM_Statusv                              
00007783  _Z13get_device_idv                              
000028d9  _Z13pong_receivedPc                             
00009559  _Z13setRAM_Statushb                             
000076e1  _Z13set_device_idPc                             
0000a8b5  _Z13vMAIN_DelayMSj                              
00008fe9  _Z13vUART_SendChrjh                             
00009079  _Z13vUART_SendIntji                             
00009007  _Z13vUART_SendStrjPKh                           
00007c05  _Z14Reset_Hold_Lowv                             
00004721  _Z14StrToTimeStampPh                            
0000402b  _Z14getDaysOfMonthcj                            
00003ba7  _Z14get_gps_statusv                             
00007efd  _Z14readContToBuffmjPc                          
00003baf  _Z14set_gps_status12gps_status_t                
00002521  _Z14tcp_disconnectv                             
00008d45  _Z14vDEBUGUARTInitv                             
000095f1  _Z14write_defaultsj                             
00007c13  _Z15Reset_Hold_Highv                            
00003d37  _Z15check_date_timePcS_                         
00007cf7  _Z15flashClrTR_Logsv                            
00005a9d  _Z15flashWriteMR_BRv                            
000029a1  _Z15generateMaskKeyPh                           
00002bc3  _Z15getServerStatusv                            
00002b55  _Z15get_upload_datav                            
00002b71  _Z15get_webconn_stsv                            
00003645  _Z15gps_pkt_parsingP10gps_info_tPc              
00007c9b  _Z15init_flash_pinsv                            
0000a5c9  _Z15manage_gps_gprsv                            
00002815  _Z15match_cpsi_dataPc                           
00002baf  _Z15setServerStatus13gprs_status_t              
00002b3d  _Z15set_upload_data13upload_data_t              
00002b5d  _Z15set_webconn_stsh                            
0000947d  _Z15update_ram_datav                            
00009e01  _Z15vGPIOPortEnablev                            
000071d5  _Z15vPERIPH_E2PInitv                            
00009035  _Z15vUART_SendBytesjPKhj                        
000015cd  _Z15websckt_connectv                            
00008cad  _Z16calculate_AC_ADCv                           
00006519  _Z16check_unsent_logv                           
00006769  _Z16decodeMsgPC_Uartv                           
00008073  _Z16flashEraseBackupv                           
00007f6f  _Z16flashEraseMasterv                           
00008015  _Z16flashEraseSectormm                          
00005f3b  _Z16flashGetSerMR_BRv                           
00005a43  _Z16getClientMSGTypev                           
000058a5  _Z16getServerReqTypev                           
00004505  _Z16get_present_timeP12time_stamp_t             
00007143  _Z16get_system_statev                           
00005a2f  _Z16setClientMSGType21client_message_type_t     
00005891  _Z16setServerReqType21server_request_type_t     
0000712f  _Z16set_system_state10sys_mode_t                
00003be9  _Z16update_date_timev                           
00009eb5  _Z16vGPIO_UnlockGPIOjh                          
00009f19  _Z16vPERIPH_GPIOInitv                           
00008def  _Z16vPERIPH_UARTInitv                           
0000609d  _Z16validate_FL_addrcm                          
00005685  _Z16websocket_packetPh                          
00005791  _Z17HandleQueryStatesv                          
000040e5  _Z17check_expire_time12time_stamp_tS_           
00007a51  _Z17cloud_config_datav                          
00007569  _Z17e2p_read_cfg_timev                          
00007479  _Z17e2p_read_locationv                          
00007c3d  _Z17flash_port_assignv                          
00009c49  _Z17generateRandomKeyiPc                        
00008c09  _Z17getBatteryVoltagev                          
00008c59  _Z17getChargerVoltagev                          
0000529d  _Z17prepare_JSON_pcktv                          
00006659  _Z17save_TELECOM_datav                          
00007111  _Z17tx_pending_dataPCv                          
00009597  _Z17vPERIPH_ClockInitv                          
00002b1d  _Z18check_string_nobufPKc                       
00003e0f  _Z18convertToEpochTimePK12time_stamp_t          
000072dd  _Z18e2p_read_cloud_cfgv                         
0000750f  _Z18e2p_write_cfg_timev                         
00007425  _Z18e2p_write_locationv                         
000080c5  _Z18flashPacketProgramPctm                      
00007a07  _Z18get_fixed_locationv                         
00005815  _Z18prepare_server_pktv                         
00009f29  _Z18readBCD_SelectorSWv                         
000077f5  _Z18set_fixed_locationPc                        
0000a041  _Z18vInput_PollingReadv                         
00002221  _Z18websckt_disconnectv                         
00004ac5  _Z19check_dateTime_dataP12time_stamp_t          
0000739b  _Z19e2p_read_device_cfgv                        
000072ad  _Z19e2p_write_cloud_cfgv                        
00007d41  _Z19flashClrFreqUpdLogsv                        
00002b8b  _Z19get_gprs_connct_stsv                        
00005867  _Z19get_pending_requestv                        
00000e49  _Z19gprs_connect_statusv                        
00002b77  _Z19set_gprs_connct_stsh                        
00005853  _Z19set_pending_requestb                        
00005bd3  _Z19updateFlashCurrAddrv                        
00009ffd  _Z19vInit_InputTestpinsv                        
0000a785  _Z19vPERIPH_SystickInitv                        
00008421  _Z20Read_Status_Registerv                       
0000736b  _Z20e2p_write_device_cfgv                       
00006379  _Z20flashReadFreqUpdDataP19freq_updated_data_tmi
00008bb5  _Z20getRouter2_DCvoltagev                       
00000785  _Z20resetTCP_SubHandlersv                       
000062cf  _Z21flashWriteFreqUpdDataP19freq_updated_data_tm
00008b65  _Z21getRouter1_DC_currentv                      
00008b15  _Z21getRouter2_DC_currentv                      
000063a1  _Z21readFreqUpdData_flashv                      
00007d8d  _Z22addDummyFL_TelecomLogsj                     
00005f15  _Z22flashGetCurrUploadAddrc                     
00007223  _Z23e2p_read_voltage_configv                    
00008329  _Z23remove_block_protectionv                    
00006527  _Z23save_OfflineTelecomDatav                    
0000911d  _Z23vUART_CheckFrameTimeouti                    
000064d3  _Z24decrement_unsent_log_cnti                   
000071e3  _Z24e2p_write_voltage_configv                   
000064f9  _Z24increment_unsent_log_cnti                   
0000678f  _Z24preparePC_ResponsePacket5cmd_tPchii         
00009cbb  _Z25count_doubleSquareBracketPcj                
00005eef  _Z25flashGetCurrDataWriteAddrc                  
0000924d  _Z25prepare_graphical_tx_buffjPch               
0000654d  _Z26prepare_OfflineTelecomDatav                 
000095a1  _Z26vMAIN_InitClockPeripheralsv                 
000062ab  _Z27flashClearFreqUpdatedConfigv                
00006289  _Z27flashEraseFreqUpdDataSectorv                
00006311  _Z27flashWriteFreqUpdatedConfigv                
0000bb5d  _Z3absl                                         
0000834b  _Z4WBPRc                                        
00007e93  _Z4WRCRc                                        
00007e81  _Z4WRDIv                                        
00007e6f  _Z4WRENv                                        
00007ec5  _Z6CE_Lowv                                      
00008401  _Z6SI_Lowv                                      
00007c21  _Z6WP_Lowv                                      
00007eb7  _Z7CE_Highv                                     
00007ee3  _Z7SCK_Lowv                                     
00008411  _Z7SI_Highv                                     
00007c2f  _Z7WP_Highv                                     
00007367  _Z7get_urlv                                     
00004487  _Z7isDT_okv                                     
00008809  _Z7readADCh                                     
00009b35  _Z7reversePci                                   
0000761d  _Z7set_urlPc                                    
00008529  _Z8Get_Bytev                                    
0000a461  _Z8Read_RTCPhh                                  
00007ed3  _Z8SCK_Highv                                    
000061ed  _Z8get_addrim                                   
00009ac7  _Z8intToStriPci                                 
0000689d  _Z8response5cmd_ti                              
00001e75  _Z8tcp_sendPci                                  
00008445  _Z9Send_Byteh                                   
00008145  _Z9Wait_Busyv                                   
0000a529  _Z9Write_RTCPhh                                 
00007cbd  _Z9flashInitv                                   
0000a8d3  _Z9my_millisv                                   
00009d57  _Z9my_strstrPKcS0_i                             
00001a79  _Z9ping_sendv                                   
0000886d  _Z9updateADC14ADC_Channels_th                   
000087ad  _Z9vADC0Initv                                   
2000202c  __CIOBUF_                                       
20001800  __STACK_END                                     
00001800  __STACK_SIZE                                    
20000200  __STACK_TOP                                     
0000c060  __TI_CINIT_Base                                 
0000c070  __TI_CINIT_Limit                                
0000c048  __TI_Handler_Table_Base                         
0000c054  __TI_Handler_Table_Limit                        
0000b5e1  __TI_auto_init_nobinit_nopinit                  
0000b2f5  __TI_decompress_lzss                            
0000bc33  __TI_decompress_none                            
ffffffff  __TI_pprof_out_hndl                             
ffffffff  __TI_prof_data_size                             
ffffffff  __TI_prof_data_start                            
0000b829  __TI_readmsg                                    
00000000  __TI_static_base__                              
0000b755  __TI_writemsg                                   
0000bc59  __TI_zero_init                                  
0000b625  __aeabi_d2uiz                                   
0000aa85  __aeabi_ddiv                                    
0000acd5  __aeabi_dmul                                    
0000b1af  __aeabi_idiv0                                   
0000b1af  __aeabi_ldiv0                                   
0000b21f  __aeabi_ldivmod                                 
0000ba59  __aeabi_lmul                                    
0000b135  __aeabi_memclr                                  
0000b135  __aeabi_memclr4                                 
0000b135  __aeabi_memclr8                                 
0000af89  __aeabi_memcpy                                  
0000af89  __aeabi_memcpy4                                 
0000af89  __aeabi_memcpy8                                 
0000b137  __aeabi_memset                                  
0000b137  __aeabi_memset4                                 
0000b137  __aeabi_memset8                                 
0000b9e9  __aeabi_ui2d                                    
0000b025  __aeabi_uldivmod                                
ffffffff  __binit__                                       
ffffffff  __c_args__                                      
0000a101  __mktime64                                      
UNDEFED   __mpu_init                                      
20000000  __stack                                         
20000000  __start___llvm_prf_cnts                         
20000000  __stop___llvm_prf_cnts                          
0000bbb1  __time64                                        
0000b85d  _c_int00_noargs                                 
0000bce0  _ctypes_                                        
20002664  _lock                                           
0000abbb  _nop                                            
UNDEFED   _system_post_cinit                              
0000bcd7  _system_pre_init                                
20002648  _tz                                             
20002668  _unlock                                         
0000bcdb  abort                                           
20001d80  adc                                             
0000b54d  atoi                                            
ffffffff  binit                                           
2000214c  cloud_config                                    
2000265c  cnt_gps_1sec                                    
2000262c  conn_state                                      
20001efc  display_tx                                      
20002224  display_uart_rx                                 
20001bf8  dummy_json_string                               
20002364  e2p_cloud_config                                
20002588  e2p_config_time                                 
2000254e  e2p_device_info                                 
2000255e  e2p_location_info                               
20002590  e2p_router_config                               
2000253c  freq_updated_data                               
00000000  g_pfnVectors                                    
20002528  gprs                                            
200025a8  gprs_date_time                                  
20002628  gprs_read_timeout                               
20001800  gprs_rx_buff                                    
200025b9  gprs_rx_isr_handler                             
200019fc  gprs_tx_buff                                    
20002434  gps                                             
20002598  gps_data                                        
200025c0  gps_handler_state                               
20002658  gps_interval_start                              
20002624  gps_read_timeout                                
0000bbc1  isdigit                                         
0000b1b1  ltoa                                            
00009325  main                                            
2000250c  measurements                                    
0000b97f  memcmp                                          
0000af89  memcpy                                          
0000b13d  memset                                          
2000266c  millis_cnt                                      
200025a0  parmbuf                                         
200022c4  pc_uart_rx                                      
200023e4  pc_uart_tx                                      
200024b7  ram_data                                        
0000b891  rand                                            
200025c1  router_mode                                     
20002684  save_offline_time                               
2000256e  scheduler                                       
20002609  server_response_str                             
0000b9a5  srand                                           
0000ba71  strcmp                                          
0000bb35  strcpy                                          
0000bb49  strlen                                          
0000b953  strncmp                                         
0000b8c5  strstr                                          
200024ed  time_main                                       
200025af  time_stamp                                      
200025bc  u32DelayCounter                                 
20002680  upload_time                                     


GLOBAL SYMBOLS: SORTED BY Symbol Address 

address   name                                            
-------   ----                                            
00000000  __TI_static_base__                              
00000000  g_pfnVectors                                    
00000279  _Z11TCP_Handlerv                                
00000785  _Z20resetTCP_SubHandlersv                       
0000087d  _Z12gprs_connectv                               
00000e49  _Z19gprs_connect_statusv                        
000011d5  _Z11tcp_connectv                                
000015cd  _Z15websckt_connectv                            
00001800  __STACK_SIZE                                    
00001a79  _Z9ping_sendv                                   
00001e75  _Z8tcp_sendPci                                  
00002221  _Z18websckt_disconnectv                         
00002521  _Z14tcp_disconnectv                             
00002705  _Z12read_ip_portPc                              
00002815  _Z15match_cpsi_dataPc                           
000028d9  _Z13pong_receivedPc                             
0000290d  _Z10valid_codePc                                
00002967  _Z12respos_recvdPc                              
000029a1  _Z15generateMaskKeyPh                           
000029e1  _Z11get_rx_dataPc                               
00002a2d  _Z12check_stringPKcPcPi                         
00002b1d  _Z18check_string_nobufPKc                       
00002b3d  _Z15set_upload_data13upload_data_t              
00002b55  _Z15get_upload_datav                            
00002b5d  _Z15set_webconn_stsh                            
00002b71  _Z15get_webconn_stsv                            
00002b77  _Z19set_gprs_connct_stsh                        
00002b8b  _Z19get_gprs_connct_stsv                        
00002b93  _Z11setNWstatus13gprs_status_t                  
00002ba7  _Z12getNW_statusv                               
00002baf  _Z15setServerStatus13gprs_status_t              
00002bc3  _Z15getServerStatusv                            
00002bf1  _Z12get_locationv                               
00002e6d  _Z11gps_handlerv                                
00003645  _Z15gps_pkt_parsingP10gps_info_tPc              
00003ba7  _Z14get_gps_statusv                             
00003baf  _Z14set_gps_status12gps_status_t                
00003be9  _Z16update_date_timev                           
00003d37  _Z15check_date_timePcS_                         
00003e0f  _Z18convertToEpochTimePK12time_stamp_t          
00003e91  _Z10asUnixTimeiiiiii                            
00003ee1  _Z12calcTimeDiff12time_stamp_tS_                
0000402b  _Z14getDaysOfMonthcj                            
000040e5  _Z17check_expire_time12time_stamp_tS_           
000041cd  _Z11getDateTimev                                
00004487  _Z7isDT_okv                                     
00004505  _Z16get_present_timeP12time_stamp_t             
0000459d  _Z10update_rtcPci                               
00004721  _Z14StrToTimeStampPh                            
00004829  _Z13add_date_timeP12time_stamp_tS0_j            
00004a6f  _Z12is_leap_yearh                               
00004ac5  _Z19check_dateTime_dataP12time_stamp_t          
00004b4d  _Z12Query_decodePcPKcS_i                        
00004f37  _Z12server_queryv                               
0000529d  _Z17prepare_JSON_pcktv                          
00005685  _Z16websocket_packetPh                          
00005791  _Z17HandleQueryStatesv                          
00005815  _Z18prepare_server_pktv                         
00005853  _Z19set_pending_requestb                        
00005867  _Z19get_pending_requestv                        
00005871  _Z10setREQmode13gprs_status_t                   
00005889  _Z10getREQmodev                                 
00005891  _Z16setServerReqType21server_request_type_t     
000058a5  _Z16getServerReqTypev                           
00005a2f  _Z16setClientMSGType21client_message_type_t     
00005a43  _Z16getClientMSGTypev                           
00005a9d  _Z15flashWriteMR_BRv                            
00005bd3  _Z19updateFlashCurrAddrv                        
00005eef  _Z25flashGetCurrDataWriteAddrc                  
00005f15  _Z22flashGetCurrUploadAddrc                     
00005f3b  _Z16flashGetSerMR_BRv                           
00005f7f  _Z12flashWriteTRv                               
0000609d  _Z16validate_FL_addrcm                          
000060e1  _Z10clear_logsv                                 
0000610d  _Z12clear_log_idv                               
0000612f  _Z11clear_flashv                                
00006189  _Z11get_log_cnti                                
000061ed  _Z8get_addrim                                   
00006241  _Z12get_log_dataimPc                            
00006289  _Z27flashEraseFreqUpdDataSectorv                
000062ab  _Z27flashClearFreqUpdatedConfigv                
000062cf  _Z21flashWriteFreqUpdDataP19freq_updated_data_tm
00006311  _Z27flashWriteFreqUpdatedConfigv                
00006379  _Z20flashReadFreqUpdDataP19freq_updated_data_tmi
000063a1  _Z21readFreqUpdData_flashv                      
000064d3  _Z24decrement_unsent_log_cnti                   
000064f9  _Z24increment_unsent_log_cnti                   
00006519  _Z16check_unsent_logv                           
00006527  _Z23save_OfflineTelecomDatav                    
0000654d  _Z26prepare_OfflineTelecomDatav                 
00006659  _Z17save_TELECOM_datav                          
00006769  _Z16decodeMsgPC_Uartv                           
0000678f  _Z24preparePC_ResponsePacket5cmd_tPchii         
0000689d  _Z8response5cmd_ti                              
00007111  _Z17tx_pending_dataPCv                          
0000712f  _Z16set_system_state10sys_mode_t                
00007143  _Z16get_system_statev                           
000071d5  _Z15vPERIPH_E2PInitv                            
000071e3  _Z24e2p_write_voltage_configv                   
00007223  _Z23e2p_read_voltage_configv                    
000072ad  _Z19e2p_write_cloud_cfgv                        
000072dd  _Z18e2p_read_cloud_cfgv                         
00007367  _Z7get_urlv                                     
0000736b  _Z20e2p_write_device_cfgv                       
0000739b  _Z19e2p_read_device_cfgv                        
00007425  _Z18e2p_write_locationv                         
00007479  _Z17e2p_read_locationv                          
0000750f  _Z18e2p_write_cfg_timev                         
00007569  _Z17e2p_read_cfg_timev                          
0000761d  _Z7set_urlPc                                    
000076e1  _Z13set_device_idPc                             
00007783  _Z13get_device_idv                              
000077f5  _Z18set_fixed_locationPc                        
00007a07  _Z18get_fixed_locationv                         
00007a51  _Z17cloud_config_datav                          
00007c05  _Z14Reset_Hold_Lowv                             
00007c13  _Z15Reset_Hold_Highv                            
00007c21  _Z6WP_Lowv                                      
00007c2f  _Z7WP_Highv                                     
00007c3d  _Z17flash_port_assignv                          
00007c9b  _Z15init_flash_pinsv                            
00007cbd  _Z9flashInitv                                   
00007cf7  _Z15flashClrTR_Logsv                            
00007d41  _Z19flashClrFreqUpdLogsv                        
00007d8d  _Z22addDummyFL_TelecomLogsj                     
00007e35  _Z12flashSwResetv                               
00007e4d  _Z13enable_wp_pinv                              
00007e6f  _Z4WRENv                                        
00007e81  _Z4WRDIv                                        
00007e93  _Z4WRCRc                                        
00007eb7  _Z7CE_Highv                                     
00007ec5  _Z6CE_Lowv                                      
00007ed3  _Z8SCK_Highv                                    
00007ee3  _Z7SCK_Lowv                                     
00007efd  _Z14readContToBuffmjPc                          
00007f6f  _Z16flashEraseMasterv                           
00007fcd  _Z11flashCopyMRPcS_                             
00008015  _Z16flashEraseSectormm                          
00008073  _Z16flashEraseBackupv                           
000080c5  _Z18flashPacketProgramPctm                      
00008145  _Z9Wait_Busyv                                   
000082ef  _Z12Sector_Erasem                               
00008329  _Z23remove_block_protectionv                    
0000834b  _Z4WBPRc                                        
000083c1  _Z12SetSI_Outputv                               
000083cf  _Z11SetSI_Inputv                                
000083dd  _Z12SetSO_Outputv                               
000083f3  _Z11SetSO_Inputv                                
00008401  _Z6SI_Lowv                                      
00008411  _Z7SI_Highv                                     
00008421  _Z20Read_Status_Registerv                       
00008445  _Z9Send_Byteh                                   
00008529  _Z8Get_Bytev                                    
000085a3  _Z10Chip_Erasev                                 
000085c5  _Z12ADC_PortIniti                               
000087ad  _Z9vADC0Initv                                   
00008809  _Z7readADCh                                     
0000886d  _Z9updateADC14ADC_Channels_th                   
00008b15  _Z21getRouter2_DC_currentv                      
00008b65  _Z21getRouter1_DC_currentv                      
00008bb5  _Z20getRouter2_DCvoltagev                       
00008c09  _Z17getBatteryVoltagev                          
00008c59  _Z17getChargerVoltagev                          
00008cad  _Z16calculate_AC_ADCv                           
00008ce7  _Z10GetAdcDatav                                 
00008d45  _Z14vDEBUGUARTInitv                             
00008d93  _Z12vLTEUARTInitv                               
00008def  _Z16vPERIPH_UARTInitv                           
00008dfb  DEBUGUARTIntHandler                             
00008f85  LTEUARTIntHandler                               
00008fe9  _Z13vUART_SendChrjh                             
00009007  _Z13vUART_SendStrjPKh                           
00009035  _Z15vUART_SendBytesjPKhj                        
00009079  _Z13vUART_SendIntji                             
000090a5  _Z11Usendbufferj                                
0000911d  _Z23vUART_CheckFrameTimeouti                    
000091b5  _Z13flushRxBufferi                              
000091e5  _Z13flushTxBufferi                              
0000924d  _Z25prepare_graphical_tx_buffjPch               
00009325  main                                            
0000947d  _Z15update_ram_datav                            
0000951b  _Z12setRAM_Alarm16Alarm_sts_bits_tb             
00009553  _Z12getRAM_Alarmv                               
00009559  _Z13setRAM_Statushb                             
00009591  _Z13getRAM_Statusv                              
00009597  _Z17vPERIPH_ClockInitv                          
000095a1  _Z26vMAIN_InitClockPeripheralsv                 
000095f1  _Z14write_defaultsj                             
00009769  _Z11init_configv                                
000098ed  _Z11getChecksumPhc                              
00009943  _Z10my_sprintfPciz                              
00009ac7  _Z8intToStriPci                                 
00009b35  _Z7reversePci                                   
00009b85  _Z13delete_SubStrPcS_c                          
00009c49  _Z17generateRandomKeyiPc                        
00009cbb  _Z25count_doubleSquareBracketPcj                
00009d0f  _Z11count_commaPct                              
00009d57  _Z9my_strstrPKcS0_i                             
00009dad  GPIODIntHandler                                 
00009e01  _Z15vGPIOPortEnablev                            
00009eb5  _Z16vGPIO_UnlockGPIOjh                          
00009f03  _Z12vLEDGPIOInitv                               
00009f19  _Z16vPERIPH_GPIOInitv                           
00009f29  _Z18readBCD_SelectorSWv                         
00009ffd  _Z19vInit_InputTestpinsv                        
0000a01b  _Z12vGPIO_Togglejhh                             
0000a041  _Z18vInput_PollingReadv                         
0000a07b  _Z12vEXTIpinInitv                               
0000a0a1  _Z10ToggleLEDsv                                 
0000a101  __mktime64                                      
0000a3b9  _Z11vRTCI2CInitv                                
0000a417  _Z10I2CReceivev                                 
0000a461  _Z8Read_RTCPhh                                  
0000a529  _Z9Write_RTCPhh                                 
0000a5c9  _Z15manage_gps_gprsv                            
0000a785  _Z19vPERIPH_SystickInitv                        
0000a7a1  SysTickIntHandler                               
0000a8b5  _Z13vMAIN_DelayMSj                              
0000a8d3  _Z9my_millisv                                   
0000a919  GPIOPadConfigSet                                
0000aa85  __aeabi_ddiv                                    
0000abbb  _nop                                            
0000abbd  SysCtlClockGet                                  
0000acd5  __aeabi_dmul                                    
0000add1  SysCtlClockSet                                  
0000aec5  EEPROMProgram                                   
0000af89  __aeabi_memcpy                                  
0000af89  __aeabi_memcpy4                                 
0000af89  __aeabi_memcpy8                                 
0000af89  memcpy                                          
0000b025  __aeabi_uldivmod                                
0000b0bb  ADCSequenceStepConfigure                        
0000b135  __aeabi_memclr                                  
0000b135  __aeabi_memclr4                                 
0000b135  __aeabi_memclr8                                 
0000b137  __aeabi_memset                                  
0000b137  __aeabi_memset4                                 
0000b137  __aeabi_memset8                                 
0000b13d  memset                                          
0000b1af  __aeabi_idiv0                                   
0000b1af  __aeabi_ldiv0                                   
0000b1b1  ltoa                                            
0000b21f  __aeabi_ldivmod                                 
0000b28d  IntEnable                                       
0000b2f5  __TI_decompress_lzss                            
0000b35d  HOSTtime64                                      
0000b3bd  GPIOIntTypeSet                                  
0000b415  SysCtlPeripheralReset                           
0000b465  ADCSequenceConfigure                            
0000b4b5  GPIOPinConfigure                                
0000b501  I2CMasterInitExpClk                             
0000b54d  atoi                                            
0000b599  UARTConfigSetExpClk                             
0000b5e1  __TI_auto_init_nobinit_nopinit                  
0000b625  __aeabi_d2uiz                                   
0000b669  EEPROMInit                                      
0000b6e5  EEPROMRead                                      
0000b71d  SysCtlPeripheralReady                           
0000b755  __TI_writemsg                                   
0000b783  C$$IO$$                                         
0000b78d  SysCtlPeripheralDisable                         
0000b7c1  SysCtlPeripheralEnable                          
0000b829  __TI_readmsg                                    
0000b85d  _c_int00_noargs                                 
0000b891  rand                                            
0000b8c5  strstr                                          
0000b8f9  ADCIntStatus                                    
0000b927  GPIODirModeSet                                  
0000b953  strncmp                                         
0000b97f  memcmp                                          
0000b9a5  srand                                           
0000b9c9  UARTDisable                                     
0000b9e9  __aeabi_ui2d                                    
0000ba09  ADCSequenceDataGet                              
0000ba27  GPIOPinTypeGPIOOutput                           
0000ba41  ADCProcessorTrigger                             
0000ba59  __aeabi_lmul                                    
0000ba71  strcmp                                          
0000ba89  GPIOPinTypeADC                                  
0000ba9f  GPIOPinTypeGPIOInput                            
0000bab5  GPIOPinTypeI2C                                  
0000bacb  GPIOPinTypeI2CSCL                               
0000bae1  GPIOPinTypeUART                                 
0000baf9  SysTickEnable                                   
0000bb0d  SysTickIntEnable                                
0000bb21  UARTEnable                                      
0000bb35  strcpy                                          
0000bb49  strlen                                          
0000bb5d  _Z3absl                                         
0000bb6f  IntMasterEnable                                 
0000bb81  SysCtlReset                                     
0000bb91  SysTickPeriodSet                                
0000bbb1  __time64                                        
0000bbc1  isdigit                                         
0000bbd1  ADCSequenceEnable                               
0000bbdf  GPIOIntStatus                                   
0000bbed  I2CRxFIFOFlush                                  
0000bbfb  I2CTxFIFOFlush                                  
0000bc09  UARTCharGetNonBlocking                          
0000bc17  UARTCharPutNonBlocking                          
0000bc25  UARTCharsAvail                                  
0000bc33  __TI_decompress_none                            
0000bc41  CPUcpsie                                        
0000bc4d  GPIOIntEnable                                   
0000bc59  __TI_zero_init                                  
0000bc65  ResetISR                                        
0000bc71  ADCIntClear                                     
0000bc7b  I2CMasterEnable                                 
0000bc85  UARTIntStatus                                   
0000bc8f  I2CMasterBusy                                   
0000bc97  I2CMasterSlaveAddrSet                           
0000bc9f  UARTBusy                                        
0000bca7  UARTIntEnable                                   
0000bcaf  GPIOIntClear                                    
0000bcb5  GPIOPinRead                                     
0000bcbb  GPIOPinWrite                                    
0000bcc1  SysCtlDelay                                     
0000bcc7  I2CMasterControl                                
0000bccb  I2CMasterDataGet                                
0000bccf  I2CMasterDataPut                                
0000bcd3  UARTIntClear                                    
0000bcd7  _system_pre_init                                
0000bcdb  C$$EXIT                                         
0000bcdb  abort                                           
0000bce0  _ctypes_                                        
0000c048  __TI_Handler_Table_Base                         
0000c054  __TI_Handler_Table_Limit                        
0000c060  __TI_CINIT_Base                                 
0000c070  __TI_CINIT_Limit                                
20000000  __stack                                         
20000000  __start___llvm_prf_cnts                         
20000000  __stop___llvm_prf_cnts                          
20000200  __STACK_TOP                                     
20001800  __STACK_END                                     
20001800  gprs_rx_buff                                    
200019fc  gprs_tx_buff                                    
20001bf8  dummy_json_string                               
20001d80  adc                                             
20001efc  display_tx                                      
2000202c  __CIOBUF_                                       
2000214c  cloud_config                                    
20002222  EXTI_cnt                                        
20002224  display_uart_rx                                 
200022c4  pc_uart_rx                                      
20002364  e2p_cloud_config                                
200023e4  pc_uart_tx                                      
20002434  gps                                             
20002477  FL_log_data                                     
200024b7  ram_data                                        
200024ed  time_main                                       
2000250c  measurements                                    
20002528  gprs                                            
2000253c  freq_updated_data                               
2000254e  e2p_device_info                                 
2000255e  e2p_location_info                               
2000256e  scheduler                                       
2000257c  Alarms                                          
20002588  e2p_config_time                                 
20002590  e2p_router_config                               
20002598  gps_data                                        
200025a0  parmbuf                                         
200025a8  gprs_date_time                                  
200025af  time_stamp                                      
200025b5  Telecom_server_query                            
200025b9  gprs_rx_isr_handler                             
200025bb  System_mode                                     
200025bc  u32DelayCounter                                 
200025c0  gps_handler_state                               
200025c1  router_mode                                     
20002609  server_response_str                             
20002624  gps_read_timeout                                
20002628  gprs_read_timeout                               
2000262c  conn_state                                      
20002648  _tz                                             
20002658  gps_interval_start                              
2000265c  cnt_gps_1sec                                    
20002664  _lock                                           
20002668  _unlock                                         
2000266c  millis_cnt                                      
20002670  ADC_RAW_MAX                                     
20002680  upload_time                                     
20002684  save_offline_time                               
ffffffff  __TI_pprof_out_hndl                             
ffffffff  __TI_prof_data_size                             
ffffffff  __TI_prof_data_start                            
ffffffff  __binit__                                       
ffffffff  __c_args__                                      
ffffffff  binit                                           
UNDEFED   __mpu_init                                      
UNDEFED   _system_post_cinit                              

[390 symbols]
