******************************************************************************
                  TI ARM Linker PC v20.2.6                     
******************************************************************************
>> Linked Mon Jul  1 09:27:18 2024

OUTPUT FILE NAME:   <Telecom_IoT_v2_00.out>
ENTRY POINT SYMBOL: "_c_int00_noargs"  address: 00011c5d


MEMORY CONFIGURATION

         name            origin    length      used     unused   attr    fill
----------------------  --------  ---------  --------  --------  ----  --------
  FLASH                 00000000   00020000  000132aa  0000cd56  R  X
  SRAM                  20000000   00008000  0000434d  00003cb3  RW X


SEGMENT ALLOCATION MAP

run origin  load origin   length   init length attrs members
----------  ----------- ---------- ----------- ----- -------
00000000    00000000    000132b0   000132b0    r-x
  00000000    00000000    0000026c   0000026c    r-- .intvecs
  0000026c    0000026c    000124a2   000124a2    r-x .text
  00012710    00012710    00000ae0   00000ae0    r-- .const
  000131f0    000131f0    00000024   00000024    r-- .init_array
  00013218    00013218    00000098   00000098    r-- .cinit
20000000    20000000    00004350   00000000    rw-
  20000000    20000000    0000026c   00000000    rw- .vtable
  2000026c    2000026c    00002801   00000000    rw- .bss
  20002a70    20002a70    00001800   00000000    rw- .stack
  20004270    20004270    000000d0   00000000    rw- .data
  20004340    20004340    00000010   00000000    rw- .sysmem


SECTION ALLOCATION MAP

 output                                  attributes/
section   page    origin      length       input sections
--------  ----  ----------  ----------   ----------------
.intvecs   0    00000000    0000026c     
                  00000000    0000026c     tm4c1233e6pz_startup_ccs.obj (.intvecs)

.text      0    0000026c    000124a2     
                  0000026c    00001564     uip.obj (.text)
                  000017d0    00001150     Clock.obj (.text)
                  00002920    00000fe4     gps.obj (.text)
                  00003904    00000c90     Telecom_Ethernet.obj (.text)
                  00004594    00000bdc     IO_cntrl.obj (.text)
                  00005170    00000bac     UIPClient.obj (.text)
                  00005d1c    00000b94     Enc28J60Network.obj (.text)
                  000068b0    00000b68     GLCD.obj (.text)
                  00007418    00000b28     Telecom_server_query.obj (.text)
                  00007f40    00000b04     Dhcp.obj (.text)
                  00008a44    00000ab8     UIPEthernet.obj (.text)
                  000094fc    00000aa0     main.obj (.text)
                  00009f9c    00000a50     ADC_Core.obj (.text)
                  0000a9ec    000009e8     PC_Cmds.obj (.text)
                  0000b3d4    000009e0     E2P.obj (.text)
                  0000bdb4    000009cc     flashCore.obj (.text)
                  0000c780    00000794     UIPUdp.obj (.text)
                  0000cf14    00000730     flash_logger.obj (.text)
                  0000d644    000005e4     uip_arp.obj (.text)
                  0000dc28    000005bc     UartCore.obj (.text)
                  0000e1e4    000005b8     Print.obj (.text)
                  0000e79c    000005b0     Dns.obj (.text)
                  0000ed4c    00000510     _common.obj (.text)
                  0000f25c    000002f0     mempool.obj (.text)
                  0000f54c    000002b8     rtsv7M4_T_le_v4SPD16_eabi.lib : mktime64.c.obj (.text:__mktime64)
                  0000f804    00000284     UIPServer.obj (.text)
                  0000fa88    00000210     DS3231.obj (.text)
                  0000fc98    000001f0     gprs.obj (.text)
                  0000fe88    000001e4     SysTick_Timer.obj (.text)
                  0001006c    000001b6     rtsv7M4_T_le_v4SPD16_eabi.lib : fd_add_t2.asm.obj (.text)
                  00010222    00000192     itoa.obj (.text)
                  000103b4    0000016c     driverlib.lib : gpio.obj (.text:GPIOPadConfigSet)
                  00010520    0000016c     IPAddress.obj (.text)
                  0001068c    00000136     rtsv7M4_T_le_v4SPD16_eabi.lib : fd_div_t2.asm.obj (.text)
                  000107c2    00000002                                   : stdlib_typeinfo.cpp.obj (.text:_ZNSt9type_infoD1Ev)
                  000107c4    00000118     driverlib.lib : sysctl.obj (.text:SysCtlClockGet)
                  000108dc    00000100     rtsv7M4_T_le_v4SPD16_eabi.lib : memory.c.obj (.text:aligned_alloc)
                  000109dc    000000fc                                   : fd_mul_t2.asm.obj (.text)
                  00010ad8    000000f4     driverlib.lib : sysctl.obj (.text:SysCtlClockSet)
                  00010bcc    000000e4     rtsv7M4_T_le_v4SPD16_eabi.lib : memory.c.obj (.text:free)
                  00010cb0    000000d8     WDT.obj (.text)
                  00010d88    000000c4     driverlib.lib : eeprom.obj (.text:EEPROMProgram)
                  00010e4c    0000009c     rtsv7M4_T_le_v4SPD16_eabi.lib : memcpy_t2.asm.obj (.text)
                  00010ee8    00000096                                   : ull_div_t2.asm.obj (.text)
                  00010f7e    00000086                                   : fd_cmp_t2.asm.obj (.text:__aeabi_cdcmple)
                  00011004    00000086                                   : fd_cmp_t2.asm.obj (.text:__aeabi_cdrcmple)
                  0001108a    0000007a     driverlib.lib : adc.obj (.text:ADCSequenceStepConfigure)
                  00011104    0000007a     rtsv7M4_T_le_v4SPD16_eabi.lib : memset_t2.asm.obj (.text)
                  0001117e    00000002                                   : _lock.c.obj (.text:_nop)
                  00011180    00000070                                   : memory.c.obj (.text:split)
                  000111f0    0000006e                                   : ll_div_t2.asm.obj (.text)
                  0001125e    00000002                                   : div0.asm.obj (.text)
                  00011260    00000068     driverlib.lib : interrupt.obj (.text:IntEnable)
                  000112c8    00000068     rtsv7M4_T_le_v4SPD16_eabi.lib : copy_decompress_lzss.c.obj (.text:decompress:lzss:__TI_decompress_lzss)
                  00011330    00000068     delay.obj (.text)
                  00011398    00000060     rtsv7M4_T_le_v4SPD16_eabi.lib : hosttime.c.obj (.text:HOSTtime64)
                  000113f8    00000060     driverlib.lib : timer.obj (.text:TimerConfigure)
                  00011458    00000060     rtsv7M4_T_le_v4SPD16_eabi.lib : autoinit.c.obj (.text:__TI_auto_init_nobinit:__TI_auto_init_nobinit)
                  000114b8    0000005c     Print.obj (.text:__isnan)
                  00011514    00000058     driverlib.lib : gpio.obj (.text:GPIOIntTypeSet)
                  0001156c    00000058     tiot_timer.obj (.text)
                  000115c4    00000054     Print.obj (.text:__isinf)
                  00011618    00000050     driverlib.lib : sysctl.obj (.text:SysCtlPeripheralReset)
                  00011668    0000004e                   : adc.obj (.text:ADCSequenceConfigure)
                  000116b6    00000002     --HOLE-- [fill = 0]
                  000116b8    0000004c                   : gpio.obj (.text:GPIOPinConfigure)
                  00011704    0000004c                   : i2c.obj (.text:I2CMasterInitExpClk)
                  00011750    0000004c     rtsv7M4_T_le_v4SPD16_eabi.lib : atoi.c.obj (.text:atoi)
                  0001179c    00000048                                   : exit.c.obj (.text:exit)
                  000117e4    00000048                                   : fd_toi_t2.asm.obj (.text)
                  0001182c    00000046     driverlib.lib : uart.obj (.text:UARTConfigSetExpClk)
                  00011872    00000002     --HOLE-- [fill = 0]
                  00011874    00000044                   : gpio.obj (.text:_GPIOIntNumberGet)
                  000118b8    00000044     rtsv7M4_T_le_v4SPD16_eabi.lib : dtor_list.c.obj (.text:_Z25__add_destruction_to_listPP20a_needed_destructionPFYvPvES2_S2_)
                  000118fc    00000044                                   : fd_tou_t2.asm.obj (.text)
                  00011940    00000042                                   : dtor_list.c.obj (.text:_Z23__finalize_destructionsPP20a_needed_destructionPv)
                  00011982    00000002     --HOLE-- [fill = 0]
                  00011984    00000040     driverlib.lib : eeprom.obj (.text:EEPROMInit)
                  000119c4    00000040     rtsv7M4_T_le_v4SPD16_eabi.lib : u_divt2.asm.obj (.text)
                  00011a04    0000003c     driverlib.lib : ssi.obj (.text:SSIConfigSetExpClk)
                  00011a40    0000003c                   : eeprom.obj (.text:_EEPROMSectorMaskSet)
                  00011a7c    00000038                   : eeprom.obj (.text:EEPROMRead)
                  00011ab4    00000038                   : sysctl.obj (.text:SysCtlPeripheralReady)
                  00011aec    00000038     rtsv7M4_T_le_v4SPD16_eabi.lib : trgmsg.c.obj (.text:__TI_writemsg)
                  00011b24    00000034     driverlib.lib : interrupt.obj (.text:IntRegister)
                  00011b58    00000034                   : sysctl.obj (.text:SysCtlPeripheralDisable)
                  00011b8c    00000034                   : sysctl.obj (.text:SysCtlPeripheralEnable)
                  00011bc0    00000034                   : eeprom.obj (.text:_EEPROMSectorMaskClear)
                  00011bf4    00000034     rtsv7M4_T_le_v4SPD16_eabi.lib : trgmsg.c.obj (.text:__TI_readmsg)
                  00011c28    00000034                                   : dtor_list.c.obj (.text:__aeabi_atexit)
                  00011c5c    00000034                                   : boot_cortex_m.c.obj (.text:_c_int00_noargs:_c_int00_noargs)
                  00011c90    00000034                                   : rand.c.obj (.text:rand)
                  00011cc4    00000034                                   : strstr.c.obj (.text:strstr)
                  00011cf8    0000002e     driverlib.lib : adc.obj (.text:ADCIntStatus)
                  00011d26    0000002e     rtsv7M4_T_le_v4SPD16_eabi.lib : i_tofd_t2.asm.obj (.text)
                  00011d54    0000002c     driverlib.lib : gpio.obj (.text:GPIODirModeSet)
                  00011d80    0000002c     SPI.obj (.text)
                  00011dac    0000002c     rtsv7M4_T_le_v4SPD16_eabi.lib : strncmp.c.obj (.text:strncmp)
                  00011dd8    00000028                                   : memory.c.obj (.text:free_list_insert)
                  00011e00    00000024     Print.obj (.text:_ZN5Print5writeEPKc)
                  00011e24    00000024     Dhcp.obj (.text:_ZN9IPAddressC1ERKS_)
                  00011e48    00000024     Dhcp.obj (.text:_ZThn8_N6UIPUDP4readEPcj)
                  00011e6c    00000024     rtsv7M4_T_le_v4SPD16_eabi.lib : memcmp.c.obj (.text:memcmp)
                  00011e90    00000024                                   : rand.c.obj (.text:srand)
                  00011eb4    00000022     UIPClient.obj (.text:_ZN9UIPClientneERKS_)
                  00011ed6    00000002     --HOLE-- [fill = 0]
                  00011ed8    00000020     driverlib.lib : uart.obj (.text:UARTDisable)
                  00011ef8    00000020     Print.obj (.text:_Z14__libcpp_isinfIdEbT_)
                  00011f18    00000020     Print.obj (.text:_Z14__libcpp_isnanIdEbT_)
                  00011f38    00000020     rtsv7M4_T_le_v4SPD16_eabi.lib : u_tofd_t2.asm.obj (.text)
                  00011f58    0000001e     driverlib.lib : adc.obj (.text:ADCSequenceDataGet)
                  00011f76    00000002     --HOLE-- [fill = 0]
                  00011f78    0000001c     UIPClient.obj (.text:_ZN5PrintC1Ev)
                  00011f94    0000001c     Dhcp.obj (.text:_ZNK9IPAddresseqERKS_)
                  00011fb0    0000001c     rtsv7M4_T_le_v4SPD16_eabi.lib : memory.c.obj (.text:free_list_remove)
                  00011fcc    0000001c     millis.obj (.text)
                  00011fe8    0000001a     driverlib.lib : gpio.obj (.text:GPIOPinTypeGPIOOutput)
                  00012002    0000001a     Dns.obj (.text:_ZN9IPAddressaSERKS_)
                  0001201c    00000018     driverlib.lib : adc.obj (.text:ADCProcessorTrigger)
                  00012034    00000018                   : gpio.obj (.text:GPIOIntRegister)
                  0001204c    00000018     Print.obj (.text:_Z5isinfIdENSt3__29enable_ifIXaasr3std3__213is_arithmeticIT_EE5valuesr3std3__214numeric_limitsIS2_EE12has_infinityEbE4typeES2_)
                  00012064    00000018     Print.obj (.text:_Z5isnanIdENSt3__29enable_ifIXsr3std3__217is_floating_pointIT_EE5valueEbE4typeES2_)
                  0001207c    00000018     UIPUdp.obj (.text:_ZN3UDPC1Ev)
                  00012094    00000018     Telecom_Ethernet.obj (.text:_ZN5Print5writeEPKcj)
                  000120ac    00000018     UIPClient.obj (.text:_ZN6ClientC1Ev)
                  000120c4    00000018     UIPServer.obj (.text:_ZN6ServerC1Ev)
                  000120dc    00000018     Dhcp.obj (.text:_ZN6UIPUDP4readEPcj)
                  000120f4    00000018     Dhcp.obj (.text:_ZN9PrintableC1ERKS_)
                  0001210c    00000018     IPAddress.obj (.text:_ZN9PrintableC1Ev)
                  00012124    00000018     rtsv7M4_T_le_v4SPD16_eabi.lib : ll_mul_t2.asm.obj (.text)
                  0001213c    00000018                                   : strcmp.c.obj (.text:strcmp)
                  00012154    00000016     driverlib.lib : gpio.obj (.text:GPIOPinTypeADC)
                  0001216a    00000016                   : gpio.obj (.text:GPIOPinTypeGPIOInput)
                  00012180    00000016                   : gpio.obj (.text:GPIOPinTypeI2C)
                  00012196    00000016                   : gpio.obj (.text:GPIOPinTypeI2CSCL)
                  000121ac    00000016                   : gpio.obj (.text:GPIOPinTypeSSI)
                  000121c2    00000016                   : gpio.obj (.text:GPIOPinTypeUART)
                  000121d8    00000016     UIPClient.obj (.text:_ZN9DNSClientC1Ev)
                  000121ee    00000016     UIPClient.obj (.text:_ZThn8_N9UIPClientD1Ev)
                  00012204    00000016     UIPServer.obj (.text:_ZThn8_N9UIPServerD1Ev)
                  0001221a    00000002     --HOLE-- [fill = 0]
                  0001221c    00000014     driverlib.lib : systick.obj (.text:SysTickEnable)
                  00012230    00000014                   : systick.obj (.text:SysTickIntEnable)
                  00012244    00000014                   : uart.obj (.text:UARTEnable)
                  00012258    00000014     Telecom_Ethernet.obj (.text:_ZN6ClientD0Ev)
                  0001226c    00000014     UIPServer.obj (.text:_ZN6ServerD0Ev)
                  00012280    00000014     Telecom_Ethernet.obj (.text:_ZN9IPAddressD0Ev)
                  00012294    00000014     Dns.obj (.text:_ZN9IPAddressixEi)
                  000122a8    00000014     Telecom_Ethernet.obj (.text:_ZN9PrintableD0Ev)
                  000122bc    00000014     Telecom_Ethernet.obj (.text:_ZN9UIPClientD0Ev)
                  000122d0    00000014     UIPServer.obj (.text:_ZN9UIPServerD0Ev)
                  000122e4    00000014     rtsv7M4_T_le_v4SPD16_eabi.lib : strcpy.c.obj (.text:strcpy)
                  000122f8    00000014                                   : strlen.c.obj (.text:strlen)
                  0001230c    00000012     driverlib.lib : ssi.obj (.text:SSIDataGetNonBlocking)
                  0001231e    00000012                   : timer.obj (.text:TimerLoadSet)
                  00012330    00000012                   : timer.obj (.text:TimerPrescaleSet)
                  00012342    00000012     Telecom_server_query.obj (.text:_Z3absl)
                  00012354    00000012     Telecom_Ethernet.obj (.text:_ZThn8_N9UIPClientD0Ev)
                  00012366    00000012     UIPServer.obj (.text:_ZThn8_N9UIPServerD0Ev)
                  00012378    00000010     driverlib.lib : interrupt.obj (.text:IntMasterEnable)
                  00012388    00000010                   : systick.obj (.text:SysTickPeriodSet)
                  00012398    00000010                   : eeprom.obj (.text:_EEPROMWaitForDone)
                  000123a8    00000010     UIPEthernet.obj (.text:_ZN9DhcpClassC1Ev)
                  000123b8    00000010     Dhcp.obj (.text:_ZN9PrintableC2ERKS_)
                  000123c8    00000010     Telecom_Ethernet.obj (.text:_ZN9UIPClientD1Ev)
                  000123d8    00000010     UIPServer.obj (.text:_ZN9UIPServerD1Ev)
                  000123e8    00000010     rtsv7M4_T_le_v4SPD16_eabi.lib : time64.c.obj (.text:__time64)
                  000123f8    00000010                                   : isdigit.c.obj (.text:isdigit)
                  00012408    0000000e     driverlib.lib : adc.obj (.text:ADCSequenceEnable)
                  00012416    0000000e                   : gpio.obj (.text:GPIOIntStatus)
                  00012424    0000000e                   : i2c.obj (.text:I2CRxFIFOFlush)
                  00012432    0000000e                   : i2c.obj (.text:I2CTxFIFOFlush)
                  00012440    0000000e                   : ssi.obj (.text:SSIDataPutNonBlocking)
                  0001244e    0000000e                   : timer.obj (.text:TimerEnable)
                  0001245c    0000000e                   : uart.obj (.text:UARTCharGetNonBlocking)
                  0001246a    0000000e                   : uart.obj (.text:UARTCharPutNonBlocking)
                  00012478    0000000e                   : uart.obj (.text:UARTCharsAvail)
                  00012486    0000000e                   : watchdog.obj (.text:WatchdogLockState)
                  00012494    0000000e     rtsv7M4_T_le_v4SPD16_eabi.lib : typeinfo.c.obj (.text:_ZN10__cxxabiv117__class_type_infoD0Ev)
                  000124a2    0000000e                                   : typeinfo.c.obj (.text:_ZN10__cxxabiv120__si_class_type_infoD0Ev)
                  000124b0    0000000e                                   : typeinfo.c.obj (.text:_ZN10__cxxabiv121__vmi_class_type_infoD0Ev)
                  000124be    0000000e     UIPClient.obj (.text:_ZN9DNSClientD1Ev)
                  000124cc    0000000e     Dns.obj (.text:_ZN9IPAddress11raw_addressEv)
                  000124da    0000000e     Telecom_Ethernet.obj (.text:_ZN9IPAddressD1Ev)
                  000124e8    0000000e     Dns.obj (.text:_ZN9PrintableaSERKS_)
                  000124f6    0000000e     Print.obj (.text:_ZNK6String5c_strEv)
                  00012504    0000000e     Print.obj (.text:_ZNK6String6lengthEv)
                  00012512    0000000e     Dns.obj (.text:_ZNK9IPAddresscvjEv)
                  00012520    0000000e     rtsv7M4_T_le_v4SPD16_eabi.lib : copy_decompress_none.c.obj (.text:decompress:none:__TI_decompress_none)
                  0001252e    0000000c     driverlib.lib : cpu.obj (.text:CPUcpsie)
                  0001253a    0000000c                   : gpio.obj (.text:GPIOIntEnable)
                  00012546    00000002     --HOLE-- [fill = 0]
                  00012548    0000000c                   : sysctl.obj (.text:SysCtlResetCauseGet)
                  00012554    0000000c                   : watchdog.obj (.text:WatchdogIntTypeSet)
                  00012560    0000000c                   : watchdog.obj (.text:WatchdogUnlock)
                  0001256c    0000000c     UIPUdp.obj (.text:_ZN3UDPC2Ev)
                  00012578    0000000c     UIPClient.obj (.text:_ZN5PrintC2Ev)
                  00012584    0000000c     UIPClient.obj (.text:_ZN6ClientC2Ev)
                  00012590    0000000c     Telecom_Ethernet.obj (.text:_ZN6ClientD1Ev)
                  0001259c    0000000c     Telecom_Ethernet.obj (.text:_ZN6ClientD2Ev)
                  000125a8    0000000c     UIPServer.obj (.text:_ZN6ServerC2Ev)
                  000125b4    0000000c     UIPServer.obj (.text:_ZN6ServerD1Ev)
                  000125c0    0000000c     UIPServer.obj (.text:_ZN6ServerD2Ev)
                  000125cc    0000000c     IPAddress.obj (.text:_ZN9PrintableC2Ev)
                  000125d8    0000000c     Telecom_Ethernet.obj (.text:_ZN9PrintableD1Ev)
                  000125e4    0000000c     Telecom_Ethernet.obj (.text:_ZN9PrintableD2Ev)
                  000125f0    0000000c     rtsv7M4_T_le_v4SPD16_eabi.lib : dtor_list.c.obj (.text:__cxa_finalize)
                  000125fc    0000000c                                   : guard.c.obj (.text:__cxa_guard_acquire)
                  00012608    0000000c                                   : copy_zero_init.c.obj (.text:decompress:ZI:__TI_zero_init)
                  00012614    0000000c     tm4c1233e6pz_startup_ccs.obj (.text)
                  00012620    0000000a     driverlib.lib : adc.obj (.text:ADCIntClear)
                  0001262a    0000000a                   : i2c.obj (.text:I2CMasterEnable)
                  00012634    0000000a                   : ssi.obj (.text:SSIEnable)
                  0001263e    0000000a                   : uart.obj (.text:UARTIntStatus)
                  00012648    0000000a                   : watchdog.obj (.text:WatchdogEnable)
                  00012652    0000000a                   : watchdog.obj (.text:WatchdogIntEnable)
                  0001265c    0000000a                   : watchdog.obj (.text:WatchdogResetEnable)
                  00012666    0000000a     rtsv7M4_T_le_v4SPD16_eabi.lib : guard.c.obj (.text:__cxa_guard_release)
                  00012670    00000008     driverlib.lib : i2c.obj (.text:I2CMasterBusy)
                  00012678    00000008                   : i2c.obj (.text:I2CMasterSlaveAddrSet)
                  00012680    00000008                   : timer.obj (.text:TimerIntEnable)
                  00012688    00000008                   : uart.obj (.text:UARTBusy)
                  00012690    00000008                   : uart.obj (.text:UARTIntEnable)
                  00012698    00000008                   : watchdog.obj (.text:WatchdogLock)
                  000126a0    00000008     rtsv7M4_T_le_v4SPD16_eabi.lib : new.cpp.obj (.text:_ZdlPv)
                  000126a8    00000008                                   : memory.c.obj (.text:malloc)
                  000126b0    00000006     driverlib.lib : gpio.obj (.text:GPIOIntClear)
                  000126b6    00000006                   : gpio.obj (.text:GPIOPinRead)
                  000126bc    00000006                   : gpio.obj (.text:GPIOPinWrite)
                  000126c2    00000006                   : sysctl.obj (.text:SysCtlDelay)
                  000126c8    00000006                   : watchdog.obj (.text:WatchdogIntClear)
                  000126ce    00000006     rtsv7M4_T_le_v4SPD16_eabi.lib : dtor_list.c.obj (.text:__cxa_ia64_exit)
                  000126d4    00000006                                   : pure_virt.c.obj (.text:__cxa_pure_virtual)
                  000126da    00000004     driverlib.lib : i2c.obj (.text:I2CMasterControl)
                  000126de    00000004                   : i2c.obj (.text:I2CMasterDataGet)
                  000126e2    00000004                   : i2c.obj (.text:I2CMasterDataPut)
                  000126e6    00000004                   : timer.obj (.text:TimerIntClear)
                  000126ea    00000004                   : uart.obj (.text:UARTIntClear)
                  000126ee    00000004                   : watchdog.obj (.text:WatchdogReloadSet)
                  000126f2    00000004     rtsv7M4_T_le_v4SPD16_eabi.lib : typeinfo.c.obj (.text:_ZN10__cxxabiv117__class_type_infoD1Ev)
                  000126f6    00000004                                   : typeinfo.c.obj (.text:_ZN10__cxxabiv120__si_class_type_infoD1Ev)
                  000126fa    00000004                                   : typeinfo.c.obj (.text:_ZN10__cxxabiv121__vmi_class_type_infoD1Ev)
                  000126fe    00000004                                   : new.cpp.obj (.text:_ZdlPvj)
                  00012702    00000004                                   : error.c.obj (.text:__abort_execution)
                  00012706    00000004                                   : pre_init.c.obj (.text:_system_pre_init)
                  0001270a    00000004                                   : exit.c.obj (.text:abort:abort)

.const     0    00012710    00000ae0     
                  00012710    000001d6     GLCD.obj (.const:.string:font5x8)
                  000128e6    00000101     rtsv7M4_T_le_v4SPD16_eabi.lib : ctype.c.obj (.const:.string:_ctypes_)
                  000129e7    00000001     --HOLE-- [fill = 0]
                  000129e8    000000d8     driverlib.lib : gpio.obj (.const:g_ppui32GPIOIntMapSnowflake)
                  00012ac0    000000c0                   : gpio.obj (.const:g_ppui32GPIOIntMapBlizzard)
                  00012b80    00000090     UIPUdp.obj (.const:_ZTV6UIPUDP)
                  00012c10    00000090     driverlib.lib : gpio.obj (.const:g_pui32GPIOBaseAddrs)
                  00012ca0    0000008c     UIPClient.obj (.const:_ZTV9UIPClient)
                  00012d2c    0000006c     driverlib.lib : sysctl.obj (.const:g_pui32Xtals)
                  00012d98    00000060     rtsv7M4_T_le_v4SPD16_eabi.lib : mktime64.c.obj (.const:$O1$$)
                  00012df8    0000004e     GLCD.obj (.const:.string:BattFont5x8)
                  00012e46    00000002     --HOLE-- [fill = 0]
                  00012e48    00000048     UIPUdp.obj (.const:_ZTV3UDP)
                  00012e90    00000041     _common.obj (.const:.string:$P$T0$1)
                  00012ed1    00000003     --HOLE-- [fill = 0]
                  00012ed4    00000040     UIPClient.obj (.const:_ZTV6Client)
                  00012f14    00000034     UIPServer.obj (.const:_ZTV9UIPServer)
                  00012f48    00000026     rtsv7M4_T_le_v4SPD16_eabi.lib : typeinfo.c.obj (.const:.typeinfo:_ZTSN10__cxxabiv121__vmi_class_type_infoE)
                  00012f6e    00000025                                   : typeinfo.c.obj (.const:.typeinfo:_ZTSN10__cxxabiv120__si_class_type_infoE)
                  00012f93    00000001     --HOLE-- [fill = 0]
                  00012f94    00000024     Clock.obj (.const:$P$T0$1)
                  00012fb8    00000022     rtsv7M4_T_le_v4SPD16_eabi.lib : typeinfo.c.obj (.const:.typeinfo:_ZTSN10__cxxabiv117__class_type_infoE)
                  00012fda    00000002     --HOLE-- [fill = 0]
                  00012fdc    00000020     UIPUdp.obj (.const:.typeinfo:_ZTI6UIPUDP)
                  00012ffc    00000020     UIPClient.obj (.const:.typeinfo:_ZTI9UIPClient)
                  0001301c    00000020     UIPServer.obj (.const:.typeinfo:_ZTI9UIPServer)
                  0001303c    00000019     Telecom_Ethernet.obj (.const:.string:$P$T1$5)
                  00013055    00000014     GLCD.obj (.const:.string:NetworkFont5x8)
                  00013069    00000003     --HOLE-- [fill = 0]
                  0001306c    00000014     UIPServer.obj (.const:_ZTV6Server)
                  00013080    00000014     IPAddress.obj (.const:_ZTV9IPAddress)
                  00013094    00000014     Dhcp.obj (.const:_ZTV9Printable)
                  000130a8    00000014     driverlib.lib : interrupt.obj (.const:g_pui32EnRegs)
                  000130bc    00000010     Print.obj (.const:_ZTV5Print)
                  000130cc    00000010     rtsv7M4_T_le_v4SPD16_eabi.lib : typeinfo.c.obj (.const:_ZTVN10__cxxabiv117__class_type_infoE)
                  000130dc    00000010                                   : typeinfo.c.obj (.const:_ZTVN10__cxxabiv120__si_class_type_infoE)
                  000130ec    00000010                                   : typeinfo.c.obj (.const:_ZTVN10__cxxabiv121__vmi_class_type_infoE)
                  000130fc    0000000d                                   : stdlib_typeinfo.cpp.obj (.const:.typeinfo:_ZTSSt9type_info)
                  00013109    00000003     --HOLE-- [fill = 0]
                  0001310c    0000000c     IPAddress.obj (.const:.typeinfo:_ZTI9IPAddress)
                  00013118    0000000c     rtsv7M4_T_le_v4SPD16_eabi.lib : typeinfo.c.obj (.const:.typeinfo:_ZTIN10__cxxabiv117__class_type_infoE)
                  00013124    0000000c                                   : typeinfo.c.obj (.const:.typeinfo:_ZTIN10__cxxabiv120__si_class_type_infoE)
                  00013130    0000000c                                   : typeinfo.c.obj (.const:.typeinfo:_ZTIN10__cxxabiv121__vmi_class_type_infoE)
                  0001313c    0000000b     IPAddress.obj (.const:.typeinfo:_ZTS9IPAddress)
                  00013147    0000000b     Dhcp.obj (.const:.typeinfo:_ZTS9Printable)
                  00013152    0000000b     UIPClient.obj (.const:.typeinfo:_ZTS9UIPClient)
                  0001315d    0000000b     UIPServer.obj (.const:.typeinfo:_ZTS9UIPServer)
                  00013168    00000008     Clock.obj (.const:$P$T1$2)
                  00013170    00000008     Telecom_Ethernet.obj (.const:.string:$P$T3$12)
                  00013178    00000008     UIPUdp.obj (.const:.typeinfo:_ZTI3UDP)
                  00013180    00000008     Print.obj (.const:.typeinfo:_ZTI5Print)
                  00013188    00000008     UIPClient.obj (.const:.typeinfo:_ZTI6Client)
                  00013190    00000008     UIPServer.obj (.const:.typeinfo:_ZTI6Server)
                  00013198    00000008     Dhcp.obj (.const:.typeinfo:_ZTI9Printable)
                  000131a0    00000008     rtsv7M4_T_le_v4SPD16_eabi.lib : stdlib_typeinfo.cpp.obj (.const:.typeinfo:_ZTISt9type_info)
                  000131a8    00000008     UIPClient.obj (.const:.typeinfo:_ZTS6Client)
                  000131b0    00000008     UIPServer.obj (.const:.typeinfo:_ZTS6Server)
                  000131b8    00000008     UIPUdp.obj (.const:.typeinfo:_ZTS6UIPUDP)
                  000131c0    00000007     Print.obj (.const:.typeinfo:_ZTS5Print)
                  000131c7    00000006     Telecom_Ethernet.obj (.const:.string:$P$T0$1)
                  000131cd    00000006     Telecom_Ethernet.obj (.const:.string:$P$T2$8)
                  000131d3    00000006     UIPEthernet.obj (.const:.string:$P$T6$1)
                  000131d9    00000006     uip_arp.obj (.const:broadcast_ethaddr)
                  000131df    00000005     UIPUdp.obj (.const:.typeinfo:_ZTS3UDP)
                  000131e4    00000004     uip.obj (.const:all_ones_addr)
                  000131e8    00000004     uip.obj (.const:all_zeroes_addr)
                  000131ec    00000004     uip_arp.obj (.const:broadcast_ipaddr)

.cinit     0    00013218    00000098     
                  00013218    0000005f     (.cinit..data.load) [load image, compression = lzss]
                  00013277    00000001     --HOLE-- [fill = 0]
                  00013278    0000000c     (__TI_handler_table)
                  00013284    00000004     --HOLE-- [fill = 0]
                  00013288    00000008     (.cinit..bss.load) [load image, compression = zero_init]
                  00013290    00000008     (.cinit..vtable.load) [load image, compression = zero_init]
                  00013298    00000018     (__TI_cinit_table)

.init_array 
*          0    000131f0    00000024     
                  000131f0    00000004     IPAddress.obj (.init_array)
                  000131f4    00000004     UIPUdp.obj (.init_array)
                  000131f8    00000004     UIPServer.obj (.init_array)
                  000131fc    00000004     UIPEthernet.obj (.init_array)
                  00013200    00000004     UIPClient.obj (.init_array)
                  00013204    00000004     Dns.obj (.init_array)
                  00013208    00000004     Dhcp.obj (.init_array)
                  0001320c    00000004     main.obj (.init_array)
                  00013210    00000004     Telecom_Ethernet.obj (.init_array)

.vtable    0    20000000    0000026c     UNINITIALIZED
                  20000000    0000026c     driverlib.lib : interrupt.obj (.vtable)

.bss       0    2000026c    00002801     UNINITIALIZED
                  2000026c    00000a34     (.common:ethernet_rx_buff)
                  20000ca0    00000a30     (.common:ethernet_tx_buff)
                  200016d0    00000230     (.common:_ZN10MemoryPool6blocksE)
                  20001900    000001fc     (.common:gprs_rx_buff)
                  20001afc    000001fc     (.common:gprs_tx_buff)
                  20001cf8    00000188     (.common:dummy_json_string)
                  20001e80    0000017c     (.common:adc)
                  20001ffc    00000130     (.common:display_tx)
                  2000212c    00000120     rtsv7M4_T_le_v4SPD16_eabi.lib : trgmsg.c.obj (.bss:_CIOBUF_)
                  2000224c    000000d6     (.common:cloud_config)
                  20002322    00000002     (.common:BCD_MODE)
                  20002324    000000a0     (.common:display_uart_rx)
                  200023c4    000000a0     (.common:pc_uart_rx)
                  20002464    00000080     (.common:e2p_cloud_config)
                  200024e4    00000080     (.common:uip_conns)
                  20002564    00000070     (.common:_ZN9UIPClient8all_dataE)
                  200025d4    00000064     (.common:uip_buf)
                  20002638    00000060     uip_arp.obj (.bss:arp_table)
                  20002698    0000005c     UIPEthernet.obj (.bss:s_dhcp)
                  200026f4    00000050     (.common:pc_uart_tx)
                  20002744    00000044     (.common:gps)
                  20002788    00000040     (.common:FLR_log_data)
                  200027c8    00000040     (.common:FL_log_data)
                  20002808    00000040     (.common:uip_udp_conns)
                  20002848    00000036     (.common:ram_data)
                  2000287e    00000029     (.common:adc_arr)
                  200028a7    0000001f     (.common:time_main)
                  200028c6    0000001c     (.common:measurements)
                  200028e2    00000002     (.common:EXTI_cnt)
                  200028e4    00000014     (.common:gprs)
                  200028f8    00000010     Telecom_Ethernet.obj (.bss:Eclient)
                  20002908    00000010     Telecom_Ethernet.obj (.bss:client)
                  20002918    00000010     (.common:e2p_device_info)
                  20002928    00000010     (.common:e2p_location_info)
                  20002938    00000010     (.common:freq_updated_data)
                  20002948    0000000e     (.common:scheduler)
                  20002956    0000000c     Telecom_Ethernet.obj (.bss)
                  20002962    0000000c     (.common:Alarms)
                  2000296e    0000000a     (.common:Telecom_Ethernet)
                  20002978    00000008     Dhcp.obj (.bss)
                  20002980    00000008     Dhcp.obj (.bss:INADDR_NONE)
                  20002988    00000008     Dns.obj (.bss:INADDR_NONE)
                  20002990    00000008     IPAddress.obj (.bss:INADDR_NONE)
                  20002998    00000008     Telecom_Ethernet.obj (.bss:INADDR_NONE)
                  200029a0    00000008     UIPClient.obj (.bss:INADDR_NONE)
                  200029a8    00000008     UIPEthernet.obj (.bss:INADDR_NONE)
                  200029b0    00000008     UIPServer.obj (.bss:INADDR_NONE)
                  200029b8    00000008     UIPUdp.obj (.bss:INADDR_NONE)
                  200029c0    00000008     main.obj (.bss:INADDR_NONE)
                  200029c8    00000008     UIPEthernet.obj (.bss:_ZN16UIPEthernetClass17_dnsServerAddressE)
                  200029d0    00000008     uip.obj (.bss)
                  200029d8    00000008     (.common:e2p_config_time)
                  200029e0    00000008     (.common:e2p_router_config)
                  200029e8    00000008     (.common:gps_data)
                  200029f0    00000008     (.common:parmbuf)
                  200029f8    00000008     (.common:uip_listenports)
                  20002a00    00000007     (.common:gps_date_time)
                  20002a07    00000001     UIPEthernet.obj (.bss:UIPEthernet)
                  20002a08    00000006     (.common:_ZN15Enc28J60Network10receivePktE)
                  20002a0e    00000006     (.common:time_stamp)
                  20002a14    00000004     UIPClient.obj (.bss:_ZZN9UIPClient7connectE9IPAddresstE4conn)
                  20002a18    00000004     uip_arp.obj (.bss:ipaddr)
                  20002a1c    00000004     uip.obj (.bss:iss)
                  20002a20    00000004     uip_arp.obj (.bss)
                  20002a24    00000004     (.common:Telecom_server_query)
                  20002a28    00000004     (.common:_ZN16UIPEthernetClass14periodic_timerE)
                  20002a2c    00000004     (.common:__dso_handle)
                  20002a30    00000004     (.common:_millis)
                  20002a34    00000004     (.common:startTime)
                  20002a38    00000004     (.common:u32DelayCounter)
                  20002a3c    00000004     (.common:uip_acc32)
                  20002a40    00000004     (.common:uip_appdata)
                  20002a44    00000004     (.common:uip_conn)
                  20002a48    00000004     (.common:uip_draddr)
                  20002a4c    00000004     (.common:uip_hostaddr)
                  20002a50    00000004     (.common:uip_netmask)
                  20002a54    00000004     (.common:uip_sappdata)
                  20002a58    00000004     (.common:uip_udp_conn)
                  20002a5c    00000003     (.common:relay_state)
                  20002a5f    00000001     (.common:System_mode)
                  20002a60    00000002     (.common:_ZN15Enc28J60Network13nextPacketPtrE)
                  20002a62    00000002     (.common:gprs_rx_isr_handler)
                  20002a64    00000002     (.common:uip_len)
                  20002a66    00000002     (.common:uip_slen)
                  20002a68    00000001     (.common:WDT)
                  20002a69    00000001     (.common:gps_handler_state)
                  20002a6a    00000001     (.common:network_status)
                  20002a6b    00000001     (.common:uip_flags)
                  20002a6c    00000001     (.common:voltage_mode)

.stack     0    20002a70    00001800     UNINITIALIZED
                  20002a70    00000004     rtsv7M4_T_le_v4SPD16_eabi.lib : boot_cortex_m.c.obj (.stack)
                  20002a74    000017fc     --HOLE--

.data      0    20004270    000000d0     UNINITIALIZED
                  20004270    0000001b     Telecom_server_query.obj (.data:server_response_str)
                  2000428b    00000004     Enc28J60Network.obj (.data)
                  2000428f    00000001     Dhcp.obj (.data)
                  20004290    00000012     ADC_Core.obj (.data)
                  200042a2    00000002     IO_cntrl.obj (.data)
                  200042a4    00000010     flash_logger.obj (.data:FL_data)
                  200042b4    00000010     rtsv7M4_T_le_v4SPD16_eabi.lib : tmzone.c.obj (.data:_tz)
                  200042c4    0000000d     Telecom_Ethernet.obj (.data)
                  200042d1    00000001     UIPClient.obj (.data:_ZZN9UIPClient7connectE9IPAddresstE10first_call)
                  200042d2    00000002     UIPClient.obj (.data:_ZZN9UIPClient7connectE9IPAddresstE7timeout)
                  200042d4    0000000c     rtsv7M4_T_le_v4SPD16_eabi.lib : exit.c.obj (.data:$O1$$)
                  200042e0    0000000c     UartCore.obj (.data)
                  200042ec    0000000c     gps.obj (.data)
                  200042f8    0000000c     main.obj (.data)
                  20004304    00000008     rtsv7M4_T_le_v4SPD16_eabi.lib : _lock.c.obj (.data:$O1$$)
                  2000430c    00000008                                   : memory.c.obj (.data:$O1$$)
                  20004314    00000008     GLCD.obj (.data)
                  2000431c    00000008     SysTick_Timer.obj (.data)
                  20004324    00000008     UIPEthernet.obj (.data)
                  2000432c    00000006     uip.obj (.data:uip_ethaddr)
                  20004332    00000002     --HOLE--
                  20004334    00000004     _common.obj (.data)
                  20004338    00000004     rtsv7M4_T_le_v4SPD16_eabi.lib : dtor_list.c.obj (.data)
                  2000433c    00000004                                   : rand.c.obj (.data)

.sysmem    0    20004340    00000010     UNINITIALIZED
                  20004340    00000010     rtsv7M4_T_le_v4SPD16_eabi.lib : memory.c.obj (.sysmem)

__llvm_prf_cnts 
*          0    20000000    00000000     UNINITIALIZED

MODULE SUMMARY

       Module                         code    ro data   rw data
       ------                         ----    -------   -------
    .\
       tm4c1233e6pz_startup_ccs.obj   12      620       0      
    +--+------------------------------+-------+---------+---------+
       Total:                         12      620       0      
                                                               
    .\Sources\
       Telecom_Ethernet.obj           3416    49        5295   
       Clock.obj                      4432    44        37     
       gps.obj                        4068    0         96     
       GLCD.obj                       2920    568       8      
       Telecom_server_query.obj       2874    0         424    
       ADC_Core.obj                   2640    0         467    
       IO_cntrl.obj                   3036    0         10     
       E2P.obj                        2528    0         390    
       main.obj                       2720    4         32     
       PC_Cmds.obj                    2536    0         1      
       flashCore.obj                  2508    0         0      
       UartCore.obj                   1468    0         716    
       flash_logger.obj               1840    0         214    
       gprs.obj                       496     0         1038   
       _common.obj                    1296    65        4      
       DS3231.obj                     528     0         0      
       SysTick_Timer.obj              484     0         26     
       WDT.obj                        216     0         1      
       delay.obj                      104     0         0      
       tiot_timer.obj                 88      0         0      
       SPI.obj                        44      0         0      
    +--+------------------------------+-------+---------+---------+
       Total:                         40242   730       8759   
                                                               
    .\Sources\UIPEthernet\
       UIPClient.obj                  3156    267       127    
       Dhcp.obj                       2984    43        21     
       UIPEthernet.obj                2760    10        121    
       UIPUdp.obj                     1976    273       8      
       Dns.obj                        1544    4         8      
       UIPServer.obj                  800     135       8      
    +--+------------------------------+-------+---------+---------+
       Total:                         13220   732       293    
                                                               
    .\Sources\UIPEthernet\mbed\
       Print.obj                      1816    31        0      
       IPAddress.obj                  400     47        8      
       itoa.obj                       402     0         0      
       millis.obj                     28      0         4      
    +--+------------------------------+-------+---------+---------+
       Total:                         2646    78        12     
                                                               
    .\Sources\UIPEthernet\utility\
       uip.obj                        5476    8         355    
       Enc28J60Network.obj            2964    0         12     
       uip_arp.obj                    1508    10        104    
       mempool.obj                    752     0         560    
    +--+------------------------------+-------+---------+---------+
       Total:                         10700   18        1031   
                                                               
    C:/ti/TivaWare_C_Series-2.2.0.295/driverlib/ccs/Debug/driverlib.lib
       gpio.obj                       866     552       0      
       sysctl.obj                     782     108       0      
       interrupt.obj                  172     20        620    
       eeprom.obj                     444     0         0      
       adc.obj                        324     0         0      
       uart.obj                       194     0         0      
       timer.obj                      158     0         0      
       i2c.obj                        142     0         0      
       ssi.obj                        102     0         0      
       watchdog.obj                   86      0         0      
       systick.obj                    56      0         0      
       cpu.obj                        12      0         0      
    +--+------------------------------+-------+---------+---------+
       Total:                         3338    680       620    
                                                               
    C:\ti\ccs1110\ccs\tools\compiler\ti-cgt-arm_20.2.6.LTS\lib\rtsv7M4_T_le_v4SPD16_eabi.lib
       mktime64.c.obj                 696     96        0      
       memory.c.obj                   672     0         8      
       fd_add_t2.asm.obj              438     0         0      
       trgmsg.c.obj                   108     0         288    
       fd_div_t2.asm.obj              310     0         0      
       fd_cmp_t2.asm.obj              268     0         0      
       ctype.c.obj                    0       257       0      
       fd_mul_t2.asm.obj              252     0         0      
       typeinfo.c.obj                 54      193       0      
       dtor_list.c.obj                204     0         8      
       memcpy_t2.asm.obj              156     0         0      
       ull_div_t2.asm.obj             150     0         0      
       memset_t2.asm.obj              122     0         0      
       ll_div_t2.asm.obj              110     0         0      
       copy_decompress_lzss.c.obj     104     0         0      
       autoinit.c.obj                 96      0         0      
       hosttime.c.obj                 96      0         0      
       rand.c.obj                     88      0         4      
       exit.c.obj                     76      0         12     
       atoi.c.obj                     76      0         0      
       fd_toi_t2.asm.obj              72      0         0      
       fd_tou_t2.asm.obj              68      0         0      
       u_divt2.asm.obj                64      0         0      
       boot_cortex_m.c.obj            52      0         0      
       strstr.c.obj                   52      0         0      
       i_tofd_t2.asm.obj              46      0         0      
       strncmp.c.obj                  44      0         0      
       memcmp.c.obj                   36      0         0      
       u_tofd_t2.asm.obj              32      0         0      
       ll_mul_t2.asm.obj              24      0         0      
       strcmp.c.obj                   24      0         0      
       stdlib_typeinfo.cpp.obj        2       21        0      
       guard.c.obj                    22      0         0      
       strcpy.c.obj                   20      0         0      
       strlen.c.obj                   20      0         0      
       isdigit.c.obj                  16      0         0      
       time64.c.obj                   16      0         0      
       tmzone.c.obj                   0       0         16     
       copy_decompress_none.c.obj     14      0         0      
       copy_zero_init.c.obj           12      0         0      
       new.cpp.obj                    12      0         0      
       _lock.c.obj                    2       0         8      
       hostopen.c.obj                 0       0         8      
       pure_virt.c.obj                6       0         0      
       error.c.obj                    4       0         0      
       pre_init.c.obj                 4       0         0      
       div0.asm.obj                   2       0         0      
    +--+------------------------------+-------+---------+---------+
       Total:                         4742    567       352    
                                                               
       Heap:                          0       0         16     
       Stack:                         0       0         6144   
       Linker Generated:              0       147       0      
    +--+------------------------------+-------+---------+---------+
       Grand Total:                   74900   3572      17227  


LINKER GENERATED COPY TABLES

__TI_cinit_table @ 00013298 records: 3, size/record: 8, table size: 24
	.data: load addr=00013218, load size=0000005f bytes, run addr=20004270, run size=000000d0 bytes, compression=lzss
	.bss: load addr=00013288, load size=00000008 bytes, run addr=2000026c, run size=00002801 bytes, compression=zero_init
	.vtable: load addr=00013290, load size=00000008 bytes, run addr=20000000, run size=0000026c bytes, compression=zero_init


LINKER GENERATED HANDLER TABLE

__TI_handler_table @ 00013278 records: 3, size/record: 4, table size: 12
	index: 0, handler: __TI_zero_init
	index: 1, handler: __TI_decompress_lzss
	index: 2, handler: __TI_decompress_none


GLOBAL SYMBOLS: SORTED ALPHABETICALLY BY Name 

address   name                                                                                                                          
-------   ----                                                                                                                          
20004320  ACVoltReadMillis                                                                                                              
00012621  ADCIntClear                                                                                                                   
00011cf9  ADCIntStatus                                                                                                                  
0001201d  ADCProcessorTrigger                                                                                                           
00011669  ADCSequenceConfigure                                                                                                          
00011f59  ADCSequenceDataGet                                                                                                            
00012409  ADCSequenceEnable                                                                                                             
0001108b  ADCSequenceStepConfigure                                                                                                      
20002962  Alarms                                                                                                                        
20002322  BCD_MODE                                                                                                                      
0001270b  C$$EXIT                                                                                                                       
00011b1b  C$$IO$$                                                                                                                       
0001252f  CPUcpsie                                                                                                                      
0000dcdf  DEBUGUARTIntHandler                                                                                                           
00011985  EEPROMInit                                                                                                                    
00010d89  EEPROMProgram                                                                                                                 
00011a7d  EEPROMRead                                                                                                                    
2000428b  ENC28J60ControlCS                                                                                                             
200028e2  EXTI_cnt                                                                                                                      
200028f8  Eclient                                                                                                                       
20002788  FLR_log_data                                                                                                                  
200027c8  FL_log_data                                                                                                                   
00004595  GPIODIntHandler                                                                                                               
00011d55  GPIODirModeSet                                                                                                                
000126b1  GPIOIntClear                                                                                                                  
0001253b  GPIOIntEnable                                                                                                                 
00012035  GPIOIntRegister                                                                                                               
00012417  GPIOIntStatus                                                                                                                 
00011515  GPIOIntTypeSet                                                                                                                
000103b5  GPIOPadConfigSet                                                                                                              
000116b9  GPIOPinConfigure                                                                                                              
000126b7  GPIOPinRead                                                                                                                   
00012155  GPIOPinTypeADC                                                                                                                
0001216b  GPIOPinTypeGPIOInput                                                                                                          
00011fe9  GPIOPinTypeGPIOOutput                                                                                                         
00012181  GPIOPinTypeI2C                                                                                                                
00012197  GPIOPinTypeI2CSCL                                                                                                             
000121ad  GPIOPinTypeSSI                                                                                                                
000121c3  GPIOPinTypeUART                                                                                                               
000126bd  GPIOPinWrite                                                                                                                  
00011399  HOSTtime64                                                                                                                    
00012671  I2CMasterBusy                                                                                                                 
000126db  I2CMasterControl                                                                                                              
000126df  I2CMasterDataGet                                                                                                              
000126e3  I2CMasterDataPut                                                                                                              
0001262b  I2CMasterEnable                                                                                                               
00011705  I2CMasterInitExpClk                                                                                                           
00012679  I2CMasterSlaveAddrSet                                                                                                         
00012425  I2CRxFIFOFlush                                                                                                                
00012433  I2CTxFIFOFlush                                                                                                                
00011261  IntEnable                                                                                                                     
00012379  IntMasterEnable                                                                                                               
00011b25  IntRegister                                                                                                                   
0000de69  LTEUARTIntHandler                                                                                                             
20004298  NE_ADC_RAW_MAX                                                                                                                
20004290  PN_ADC_RAW_MAX                                                                                                                
00012615  ResetISR                                                                                                                      
000131f0  SHT$$INIT_ARRAY$$Base                                                                                                         
00013214  SHT$$INIT_ARRAY$$Limit                                                                                                        
00011a05  SSIConfigSetExpClk                                                                                                            
0001230d  SSIDataGetNonBlocking                                                                                                         
00012441  SSIDataPutNonBlocking                                                                                                         
00012635  SSIEnable                                                                                                                     
000107c5  SysCtlClockGet                                                                                                                
00010ad9  SysCtlClockSet                                                                                                                
000126c3  SysCtlDelay                                                                                                                   
00011b59  SysCtlPeripheralDisable                                                                                                       
00011b8d  SysCtlPeripheralEnable                                                                                                        
00011ab5  SysCtlPeripheralReady                                                                                                         
00011619  SysCtlPeripheralReset                                                                                                         
00012549  SysCtlResetCauseGet                                                                                                           
0001221d  SysTickEnable                                                                                                                 
00012231  SysTickIntEnable                                                                                                              
0000fea5  SysTickIntHandler                                                                                                             
00012389  SysTickPeriodSet                                                                                                              
00011fd5  SysTick_Handler                                                                                                               
20002a5f  System_mode                                                                                                                   
2000296e  Telecom_Ethernet                                                                                                              
20002a24  Telecom_server_query                                                                                                          
000113f9  TimerConfigure                                                                                                                
0001244f  TimerEnable                                                                                                                   
000126e7  TimerIntClear                                                                                                                 
00012681  TimerIntEnable                                                                                                                
000115a7  TimerIntHandler                                                                                                               
0001231f  TimerLoadSet                                                                                                                  
00012331  TimerPrescaleSet                                                                                                              
00012689  UARTBusy                                                                                                                      
0001245d  UARTCharGetNonBlocking                                                                                                        
0001246b  UARTCharPutNonBlocking                                                                                                        
00012479  UARTCharsAvail                                                                                                                
0001182d  UARTConfigSetExpClk                                                                                                           
00011ed9  UARTDisable                                                                                                                   
00012245  UARTEnable                                                                                                                    
000126eb  UARTIntClear                                                                                                                  
00012691  UARTIntEnable                                                                                                                 
0001263f  UARTIntStatus                                                                                                                 
20002a07  UIPEthernet                                                                                                                   
20002a68  WDT                                                                                                                           
00012649  WatchdogEnable                                                                                                                
000126c9  WatchdogIntClear                                                                                                              
00012653  WatchdogIntEnable                                                                                                             
00010cb1  WatchdogIntHandler                                                                                                            
00012555  WatchdogIntTypeSet                                                                                                            
00012699  WatchdogLock                                                                                                                  
00012487  WatchdogLockState                                                                                                             
000126ef  WatchdogReloadSet                                                                                                             
0001265d  WatchdogResetEnable                                                                                                           
00012561  WatchdogUnlock                                                                                                                
0000c76f  _Z10Chip_Erasev                                                                                                               
0000a753  _Z10GetAdcDatav                                                                                                               
0000fae7  _Z10I2CReceivev                                                                                                               
00004951  _Z10ToggleLEDsv                                                                                                               
00001a85  _Z10asUnixTimeiiiiii                                                                                                          
0000d27b  _Z10clear_logsv                                                                                                               
00007ec1  _Z10getREQmodev                                                                                                               
0000edaf  _Z10my_sprintfPciz                                                                                                            
00007ead  _Z10setREQmode13gprs_status_t                                                                                                 
000072a1  _Z10updateGlcdv                                                                                                               
00002355  _Z10update_rtcPci                                                                                                             
00003741  _Z10utcTOlocalP15gps_date_time_t                                                                                              
0001156d  _Z10vTimerInitv                                                                                                               
00003d7d  _Z10ws_connectv                                                                                                               
00003f81  _Z10ws_disconnv                                                                                                               
000049e5  _Z11SetODU_Mode14voltage_mode_t                                                                                               
0000c5a3  _Z11SetSI_Inputv                                                                                                              
0000c5bf  _Z11SetSO_Inputv                                                                                                              
0000df89  _Z11Usendbufferj                                                                                                              
0000d2ab  _Z11clear_flashv                                                                                                              
0000f17b  _Z11count_commaPct                                                                                                            
0000c1c5  _Z11flashCopyMRPcS_                                                                                                           
0000ed59  _Z11getChecksumPhc                                                                                                            
00001dc1  _Z11getDateTimev                                                                                                              
0000d2c9  _Z11get_log_cnti                                                                                                              
0000fce5  _Z11get_rx_dataPc                                                                                                             
00002b49  _Z11gps_handlerv                                                                                                              
00009a2f  _Z11init_configv                                                                                                              
0000fa89  _Z11vRTCI2CInitv                                                                                                              
00009f9d  _Z12ADC_PortIniti                                                                                                             
0000700d  _Z12AlarmDisplayv                                                                                                             
00007419  _Z12Query_decodePcPKcS_i                                                                                                      
0000c4c3  _Z12Sector_Erasem                                                                                                             
0000c595  _Z12SetSI_Outputv                                                                                                             
0000c5b1  _Z12SetSO_Outputv                                                                                                             
00001ad5  _Z12calcTimeDiff12time_stamp_tS_                                                                                              
0000fd17  _Z12check_stringPKcPcPi                                                                                                       
0000d297  _Z12clear_log_idv                                                                                                             
0000c057  _Z12flashSwResetv                                                                                                             
0000d17d  _Z12flashWriteTRv                                                                                                             
00009747  _Z12getRAM_Alarmv                                                                                                             
00009f09  _Z12getRSTreasonv                                                                                                             
00002921  _Z12get_locationv                                                                                                             
0000d371  _Z12get_log_dataimPc                                                                                                          
0000435f  _Z12get_pkt_recvv                                                                                                             
00002843  _Z12is_leap_yearh                                                                                                             
00007539  _Z12server_queryv                                                                                                             
0000970f  _Z12setRAM_Alarm16Alarm_sts_bits_tb                                                                                           
00004365  _Z12set_pkt_recvb                                                                                                             
00004925  _Z12vEXTIpinInitv                                                                                                             
00005025  _Z12vEarthDetectv                                                                                                             
000048b5  _Z12vGPIO_Togglejhh                                                                                                           
000046eb  _Z12vLEDGPIOInitv                                                                                                             
0000dc77  _Z12vLTEUARTInitv                                                                                                             
00011d81  _Z13SPI_transrecvjh                                                                                                           
000025fd  _Z13add_date_timeP12time_stamp_tS0_j                                                                                          
00004b7d  _Z13controlRelaysv                                                                                                            
0000eff1  _Z13delete_SubStrPcS_c                                                                                                        
0000c06f  _Z13enable_wp_pinv                                                                                                            
00003973  _Z13ethernet_initv                                                                                                            
0000e071  _Z13flushRxBufferi                                                                                                            
0000e0a5  _Z13flushTxBufferi                                                                                                            
0000a4e5  _Z13getODUCurrentv                                                                                                            
0000a5a9  _Z13getODUVoltagev                                                                                                            
00009785  _Z13getRAM_Statusv                                                                                                            
0000b983  _Z13get_device_idv                                                                                                            
0000a727  _Z13readACVoltagev                                                                                                            
0000974d  _Z13setRAM_Statushb                                                                                                           
0000b8e1  _Z13set_device_idPc                                                                                                           
0000ffe3  _Z13vMAIN_DelayMSj                                                                                                            
0000decd  _Z13vUART_SendChrjh                                                                                                           
0000df5d  _Z13vUART_SendIntji                                                                                                           
0000deeb  _Z13vUART_SendStrjPKh                                                                                                         
00006a19  _Z14GLCD_Initalizev                                                                                                           
00006b71  _Z14GLCD_WriteCharc                                                                                                           
000069a1  _Z14GLCD_WriteDatah                                                                                                           
0000bdb5  _Z14Reset_Hold_Lowv                                                                                                           
000024dd  _Z14StrToTimeStampPh                                                                                                          
00011ef9  _Z14__libcpp_isinfIdEbT_                                                                                                      
00011f19  _Z14__libcpp_isnanIdEbT_                                                                                                      
000041a5  _Z14ether_tcp_sendPci                                                                                                         
00001c1f  _Z14getDaysOfMonthcj                                                                                                          
0000a673  _Z14getSMPSVoltagev                                                                                                           
000038dd  _Z14get_gps_statusv                                                                                                           
00004e49  _Z14isSupplyStablev                                                                                                           
0000c119  _Z14readContToBuffmjPc                                                                                                        
000038e9  _Z14set_gps_status13gprs_status_t                                                                                             
0000dc29  _Z14vDEBUGUARTInitv                                                                                                           
000098e9  _Z14write_defaultsj                                                                                                           
00006d35  _Z15Data_Screen_lcdv                                                                                                          
00006b43  _Z15GLCD_Clear_Lineh                                                                                                          
00004495  _Z15HTTP_valid_codePc                                                                                                         
0000bdc3  _Z15Reset_Hold_Highv                                                                                                          
0000192b  _Z15check_date_timePcS_                                                                                                       
00005dc3  _Z15ether_cs_activev                                                                                                          
00003ea5  _Z15ether_ping_sendv                                                                                                          
0000be87  _Z15flashClrTR_Logsv                                                                                                          
0000cf15  _Z15flashWriteMR_BRv                                                                                                          
0000fca5  _Z15generateMaskKeyPh                                                                                                         
00010d79  _Z15getWDTreset_flgv                                                                                                          
0000d5c7  _Z15get_unsent_logsv                                                                                                          
0000fe35  _Z15get_upload_datav                                                                                                          
0000fe51  _Z15get_webconn_stsv                                                                                                          
0000302d  _Z15gps_pkt_parsingP10gps_info_tPc                                                                                            
[...]
000130ec  _ZTVN10__cxxabiv121__vmi_class_type_infoE                                                                                     
000130fc  _ZTSSt9type_info                                                                                                              
0001310c  _ZTI9IPAddress                                                                                                                
00013118  _ZTIN10__cxxabiv117__class_type_infoE                                                                                         
00013124  _ZTIN10__cxxabiv120__si_class_type_infoE                                                                                      
00013130  _ZTIN10__cxxabiv121__vmi_class_type_infoE                                                                                     
0001313c  _ZTS9IPAddress                                                                                                                
00013147  _ZTS9Printable                                                                                                                
00013152  _ZTS9UIPClient                                                                                                                
0001315d  _ZTS9UIPServer                                                                                                                
00013178  _ZTI3UDP                                                                                                                      
00013180  _ZTI5Print                                                                                                                    
00013188  _ZTI6Client                                                                                                                   
00013190  _ZTI6Server                                                                                                                   
00013198  _ZTI9Printable                                                                                                                
000131a0  _ZTISt9type_info                                                                                                              
000131a8  _ZTS6Client                                                                                                                   
000131b0  _ZTS6Server                                                                                                                   
000131b8  _ZTS6UIPUDP                                                                                                                   
000131c0  _ZTS5Print                                                                                                                    
000131df  _ZTS3UDP                                                                                                                      
000131f0  SHT$$INIT_ARRAY$$Base                                                                                                         
00013214  SHT$$INIT_ARRAY$$Limit                                                                                                        
00013278  __TI_Handler_Table_Base                                                                                                       
00013284  __TI_Handler_Table_Limit                                                                                                      
00013298  __TI_CINIT_Base                                                                                                               
000132b0  __TI_CINIT_Limit                                                                                                              
20000000  __start___llvm_prf_cnts                                                                                                       
20000000  __stop___llvm_prf_cnts                                                                                                        
20000000  g_pfnRAMVectors                                                                                                               
2000026c  ethernet_rx_buff                                                                                                              
20000ca0  ethernet_tx_buff                                                                                                              
200016d0  _ZN10MemoryPool6blocksE                                                                                                       
20001900  gprs_rx_buff                                                                                                                  
20001afc  gprs_tx_buff                                                                                                                  
20001cf8  dummy_json_string                                                                                                             
20001e80  adc                                                                                                                           
20001ffc  display_tx                                                                                                                    
2000212c  __CIOBUF_                                                                                                                     
2000224c  cloud_config                                                                                                                  
20002322  BCD_MODE                                                                                                                      
20002324  display_uart_rx                                                                                                               
200023c4  pc_uart_rx                                                                                                                    
20002464  e2p_cloud_config                                                                                                              
200024e4  uip_conns                                                                                                                     
20002564  _ZN9UIPClient8all_dataE                                                                                                       
200025d4  uip_buf                                                                                                                       
200026f4  pc_uart_tx                                                                                                                    
20002744  gps                                                                                                                           
20002788  FLR_log_data                                                                                                                  
200027c8  FL_log_data                                                                                                                   
20002808  uip_udp_conns                                                                                                                 
20002848  ram_data                                                                                                                      
2000287e  adc_arr                                                                                                                       
200028a7  time_main                                                                                                                     
200028c6  measurements                                                                                                                  
200028e2  EXTI_cnt                                                                                                                      
200028e4  gprs                                                                                                                          
200028f8  Eclient                                                                                                                       
20002908  client                                                                                                                        
20002918  e2p_device_info                                                                                                               
20002928  e2p_location_info                                                                                                             
20002938  freq_updated_data                                                                                                             
20002948  scheduler                                                                                                                     
20002962  Alarms                                                                                                                        
2000296e  Telecom_Ethernet                                                                                                              
200029c8  _ZN16UIPEthernetClass17_dnsServerAddressE                                                                                     
200029d8  e2p_config_time                                                                                                               
200029e0  e2p_router_config                                                                                                             
200029e8  gps_data                                                                                                                      
200029f0  parmbuf                                                                                                                       
200029f8  uip_listenports                                                                                                               
20002a00  gps_date_time                                                                                                                 
20002a07  UIPEthernet                                                                                                                   
20002a08  _ZN15Enc28J60Network10receivePktE                                                                                             
20002a0e  time_stamp                                                                                                                    
20002a14  _ZZN9UIPClient7connectE9IPAddresstE4conn                                                                                      
20002a24  Telecom_server_query                                                                                                          
20002a28  _ZN16UIPEthernetClass14periodic_timerE                                                                                        
20002a2c  __dso_handle                                                                                                                  
20002a30  _millis                                                                                                                       
20002a34  startTime                                                                                                                     
20002a38  u32DelayCounter                                                                                                               
20002a3c  uip_acc32                                                                                                                     
20002a40  uip_appdata                                                                                                                   
20002a44  uip_conn                                                                                                                      
20002a48  uip_draddr                                                                                                                    
20002a4c  uip_hostaddr                                                                                                                  
20002a50  uip_netmask                                                                                                                   
20002a54  uip_sappdata                                                                                                                  
20002a58  uip_udp_conn                                                                                                                  
20002a5c  relay_state                                                                                                                   
20002a5f  System_mode                                                                                                                   
20002a60  _ZN15Enc28J60Network13nextPacketPtrE                                                                                          
20002a62  gprs_rx_isr_handler                                                                                                           
20002a64  uip_len                                                                                                                       
20002a66  uip_slen                                                                                                                      
20002a68  WDT                                                                                                                           
20002a69  gps_handler_state                                                                                                             
20002a6a  network_status                                                                                                                
20002a6b  uip_flags                                                                                                                     
20002a6c  voltage_mode                                                                                                                  
20002a70  __stack                                                                                                                       
20002c70  __STACK_TOP                                                                                                                   
20004270  __STACK_END                                                                                                                   
20004270  server_response_str                                                                                                           
2000428b  ENC28J60ControlCS                                                                                                             
2000428c  _ZN15Enc28J60Network4bankE                                                                                                    
2000428d  _ZN15Enc28J60Network6erevidE                                                                                                  
2000428e  _ZN15Enc28J60Network17broadcast_enabledE                                                                                      
20004290  PN_ADC_RAW_MAX                                                                                                                
20004298  NE_ADC_RAW_MAX                                                                                                                
200042b4  _tz                                                                                                                           
200042d1  _ZZN9UIPClient7connectE9IPAddresstE10first_call                                                                               
200042d2  _ZZN9UIPClient7connectE9IPAddresstE7timeout                                                                                   
200042d4  __TI_cleanup_ptr                                                                                                              
200042d8  __TI_dtors_ptr                                                                                                                
200042dc  __TI_enable_exit_profile_output                                                                                               
200042e0  g_bIntFlag                                                                                                                    
200042ec  gps_interval_start                                                                                                            
200042f0  cnt_gps_1sec                                                                                                                  
200042f8  upload_time                                                                                                                   
200042fc  save_offline_time                                                                                                             
20004300  relay_startup_time                                                                                                            
20004304  _lock                                                                                                                         
20004308  _unlock                                                                                                                       
20004314  screen_x                                                                                                                      
2000431c  millis_cnt                                                                                                                    
20004320  ACVoltReadMillis                                                                                                              
20004324  _ZN16UIPEthernetClass9in_packetE                                                                                              
20004325  _ZN16UIPEthernetClass10uip_packetE                                                                                            
20004326  _ZN16UIPEthernetClass10uip_hdrlenE                                                                                            
20004327  _ZN16UIPEthernetClass11packetstateE                                                                                           
20004328  _ZN16UIPEthernetClass5_dhcpE                                                                                                  
2000432c  uip_ethaddr                                                                                                                   
20004340  _sys_memory                                                                                                                   
ffffffff  __TI_pprof_out_hndl                                                                                                           
ffffffff  __TI_prof_data_size                                                                                                           
ffffffff  __TI_prof_data_start                                                                                                          
ffffffff  __binit__                                                                                                                     
ffffffff  __c_args__                                                                                                                    
ffffffff  binit                                                                                                                         
UNDEFED   __mpu_init                                                                                                                    
UNDEFED   _system_post_cinit                                                                                                            

[903 symbols]
