******************************************************************************
                  TI ARM Linker PC v20.2.6                     
******************************************************************************
>> Linked Fri Jul 19 11:43:20 2024

OUTPUT FILE NAME:   <Telecom_IoT_v2_00.out>
ENTRY POINT SYMBOL: "_c_int00_noargs"  address: 0000e321


MEMORY CONFIGURATION

         name            origin    length      used     unused   attr    fill
----------------------  --------  ---------  --------  --------  ----  --------
  FLASH                 00000000   00020000  0000efba  00011046  R  X
  SRAM                  20000000   00008000  00002993  0000566d  RW X


SEGMENT ALLOCATION MAP

run origin  load origin   length   init length attrs members
----------  ----------- ---------- ----------- ----- -------
00000000    00000000    0000efc0   0000efc0    r-x
  00000000    00000000    0000026c   0000026c    r-- .intvecs
  0000026c    0000026c    0000e5e2   0000e5e2    r-x .text
  0000e850    0000e850    000006d4   000006d4    r-- .const
  0000ef28    0000ef28    00000098   00000098    r-- .cinit
20000000    20000000    00002998   00000000    rw-
  20000000    20000000    0000026c   00000000    rw- .vtable
  20000270    20000270    00001800   00000000    rw- .stack
  20001a70    20001a70    00000e37   00000000    rw- .bss
  200028a8    200028a8    000000f0   00000000    rw- .data


SECTION ALLOCATION MAP

 output                                  attributes/
section   page    origin      length       input sections
--------  ----  ----------  ----------   ----------------
.intvecs   0    00000000    0000026c     
                  00000000    0000026c     tm4c1233e6pz_startup_ccs.obj (.intvecs)

.text      0    0000026c    0000e5e2     
                  0000026c    000033f0     gprs.obj (.text)
                  0000365c    0000132c     gps.obj (.text)
                  00004988    00001150     Clock.obj (.text)
                  00005ad8    00001094     GLCD.obj (.text)
                  00006b6c    00000cdc     Telecom_server_query.obj (.text)
                  00007848    00000c64     IO_cntrl.obj (.text)
                  000084ac    00000a98     ADC_Core.obj (.text)
                  00008f44    00000a90     main.obj (.text)
                  000099d4    00000a30     E2P.obj (.text)
                  0000a404    000009e8     PC_Cmds.obj (.text)
                  0000adec    000009cc     flashCore.obj (.text)
                  0000b7b8    00000730     flash_logger.obj (.text)
                  0000bee8    000005e0     UartCore.obj (.text)
                  0000c4c8    00000510     _common.obj (.text)
                  0000c9d8    000002b8     rtsv7M4_T_le_v4SPD16_eabi.lib : mktime64.c.obj (.text:__mktime64)
                  0000cc90    00000210     DS3231.obj (.text)
                  0000cea0    000001dc     SysTick_Timer.obj (.text)
                  0000d07c    0000016c     driverlib.lib : gpio.obj (.text:GPIOPadConfigSet)
                  0000d1e8    00000144     Web_Comm.obj (.text)
                  0000d32c    00000136     rtsv7M4_T_le_v4SPD16_eabi.lib : fd_div_t2.asm.obj (.text)
                  0000d462    00000002                                   : _lock.c.obj (.text:_nop)
                  0000d464    00000118     driverlib.lib : sysctl.obj (.text:SysCtlClockGet)
                  0000d57c    000000fc     rtsv7M4_T_le_v4SPD16_eabi.lib : fd_mul_t2.asm.obj (.text)
                  0000d678    000000f4     driverlib.lib : sysctl.obj (.text:SysCtlClockSet)
                  0000d76c    000000c4                   : eeprom.obj (.text:EEPROMProgram)
                  0000d830    0000009c     rtsv7M4_T_le_v4SPD16_eabi.lib : memcpy_t2.asm.obj (.text)
                  0000d8cc    00000096                                   : ull_div_t2.asm.obj (.text)
                  0000d962    00000086                                   : fd_cmp_t2.asm.obj (.text:__aeabi_cdcmple)
                  0000d9e8    0000007a     driverlib.lib : adc.obj (.text:ADCSequenceStepConfigure)
                  0000da62    0000007a     rtsv7M4_T_le_v4SPD16_eabi.lib : memset_t2.asm.obj (.text)
                  0000dadc    0000006e                                   : ltoa.c.obj (.text:ltoa)
                  0000db4a    0000006e                                   : ll_div_t2.asm.obj (.text)
                  0000dbb8    00000068     driverlib.lib : interrupt.obj (.text:IntEnable)
                  0000dc20    00000068     rtsv7M4_T_le_v4SPD16_eabi.lib : copy_decompress_lzss.c.obj (.text:decompress:lzss:__TI_decompress_lzss)
                  0000dc88    00000068     delay.obj (.text)
                  0000dcf0    00000060     rtsv7M4_T_le_v4SPD16_eabi.lib : hosttime.c.obj (.text:HOSTtime64)
                  0000dd50    00000060     driverlib.lib : timer.obj (.text:TimerConfigure)
                  0000ddb0    00000058                   : gpio.obj (.text:GPIOIntTypeSet)
                  0000de08    00000058     tiot_timer.obj (.text)
                  0000de60    00000050     driverlib.lib : sysctl.obj (.text:SysCtlPeripheralReset)
                  0000deb0    0000004e                   : adc.obj (.text:ADCSequenceConfigure)
                  0000defe    00000002     rtsv7M4_T_le_v4SPD16_eabi.lib : div0.asm.obj (.text)
                  0000df00    0000004c     driverlib.lib : gpio.obj (.text:GPIOPinConfigure)
                  0000df4c    0000004c                   : i2c.obj (.text:I2CMasterInitExpClk)
                  0000df98    0000004c     rtsv7M4_T_le_v4SPD16_eabi.lib : atoi.c.obj (.text:atoi)
                  0000dfe4    00000046     driverlib.lib : uart.obj (.text:UARTConfigSetExpClk)
                  0000e02a    00000002     --HOLE-- [fill = 0]
                  0000e02c    00000044                   : gpio.obj (.text:_GPIOIntNumberGet)
                  0000e070    00000044     rtsv7M4_T_le_v4SPD16_eabi.lib : autoinit.c.obj (.text:__TI_auto_init_nobinit_nopinit:__TI_auto_init_nobinit_nopinit)
                  0000e0b4    00000044                                   : fd_tou_t2.asm.obj (.text)
                  0000e0f8    00000040     driverlib.lib : eeprom.obj (.text:EEPROMInit)
                  0000e138    0000003c                   : eeprom.obj (.text:_EEPROMSectorMaskSet)
                  0000e174    00000038                   : eeprom.obj (.text:EEPROMRead)
                  0000e1ac    00000038                   : sysctl.obj (.text:SysCtlPeripheralReady)
                  0000e1e4    00000038     rtsv7M4_T_le_v4SPD16_eabi.lib : trgmsg.c.obj (.text:__TI_writemsg)
                  0000e21c    00000034     driverlib.lib : interrupt.obj (.text:IntRegister)
                  0000e250    00000034                   : sysctl.obj (.text:SysCtlPeripheralDisable)
                  0000e284    00000034                   : sysctl.obj (.text:SysCtlPeripheralEnable)
                  0000e2b8    00000034                   : eeprom.obj (.text:_EEPROMSectorMaskClear)
                  0000e2ec    00000034     rtsv7M4_T_le_v4SPD16_eabi.lib : trgmsg.c.obj (.text:__TI_readmsg)
                  0000e320    00000034                                   : boot_cortex_m.c.obj (.text:_c_int00_noargs:_c_int00_noargs)
                  0000e354    00000034                                   : rand.c.obj (.text:rand)
                  0000e388    00000034                                   : strstr.c.obj (.text:strstr)
                  0000e3bc    0000002e     driverlib.lib : adc.obj (.text:ADCIntStatus)
                  0000e3ea    0000002e     rtsv7M4_T_le_v4SPD16_eabi.lib : i_tofd_t2.asm.obj (.text)
                  0000e418    0000002c     driverlib.lib : gpio.obj (.text:GPIODirModeSet)
                  0000e444    0000002c     rtsv7M4_T_le_v4SPD16_eabi.lib : strncmp.c.obj (.text:strncmp)
                  0000e470    00000024                                   : memcmp.c.obj (.text:memcmp)
                  0000e494    00000024                                   : rand.c.obj (.text:srand)
                  0000e4b8    00000020     driverlib.lib : uart.obj (.text:UARTDisable)
                  0000e4d8    00000020     rtsv7M4_T_le_v4SPD16_eabi.lib : u_tofd_t2.asm.obj (.text)
                  0000e4f8    0000001e     driverlib.lib : adc.obj (.text:ADCSequenceDataGet)
                  0000e516    0000001a                   : gpio.obj (.text:GPIOPinTypeGPIOOutput)
                  0000e530    00000018                   : adc.obj (.text:ADCProcessorTrigger)
                  0000e548    00000018                   : gpio.obj (.text:GPIOIntRegister)
                  0000e560    00000018     rtsv7M4_T_le_v4SPD16_eabi.lib : ll_mul_t2.asm.obj (.text)
                  0000e578    00000018                                   : strcmp.c.obj (.text:strcmp)
                  0000e590    00000016     driverlib.lib : gpio.obj (.text:GPIOPinTypeADC)
                  0000e5a6    00000016                   : gpio.obj (.text:GPIOPinTypeGPIOInput)
                  0000e5bc    00000016                   : gpio.obj (.text:GPIOPinTypeI2C)
                  0000e5d2    00000016                   : gpio.obj (.text:GPIOPinTypeI2CSCL)
                  0000e5e8    00000016                   : gpio.obj (.text:GPIOPinTypeUART)
                  0000e5fe    00000002     --HOLE-- [fill = 0]
                  0000e600    00000014                   : systick.obj (.text:SysTickEnable)
                  0000e614    00000014                   : systick.obj (.text:SysTickIntEnable)
                  0000e628    00000014                   : uart.obj (.text:UARTEnable)
                  0000e63c    00000014     rtsv7M4_T_le_v4SPD16_eabi.lib : strcpy.c.obj (.text:strcpy)
                  0000e650    00000014                                   : strlen.c.obj (.text:strlen)
                  0000e664    00000012     driverlib.lib : timer.obj (.text:TimerLoadSet)
                  0000e676    00000012                   : timer.obj (.text:TimerPrescaleSet)
                  0000e688    00000012     Telecom_server_query.obj (.text:_Z3absl)
                  0000e69a    00000010     driverlib.lib : interrupt.obj (.text:IntMasterDisable)
                  0000e6aa    00000010                   : interrupt.obj (.text:IntMasterEnable)
                  0000e6ba    00000002     --HOLE-- [fill = 0]
                  0000e6bc    00000010                   : sysctl.obj (.text:SysCtlReset)
                  0000e6cc    00000010                   : systick.obj (.text:SysTickPeriodSet)
                  0000e6dc    00000010                   : eeprom.obj (.text:_EEPROMWaitForDone)
                  0000e6ec    00000010     rtsv7M4_T_le_v4SPD16_eabi.lib : time64.c.obj (.text:__time64)
                  0000e6fc    00000010                                   : isdigit.c.obj (.text:isdigit)
                  0000e70c    0000000e     driverlib.lib : adc.obj (.text:ADCSequenceEnable)
                  0000e71a    0000000e                   : gpio.obj (.text:GPIOIntStatus)
                  0000e728    0000000e                   : i2c.obj (.text:I2CRxFIFOFlush)
                  0000e736    0000000e                   : i2c.obj (.text:I2CTxFIFOFlush)
                  0000e744    0000000e                   : timer.obj (.text:TimerEnable)
                  0000e752    0000000e                   : uart.obj (.text:UARTCharGetNonBlocking)
                  0000e760    0000000e                   : uart.obj (.text:UARTCharPutNonBlocking)
                  0000e76e    0000000e                   : uart.obj (.text:UARTCharsAvail)
                  0000e77c    0000000e     rtsv7M4_T_le_v4SPD16_eabi.lib : copy_decompress_none.c.obj (.text:decompress:none:__TI_decompress_none)
                  0000e78a    0000000c     driverlib.lib : cpu.obj (.text:CPUcpsid)
                  0000e796    0000000c                   : cpu.obj (.text:CPUcpsie)
                  0000e7a2    0000000c                   : gpio.obj (.text:GPIOIntEnable)
                  0000e7ae    00000002     --HOLE-- [fill = 0]
                  0000e7b0    0000000c                   : sysctl.obj (.text:SysCtlResetCauseGet)
                  0000e7bc    0000000c     rtsv7M4_T_le_v4SPD16_eabi.lib : copy_zero_init.c.obj (.text:decompress:ZI:__TI_zero_init)
                  0000e7c8    0000000c     tm4c1233e6pz_startup_ccs.obj (.text)
                  0000e7d4    0000000a     driverlib.lib : adc.obj (.text:ADCIntClear)
                  0000e7de    0000000a                   : i2c.obj (.text:I2CMasterEnable)
                  0000e7e8    0000000a                   : uart.obj (.text:UARTIntStatus)
                  0000e7f2    00000008                   : i2c.obj (.text:I2CMasterBusy)
                  0000e7fa    00000008                   : i2c.obj (.text:I2CMasterSlaveAddrSet)
                  0000e802    00000008                   : timer.obj (.text:TimerIntEnable)
                  0000e80a    00000008                   : uart.obj (.text:UARTBusy)
                  0000e812    00000008                   : uart.obj (.text:UARTIntEnable)
                  0000e81a    00000006                   : gpio.obj (.text:GPIOIntClear)
                  0000e820    00000006                   : gpio.obj (.text:GPIOPinRead)
                  0000e826    00000006                   : gpio.obj (.text:GPIOPinWrite)
                  0000e82c    00000006                   : sysctl.obj (.text:SysCtlDelay)
                  0000e832    00000004                   : i2c.obj (.text:I2CMasterControl)
                  0000e836    00000004                   : i2c.obj (.text:I2CMasterDataGet)
                  0000e83a    00000004                   : i2c.obj (.text:I2CMasterDataPut)
                  0000e83e    00000004                   : timer.obj (.text:TimerIntClear)
                  0000e842    00000004                   : uart.obj (.text:UARTIntClear)
                  0000e846    00000004     rtsv7M4_T_le_v4SPD16_eabi.lib : pre_init.c.obj (.text:_system_pre_init)
                  0000e84a    00000004                                   : exit.c.obj (.text:abort:abort)

.const     0    0000e850    000006d4     
                  0000e850    000001d6     GLCD.obj (.const:.string:font5x8)
                  0000ea26    00000101     rtsv7M4_T_le_v4SPD16_eabi.lib : ctype.c.obj (.const:.string:_ctypes_)
                  0000eb27    00000001     --HOLE-- [fill = 0]
                  0000eb28    000000d8     driverlib.lib : gpio.obj (.const:g_ppui32GPIOIntMapSnowflake)
                  0000ec00    000000c0                   : gpio.obj (.const:g_ppui32GPIOIntMapBlizzard)
                  0000ecc0    00000090                   : gpio.obj (.const:g_pui32GPIOBaseAddrs)
                  0000ed50    0000006c                   : sysctl.obj (.const:g_pui32Xtals)
                  0000edbc    00000060     rtsv7M4_T_le_v4SPD16_eabi.lib : mktime64.c.obj (.const:$O1$$)
                  0000ee1c    0000004e     GLCD.obj (.const:.string:BattFont5x8)
                  0000ee6a    00000041     _common.obj (.const:.string:$P$T0$1)
                  0000eeab    00000001     --HOLE-- [fill = 0]
                  0000eeac    00000024     Clock.obj (.const:$P$T0$1)
                  0000eed0    00000019     gprs.obj (.const:.string:$P$T0$11)
                  0000eee9    00000014     GLCD.obj (.const:.string:NetworkFont5x8)
                  0000eefd    00000003     --HOLE-- [fill = 0]
                  0000ef00    00000014     driverlib.lib : interrupt.obj (.const:g_pui32EnRegs)
                  0000ef14    00000008     Clock.obj (.const:$P$T1$2)
                  0000ef1c    00000008     gprs.obj (.const:.string:$P$T1$18)

.cinit     0    0000ef28    00000098     
                  0000ef28    00000061     (.cinit..data.load) [load image, compression = lzss]
                  0000ef89    00000003     --HOLE-- [fill = 0]
                  0000ef8c    0000000c     (__TI_handler_table)
                  0000ef98    00000008     (.cinit..bss.load) [load image, compression = zero_init]
                  0000efa0    00000008     (.cinit..vtable.load) [load image, compression = zero_init]
                  0000efa8    00000018     (__TI_cinit_table)

.init_array 
*          0    00000000    00000000     UNINITIALIZED

.vtable    0    20000000    0000026c     UNINITIALIZED
                  20000000    0000026c     driverlib.lib : interrupt.obj (.vtable)

.bss       0    20001a70    00000e37     UNINITIALIZED
                  20001a70    000001fc     (.common:gprs_rx_buff)
                  20001c6c    000001fc     (.common:gprs_tx_buff)
                  20001e68    00000188     (.common:dummy_json_string)
                  20001ff0    0000017c     (.common:adc)
                  2000216c    00000130     (.common:display_tx)
                  2000229c    00000120     rtsv7M4_T_le_v4SPD16_eabi.lib : trgmsg.c.obj (.bss:_CIOBUF_)
                  200023bc    000000d6     (.common:cloud_config)
                  20002492    00000002     (.common:BCD_MODE)
                  20002494    000000a0     (.common:display_uart_rx)
                  20002534    000000a0     (.common:pc_uart_rx)
                  200025d4    00000080     (.common:e2p_cloud_config)
                  20002654    00000050     (.common:pc_uart_tx)
                  200026a4    00000044     (.common:gps)
                  200026e8    00000040     (.common:FLR_log_data)
                  20002728    00000040     (.common:FL_log_data)
                  20002768    00000036     (.common:ram_data)
                  2000279e    00000029     (.common:adc_arr)
                  200027c7    0000001f     (.common:time_main)
                  200027e6    0000001c     (.common:measurements)
                  20002802    00000002     (.common:EXTI_cnt)
                  20002804    00000014     (.common:gprs)
                  20002818    00000010     (.common:e2p_device_info)
                  20002828    00000010     (.common:e2p_location_info)
                  20002838    00000010     (.common:freq_updated_data)
                  20002848    0000000e     (.common:scheduler)
                  20002856    0000000c     (.common:Alarms)
                  20002862    00000008     (.common:e2p_config_time)
                  2000286a    00000008     (.common:e2p_router_config)
                  20002872    00000008     (.common:gps_data)
                  2000287a    00000008     (.common:parmbuf)
                  20002882    00000007     (.common:gprs_date_time)
                  20002889    00000007     (.common:gps_date_time)
                  20002890    00000006     (.common:time_stamp)
                  20002896    00000004     (.common:Telecom_server_query)
                  2000289a    00000002     (.common:gprs_rx_isr_handler)
                  2000289c    00000004     (.common:u32DelayCounter)
                  200028a0    00000003     (.common:relay_state)
                  200028a3    00000001     (.common:System_mode)
                  200028a4    00000001     (.common:gps_handler_state)
                  200028a5    00000001     (.common:network_status)
                  200028a6    00000001     (.common:voltage_mode)

.data      0    200028a8    000000f0     UNINITIALIZED
                  200028a8    00000041     gprs.obj (.data)
                  200028e9    0000001b     Telecom_server_query.obj (.data:server_response_str)
                  20002904    00000014     Web_Comm.obj (.data)
                  20002918    00000012     ADC_Core.obj (.data)
                  2000292a    00000002     IO_cntrl.obj (.data)
                  2000292c    00000010     flash_logger.obj (.data:FL_data)
                  2000293c    00000010     rtsv7M4_T_le_v4SPD16_eabi.lib : tmzone.c.obj (.data:_tz)
                  2000294c    00000010     main.obj (.data)
                  2000295c    0000000c     SysTick_Timer.obj (.data)
                  20002968    0000000c     UartCore.obj (.data)
                  20002974    0000000c     gps.obj (.data)
                  20002980    00000008     rtsv7M4_T_le_v4SPD16_eabi.lib : _lock.c.obj (.data:$O1$$)
                  20002988    00000008     GLCD.obj (.data)
                  20002990    00000004     _common.obj (.data)
                  20002994    00000004     rtsv7M4_T_le_v4SPD16_eabi.lib : rand.c.obj (.data)

.stack     0    20000270    00001800     UNINITIALIZED
                  20000270    00000004     rtsv7M4_T_le_v4SPD16_eabi.lib : boot_cortex_m.c.obj (.stack)
                  20000274    000017fc     --HOLE--

__llvm_prf_cnts 
*          0    20000000    00000000     UNINITIALIZED

MODULE SUMMARY

       Module                         code    ro data   rw data
       ------                         ----    -------   -------
    .\
       tm4c1233e6pz_startup_ccs.obj   12      620       0      
    +--+------------------------------+-------+---------+---------+
       Total:                         12      620       0      
                                                               
    .\Sources\
       gprs.obj                       13296   33        1110   
       gps.obj                        4908    0         96     
       GLCD.obj                       4244    568       8      
       Clock.obj                      4432    44        37     
       Telecom_server_query.obj       3310    0         424    
       IO_cntrl.obj                   3172    0         10     
       ADC_Core.obj                   2712    0         467    
       E2P.obj                        2608    0         390    
       main.obj                       2704    0         28     
       PC_Cmds.obj                    2536    0         1      
       flashCore.obj                  2508    0         0      
       UartCore.obj                   1504    0         716    
       flash_logger.obj               1840    0         214    
       _common.obj                    1296    65        4      
       DS3231.obj                     528     0         0      
       SysTick_Timer.obj              476     0         30     
       Web_Comm.obj                   324     0         20     
       delay.obj                      104     0         0      
       tiot_timer.obj                 88      0         0      
    +--+------------------------------+-------+---------+---------+
       Total:                         52590   710       3555   
                                                               
    C:/ti/TivaWare_C_Series-2.2.0.295/driverlib/ccs/Debug/driverlib.lib
       gpio.obj                       844     552       0      
       sysctl.obj                     798     108       0      
       interrupt.obj                  188     20        620    
       eeprom.obj                     444     0         0      
       adc.obj                        324     0         0      
       uart.obj                       194     0         0      
       timer.obj                      158     0         0      
       i2c.obj                        142     0         0      
       systick.obj                    56      0         0      
       cpu.obj                        24      0         0      
    +--+------------------------------+-------+---------+---------+
       Total:                         3172    680       620    
                                                               
    C:\ti\ccs1110\ccs\tools\compiler\ti-cgt-arm_20.2.6.LTS\lib\rtsv7M4_T_le_v4SPD16_eabi.lib
       mktime64.c.obj                 696     96        0      
       trgmsg.c.obj                   108     0         288    
       fd_div_t2.asm.obj              310     0         0      
       ctype.c.obj                    0       257       0      
       fd_mul_t2.asm.obj              252     0         0      
       memcpy_t2.asm.obj              156     0         0      
       ull_div_t2.asm.obj             150     0         0      
       fd_cmp_t2.asm.obj              134     0         0      
       memset_t2.asm.obj              122     0         0      
       ll_div_t2.asm.obj              110     0         0      
       ltoa.c.obj                     110     0         0      
       copy_decompress_lzss.c.obj     104     0         0      
       hosttime.c.obj                 96      0         0      
       rand.c.obj                     88      0         4      
       atoi.c.obj                     76      0         0      
       autoinit.c.obj                 68      0         0      
       fd_tou_t2.asm.obj              68      0         0      
       boot_cortex_m.c.obj            52      0         0      
       strstr.c.obj                   52      0         0      
       i_tofd_t2.asm.obj              46      0         0      
       strncmp.c.obj                  44      0         0      
       memcmp.c.obj                   36      0         0      
       u_tofd_t2.asm.obj              32      0         0      
       ll_mul_t2.asm.obj              24      0         0      
       strcmp.c.obj                   24      0         0      
       strcpy.c.obj                   20      0         0      
       strlen.c.obj                   20      0         0      
       isdigit.c.obj                  16      0         0      
       time64.c.obj                   16      0         0      
       tmzone.c.obj                   0       0         16     
       copy_decompress_none.c.obj     14      0         0      
       copy_zero_init.c.obj           12      0         0      
       _lock.c.obj                    2       0         8      
       hostopen.c.obj                 0       0         8      
       exit.c.obj                     4       0         0      
       pre_init.c.obj                 4       0         0      
       div0.asm.obj                   2       0         0      
    +--+------------------------------+-------+---------+---------+
       Total:                         3068    353       324    
                                                               
       Stack:                         0       0         6144   
       Linker Generated:              0       149       0      
    +--+------------------------------+-------+---------+---------+
       Grand Total:                   58842   2512      10643  


LINKER GENERATED COPY TABLES

__TI_cinit_table @ 0000efa8 records: 3, size/record: 8, table size: 24
	.data: load addr=0000ef28, load size=00000061 bytes, run addr=200028a8, run size=000000f0 bytes, compression=lzss
	.bss: load addr=0000ef98, load size=00000008 bytes, run addr=20001a70, run size=00000e37 bytes, compression=zero_init
	.vtable: load addr=0000efa0, load size=00000008 bytes, run addr=20000000, run size=0000026c bytes, compression=zero_init


LINKER GENERATED HANDLER TABLE

__TI_handler_table @ 0000ef8c records: 3, size/record: 4, table size: 12
	index: 0, handler: __TI_zero_init
	index: 1, handler: __TI_decompress_lzss
	index: 2, handler: __TI_decompress_none


GLOBAL SYMBOLS: SORTED ALPHABETICALLY BY Name 

address   name                                              
-------   ----                                              
20002960  ACVoltReadMillis                                  
0000e7d5  ADCIntClear                                       
0000e3bd  ADCIntStatus                                      
0000e531  ADCProcessorTrigger                               
0000deb1  ADCSequenceConfigure                              
0000e4f9  ADCSequenceDataGet                                
0000e70d  ADCSequenceEnable                                 
0000d9e9  ADCSequenceStepConfigure                          
20002856  Alarms                                            
20002492  BCD_MODE                                          
0000e84b  C$$EXIT                                           
0000e213  C$$IO$$                                           
0000e78b  CPUcpsid                                          
0000e797  CPUcpsie                                          
0000bf9f  DEBUGUARTIntHandler                               
0000e0f9  EEPROMInit                                        
0000d76d  EEPROMProgram                                     
0000e175  EEPROMRead                                        
20002802  EXTI_cnt                                          
200026e8  FLR_log_data                                      
20002728  FL_log_data                                       
20002958  GLCD_startup_time                                 
00007849  GPIODIntHandler                                   
0000e419  GPIODirModeSet                                    
0000e81b  GPIOIntClear                                      
0000e7a3  GPIOIntEnable                                     
0000e549  GPIOIntRegister                                   
0000e71b  GPIOIntStatus                                     
0000ddb1  GPIOIntTypeSet                                    
0000d07d  GPIOPadConfigSet                                  
0000df01  GPIOPinConfigure                                  
0000e821  GPIOPinRead                                       
0000e591  GPIOPinTypeADC                                    
0000e5a7  GPIOPinTypeGPIOInput                              
0000e517  GPIOPinTypeGPIOOutput                             
0000e5bd  GPIOPinTypeI2C                                    
0000e5d3  GPIOPinTypeI2CSCL                                 
0000e5e9  GPIOPinTypeUART                                   
0000e827  GPIOPinWrite                                      
0000dcf1  HOSTtime64                                        
0000e7f3  I2CMasterBusy                                     
0000e833  I2CMasterControl                                  
0000e837  I2CMasterDataGet                                  
0000e83b  I2CMasterDataPut                                  
0000e7df  I2CMasterEnable                                   
0000df4d  I2CMasterInitExpClk                               
0000e7fb  I2CMasterSlaveAddrSet                             
0000e729  I2CRxFIFOFlush                                    
0000e737  I2CTxFIFOFlush                                    
0000dbb9  IntEnable                                         
0000e69b  IntMasterDisable                                  
0000e6ab  IntMasterEnable                                   
0000e21d  IntRegister                                       
0000c129  LTEUARTIntHandler                                 
20002920  NE_ADC_RAW_MAX                                    
20002918  PN_ADC_RAW_MAX                                    
0000e7c9  ResetISR                                          
0000d465  SysCtlClockGet                                    
0000d679  SysCtlClockSet                                    
0000e82d  SysCtlDelay                                       
0000e251  SysCtlPeripheralDisable                           
0000e285  SysCtlPeripheralEnable                            
0000e1ad  SysCtlPeripheralReady                             
0000de61  SysCtlPeripheralReset                             
0000e6bd  SysCtlReset                                       
0000e7b1  SysCtlResetCauseGet                               
0000e601  SysTickEnable                                     
0000e615  SysTickIntEnable                                  
0000cebd  SysTickIntHandler                                 
0000e6cd  SysTickPeriodSet                                  
200028a3  System_mode                                       
20002896  Telecom_server_query                              
0000dd51  TimerConfigure                                    
0000e745  TimerEnable                                       
0000e83f  TimerIntClear                                     
0000e803  TimerIntEnable                                    
0000de43  TimerIntHandler                                   
0000e665  TimerLoadSet                                      
0000e677  TimerPrescaleSet                                  
0000e80b  UARTBusy                                          
0000e753  UARTCharGetNonBlocking                            
0000e761  UARTCharPutNonBlocking                            
0000e76f  UARTCharsAvail                                    
0000dfe5  UARTConfigSetExpClk                               
0000e4b9  UARTDisable                                       
0000e629  UARTEnable                                        
0000e843  UARTIntClear                                      
0000e813  UARTIntEnable                                     
0000e7e9  UARTIntStatus                                     
0000b7a7  _Z10Chip_Erasev                                   
00008cb1  _Z10GetAdcDatav                                   
0000ccef  _Z10I2CReceivev                                   
00007c1d  _Z10ToggleLEDsv                                   
00004c3d  _Z10asUnixTimeiiiiii                              
0000bb1f  _Z10clear_logsv                                   
00007789  _Z10getREQmodev                                   
0000c52b  _Z10my_sprintfPciz                                
00006ab5  _Z10print_dashv                                   
00007775  _Z10setREQmode13gprs_status_t                     
00006989  _Z10updateGlcdv                                   
0000550d  _Z10update_rtcPci                                 
000047a5  _Z10utcTOlocalP15gps_date_time_t                  
0000de09  _Z10vTimerInitv                                   
000033a9  _Z10valid_codePc                                  
00007cad  _Z11SetODU_Mode14voltage_mode_t                   
0000b5db  _Z11SetSI_Inputv                                  
0000b5f7  _Z11SetSO_Inputv                                  
00000279  _Z11TCP_Handlerv                                  
0000c249  _Z11Usendbufferj                                  
0000bb4f  _Z11clear_flashv                                  
0000c8f7  _Z11count_commaPct                                
0000b1fd  _Z11flashCopyMRPcS_                               
0000c4d5  _Z11getChecksumPhc                                
00004f79  _Z11getDateTimev                                  
0000bb6d  _Z11get_log_cnti                                  
0000347d  _Z11get_rx_dataPc                                 
000038d9  _Z11gps_handlerv                                  
000094c3  _Z11init_configv                                  
000016b1  _Z11tcp_connectv                                  
0000cc91  _Z11vRTCI2CInitv                                  
000084ad  _Z12ADC_PortIniti                                 
0000634d  _Z12AlarmDisplayv                                 
00006b6d  _Z12Query_decodePcPKcS_i                          
0000b4fb  _Z12Sector_Erasem                                 
0000b5cd  _Z12SetSI_Outputv                                 
0000b5e9  _Z12SetSO_Outputv                                 
00004c8d  _Z12calcTimeDiff12time_stamp_tS_                  
000034c9  _Z12check_stringPKcPcPi                           
0000bb3b  _Z12clear_log_idv                                 
0000b08f  _Z12flashSwResetv                                 
0000ba21  _Z12flashWriteTRv                                 
000091a7  _Z12getRAM_Alarmv                                 
00009969  _Z12getRSTreasonv                                 
0000365d  _Z12get_locationv                                 
0000bc15  _Z12get_log_dataimPc                              
000008ad  _Z12gprs_connectv                                 
000059fb  _Z12is_leap_yearh                                 
00003191  _Z12read_ip_portPc                                
00003403  _Z12respos_recvdPc                                
00006c83  _Z12server_queryv                                 
0000916f  _Z12setRAM_Alarm16Alarm_sts_bits_tb               
00007bf1  _Z12vEXTIpinInitv                                 
000082fd  _Z12vEarthDetectv                                 
00007b79  _Z12vGPIO_Togglejhh                               
0000799f  _Z12vLEDGPIOInitv                                 
0000bf37  _Z12vLTEUARTInitv                                 
000057b5  _Z13add_date_timeP12time_stamp_tS0_j              
00007e4d  _Z13controlRelaysv                                
0000c76d  _Z13delete_SubStrPcS_c                            
0000b0a7  _Z13enable_wp_pinv                                
0000c359  _Z13flushRxBufferi                                
0000c389  _Z13flushTxBufferi                                
00008a51  _Z13getODUCurrentv                                
00008b15  _Z13getODUVoltagev                                
000091e5  _Z13getRAM_Statusv                                
00009f83  _Z13get_device_idv                                
00003365  _Z13pong_receivedPc                               
00008c85  _Z13readACVoltagev                                
000091ad  _Z13setRAM_Statushb                               
00009ee1  _Z13set_device_idPc                               
0000cff1  _Z13vMAIN_DelayMSj                                
0000c18d  _Z13vUART_SendChrjh                               
0000c21d  _Z13vUART_SendIntji                               
0000c1ab  _Z13vUART_SendStrjPKh                             
00005c41  _Z14GLCD_Initalizev                               
00005d99  _Z14GLCD_WriteCharc                               
00005bc9  _Z14GLCD_WriteDatah                               
0000aded  _Z14Reset_Hold_Lowv                               
00005695  _Z14StrToTimeStampPh                              
00004dd7  _Z14getDaysOfMonthcj                              
00008bd1  _Z14getSMPSVoltagev                               
00004941  _Z14get_gps_statusv                               
00004961  _Z14get_loc_statusv                               
00008125  _Z14isSupplyStablev                               
0000b151  _Z14readContToBuffmjPc                            
0000494d  _Z14set_gps_status13gprs_status_t                 
00004967  _Z14set_loc_statusb                               
00002fb1  _Z14tcp_disconnectv                               
0000bee9  _Z14vDEBUGUARTInitv                               
0000933d  _Z14write_defaultsj                               
00005f85  _Z15Data_Screen_lcdv                              
00005d6b  _Z15GLCD_Clear_Lineh                              
0000adfb  _Z15Reset_Hold_Highv                              
00004ae3  _Z15check_date_timePcS_                           
0000aebf  _Z15flashClrTR_Logsv                              
0000b7b9  _Z15flashWriteMR_BRv                              
0000343d  _Z15generateMaskKeyPh                             
0000be6b  _Z15get_unsent_logsv                              
000035f1  _Z15get_upload_datav                              
0000360d  _Z15get_webconn_stsv                              
00004091  _Z15gps_pkt_parsingP10gps_info_tPc                
0000ae73  _Z15init_flash_pinsv                              
0000d1e9  _Z15manage_gps_gprsv                              
000032a1  _Z15match_cpsi_dataPc                             
000035dd  _Z15set_upload_data13upload_data_t                
000035f9  _Z15set_webconn_stsh                              
000090f5  _Z15update_ram_datav                              
000081df  _Z15vEarthCheckInitv                              
000081b9  _Z15vFreqDetectInitv                              
0000789d  _Z15vGPIOPortEnablev                              
000099d5  _Z15vPERIPH_E2PInitv                              
0000c1d9  _Z15vUART_SendBytesjPKhj                          
00001c55  _Z15websckt_connectv                              
00006605  _Z16AlarmDisplayTestv                             
0000832b  _Z16ControlODU_Relayh                             
00005d17  _Z16GLCD_ClearScreenv                             
00005dd7  _Z16GLCD_WriteStringPc                            
0000be5d  _Z16check_unsent_logv                             
0000a405  _Z16decodeMsgPC_Uartv                             
0000b29d  _Z16flashEraseBackupv                             
0000b1bd  _Z16flashEraseMasterv                             
0000b239  _Z16flashEraseSectormm                            
0000ba15  _Z16flashGetSerMR_BRv                             
000077c1  _Z16getClientMSGTypev                             
000077a5  _Z16getServerReqTypev                             
00008d09  _Z16get_ADC_SIGarray14ADC_Channels_th             
000054ab  _Z16get_present_timeP12time_stamp_t               
000083f7  _Z16get_router_statev                             
0000ad61  _Z16get_system_statev                             
000077ad  _Z16setClientMSGType21client_message_type_t       
00007791  _Z16setServerReqType21server_request_type_t       
000083e3  _Z16set_router_state18relay_ctrl_state_t          
0000ad4d  _Z16set_system_state10sys_mode_t                  
00004995  _Z16update_date_timev                             
00007951  _Z16vGPIO_UnlockGPIOjh                            
000079b5  _Z16vPERIPH_GPIOInitv                             
0000bf93  _Z16vPERIPH_UARTInitv                             
0000baf1  _Z16validate_FL_addrcm                            
00007565  _Z16websocket_packetPh                            
00006a39  _Z17Display_CFGScreenv                            
00008225  _Z17FREQDetIntHandlerv                            
00005b77  _Z17GLCD_WriteCommandhh                           
00007681  _Z17HandleQueryStatesv                            
00004e91  _Z17check_expire_time12time_stamp_tS_             
0000a251  _Z17cloud_config_datav                            
00009d69  _Z17e2p_read_cfg_timev                            
00009c79  _Z17e2p_read_locationv                            
0000ae25  _Z17flash_port_assignv                            
0000c831  _Z17generateRandomKeyiPc                          
00008b71  _Z17getBatteryVoltagev                            
00006f71  _Z17prepare_JSON_pcktv                            
0000bec1  _Z17save_TELECOM_datav                            
0000ad2b  _Z17tx_pending_dataPCv                            
000091eb  _Z17vPERIPH_ClockInitv                            
000035bd  _Z18check_string_nobufPKc                         
00004bbb  _Z18convertToEpochTimePK12time_stamp_t            
00009add  _Z18e2p_read_cloud_cfgv                           
00009d0f  _Z18e2p_write_cfg_timev                           
00009c25  _Z18e2p_write_locationv                           
0000b2db  _Z18flashPacketProgramPctm                        
00009605  _Z18getRelay_CtrlStatev                           
0000a207  _Z18get_fixed_locationv                           
000077dd  _Z18get_network_statusv                           
00007701  _Z18prepare_server_pktv                           
00007a0b  _Z18readBCD_SelectorSWv                           
00009ff5  _Z18set_fixed_locationPc                          
000077c9  _Z18set_network_statush                           
00007ba9  _Z18vInput_PollingReadv                           
00002cad  _Z18websckt_disconnectv                           
00008377  _Z19ControlRouter_Relayh                          
00005ad9  _Z19GLCD_InitalizePortsv                          
00005e8f  _Z19GLCD_PrintRightIconv                          
00005ec3  _Z19GLCD_PrintWrongIconv                          
00008c4b  _Z19calculate_NE_AC_ADCv                          
00008c25  _Z19calculate_PN_AC_ADCv                          
00005a51  _Z19check_dateTime_dataP12time_stamp_t            
00009b9b  _Z19e2p_read_device_cfgv                          
00009aad  _Z19e2p_write_cloud_cfgv                          
0000af01  _Z19flashClrFreqUpdLogsv                          
0000363b  _Z19get_gprs_connct_stsv                          
0000776f  _Z19get_pending_requestv                          
00001215  _Z19gprs_connect_statusv                          
00007c41  _Z19init_ODU_Supplypinsv                          
00003625  _Z19set_gprs_connct_stsh                          
0000775b  _Z19set_pending_requestb                          
0000b851  _Z19updateFlashCurrAddrv                          
000096d9  _Z19update_alarm_statusv                          
00007b57  _Z19vInit_InputTestpinsv                          
0000cea1  _Z19vPERIPH_SystickInitv                          
00006a71  _Z20Display_BootUPscreenv                         
00005e05  _Z20GLCD_PrintBatteryStsv                         
00005ef5  _Z20GLCD_PrintNetworkStsv                         
00005f31  _Z20GLCD_PrintTopBoarderv                         
0000b625  _Z20Read_Status_Registerv                         
00009b6b  _Z20e2p_write_device_cfgv                         
0000bd11  _Z20flashReadFreqUpdDataP19freq_updated_data_tmi  
000007cd  _Z20resetTCP_SubHandlersv                         
00005b17  _Z21GLCD_EnableControllerh                        
0000bca3  _Z21flashWriteFreqUpdDataP19freq_updated_data_tm  
00008ab5  _Z21getRouter1_DC_currentv                        
0000bd39  _Z21readFreqUpdData_flashv                        
00005b47  _Z22GLCD_DisableControllerh                       
0000af45  _Z22addDummyFL_TelecomLogsj                       
00008449  _Z22control_inverter_inputb                       
0000b9ef  _Z22flashGetCurrUploadAddrc                       
00005f51  _Z23GLCD_PrintButtomBoarderv                      
00009a23  _Z23e2p_read_voltage_configv                      
000071c5  _Z23prepare_unsentJSON_pcktv                      
0000b535  _Z23remove_block_protectionv                      
0000be8b  _Z23save_OfflineTelecomDatav                      
000045f9  _Z23updateGpsDateTimeToBuffP15gps_date_time_t     
0000c2c1  _Z23vUART_CheckFrameTimeouti                      
0000841b  _Z24control_battery_chargingb                     
0000be11  _Z24decrement_unsent_log_cnti                     
000099e3  _Z24e2p_write_voltage_configv                     
0000be37  _Z24increment_unsent_log_cnti                     
0000a42b  _Z24preparePC_ResponsePacket5cmd_tPchii           
0000c8a3  _Z25count_doubleSquareBracketPcj                  
0000b9c9  _Z25flashGetCurrDataWriteAddrc                    
0000c3f1  _Z25prepare_graphical_tx_buffjPch                 
00008413  _Z26get_router_selection_statev                   
0000bead  _Z26prepare_OfflineTelecomDatav                   
000083ff  _Z26set_router_selection_state18relay_ctrl_state_t
0000920d  _Z26vMAIN_InitClockPeripheralsv                   
0000bc7f  _Z27flashClearFreqUpdatedConfigv                  
0000bc5d  _Z27flashEraseFreqUpdDataSectorv                  
0000bcd1  _Z27flashWriteFreqUpdatedConfigv                  
000083bf  _Z28ControlRouterSelection_Relayh                 
0000e689  _Z3absl                                           
0000b557  _Z4WBPRc                                          
0000b0ed  _Z4WRCRc                                          
0000b0db  _Z4WRDIv                                          
0000b0c9  _Z4WRENv                                          
0000dcbd  _Z5delayj                                         
0000b11f  _Z6CE_Lowv                                        
0000b605  _Z6SI_Lowv                                        
0000ae09  _Z6WP_Lowv                                        
0000b111  _Z7CE_Highv                                       
0000b13d  _Z7SCK_Lowv                                       
0000b615  _Z7SI_Highv                                       
0000ae17  _Z7WP_Highv                                       
0000c98d  _Z7findMaxPii                                     
00009b67  _Z7get_urlv                                       
00005233  _Z7isDT_okv                                       
000086eb  _Z7readADCh                                       
0000c71d  _Z7reversePci                                     
00009e1d  _Z7set_urlPc                                      
0000b72d  _Z8Get_Bytev                                      
0000cd39  _Z8Read_RTCPhh                                    
0000b12d  _Z8SCK_Highv                                      
0000bbc1  _Z8get_addrim                                     
0000c6af  _Z8intToStriPci                                   
0000a539  _Z8response5cmd_ti                                
0000dc89  _Z8sleep_usi                                      
000027cd  _Z8tcp_sendPci                                    
00005c79  _Z9GLCD_GoTohh                                    
0000b649  _Z9Send_Byteh                                     
0000b359  _Z9Wait_Busyv                                     
0000ce01  _Z9Write_RTCPhh                                   
0000d01f  _Z9_delay_usi                                     
0000ae95  _Z9flashInitv                                     
0000d00f  _Z9my_millisv                                     
0000c93f  _Z9my_strstrPKcS0_i                               
000022ad  _Z9ping_sendv                                     
0000530d  _Z9time_syncv                                     
000087a5  _Z9updateADC14ADC_Channels_th                     
00008695  _Z9vADC0Initv                                     
2000229c  __CIOBUF_                                         
20001a70  __STACK_END                                       
00001800  __STACK_SIZE                                      
20000470  __STACK_TOP                                       
0000efa8  __TI_CINIT_Base                                   
0000efc0  __TI_CINIT_Limit                                  
0000ef8c  __TI_Handler_Table_Base                           
0000ef98  __TI_Handler_Table_Limit                          
0000e071  __TI_auto_init_nobinit_nopinit                    
0000dc21  __TI_decompress_lzss                              
0000e77d  __TI_decompress_none                              
ffffffff  __TI_pprof_out_hndl                               
ffffffff  __TI_prof_data_size                               
ffffffff  __TI_prof_data_start                              
0000e2ed  __TI_readmsg                                      
00000000  __TI_static_base__                                
0000e1e5  __TI_writemsg                                     
0000e7bd  __TI_zero_init                                    
0000d963  __aeabi_cdcmpeq                                   
0000d963  __aeabi_cdcmple                                   
0000e0b5  __aeabi_d2uiz                                     
0000d32d  __aeabi_ddiv                                      
0000d57d  __aeabi_dmul                                      
0000e3eb  __aeabi_i2d                                       
0000deff  __aeabi_idiv0                                     
0000deff  __aeabi_ldiv0                                     
0000db4b  __aeabi_ldivmod                                   
0000e561  __aeabi_lmul                                      
0000da63  __aeabi_memclr                                    
0000da63  __aeabi_memclr4                                   
0000da63  __aeabi_memclr8                                   
0000d831  __aeabi_memcpy                                    
0000d831  __aeabi_memcpy4                                   
0000d831  __aeabi_memcpy8                                   
0000da65  __aeabi_memset                                    
0000da65  __aeabi_memset4                                   
0000da65  __aeabi_memset8                                   
0000e4d9  __aeabi_ui2d                                      
0000d8cd  __aeabi_uldivmod                                  
ffffffff  __binit__                                         
ffffffff  __c_args__                                        
0000c9d9  __mktime64                                        
UNDEFED   __mpu_init                                        
20000270  __stack                                           
20000000  __start___llvm_prf_cnts                           
20000000  __stop___llvm_prf_cnts                            
0000e6ed  __time64                                          
0000e321  _c_int00_noargs                                   
0000ea26  _ctypes_                                          
20002980  _lock                                             
0000d463  _nop                                              
UNDEFED   _system_post_cinit                                
0000e847  _system_pre_init                                  
2000293c  _tz                                               
20002984  _unlock                                           
0000e84b  abort                                             
20001ff0  adc                                               
2000279e  adc_arr                                           
0000df99  atoi                                              
ffffffff  binit                                             
200023bc  cloud_config                                      
20002978  cnt_gps_1sec                                      
2000290c  conn_state                                        
20002964  counter_10sec                                     
2000216c  display_tx                                        
20002494  display_uart_rx                                   
20001e68  dummy_json_string                                 
200025d4  e2p_cloud_config                                  
20002862  e2p_config_time                                   
20002818  e2p_device_info                                   
20002828  e2p_location_info                                 
2000286a  e2p_router_config                                 
20002838  freq_updated_data                                 
20002968  g_bIntFlag                                        
20000000  g_pfnRAMVectors                                   
00000000  g_pfnVectors                                      
20002804  gprs                                              
20002882  gprs_date_time                                    
20002908  gprs_read_timeout                                 
20001a70  gprs_rx_buff                                      
2000289a  gprs_rx_isr_handler                               
20001c6c  gprs_tx_buff                                      
200026a4  gps                                               
20002872  gps_data                                          
20002889  gps_date_time                                     
200028a4  gps_handler_state                                 
20002974  gps_interval_start                                
20002904  gps_read_timeout                                  
0000e6fd  isdigit                                           
0000dadd  ltoa                                              
00008f45  main                                              
200027e6  measurements                                      
0000e471  memcmp                                            
0000d831  memcpy                                            
0000da6b  memset                                            
2000295c  millis_cnt                                        
200028a5  network_status                                    
2000287a  parmbuf                                           
20002534  pc_uart_rx                                        
20002654  pc_uart_tx                                        
20002768  ram_data                                          
0000e355  rand                                              
20002954  relay_startup_time                                
200028a0  relay_state                                       
20002950  save_offline_time                                 
20002848  scheduler                                         
20002988  screen_x                                          
200028e9  server_response_str                               
0000e495  srand                                             
0000e579  strcmp                                            
0000e63d  strcpy                                            
0000e651  strlen                                            
0000e445  strncmp                                           
0000e389  strstr                                            
200027c7  time_main                                         
20002890  time_stamp                                        
2000289c  u32DelayCounter                                   
2000294c  upload_time                                       
200028a6  voltage_mode                                      


GLOBAL SYMBOLS: SORTED BY Symbol Address 

address   name                                              
-------   ----                                              
00000000  __TI_static_base__                                
00000000  g_pfnVectors                                      
00000279  _Z11TCP_Handlerv                                  
000007cd  _Z20resetTCP_SubHandlersv                         
000008ad  _Z12gprs_connectv                                 
00001215  _Z19gprs_connect_statusv                          
000016b1  _Z11tcp_connectv                                  
00001800  __STACK_SIZE                                      
00001c55  _Z15websckt_connectv                              
000022ad  _Z9ping_sendv                                     
000027cd  _Z8tcp_sendPci                                    
00002cad  _Z18websckt_disconnectv                           
00002fb1  _Z14tcp_disconnectv                               
00003191  _Z12read_ip_portPc                                
000032a1  _Z15match_cpsi_dataPc                             
00003365  _Z13pong_receivedPc                               
000033a9  _Z10valid_codePc                                  
00003403  _Z12respos_recvdPc                                
0000343d  _Z15generateMaskKeyPh                             
0000347d  _Z11get_rx_dataPc                                 
000034c9  _Z12check_stringPKcPcPi                           
000035bd  _Z18check_string_nobufPKc                         
000035dd  _Z15set_upload_data13upload_data_t                
000035f1  _Z15get_upload_datav                              
000035f9  _Z15set_webconn_stsh                              
0000360d  _Z15get_webconn_stsv                              
00003625  _Z19set_gprs_connct_stsh                          
0000363b  _Z19get_gprs_connct_stsv                          
0000365d  _Z12get_locationv                                 
000038d9  _Z11gps_handlerv                                  
00004091  _Z15gps_pkt_parsingP10gps_info_tPc                
000045f9  _Z23updateGpsDateTimeToBuffP15gps_date_time_t     
000047a5  _Z10utcTOlocalP15gps_date_time_t                  
00004941  _Z14get_gps_statusv                               
0000494d  _Z14set_gps_status13gprs_status_t                 
00004961  _Z14get_loc_statusv                               
00004967  _Z14set_loc_statusb                               
00004995  _Z16update_date_timev                             
00004ae3  _Z15check_date_timePcS_                           
00004bbb  _Z18convertToEpochTimePK12time_stamp_t            
00004c3d  _Z10asUnixTimeiiiiii                              
00004c8d  _Z12calcTimeDiff12time_stamp_tS_                  
00004dd7  _Z14getDaysOfMonthcj                              
00004e91  _Z17check_expire_time12time_stamp_tS_             
00004f79  _Z11getDateTimev                                  
00005233  _Z7isDT_okv                                       
0000530d  _Z9time_syncv                                     
000054ab  _Z16get_present_timeP12time_stamp_t               
0000550d  _Z10update_rtcPci                                 
00005695  _Z14StrToTimeStampPh                              
000057b5  _Z13add_date_timeP12time_stamp_tS0_j              
000059fb  _Z12is_leap_yearh                                 
00005a51  _Z19check_dateTime_dataP12time_stamp_t            
00005ad9  _Z19GLCD_InitalizePortsv                          
00005b17  _Z21GLCD_EnableControllerh                        
00005b47  _Z22GLCD_DisableControllerh                       
00005b77  _Z17GLCD_WriteCommandhh                           
00005bc9  _Z14GLCD_WriteDatah                               
00005c41  _Z14GLCD_Initalizev                               
00005c79  _Z9GLCD_GoTohh                                    
00005d17  _Z16GLCD_ClearScreenv                             
00005d6b  _Z15GLCD_Clear_Lineh                              
00005d99  _Z14GLCD_WriteCharc                               
00005dd7  _Z16GLCD_WriteStringPc                            
00005e05  _Z20GLCD_PrintBatteryStsv                         
00005e8f  _Z19GLCD_PrintRightIconv                          
00005ec3  _Z19GLCD_PrintWrongIconv                          
00005ef5  _Z20GLCD_PrintNetworkStsv                         
00005f31  _Z20GLCD_PrintTopBoarderv                         
00005f51  _Z23GLCD_PrintButtomBoarderv                      
00005f85  _Z15Data_Screen_lcdv                              
0000634d  _Z12AlarmDisplayv                                 
00006605  _Z16AlarmDisplayTestv                             
00006989  _Z10updateGlcdv                                   
00006a39  _Z17Display_CFGScreenv                            
00006a71  _Z20Display_BootUPscreenv                         
00006ab5  _Z10print_dashv                                   
00006b6d  _Z12Query_decodePcPKcS_i                          
00006c83  _Z12server_queryv                                 
00006f71  _Z17prepare_JSON_pcktv                            
000071c5  _Z23prepare_unsentJSON_pcktv                      
00007565  _Z16websocket_packetPh                            
00007681  _Z17HandleQueryStatesv                            
00007701  _Z18prepare_server_pktv                           
0000775b  _Z19set_pending_requestb                          
0000776f  _Z19get_pending_requestv                          
00007775  _Z10setREQmode13gprs_status_t                     
00007789  _Z10getREQmodev                                   
00007791  _Z16setServerReqType21server_request_type_t       
000077a5  _Z16getServerReqTypev                             
000077ad  _Z16setClientMSGType21client_message_type_t       
000077c1  _Z16getClientMSGTypev                             
000077c9  _Z18set_network_statush                           
000077dd  _Z18get_network_statusv                           
00007849  GPIODIntHandler                                   
0000789d  _Z15vGPIOPortEnablev                              
00007951  _Z16vGPIO_UnlockGPIOjh                            
0000799f  _Z12vLEDGPIOInitv                                 
000079b5  _Z16vPERIPH_GPIOInitv                             
00007a0b  _Z18readBCD_SelectorSWv                           
00007b57  _Z19vInit_InputTestpinsv                          
00007b79  _Z12vGPIO_Togglejhh                               
00007ba9  _Z18vInput_PollingReadv                           
00007bf1  _Z12vEXTIpinInitv                                 
00007c1d  _Z10ToggleLEDsv                                   
00007c41  _Z19init_ODU_Supplypinsv                          
00007cad  _Z11SetODU_Mode14voltage_mode_t                   
00007e4d  _Z13controlRelaysv                                
00008125  _Z14isSupplyStablev                               
000081b9  _Z15vFreqDetectInitv                              
000081df  _Z15vEarthCheckInitv                              
00008225  _Z17FREQDetIntHandlerv                            
000082fd  _Z12vEarthDetectv                                 
0000832b  _Z16ControlODU_Relayh                             
00008377  _Z19ControlRouter_Relayh                          
000083bf  _Z28ControlRouterSelection_Relayh                 
000083e3  _Z16set_router_state18relay_ctrl_state_t          
000083f7  _Z16get_router_statev                             
000083ff  _Z26set_router_selection_state18relay_ctrl_state_t
00008413  _Z26get_router_selection_statev                   
0000841b  _Z24control_battery_chargingb                     
00008449  _Z22control_inverter_inputb                       
000084ad  _Z12ADC_PortIniti                                 
00008695  _Z9vADC0Initv                                     
000086eb  _Z7readADCh                                       
000087a5  _Z9updateADC14ADC_Channels_th                     
00008a51  _Z13getODUCurrentv                                
00008ab5  _Z21getRouter1_DC_currentv                        
00008b15  _Z13getODUVoltagev                                
00008b71  _Z17getBatteryVoltagev                            
00008bd1  _Z14getSMPSVoltagev                               
00008c25  _Z19calculate_PN_AC_ADCv                          
00008c4b  _Z19calculate_NE_AC_ADCv                          
00008c85  _Z13readACVoltagev                                
00008cb1  _Z10GetAdcDatav                                   
00008d09  _Z16get_ADC_SIGarray14ADC_Channels_th             
00008f45  main                                              
000090f5  _Z15update_ram_datav                              
0000916f  _Z12setRAM_Alarm16Alarm_sts_bits_tb               
000091a7  _Z12getRAM_Alarmv                                 
000091ad  _Z13setRAM_Statushb                               
000091e5  _Z13getRAM_Statusv                                
000091eb  _Z17vPERIPH_ClockInitv                            
0000920d  _Z26vMAIN_InitClockPeripheralsv                   
0000933d  _Z14write_defaultsj                               
000094c3  _Z11init_configv                                  
00009605  _Z18getRelay_CtrlStatev                           
000096d9  _Z19update_alarm_statusv                          
00009969  _Z12getRSTreasonv                                 
000099d5  _Z15vPERIPH_E2PInitv                              
000099e3  _Z24e2p_write_voltage_configv                     
00009a23  _Z23e2p_read_voltage_configv                      
00009aad  _Z19e2p_write_cloud_cfgv                          
00009add  _Z18e2p_read_cloud_cfgv                           
00009b67  _Z7get_urlv                                       
00009b6b  _Z20e2p_write_device_cfgv                         
00009b9b  _Z19e2p_read_device_cfgv                          
00009c25  _Z18e2p_write_locationv                           
00009c79  _Z17e2p_read_locationv                            
00009d0f  _Z18e2p_write_cfg_timev                           
00009d69  _Z17e2p_read_cfg_timev                            
00009e1d  _Z7set_urlPc                                      
00009ee1  _Z13set_device_idPc                               
00009f83  _Z13get_device_idv                                
00009ff5  _Z18set_fixed_locationPc                          
0000a207  _Z18get_fixed_locationv                           
0000a251  _Z17cloud_config_datav                            
0000a405  _Z16decodeMsgPC_Uartv                             
0000a42b  _Z24preparePC_ResponsePacket5cmd_tPchii           
0000a539  _Z8response5cmd_ti                                
0000ad2b  _Z17tx_pending_dataPCv                            
0000ad4d  _Z16set_system_state10sys_mode_t                  
0000ad61  _Z16get_system_statev                             
0000aded  _Z14Reset_Hold_Lowv                               
0000adfb  _Z15Reset_Hold_Highv                              
0000ae09  _Z6WP_Lowv                                        
0000ae17  _Z7WP_Highv                                       
0000ae25  _Z17flash_port_assignv                            
0000ae73  _Z15init_flash_pinsv                              
0000ae95  _Z9flashInitv                                     
0000aebf  _Z15flashClrTR_Logsv                              
0000af01  _Z19flashClrFreqUpdLogsv                          
0000af45  _Z22addDummyFL_TelecomLogsj                       
0000b08f  _Z12flashSwResetv                                 
0000b0a7  _Z13enable_wp_pinv                                
0000b0c9  _Z4WRENv                                          
0000b0db  _Z4WRDIv                                          
0000b0ed  _Z4WRCRc                                          
0000b111  _Z7CE_Highv                                       
0000b11f  _Z6CE_Lowv                                        
0000b12d  _Z8SCK_Highv                                      
0000b13d  _Z7SCK_Lowv                                       
0000b151  _Z14readContToBuffmjPc                            
0000b1bd  _Z16flashEraseMasterv                             
0000b1fd  _Z11flashCopyMRPcS_                               
0000b239  _Z16flashEraseSectormm                            
0000b29d  _Z16flashEraseBackupv                             
0000b2db  _Z18flashPacketProgramPctm                        
0000b359  _Z9Wait_Busyv                                     
0000b4fb  _Z12Sector_Erasem                                 
0000b535  _Z23remove_block_protectionv                      
0000b557  _Z4WBPRc                                          
0000b5cd  _Z12SetSI_Outputv                                 
0000b5db  _Z11SetSI_Inputv                                  
0000b5e9  _Z12SetSO_Outputv                                 
0000b5f7  _Z11SetSO_Inputv                                  
0000b605  _Z6SI_Lowv                                        
0000b615  _Z7SI_Highv                                       
0000b625  _Z20Read_Status_Registerv                         
0000b649  _Z9Send_Byteh                                     
0000b72d  _Z8Get_Bytev                                      
0000b7a7  _Z10Chip_Erasev                                   
0000b7b9  _Z15flashWriteMR_BRv                              
0000b851  _Z19updateFlashCurrAddrv                          
0000b9c9  _Z25flashGetCurrDataWriteAddrc                    
0000b9ef  _Z22flashGetCurrUploadAddrc                       
0000ba15  _Z16flashGetSerMR_BRv                             
0000ba21  _Z12flashWriteTRv                                 
0000baf1  _Z16validate_FL_addrcm                            
0000bb1f  _Z10clear_logsv                                   
0000bb3b  _Z12clear_log_idv                                 
0000bb4f  _Z11clear_flashv                                  
0000bb6d  _Z11get_log_cnti                                  
0000bbc1  _Z8get_addrim                                     
0000bc15  _Z12get_log_dataimPc                              
0000bc5d  _Z27flashEraseFreqUpdDataSectorv                  
0000bc7f  _Z27flashClearFreqUpdatedConfigv                  
0000bca3  _Z21flashWriteFreqUpdDataP19freq_updated_data_tm  
0000bcd1  _Z27flashWriteFreqUpdatedConfigv                  
0000bd11  _Z20flashReadFreqUpdDataP19freq_updated_data_tmi  
0000bd39  _Z21readFreqUpdData_flashv                        
0000be11  _Z24decrement_unsent_log_cnti                     
0000be37  _Z24increment_unsent_log_cnti                     
0000be5d  _Z16check_unsent_logv                             
0000be6b  _Z15get_unsent_logsv                              
0000be8b  _Z23save_OfflineTelecomDatav                      
0000bead  _Z26prepare_OfflineTelecomDatav                   
0000bec1  _Z17save_TELECOM_datav                            
0000bee9  _Z14vDEBUGUARTInitv                               
0000bf37  _Z12vLTEUARTInitv                                 
0000bf93  _Z16vPERIPH_UARTInitv                             
0000bf9f  DEBUGUARTIntHandler                               
0000c129  LTEUARTIntHandler                                 
0000c18d  _Z13vUART_SendChrjh                               
0000c1ab  _Z13vUART_SendStrjPKh                             
0000c1d9  _Z15vUART_SendBytesjPKhj                          
0000c21d  _Z13vUART_SendIntji                               
0000c249  _Z11Usendbufferj                                  
0000c2c1  _Z23vUART_CheckFrameTimeouti                      
0000c359  _Z13flushRxBufferi                                
0000c389  _Z13flushTxBufferi                                
0000c3f1  _Z25prepare_graphical_tx_buffjPch                 
0000c4d5  _Z11getChecksumPhc                                
0000c52b  _Z10my_sprintfPciz                                
0000c6af  _Z8intToStriPci                                   
0000c71d  _Z7reversePci                                     
0000c76d  _Z13delete_SubStrPcS_c                            
0000c831  _Z17generateRandomKeyiPc                          
0000c8a3  _Z25count_doubleSquareBracketPcj                  
0000c8f7  _Z11count_commaPct                                
0000c93f  _Z9my_strstrPKcS0_i                               
0000c98d  _Z7findMaxPii                                     
0000c9d9  __mktime64                                        
0000cc91  _Z11vRTCI2CInitv                                  
0000ccef  _Z10I2CReceivev                                   
0000cd39  _Z8Read_RTCPhh                                    
0000ce01  _Z9Write_RTCPhh                                   
0000cea1  _Z19vPERIPH_SystickInitv                          
0000cebd  SysTickIntHandler                                 
0000cff1  _Z13vMAIN_DelayMSj                                
0000d00f  _Z9my_millisv                                     
0000d01f  _Z9_delay_usi                                     
0000d07d  GPIOPadConfigSet                                  
0000d1e9  _Z15manage_gps_gprsv                              
0000d32d  __aeabi_ddiv                                      
0000d463  _nop                                              
0000d465  SysCtlClockGet                                    
0000d57d  __aeabi_dmul                                      
0000d679  SysCtlClockSet                                    
0000d76d  EEPROMProgram                                     
0000d831  __aeabi_memcpy                                    
0000d831  __aeabi_memcpy4                                   
0000d831  __aeabi_memcpy8                                   
0000d831  memcpy                                            
0000d8cd  __aeabi_uldivmod                                  
0000d963  __aeabi_cdcmpeq                                   
0000d963  __aeabi_cdcmple                                   
0000d9e9  ADCSequenceStepConfigure                          
0000da63  __aeabi_memclr                                    
0000da63  __aeabi_memclr4                                   
0000da63  __aeabi_memclr8                                   
0000da65  __aeabi_memset                                    
0000da65  __aeabi_memset4                                   
0000da65  __aeabi_memset8                                   
0000da6b  memset                                            
0000dadd  ltoa                                              
0000db4b  __aeabi_ldivmod                                   
0000dbb9  IntEnable                                         
0000dc21  __TI_decompress_lzss                              
0000dc89  _Z8sleep_usi                                      
0000dcbd  _Z5delayj                                         
0000dcf1  HOSTtime64                                        
0000dd51  TimerConfigure                                    
0000ddb1  GPIOIntTypeSet                                    
0000de09  _Z10vTimerInitv                                   
0000de43  TimerIntHandler                                   
0000de61  SysCtlPeripheralReset                             
0000deb1  ADCSequenceConfigure                              
0000deff  __aeabi_idiv0                                     
0000deff  __aeabi_ldiv0                                     
0000df01  GPIOPinConfigure                                  
0000df4d  I2CMasterInitExpClk                               
0000df99  atoi                                              
0000dfe5  UARTConfigSetExpClk                               
0000e071  __TI_auto_init_nobinit_nopinit                    
0000e0b5  __aeabi_d2uiz                                     
0000e0f9  EEPROMInit                                        
0000e175  EEPROMRead                                        
0000e1ad  SysCtlPeripheralReady                             
0000e1e5  __TI_writemsg                                     
0000e213  C$$IO$$                                           
0000e21d  IntRegister                                       
0000e251  SysCtlPeripheralDisable                           
0000e285  SysCtlPeripheralEnable                            
0000e2ed  __TI_readmsg                                      
0000e321  _c_int00_noargs                                   
0000e355  rand                                              
0000e389  strstr                                            
0000e3bd  ADCIntStatus                                      
0000e3eb  __aeabi_i2d                                       
0000e419  GPIODirModeSet                                    
0000e445  strncmp                                           
0000e471  memcmp                                            
0000e495  srand                                             
0000e4b9  UARTDisable                                       
0000e4d9  __aeabi_ui2d                                      
0000e4f9  ADCSequenceDataGet                                
0000e517  GPIOPinTypeGPIOOutput                             
0000e531  ADCProcessorTrigger                               
0000e549  GPIOIntRegister                                   
0000e561  __aeabi_lmul                                      
0000e579  strcmp                                            
0000e591  GPIOPinTypeADC                                    
0000e5a7  GPIOPinTypeGPIOInput                              
0000e5bd  GPIOPinTypeI2C                                    
0000e5d3  GPIOPinTypeI2CSCL                                 
0000e5e9  GPIOPinTypeUART                                   
0000e601  SysTickEnable                                     
0000e615  SysTickIntEnable                                  
0000e629  UARTEnable                                        
0000e63d  strcpy                                            
0000e651  strlen                                            
0000e665  TimerLoadSet                                      
0000e677  TimerPrescaleSet                                  
0000e689  _Z3absl                                           
0000e69b  IntMasterDisable                                  
0000e6ab  IntMasterEnable                                   
0000e6bd  SysCtlReset                                       
0000e6cd  SysTickPeriodSet                                  
0000e6ed  __time64                                          
0000e6fd  isdigit                                           
0000e70d  ADCSequenceEnable                                 
0000e71b  GPIOIntStatus                                     
0000e729  I2CRxFIFOFlush                                    
0000e737  I2CTxFIFOFlush                                    
0000e745  TimerEnable                                       
0000e753  UARTCharGetNonBlocking                            
0000e761  UARTCharPutNonBlocking                            
0000e76f  UARTCharsAvail                                    
0000e77d  __TI_decompress_none                              
0000e78b  CPUcpsid                                          
0000e797  CPUcpsie                                          
0000e7a3  GPIOIntEnable                                     
0000e7b1  SysCtlResetCauseGet                               
0000e7bd  __TI_zero_init                                    
0000e7c9  ResetISR                                          
0000e7d5  ADCIntClear                                       
0000e7df  I2CMasterEnable                                   
0000e7e9  UARTIntStatus                                     
0000e7f3  I2CMasterBusy                                     
0000e7fb  I2CMasterSlaveAddrSet                             
0000e803  TimerIntEnable                                    
0000e80b  UARTBusy                                          
0000e813  UARTIntEnable                                     
0000e81b  GPIOIntClear                                      
0000e821  GPIOPinRead                                       
0000e827  GPIOPinWrite                                      
0000e82d  SysCtlDelay                                       
0000e833  I2CMasterControl                                  
0000e837  I2CMasterDataGet                                  
0000e83b  I2CMasterDataPut                                  
0000e83f  TimerIntClear                                     
0000e843  UARTIntClear                                      
0000e847  _system_pre_init                                  
0000e84b  C$$EXIT                                           
0000e84b  abort                                             
0000ea26  _ctypes_                                          
0000ef8c  __TI_Handler_Table_Base                           
0000ef98  __TI_Handler_Table_Limit                          
0000efa8  __TI_CINIT_Base                                   
0000efc0  __TI_CINIT_Limit                                  
20000000  __start___llvm_prf_cnts                           
20000000  __stop___llvm_prf_cnts                            
20000000  g_pfnRAMVectors                                   
20000270  __stack                                           
20000470  __STACK_TOP                                       
20001a70  __STACK_END                                       
20001a70  gprs_rx_buff                                      
20001c6c  gprs_tx_buff                                      
20001e68  dummy_json_string                                 
20001ff0  adc                                               
2000216c  display_tx                                        
2000229c  __CIOBUF_                                         
200023bc  cloud_config                                      
20002492  BCD_MODE                                          
20002494  display_uart_rx                                   
20002534  pc_uart_rx                                        
200025d4  e2p_cloud_config                                  
20002654  pc_uart_tx                                        
200026a4  gps                                               
200026e8  FLR_log_data                                      
20002728  FL_log_data                                       
20002768  ram_data                                          
2000279e  adc_arr                                           
200027c7  time_main                                         
200027e6  measurements                                      
20002802  EXTI_cnt                                          
20002804  gprs                                              
20002818  e2p_device_info                                   
20002828  e2p_location_info                                 
20002838  freq_updated_data                                 
20002848  scheduler                                         
20002856  Alarms                                            
20002862  e2p_config_time                                   
2000286a  e2p_router_config                                 
20002872  gps_data                                          
2000287a  parmbuf                                           
20002882  gprs_date_time                                    
20002889  gps_date_time                                     
20002890  time_stamp                                        
20002896  Telecom_server_query                              
2000289a  gprs_rx_isr_handler                               
2000289c  u32DelayCounter                                   
200028a0  relay_state                                       
200028a3  System_mode                                       
200028a4  gps_handler_state                                 
200028a5  network_status                                    
200028a6  voltage_mode                                      
200028e9  server_response_str                               
20002904  gps_read_timeout                                  
20002908  gprs_read_timeout                                 
2000290c  conn_state                                        
20002918  PN_ADC_RAW_MAX                                    
20002920  NE_ADC_RAW_MAX                                    
2000293c  _tz                                               
2000294c  upload_time                                       
20002950  save_offline_time                                 
20002954  relay_startup_time                                
20002958  GLCD_startup_time                                 
2000295c  millis_cnt                                        
20002960  ACVoltReadMillis                                  
20002964  counter_10sec                                     
20002968  g_bIntFlag                                        
20002974  gps_interval_start                                
20002978  cnt_gps_1sec                                      
20002980  _lock                                             
20002984  _unlock                                           
20002988  screen_x                                          
ffffffff  __TI_pprof_out_hndl                               
ffffffff  __TI_prof_data_size                               
ffffffff  __TI_prof_data_start                              
ffffffff  __binit__                                         
ffffffff  __c_args__                                        
ffffffff  binit                                             
UNDEFED   __mpu_init                                        
UNDEFED   _system_post_cinit                                

[476 symbols]
