******************************************************************************
                  TI ARM Linker PC v20.2.6                     
******************************************************************************
>> Linked Sat May  4 19:06:49 2024

OUTPUT FILE NAME:   <Telecom_IoT_v2_00.out>
ENTRY POINT SYMBOL: "_c_int00_noargs"  address: 0000c765


MEMORY CONFIGURATION

         name            origin    length      used     unused   attr    fill
----------------------  --------  ---------  --------  --------  ----  --------
  FLASH                 00000000   00020000  0000d548  00012ab8  R  X
  SRAM                  20000000   00008000  00001e60  000061a0  RW X


SEGMENT ALLOCATION MAP

run origin  load origin   length   init length attrs members
----------  ----------- ---------- ----------- ----- -------
00000000    00000000    0000d548   0000d548    r-x
  00000000    00000000    0000026c   0000026c    r-- .intvecs
  0000026c    0000026c    0000cb28   0000cb28    r-x .text
  0000cd94    0000cd94    00000728   00000728    r-- .const
  0000d4bc    0000d4bc    00000024   00000024    r-- .init_array
  0000d4e0    0000d4e0    00000068   00000068    r-- .cinit
20000000    20000000    00001e68   00000000    rw-
  20000000    20000000    00001594   00000000    rw- .bss
  20001598    20001598    00000800   00000000    rw- .stack
  20001d98    20001d98    000000bc   00000000    rw- .data
  20001e58    20001e58    00000010   00000000    rw- .sysmem


SECTION ALLOCATION MAP

 output                                  attributes/
section   page    origin      length       input sections
--------  ----  ----------  ----------   ----------------
.intvecs   0    00000000    0000026c     
                  00000000    0000026c     tm4c1233e6pz_startup_ccs.obj (.intvecs)

.text      0    0000026c    0000cb28     
                  0000026c    00002b2c     gprs.obj (.text)
                  00002d98    00000ee0     uip.obj (.text)
                  00003c78    00000e40     Telecom_Ethernet.obj (.text)
                  00004ab8    00000a44     Clock.obj (.text)
                  000054fc    0000085c     Dhcp.obj (.text)
                  00005d58    00000800     E2P.obj (.text)
                  00006558    000007f0     Enc28J60Network.obj (.text)
                  00006d48    00000718     UIPClient.obj (.text)
                  00007460    00000624     UIPEthernet.obj (.text)
                  00007a84    00000544     UartCore.obj (.text)
                  00007fc8    0000049c     PC_Cmds.obj (.text)
                  00008464    00000464     Dns.obj (.text)
                  000088c8    00000458     UIPUdp.obj (.text)
                  00008d20    00000454     main.obj (.text)
                  00009174    00000424     ADC_Core.obj (.text)
                  00009598    000003f4     uip_arp.obj (.text)
                  0000998c    000003e0     Print.obj (.text)
                  00009d6c    00000380     Display.obj (.text)
                  0000a0ec    000002f0     _common.obj (.text)
                  0000a3dc    000002b8     rtsv7M4_T_le_v4SPD16_eabi.lib : mktime64.c.obj (.text:__mktime64)
                  0000a694    00000208     IO_cntrl.obj (.text)
                  0000a89c    000001dc     UIPServer.obj (.text)
                  0000aa78    000001cc     DS3231.obj (.text)
                  0000ac44    000001b6     rtsv7M4_T_le_v4SPD16_eabi.lib : fd_add_t2.asm.obj (.text)
                  0000adfa    00000002     UIPClient.obj (.text:_ZN6ClientD1Ev)
                  0000adfc    00000184     SysTick_Timer.obj (.text)
                  0000af80    0000016c     driverlib.lib : gpio.obj (.text:GPIOPadConfigSet)
                  0000b0ec    00000160     mempool.obj (.text)
                  0000b24c    00000136     rtsv7M4_T_le_v4SPD16_eabi.lib : fd_div_t2.asm.obj (.text)
                  0000b382    00000002     UIPServer.obj (.text:_ZN6ServerD1Ev)
                  0000b384    00000120     IPAddress.obj (.text)
                  0000b4a4    00000118     driverlib.lib : sysctl.obj (.text:SysCtlClockGet)
                  0000b5bc    00000100     rtsv7M4_T_le_v4SPD16_eabi.lib : memory.c.obj (.text:aligned_alloc)
                  0000b6bc    000000fc                                   : fd_mul_t2.asm.obj (.text)
                  0000b7b8    000000f4     driverlib.lib : sysctl.obj (.text:SysCtlClockSet)
                  0000b8ac    000000e6     itoa.obj (.text)
                  0000b992    00000002     Telecom_Ethernet.obj (.text:_ZN9IPAddressD1Ev)
                  0000b994    000000e4     rtsv7M4_T_le_v4SPD16_eabi.lib : memory.c.obj (.text:free)
                  0000ba78    000000c4     driverlib.lib : eeprom.obj (.text:EEPROMProgram)
                  0000bb3c    0000009c     rtsv7M4_T_le_v4SPD16_eabi.lib : memcpy_t2.asm.obj (.text)
                  0000bbd8    00000096                                   : ull_div_t2.asm.obj (.text)
                  0000bc6e    00000086                                   : fd_cmp_t2.asm.obj (.text:__aeabi_cdcmple)
                  0000bcf4    00000086                                   : fd_cmp_t2.asm.obj (.text:__aeabi_cdrcmple)
                  0000bd7a    0000007a     driverlib.lib : adc.obj (.text:ADCSequenceStepConfigure)
                  0000bdf4    0000007a     rtsv7M4_T_le_v4SPD16_eabi.lib : memset_t2.asm.obj (.text)
                  0000be6e    00000002     Dhcp.obj (.text:_ZN9PrintableD1Ev)
                  0000be70    00000070     rtsv7M4_T_le_v4SPD16_eabi.lib : memory.c.obj (.text:split)
                  0000bee0    0000006e                                   : ll_div_t2.asm.obj (.text)
                  0000bf4e    00000002     Telecom_Ethernet.obj (.text:_ZN9UIPClientD1Ev)
                  0000bf50    00000068     driverlib.lib : interrupt.obj (.text:IntEnable)
                  0000bfb8    00000068     rtsv7M4_T_le_v4SPD16_eabi.lib : copy_decompress_lzss.c.obj (.text:decompress:lzss:__TI_decompress_lzss)
                  0000c020    00000060                                   : hosttime.c.obj (.text:HOSTtime64)
                  0000c080    00000060                                   : autoinit.c.obj (.text:__TI_auto_init_nobinit:__TI_auto_init_nobinit)
                  0000c0e0    0000005e                                   : i_divt2.asm.obj (.text)
                  0000c13e    00000058     driverlib.lib : gpio.obj (.text:GPIOIntTypeSet)
                  0000c196    00000002     UIPServer.obj (.text:_ZN9UIPServerD1Ev)
                  0000c198    00000050     driverlib.lib : sysctl.obj (.text:SysCtlPeripheralReset)
                  0000c1e8    0000004e                   : adc.obj (.text:ADCSequenceConfigure)
                  0000c236    00000002     rtsv7M4_T_le_v4SPD16_eabi.lib : stdlib_typeinfo.cpp.obj (.text:_ZNSt9type_infoD1Ev)
                  0000c238    0000004c     driverlib.lib : gpio.obj (.text:GPIOPinConfigure)
                  0000c284    0000004c                   : i2c.obj (.text:I2CMasterInitExpClk)
                  0000c2d0    0000004c     rtsv7M4_T_le_v4SPD16_eabi.lib : atoi.c.obj (.text:atoi)
                  0000c31c    00000048                                   : exit.c.obj (.text:exit)
                  0000c364    00000048                                   : fd_toi_t2.asm.obj (.text)
                  0000c3ac    00000046     driverlib.lib : uart.obj (.text:UARTConfigSetExpClk)
                  0000c3f2    00000002     rtsv7M4_T_le_v4SPD16_eabi.lib : _lock.c.obj (.text:_nop)
                  0000c3f4    00000044                                   : dtor_list.c.obj (.text:_Z25__add_destruction_to_listPP20a_needed_destructionPFYvPvES2_S2_)
                  0000c438    00000044                                   : fd_tou_t2.asm.obj (.text)
                  0000c47c    00000042                                   : dtor_list.c.obj (.text:_Z23__finalize_destructionsPP20a_needed_destructionPv)
                  0000c4be    00000002                                   : div0.asm.obj (.text)
                  0000c4c0    00000040     driverlib.lib : eeprom.obj (.text:EEPROMInit)
                  0000c500    00000040     rtsv7M4_T_le_v4SPD16_eabi.lib : u_divt2.asm.obj (.text)
                  0000c540    0000003c     driverlib.lib : ssi.obj (.text:SSIConfigSetExpClk)
                  0000c57c    0000003c                   : eeprom.obj (.text:_EEPROMSectorMaskSet)
                  0000c5b8    00000038                   : eeprom.obj (.text:EEPROMRead)
                  0000c5f0    00000038                   : sysctl.obj (.text:SysCtlPeripheralReady)
                  0000c628    00000038     rtsv7M4_T_le_v4SPD16_eabi.lib : trgmsg.c.obj (.text:__TI_writemsg)
                  0000c660    00000034     driverlib.lib : sysctl.obj (.text:SysCtlPeripheralDisable)
                  0000c694    00000034                   : sysctl.obj (.text:SysCtlPeripheralEnable)
                  0000c6c8    00000034                   : eeprom.obj (.text:_EEPROMSectorMaskClear)
                  0000c6fc    00000034     rtsv7M4_T_le_v4SPD16_eabi.lib : trgmsg.c.obj (.text:__TI_readmsg)
                  0000c730    00000034                                   : dtor_list.c.obj (.text:__aeabi_atexit)
                  0000c764    00000034                                   : boot_cortex_m.c.obj (.text:_c_int00_noargs:_c_int00_noargs)
                  0000c798    00000034                                   : rand.c.obj (.text:rand)
                  0000c7cc    00000034                                   : strstr.c.obj (.text:strstr)
                  0000c800    0000002e     driverlib.lib : adc.obj (.text:ADCIntStatus)
                  0000c82e    0000002e     rtsv7M4_T_le_v4SPD16_eabi.lib : i_tofd_t2.asm.obj (.text)
                  0000c85c    0000002c     driverlib.lib : gpio.obj (.text:GPIODirModeSet)
                  0000c888    0000002c     delay.obj (.text)
                  0000c8b4    0000002c     rtsv7M4_T_le_v4SPD16_eabi.lib : strncmp.c.obj (.text:strncmp)
                  0000c8e0    00000028                                   : memory.c.obj (.text:free_list_insert)
                  0000c908    00000024                                   : memcmp.c.obj (.text:memcmp)
                  0000c92c    00000024                                   : rand.c.obj (.text:srand)
                  0000c950    00000020     driverlib.lib : uart.obj (.text:UARTDisable)
                  0000c970    00000020     rtsv7M4_T_le_v4SPD16_eabi.lib : u_tofd_t2.asm.obj (.text)
                  0000c990    0000001e     driverlib.lib : adc.obj (.text:ADCSequenceDataGet)
                  0000c9ae    0000001e     SPI.obj (.text)
                  0000c9cc    0000001c     rtsv7M4_T_le_v4SPD16_eabi.lib : memory.c.obj (.text:free_list_remove)
                  0000c9e8    0000001c     millis.obj (.text)
                  0000ca04    0000001a     driverlib.lib : gpio.obj (.text:GPIOPinTypeGPIOOutput)
                  0000ca1e    00000018                   : adc.obj (.text:ADCProcessorTrigger)
                  0000ca36    00000018     rtsv7M4_T_le_v4SPD16_eabi.lib : ll_mul_t2.asm.obj (.text)
                  0000ca4e    00000018                                   : strcmp.c.obj (.text:strcmp)
                  0000ca66    00000016     driverlib.lib : gpio.obj (.text:GPIOPinTypeADC)
                  0000ca7c    00000016                   : gpio.obj (.text:GPIOPinTypeGPIOInput)
                  0000ca92    00000016                   : gpio.obj (.text:GPIOPinTypeI2C)
                  0000caa8    00000016                   : gpio.obj (.text:GPIOPinTypeI2CSCL)
                  0000cabe    00000016                   : gpio.obj (.text:GPIOPinTypeSSI)
                  0000cad4    00000016                   : gpio.obj (.text:GPIOPinTypeUART)
                  0000caea    00000002     --HOLE-- [fill = 0]
                  0000caec    00000014                   : systick.obj (.text:SysTickEnable)
                  0000cb00    00000014                   : systick.obj (.text:SysTickIntEnable)
                  0000cb14    00000014                   : uart.obj (.text:UARTEnable)
                  0000cb28    00000014     rtsv7M4_T_le_v4SPD16_eabi.lib : strlen.c.obj (.text:strlen)
                  0000cb3c    00000012     driverlib.lib : ssi.obj (.text:SSIDataGetNonBlocking)
                  0000cb4e    00000012     UIPClient.obj (.text:_ZN9UIPClientneERKS_)
                  0000cb60    00000010     driverlib.lib : interrupt.obj (.text:IntMasterEnable)
                  0000cb70    00000010                   : systick.obj (.text:SysTickPeriodSet)
                  0000cb80    00000010                   : eeprom.obj (.text:_EEPROMWaitForDone)
                  0000cb90    00000010     rtsv7M4_T_le_v4SPD16_eabi.lib : time64.c.obj (.text:__time64)
                  0000cba0    0000000e     driverlib.lib : adc.obj (.text:ADCSequenceEnable)
                  0000cbae    0000000e                   : gpio.obj (.text:GPIOIntStatus)
                  0000cbbc    0000000e                   : i2c.obj (.text:I2CRxFIFOFlush)
                  0000cbca    0000000e                   : i2c.obj (.text:I2CTxFIFOFlush)
                  0000cbd8    0000000e                   : ssi.obj (.text:SSIDataPutNonBlocking)
                  0000cbe6    0000000e                   : uart.obj (.text:UARTCharGetNonBlocking)
                  0000cbf4    0000000e                   : uart.obj (.text:UARTCharPutNonBlocking)
                  0000cc02    0000000e                   : uart.obj (.text:UARTCharsAvail)
                  0000cc10    0000000e     rtsv7M4_T_le_v4SPD16_eabi.lib : typeinfo.c.obj (.text:_ZN10__cxxabiv117__class_type_infoD0Ev)
                  0000cc1e    0000000e                                   : typeinfo.c.obj (.text:_ZN10__cxxabiv120__si_class_type_infoD0Ev)
                  0000cc2c    0000000e                                   : typeinfo.c.obj (.text:_ZN10__cxxabiv121__vmi_class_type_infoD0Ev)
                  0000cc3a    0000000e                                   : copy_decompress_none.c.obj (.text:decompress:none:__TI_decompress_none)
                  0000cc48    0000000c     driverlib.lib : cpu.obj (.text:CPUcpsie)
                  0000cc54    0000000c                   : gpio.obj (.text:GPIOIntEnable)
                  0000cc60    0000000c     Dhcp.obj (.text:_ZThn8_N6UIPUDP4readEPcj)
                  0000cc6c    0000000c     rtsv7M4_T_le_v4SPD16_eabi.lib : dtor_list.c.obj (.text:__cxa_finalize)
                  0000cc78    0000000c                                   : guard.c.obj (.text:__cxa_guard_acquire)
                  0000cc84    0000000c                                   : copy_zero_init.c.obj (.text:decompress:ZI:__TI_zero_init)
                  0000cc90    0000000c     tm4c1233e6pz_startup_ccs.obj (.text)
                  0000cc9c    0000000a     driverlib.lib : adc.obj (.text:ADCIntClear)
                  0000cca6    0000000a                   : i2c.obj (.text:I2CMasterEnable)
                  0000ccb0    0000000a                   : ssi.obj (.text:SSIEnable)
                  0000ccba    0000000a                   : uart.obj (.text:UARTIntStatus)
                  0000ccc4    0000000a     UIPUdp.obj (.text:_ZN6UIPUDP4readEPcj)
                  0000ccce    0000000a     rtsv7M4_T_le_v4SPD16_eabi.lib : guard.c.obj (.text:__cxa_guard_release)
                  0000ccd8    00000008     driverlib.lib : i2c.obj (.text:I2CMasterBusy)
                  0000cce0    00000008                   : i2c.obj (.text:I2CMasterSlaveAddrSet)
                  0000cce8    00000008                   : uart.obj (.text:UARTBusy)
                  0000ccf0    00000008                   : uart.obj (.text:UARTIntEnable)
                  0000ccf8    00000008     Telecom_Ethernet.obj (.text:_ZThn8_N9UIPClientD0Ev)
                  0000cd00    00000008     UIPServer.obj (.text:_ZThn8_N9UIPServerD0Ev)
                  0000cd08    00000008     rtsv7M4_T_le_v4SPD16_eabi.lib : new.cpp.obj (.text:_ZdlPv)
                  0000cd10    00000008                                   : memory.c.obj (.text:malloc)
                  0000cd18    00000006     driverlib.lib : gpio.obj (.text:GPIOIntClear)
                  0000cd1e    00000006                   : gpio.obj (.text:GPIOPinRead)
                  0000cd24    00000006                   : gpio.obj (.text:GPIOPinWrite)
                  0000cd2a    00000006                   : sysctl.obj (.text:SysCtlDelay)
                  0000cd30    00000006     Telecom_Ethernet.obj (.text:_ZN6ClientD0Ev)
                  0000cd36    00000006     UIPServer.obj (.text:_ZN6ServerD0Ev)
                  0000cd3c    00000006     Telecom_Ethernet.obj (.text:_ZN9IPAddressD0Ev)
                  0000cd42    00000006     Telecom_Ethernet.obj (.text:_ZN9PrintableD0Ev)
                  0000cd48    00000006     UIPClient.obj (.text:_ZN9UIPClientD0Ev)
                  0000cd4e    00000006     UIPServer.obj (.text:_ZN9UIPServerD0Ev)
                  0000cd54    00000006     rtsv7M4_T_le_v4SPD16_eabi.lib : dtor_list.c.obj (.text:__cxa_ia64_exit)
                  0000cd5a    00000006                                   : pure_virt.c.obj (.text:__cxa_pure_virtual)
                  0000cd60    00000004     driverlib.lib : i2c.obj (.text:I2CMasterControl)
                  0000cd64    00000004                   : i2c.obj (.text:I2CMasterDataGet)
                  0000cd68    00000004                   : i2c.obj (.text:I2CMasterDataPut)
                  0000cd6c    00000004                   : uart.obj (.text:UARTIntClear)
                  0000cd70    00000004     rtsv7M4_T_le_v4SPD16_eabi.lib : typeinfo.c.obj (.text:_ZN10__cxxabiv117__class_type_infoD1Ev)
                  0000cd74    00000004                                   : typeinfo.c.obj (.text:_ZN10__cxxabiv120__si_class_type_infoD1Ev)
                  0000cd78    00000004                                   : typeinfo.c.obj (.text:_ZN10__cxxabiv121__vmi_class_type_infoD1Ev)
                  0000cd7c    00000004     UIPClient.obj (.text:_ZThn8_N9UIPClientD1Ev)
                  0000cd80    00000004     UIPServer.obj (.text:_ZThn8_N9UIPServerD1Ev)
                  0000cd84    00000004     rtsv7M4_T_le_v4SPD16_eabi.lib : new.cpp.obj (.text:_ZdlPvj)
                  0000cd88    00000004                                   : error.c.obj (.text:__abort_execution)
                  0000cd8c    00000004                                   : pre_init.c.obj (.text:_system_pre_init)
                  0000cd90    00000004                                   : exit.c.obj (.text:abort:abort)

.const     0    0000cd94    00000728     
                  0000cd94    00000101     rtsv7M4_T_le_v4SPD16_eabi.lib : ctype.c.obj (.const:.string:_ctypes_)
                  0000ce95    00000003     --HOLE-- [fill = 0]
                  0000ce98    00000090     UIPUdp.obj (.const:_ZTV6UIPUDP)
                  0000cf28    00000090     driverlib.lib : gpio.obj (.const:g_pui32GPIOBaseAddrs)
                  0000cfb8    0000008c     UIPClient.obj (.const:_ZTV9UIPClient)
                  0000d044    0000006c     driverlib.lib : sysctl.obj (.const:g_pui32Xtals)
                  0000d0b0    00000060     rtsv7M4_T_le_v4SPD16_eabi.lib : mktime64.c.obj (.const:$O1$$)
                  0000d110    00000048     UIPUdp.obj (.const:_ZTV3UDP)
                  0000d158    00000041     _common.obj (.const:.string:$P$T0$1)
                  0000d199    00000003     --HOLE-- [fill = 0]
                  0000d19c    00000040     UIPClient.obj (.const:_ZTV6Client)
                  0000d1dc    00000034     UIPServer.obj (.const:_ZTV9UIPServer)
                  0000d210    00000026     rtsv7M4_T_le_v4SPD16_eabi.lib : typeinfo.c.obj (.const:.typeinfo:_ZTSN10__cxxabiv121__vmi_class_type_infoE)
                  0000d236    00000025                                   : typeinfo.c.obj (.const:.typeinfo:_ZTSN10__cxxabiv120__si_class_type_infoE)
                  0000d25b    00000001     --HOLE-- [fill = 0]
                  0000d25c    00000024     Clock.obj (.const:$P$T0$1)
                  0000d280    00000022     rtsv7M4_T_le_v4SPD16_eabi.lib : typeinfo.c.obj (.const:.typeinfo:_ZTSN10__cxxabiv117__class_type_infoE)
                  0000d2a2    00000002     --HOLE-- [fill = 0]
                  0000d2a4    00000020     UIPUdp.obj (.const:.typeinfo:_ZTI6UIPUDP)
                  0000d2c4    00000020     UIPClient.obj (.const:.typeinfo:_ZTI9UIPClient)
                  0000d2e4    00000020     UIPServer.obj (.const:.typeinfo:_ZTI9UIPServer)
                  0000d304    00000019     gprs.obj (.const:.string:$P$T0$12)
                  0000d31d    00000019     Telecom_Ethernet.obj (.const:.string:$P$T5$5)
                  0000d336    00000002     --HOLE-- [fill = 0]
                  0000d338    00000014     UIPServer.obj (.const:_ZTV6Server)
                  0000d34c    00000014     IPAddress.obj (.const:_ZTV9IPAddress)
                  0000d360    00000014     Dhcp.obj (.const:_ZTV9Printable)
                  0000d374    00000014     driverlib.lib : interrupt.obj (.const:g_pui32EnRegs)
                  0000d388    00000010     Print.obj (.const:_ZTV5Print)
                  0000d398    00000010     rtsv7M4_T_le_v4SPD16_eabi.lib : typeinfo.c.obj (.const:_ZTVN10__cxxabiv117__class_type_infoE)
                  0000d3a8    00000010                                   : typeinfo.c.obj (.const:_ZTVN10__cxxabiv120__si_class_type_infoE)
                  0000d3b8    00000010                                   : typeinfo.c.obj (.const:_ZTVN10__cxxabiv121__vmi_class_type_infoE)
                  0000d3c8    0000000d                                   : stdlib_typeinfo.cpp.obj (.const:.typeinfo:_ZTSSt9type_info)
                  0000d3d5    00000003     --HOLE-- [fill = 0]
                  0000d3d8    0000000c     IPAddress.obj (.const:.typeinfo:_ZTI9IPAddress)
                  0000d3e4    0000000c     rtsv7M4_T_le_v4SPD16_eabi.lib : typeinfo.c.obj (.const:.typeinfo:_ZTIN10__cxxabiv117__class_type_infoE)
                  0000d3f0    0000000c                                   : typeinfo.c.obj (.const:.typeinfo:_ZTIN10__cxxabiv120__si_class_type_infoE)
                  0000d3fc    0000000c                                   : typeinfo.c.obj (.const:.typeinfo:_ZTIN10__cxxabiv121__vmi_class_type_infoE)
                  0000d408    0000000b     IPAddress.obj (.const:.typeinfo:_ZTS9IPAddress)
                  0000d413    0000000b     Dhcp.obj (.const:.typeinfo:_ZTS9Printable)
                  0000d41e    0000000b     UIPClient.obj (.const:.typeinfo:_ZTS9UIPClient)
                  0000d429    0000000b     UIPServer.obj (.const:.typeinfo:_ZTS9UIPServer)
                  0000d434    00000008     Clock.obj (.const:$P$T1$2)
                  0000d43c    00000008     gprs.obj (.const:.string:$P$T1$20)
                  0000d444    00000008     UIPUdp.obj (.const:.typeinfo:_ZTI3UDP)
                  0000d44c    00000008     Print.obj (.const:.typeinfo:_ZTI5Print)
                  0000d454    00000008     UIPClient.obj (.const:.typeinfo:_ZTI6Client)
                  0000d45c    00000008     UIPServer.obj (.const:.typeinfo:_ZTI6Server)
                  0000d464    00000008     Dhcp.obj (.const:.typeinfo:_ZTI9Printable)
                  0000d46c    00000008     rtsv7M4_T_le_v4SPD16_eabi.lib : stdlib_typeinfo.cpp.obj (.const:.typeinfo:_ZTISt9type_info)
                  0000d474    00000008     UIPClient.obj (.const:.typeinfo:_ZTS6Client)
                  0000d47c    00000008     UIPServer.obj (.const:.typeinfo:_ZTS6Server)
                  0000d484    00000008     UIPUdp.obj (.const:.typeinfo:_ZTS6UIPUDP)
                  0000d48c    00000007     Print.obj (.const:.typeinfo:_ZTS5Print)
                  0000d493    00000006     Telecom_Ethernet.obj (.const:.string:$P$T3$1)
                  0000d499    00000006     UIPEthernet.obj (.const:.string:$P$T6$1)
                  0000d49f    00000006     Telecom_Ethernet.obj (.const:.string:$P$T6$9)
                  0000d4a5    00000006     uip_arp.obj (.const:broadcast_ethaddr)
                  0000d4ab    00000005     UIPUdp.obj (.const:.typeinfo:_ZTS3UDP)
                  0000d4b0    00000004     uip.obj (.const:all_ones_addr)
                  0000d4b4    00000004     uip.obj (.const:all_zeroes_addr)
                  0000d4b8    00000004     uip_arp.obj (.const:broadcast_ipaddr)

.cinit     0    0000d4e0    00000068     
                  0000d4e0    0000003e     (.cinit..data.load) [load image, compression = lzss]
                  0000d51e    00000002     --HOLE-- [fill = 0]
                  0000d520    0000000c     (__TI_handler_table)
                  0000d52c    00000004     --HOLE-- [fill = 0]
                  0000d530    00000008     (.cinit..bss.load) [load image, compression = zero_init]
                  0000d538    00000010     (__TI_cinit_table)

.init_array 
*          0    0000d4bc    00000024     
                  0000d4bc    00000004     IPAddress.obj (.init_array)
                  0000d4c0    00000004     UIPUdp.obj (.init_array)
                  0000d4c4    00000004     UIPServer.obj (.init_array)
                  0000d4c8    00000004     UIPEthernet.obj (.init_array)
                  0000d4cc    00000004     UIPClient.obj (.init_array)
                  0000d4d0    00000004     Dns.obj (.init_array)
                  0000d4d4    00000004     Dhcp.obj (.init_array)
                  0000d4d8    00000004     main.obj (.init_array)
                  0000d4dc    00000004     Telecom_Ethernet.obj (.init_array)

.bss       0    20000000    00001594     UNINITIALIZED
                  20000000    00000230     (.common:_ZN10MemoryPool6blocksE)
                  20000230    000001fc     (.common:ethernet_tx_buff)
                  2000042c    000001fc     (.common:gprs_tx_buff)
                  20000628    000001f4     (.common:JSON_Tx_Buff)
                  2000081c    00000188     (.common:dummy_json_string)
                  200009a4    0000017c     (.common:adc)
                  20000b20    00000130     (.common:display_tx)
                  20000c50    00000120     rtsv7M4_T_le_v4SPD16_eabi.lib : trgmsg.c.obj (.bss:_CIOBUF_)
                  20000d70    000000d6     (.common:cloud_config)
                  20000e46    00000002     (.common:EXTI_cnt)
                  20000e48    000000a0     (.common:display_uart_rx)
                  20000ee8    000000a0     (.common:pc_uart_rx)
                  20000f88    0000008c     (.common:ethernet_rx_buff)
                  20001014    00000088     (.common:gprs_rx_buff)
                  2000109c    00000080     (.common:e2p_cloud_config)
                  2000111c    00000080     (.common:uip_conns)
                  2000119c    00000070     (.common:_ZN9UIPClient8all_dataE)
                  2000120c    00000064     (.common:uip_buf)
                  20001270    00000060     uip_arp.obj (.bss:arp_table)
                  200012d0    0000005c     UIPEthernet.obj (.bss:s_dhcp)
                  2000132c    00000050     (.common:pc_uart_tx)
                  2000137c    00000040     (.common:uip_udp_conns)
                  200013bc    00000036     (.common:ram_data)
                  200013f2    0000001f     (.common:time_main)
                  20001411    0000001c     (.common:measurements)
                  2000142d    00000001     UIPEthernet.obj (.bss:UIPEthernet)
                  2000142e    00000002     (.common:_ZN15Enc28J60Network13nextPacketPtrE)
                  20001430    00000018     (.common:gprs)
                  20001448    00000010     Telecom_Ethernet.obj (.bss:Eclient)
                  20001458    00000010     Telecom_Ethernet.obj (.bss:client)
                  20001468    00000010     (.common:e2p_device_info)
                  20001478    00000010     (.common:e2p_location_info)
                  20001488    0000000e     (.common:scheduler)
                  20001496    0000000c     (.common:Alarms)
                  200014a2    00000002     (.common:gprs_rx_isr_handler)
                  200014a4    00000008     Dhcp.obj (.bss)
                  200014ac    00000008     Dhcp.obj (.bss:INADDR_NONE)
                  200014b4    00000008     Dns.obj (.bss:INADDR_NONE)
                  200014bc    00000008     IPAddress.obj (.bss:INADDR_NONE)
                  200014c4    00000008     Telecom_Ethernet.obj (.bss:INADDR_NONE)
                  200014cc    00000008     UIPClient.obj (.bss:INADDR_NONE)
                  200014d4    00000008     UIPEthernet.obj (.bss:INADDR_NONE)
                  200014dc    00000008     UIPServer.obj (.bss:INADDR_NONE)
                  200014e4    00000008     UIPUdp.obj (.bss:INADDR_NONE)
                  200014ec    00000008     main.obj (.bss:INADDR_NONE)
                  200014f4    00000008     Telecom_Ethernet.obj (.bss)
                  200014fc    00000008     UIPEthernet.obj (.bss:_ZN16UIPEthernetClass17_dnsServerAddressE)
                  20001504    00000008     uip.obj (.bss)
                  2000150c    00000008     (.common:e2p_config_time)
                  20001514    00000008     (.common:e2p_router_config)
                  2000151c    00000008     (.common:gps_data)
                  20001524    00000008     (.common:parmbuf)
                  2000152c    00000008     (.common:uip_listenports)
                  20001534    00000007     (.common:gprs_date_time)
                  2000153b    00000001     (.common:System_mode)
                  2000153c    00000006     (.common:_ZN15Enc28J60Network10receivePktE)
                  20001542    00000006     (.common:time_stamp)
                  20001548    00000004     UIPClient.obj (.bss:_ZZN9UIPClient7connectE9IPAddresstE4conn)
                  2000154c    00000004     uip_arp.obj (.bss:ipaddr)
                  20001550    00000004     uip.obj (.bss:iss)
                  20001554    00000004     uip_arp.obj (.bss)
                  20001558    00000004     (.common:_ZN16UIPEthernetClass14periodic_timerE)
                  2000155c    00000004     (.common:__dso_handle)
                  20001560    00000004     (.common:_millis)
                  20001564    00000004     (.common:startTime)
                  20001568    00000004     (.common:u32DelayCounter)
                  2000156c    00000004     (.common:uip_acc32)
                  20001570    00000004     (.common:uip_appdata)
                  20001574    00000004     (.common:uip_conn)
                  20001578    00000004     (.common:uip_draddr)
                  2000157c    00000004     (.common:uip_hostaddr)
                  20001580    00000004     (.common:uip_netmask)
                  20001584    00000004     (.common:uip_sappdata)
                  20001588    00000004     (.common:uip_udp_conn)
                  2000158c    00000002     (.common:uip_len)
                  2000158e    00000002     (.common:uip_slen)
                  20001590    00000001     (.common:ether_connect_sts)
                  20001591    00000001     (.common:ether_network_sts)
                  20001592    00000001     (.common:router_mode)
                  20001593    00000001     (.common:uip_flags)

.stack     0    20001598    00000800     UNINITIALIZED
                  20001598    00000004     rtsv7M4_T_le_v4SPD16_eabi.lib : boot_cortex_m.c.obj (.stack)
                  2000159c    000007fc     --HOLE--

.data      0    20001d98    000000bc     UNINITIALIZED
                  20001d98    00000045     gprs.obj (.data)
                  20001ddd    00000001     Dhcp.obj (.data)
                  20001dde    00000002     UIPClient.obj (.data:_ZZN9UIPClient7connectE9IPAddresstE7timeout)
                  20001de0    00000010     rtsv7M4_T_le_v4SPD16_eabi.lib : tmzone.c.obj (.data:_tz)
                  20001df0    0000000d     Telecom_Ethernet.obj (.data)
                  20001dfd    00000001     UIPClient.obj (.data:_ZZN9UIPClient7connectE9IPAddresstE10first_call)
                  20001dfe    00000002     --HOLE--
                  20001e00    0000000c     rtsv7M4_T_le_v4SPD16_eabi.lib : exit.c.obj (.data:$O1$$)
                  20001e0c    00000008                                   : _lock.c.obj (.data:$O1$$)
                  20001e14    00000008                                   : memory.c.obj (.data:$O1$$)
                  20001e1c    00000004     Enc28J60Network.obj (.data)
                  20001e20    00000008     ADC_Core.obj (.data)
                  20001e28    00000008     UIPEthernet.obj (.data)
                  20001e30    00000008     UartCore.obj (.data)
                  20001e38    00000006     uip.obj (.data:uip_ethaddr)
                  20001e3e    00000002     --HOLE--
                  20001e40    00000004     SysTick_Timer.obj (.data)
                  20001e44    00000004     _common.obj (.data)
                  20001e48    00000004     main.obj (.data)
                  20001e4c    00000004     rtsv7M4_T_le_v4SPD16_eabi.lib : dtor_list.c.obj (.data)
                  20001e50    00000004                                   : rand.c.obj (.data)

.sysmem    0    20001e58    00000010     UNINITIALIZED
                  20001e58    00000010     rtsv7M4_T_le_v4SPD16_eabi.lib : memory.c.obj (.sysmem)

__llvm_prf_cnts 
*          0    20000000    00000000     UNINITIALIZED

MODULE SUMMARY

       Module                         code    ro data   rw data
       ------                         ----    -------   -------
    .\
       tm4c1233e6pz_startup_ccs.obj   12      620       0      
    +--+------------------------------+-------+---------+---------+
       Total:                         12      620       0      
                                                               
    .\Sources\
       gprs.obj                       11052   33        1638   
       Telecom_Ethernet.obj           3678    41        711    
       Clock.obj                      2628    44        37     
       E2P.obj                        2048    0         390    
       UartCore.obj                   1348    0         712    
       ADC_Core.obj                   1060    0         416    
       main.obj                       1108    4         78     
       PC_Cmds.obj                    1180    0         1      
       Display.obj                    896     0         0      
       _common.obj                    752     65        4      
       IO_cntrl.obj                   520     0         3      
       DS3231.obj                     460     0         0      
       SysTick_Timer.obj              388     0         22     
       delay.obj                      44      0         0      
       SPI.obj                        30      0         0      
       gps.obj                        0       0         8      
    +--+------------------------------+-------+---------+---------+
       Total:                         27192   187       4020   
                                                               
    .\Sources\UIPEthernet\
       UIPClient.obj                  1846    267       127    
       Dhcp.obj                       2154    43        21     
       UIPEthernet.obj                1572    10        121    
       UIPUdp.obj                     1122    273       8      
       Dns.obj                        1124    4         8      
       UIPServer.obj                  504     135       8      
    +--+------------------------------+-------+---------+---------+
       Total:                         8322    732       293    
                                                               
    .\Sources\UIPEthernet\mbed\
       Print.obj                      992     31        0      
       IPAddress.obj                  288     47        8      
       itoa.obj                       230     0         0      
       millis.obj                     28      0         4      
    +--+------------------------------+-------+---------+---------+
       Total:                         1538    78        12     
                                                               
    .\Sources\UIPEthernet\utility\
       uip.obj                        3808    8         355    
       Enc28J60Network.obj            2032    0         12     
       uip_arp.obj                    1012    10        104    
       mempool.obj                    352     0         560    
    +--+------------------------------+-------+---------+---------+
       Total:                         7204    18        1031   
                                                               
    C:/ti/TivaWare_C_Series-2.2.0.295/driverlib/ccs/Debug/driverlib.lib
       gpio.obj                       774     144       0      
       sysctl.obj                     770     108       0      
       eeprom.obj                     444     0         0      
       adc.obj                        324     0         0      
       uart.obj                       194     0         0      
       i2c.obj                        142     0         0      
       interrupt.obj                  120     20        0      
       ssi.obj                        102     0         0      
       systick.obj                    56      0         0      
       cpu.obj                        12      0         0      
    +--+------------------------------+-------+---------+---------+
       Total:                         2938    272       0      
                                                               
    C:\ti\ccs1110\ccs\tools\compiler\ti-cgt-arm_20.2.6.LTS\lib\rtsv7M4_T_le_v4SPD16_eabi.lib
       mktime64.c.obj                 696     96        0      
       memory.c.obj                   672     0         8      
       fd_add_t2.asm.obj              438     0         0      
       trgmsg.c.obj                   108     0         288    
       fd_div_t2.asm.obj              310     0         0      
       fd_cmp_t2.asm.obj              268     0         0      
       ctype.c.obj                    0       257       0      
       fd_mul_t2.asm.obj              252     0         0      
       typeinfo.c.obj                 54      193       0      
       dtor_list.c.obj                204     0         8      
       memcpy_t2.asm.obj              156     0         0      
       ull_div_t2.asm.obj             150     0         0      
       memset_t2.asm.obj              122     0         0      
       ll_div_t2.asm.obj              110     0         0      
       copy_decompress_lzss.c.obj     104     0         0      
       autoinit.c.obj                 96      0         0      
       hosttime.c.obj                 96      0         0      
       i_divt2.asm.obj                94      0         0      
       rand.c.obj                     88      0         4      
       exit.c.obj                     76      0         12     
       atoi.c.obj                     76      0         0      
       fd_toi_t2.asm.obj              72      0         0      
       fd_tou_t2.asm.obj              68      0         0      
       u_divt2.asm.obj                64      0         0      
       boot_cortex_m.c.obj            52      0         0      
       strstr.c.obj                   52      0         0      
       i_tofd_t2.asm.obj              46      0         0      
       strncmp.c.obj                  44      0         0      
       memcmp.c.obj                   36      0         0      
       u_tofd_t2.asm.obj              32      0         0      
       ll_mul_t2.asm.obj              24      0         0      
       strcmp.c.obj                   24      0         0      
       stdlib_typeinfo.cpp.obj        2       21        0      
       guard.c.obj                    22      0         0      
       strlen.c.obj                   20      0         0      
       time64.c.obj                   16      0         0      
       tmzone.c.obj                   0       0         16     
       copy_decompress_none.c.obj     14      0         0      
       copy_zero_init.c.obj           12      0         0      
       new.cpp.obj                    12      0         0      
       _lock.c.obj                    2       0         8      
       hostopen.c.obj                 0       0         8      
       pure_virt.c.obj                6       0         0      
       error.c.obj                    4       0         0      
       pre_init.c.obj                 4       0         0      
       div0.asm.obj                   2       0         0      
    +--+------------------------------+-------+---------+---------+
       Total:                         4800    567       352    
                                                               
       Heap:                          0       0         16     
       Stack:                         0       0         2048   
       Linker Generated:              0       98        0      
    +--+------------------------------+-------+---------+---------+
       Grand Total:                   52006   2572      7772   


LINKER GENERATED COPY TABLES

__TI_cinit_table @ 0000d538 records: 2, size/record: 8, table size: 16
	.data: load addr=0000d4e0, load size=0000003e bytes, run addr=20001d98, run size=000000bc bytes, compression=lzss
	.bss: load addr=0000d530, load size=00000008 bytes, run addr=20000000, run size=00001594 bytes, compression=zero_init


LINKER GENERATED HANDLER TABLE

__TI_handler_table @ 0000d520 records: 3, size/record: 4, table size: 12
	index: 0, handler: __TI_decompress_lzss
	index: 1, handler: __TI_decompress_none
	index: 2, handler: __TI_zero_init


GLOBAL SYMBOLS: SORTED ALPHABETICALLY BY Name 

address   name                                                              
-------   ----                                                              
0000cc9d  ADCIntClear                                                       
0000c801  ADCIntStatus                                                      
0000ca1f  ADCProcessorTrigger                                               
0000c1e9  ADCSequenceConfigure                                              
0000c991  ADCSequenceDataGet                                                
0000cba1  ADCSequenceEnable                                                 
0000bd7b  ADCSequenceStepConfigure                                          
20001e20  ADC_RAW_MAX                                                       
20001496  Alarms                                                            
0000cd91  C$$EXIT                                                           
0000c657  C$$IO$$                                                           
0000cc49  CPUcpsie                                                          
00007e55  DEBUGUARTIntHandler                                               
00007df1  DISPLAYUARTIntHandler                                             
0000c4c1  EEPROMInit                                                        
0000ba79  EEPROMProgram                                                     
0000c5b9  EEPROMRead                                                        
20001e1c  ENC28J60ControlCS                                                 
20000e46  EXTI_cnt                                                          
20001448  Eclient                                                           
0000a829  GPIODIntHandler                                                   
0000c85d  GPIODirModeSet                                                    
0000cd19  GPIOIntClear                                                      
0000cc55  GPIOIntEnable                                                     
0000cbaf  GPIOIntStatus                                                     
0000c13f  GPIOIntTypeSet                                                    
0000af81  GPIOPadConfigSet                                                  
0000c239  GPIOPinConfigure                                                  
0000cd1f  GPIOPinRead                                                       
0000ca67  GPIOPinTypeADC                                                    
0000ca7d  GPIOPinTypeGPIOInput                                              
0000ca05  GPIOPinTypeGPIOOutput                                             
0000ca93  GPIOPinTypeI2C                                                    
0000caa9  GPIOPinTypeI2CSCL                                                 
0000cabf  GPIOPinTypeSSI                                                    
0000cad5  GPIOPinTypeUART                                                   
0000cd25  GPIOPinWrite                                                      
0000c021  HOSTtime64                                                        
0000ccd9  I2CMasterBusy                                                     
0000cd61  I2CMasterControl                                                  
0000cd65  I2CMasterDataGet                                                  
0000cd69  I2CMasterDataPut                                                  
0000cca7  I2CMasterEnable                                                   
0000c285  I2CMasterInitExpClk                                               
0000cce1  I2CMasterSlaveAddrSet                                             
0000cbbd  I2CRxFIFOFlush                                                    
0000cbcb  I2CTxFIFOFlush                                                    
0000bf51  IntEnable                                                         
0000cb61  IntMasterEnable                                                   
20000628  JSON_Tx_Buff                                                      
00007d8d  LTEUARTIntHandler                                                 
0000cc91  ResetISR                                                          
0000d4bc  SHT$$INIT_ARRAY$$Base                                             
0000d4e0  SHT$$INIT_ARRAY$$Limit                                            
0000c541  SSIConfigSetExpClk                                                
0000cb3d  SSIDataGetNonBlocking                                             
0000cbd9  SSIDataPutNonBlocking                                             
0000ccb1  SSIEnable                                                         
0000b4a5  SysCtlClockGet                                                    
0000b7b9  SysCtlClockSet                                                    
0000cd2b  SysCtlDelay                                                       
0000c661  SysCtlPeripheralDisable                                           
0000c695  SysCtlPeripheralEnable                                            
0000c5f1  SysCtlPeripheralReady                                             
0000c199  SysCtlPeripheralReset                                             
0000caed  SysTickEnable                                                     
0000cb01  SysTickIntEnable                                                  
0000ae2f  SysTickIntHandler                                                 
0000cb71  SysTickPeriodSet                                                  
0000c9f7  SysTick_Handler                                                   
2000153b  System_mode                                                       
0000cce9  UARTBusy                                                          
0000cbe7  UARTCharGetNonBlocking                                            
0000cbf5  UARTCharPutNonBlocking                                            
0000cc03  UARTCharsAvail                                                    
0000c3ad  UARTConfigSetExpClk                                               
0000c951  UARTDisable                                                       
0000cb15  UARTEnable                                                        
0000cd6d  UARTIntClear                                                      
0000ccf1  UARTIntEnable                                                     
0000ccbb  UARTIntStatus                                                     
2000142d  UIPEthernet                                                       
00009537  _Z10GetAdcDatav                                                   
0000abf1  _Z10I2CReceivev                                                   
0000a81f  _Z10ToggleLEDsv                                                   
000054c1  _Z10asUnixTimeiiiiii                                              
000028af  _Z10getREQmodev                                                   
0000a2dd  _Z10my_sprintfPciz                                                
00001075  _Z10setREQmode13gprs_status_t                                     
000053c3  _Z10update_rtcPci                                                 
00002c71  _Z10valid_codePc                                                  
000043ed  _Z10ws_connectv                                                   
000029e9  _Z11TCP_Handlerv                                                  
00007d29  _Z11Usendbufferj                                                  
0000a2b5  _Z11count_commaPct                                                
0000a297  _Z11getChecksumPhc                                                
00004cb9  _Z11getDateTimev                                                  
0000026d  _Z11get_rx_dataPc                                                 
00008e89  _Z11init_configv                                                  
000028a9  _Z11setNWstatus13gprs_status_t                                    
000025e5  _Z11tcp_connectv                                                  
0000ab8f  _Z11vRTCI2CInitv                                                  
00009175  _Z12ADC_PortIniti                                                 
000052f7  _Z12calcTimeDiff12time_stamp_tS_                                  
00000295  _Z12check_stringPKcPcPi                                           
0000249b  _Z12getNW_statusv                                                 
000090fb  _Z12getRAM_Alarmv                                                 
00002489  _Z12get_pkt_recvv                                                 
00002035  _Z12gprs_connectv                                                 
00005131  _Z12is_leap_yearh                                                 
00001ed5  _Z12read_ip_portPc                                                
000005e5  _Z12respos_recvdPc                                                
00008e69  _Z12setRAM_Alarm16Alarm_sts_bits_tb                               
00001ebd  _Z12set_pkt_recvh                                                 
0000a7f7  _Z12vEXTIpinInitv                                                 
0000a7eb  _Z12vGPIO_Togglejhh                                               
0000a6dd  _Z12vLEDGPIOInitv                                                 
00007beb  _Z12vLTEUARTInitv                                                 
0000c9af  _Z13SPI_transrecvjh                                               
00005185  _Z13add_date_timeP12time_stamp_tS0_j                              
0000a213  _Z13delete_SubStrPcS_c                                            
000048d9  _Z13ethernet_initv                                                
00007b35  _Z13flushRxBufferi                                                
00007b59  _Z13flushTxBufferi                                                
000090f5  _Z13getRAM_Statusv                                                
000064d5  _Z13get_device_idv                                                
00001e91  _Z13pong_receivedPc                                               
000090d5  _Z13setRAM_Statushb                                               
00006449  _Z13set_device_idPc                                               
0000ae1f  _Z13vMAIN_DelayMSj                                                
00007d15  _Z13vUART_SendChrjh                                               
00007cf7  _Z13vUART_SendIntji                                               
00007cd5  _Z13vUART_SendStrjPKh                                             
00005061  _Z14StrToTimeStampPh                                              
0000406d  _Z14ether_tcp_sendPci                                             
00004feb  _Z14getDaysOfMonthcj                                              
00001bbd  _Z14tcp_disconnectv                                               
00007b9f  _Z14vDEBUGUARTInitv                                               
00008d59  _Z14write_defaultsj                                               
00009e4d  _Z15Data_Screen_lcdv                                              
0000477f  _Z15HTTP_valid_codePc                                             
00004f67  _Z15check_date_timePcS_                                           
00006559  _Z15ether_cs_activev                                              
00004209  _Z15ether_ping_sendv                                              
00001a91  _Z15generateMaskKeyPh                                             
00001a6f  _Z15getServerStatusv                                              
00001a65  _Z15get_upload_datav                                              
00001a51  _Z15get_webconn_stsv                                              
000019c9  _Z15match_cpsi_dataPc                                             
00001985  _Z15setServerStatus13gprs_status_t                                
0000197d  _Z15set_upload_data13upload_data_t                                
00001977  _Z15set_webconn_stsh                                              
00008f3d  _Z15update_ram_datav                                              
0000a723  _Z15vGPIOPortEnablev                                              
00006417  _Z15vPERIPH_E2PInitv                                              
00007caf  _Z15vUART_SendBytesjPKhj                                          
00001621  _Z15websckt_connectv                                              
00009da3  _Z16PrepareLcdBufferPhcc                                          
00009505  _Z16calculate_AC_ADCv                                             
00008383  _Z16decodeMsgPC_Uartv                                             
000042fd  _Z16ether_valid_codePc                                            
00004561  _Z16ethernet_handlerv                                             
00004f43  _Z16get_present_timeP12time_stamp_t                               
00007fc9  _Z16get_system_statev                                             
0000807d  _Z16set_system_state10sys_mode_t                                  
00004be5  _Z16update_date_timev                                             
00007c4d  _Z16vDISPLAYUARTInitv                                             
00003fb9  _Z16vETHERNETSPIInitv                                             
0000a6f5  _Z16vGPIO_UnlockGPIOjh                                            
0000a6dd  _Z16vPERIPH_GPIOInitv                                             
00007c9f  _Z16vPERIPH_UARTInitv                                             
00000ff5  _Z16websocket_packetPh                                            
00004b8d  _Z17check_expire_time12time_stamp_tS_                             
00006363  _Z17cloud_config_datav                                            
000062b3  _Z17e2p_read_cfg_timev                                            
00006249  _Z17e2p_read_locationv                                            
00006563  _Z17ether_cs_inactivev                                            
00003f49  _Z17ether_tcp_connectv                                            
0000a1bd  _Z17generateRandomKeyiPc                                          
000094d9  _Z17getBatteryVoltagev                                            
000094a9  _Z17getChargerVoltagev                                            
00001135  _Z17prepare_JSON_pcktv                                            
00008361  _Z17tx_pending_dataPCv                                            
00008d21  _Z17vPERIPH_ClockInitv                                            
0000032b  _Z18check_string_nobufPKc                                         
00004b3d  _Z18convertToEpochTimePK12time_stamp_t                            
000061e1  _Z18e2p_read_cloud_cfgv                                           
0000617d  _Z18e2p_write_cfg_timev                                           
00005f2b  _Z18e2p_write_locationv                                           
00003f29  _Z18ether_respos_recvdPc                                          
00006153  _Z18get_fixed_locationv                                           
00005f6d  _Z18set_fixed_locationPc                                          
0000a6b5  _Z18vInput_PollingReadv                                           
00000d09  _Z18websckt_disconnectv                                           
00004afb  _Z19check_dateTime_dataP12time_stamp_t                            
00005ed7  _Z19e2p_read_device_cfgv                                          
00005d59  _Z19e2p_write_cloud_cfgv                                          
00003f1f  _Z19flush_ether_rx_buffv                                          
00003ccb  _Z19flush_ether_tx_buffv                                          
00000c3b  _Z19get_gprs_connct_stsv                                          
00000c35  _Z19get_pending_requestv                                          
000009b5  _Z19gprs_connect_statusv                                          
00000907  _Z19set_gprs_connct_stsh                                          
00000901  _Z19set_pending_requesth                                          
0000a695  _Z19vInit_InputTestpinsv                                          
0000ae03  _Z19vPERIPH_SystickInitv                                          
00005ea9  _Z20e2p_write_device_cfgv                                         
00009479  _Z20getRouter1_DCvoltagev                                         
00009447  _Z20getRouter2_DCvoltagev                                         
0000941d  _Z21getRouter1_DC_currentv                                        
000093f5  _Z21getRouter2_DC_currentv                                        
00003f19  _Z21get_ethernet_NWstatusv                                        
00003f13  _Z21set_ethernet_NWstatush                                        
00003d93  _Z22check_ethernet_messagev                                       
00003cd7  _Z22ether_websocket_packetPh                                      
00003cbf  _Z22ethernet_pong_receivedPh                                      
0000c47d  _Z23__finalize_destructionsPP20a_needed_destructionPv             
00005e55  _Z23e2p_read_voltage_configv                                      
00003cb9  _Z23get_ethernet_connct_stsv                                      
00003cb3  _Z23set_ethernet_connct_stsh                                      
00007afb  _Z23vUART_CheckFrameTimeouti                                      
00005e17  _Z24e2p_write_voltage_configv                                     
00007fd1  _Z24preparePC_ResponsePacket5cmd_tPchii                           
0000c3f5  _Z25__add_destruction_to_listPP20a_needed_destructionPFYvPvES2_S2_
0000a195  _Z25count_doubleSquareBracketPcj                                  
00007a85  _Z25prepare_graphical_tx_buffjPch                                 
00008d27  _Z26vMAIN_InitClockPeripheralsv                                   
00006c85  _Z36enc28J60_mempool_block_move_callbackttt                       
00005e13  _Z7get_urlv                                                       
00004ab9  _Z7isDT_okv                                                       
00009309  _Z7readADCh                                                       
0000a127  _Z7reversePci                                                     
00005d89  _Z7set_urlPc                                                      
0000aaeb  _Z8Read_RTCPhh                                                    
0000a14d  _Z8intToStriPci                                                   
0000808d  _Z8response5cmd_ti                                                
0000c889  _Z8sleep_usi                                                      
000006c1  _Z8tcp_sendPci                                                    
0000aa79  _Z9Write_RTCPhh                                                   
00009d6d  _Z9clear_lcdv                                                     
0000adfd  _Z9my_millisv                                                     
0000a0ed  _Z9my_strstrPKcS0_i                                               
00000345  _Z9ping_sendv                                                     
0000933f  _Z9updateADC14ADC_Channels_th                                     
000092ab  _Z9vADC0Initv                                                     
0000b179  _ZN10MemoryPool10allocBlockEt                                     
0000b163  _ZN10MemoryPool11resizeBlockEht                                   
0000b14f  _ZN10MemoryPool11resizeBlockEhtt                                  
0000b131  _ZN10MemoryPool4initEv                                            
20000000  _ZN10MemoryPool6blocksE                                           
0000b123  _ZN10MemoryPool9blockSizeEh                                       
0000b0ed  _ZN10MemoryPool9freeBlockEh                                       
0000cc11  _ZN10__cxxabiv117__class_type_infoD0Ev                            
0000cd71  _ZN10__cxxabiv117__class_type_infoD1Ev                            
0000cd71  _ZN10__cxxabiv117__class_type_infoD2Ev                            
0000cc1f  _ZN10__cxxabiv120__si_class_type_infoD0Ev                         
0000cd75  _ZN10__cxxabiv120__si_class_type_infoD1Ev                         
0000cd75  _ZN10__cxxabiv120__si_class_type_infoD2Ev                         
0000cc2d  _ZN10__cxxabiv121__vmi_class_type_infoD0Ev                        
0000cd79  _ZN10__cxxabiv121__vmi_class_type_infoD1Ev                        
0000cd79  _ZN10__cxxabiv121__vmi_class_type_infoD2Ev                        
00006cf7  _ZN15Enc28J60Network10copyPacketEhthtt                            
00006a65  _ZN15Enc28J60Network10freePacketEv                                
00006c77  _ZN15Enc28J60Network10linkStatusEv                                
00006c2d  _ZN15Enc28J60Network10readBufferEtPh                              
00006c61  _ZN15Enc28J60Network10readPacketEhtPht                            
2000153c  _ZN15Enc28J60Network10receivePktE                                 
00006b8b  _ZN15Enc28J60Network10sendPacketEh                                
00006a65  _ZN15Enc28J60Network10setERXRDPTEv                                
000067d9  _ZN15Enc28J60Network10setReadPtrEhtt                              
000069e3  _ZN15Enc28J60Network11readRegByteEh                               
00006b21  _ZN15Enc28J60Network11writeBufferEtPh                             
00006b59  _ZN15Enc28J60Network11writePacketEhtPht                           
000069cd  _ZN15Enc28J60Network12writeRegByteEhh                             
000065c1  _ZN15Enc28J60Network12writeRegPairEht                             
2000142e  _ZN15Enc28J60Network13nextPacketPtrE                              
00006a7b  _ZN15Enc28J60Network13receivePacketEv                             
00006a45  _ZN15Enc28J60Network15enableBroadcastEb                           
00006a31  _ZN15Enc28J60Network15enableMulticastEv                           
00006a09  _ZN15Enc28J60Network16disableBroadcastEb                          
000069f5  _ZN15Enc28J60Network16disableMulticastEv                          
20001e1f  _ZN15Enc28J60Network17broadcast_enabledE                          
20001e1d  _ZN15Enc28J60Network4bankE                                        
000068c5  _ZN15Enc28J60Network4initEPh                                      
0000681d  _ZN15Enc28J60Network6chksumEthtt                                  
000067cf  _ZN15Enc28J60Network6clkoutEh                                     
20001e1e  _ZN15Enc28J60Network6erevidE                                      
00006649  _ZN15Enc28J60Network6readOpEhh                                    
000067b3  _ZN15Enc28J60Network7initSPIEv                                    
00006697  _ZN15Enc28J60Network7phyReadEh                                    
0000678f  _ZN15Enc28J60Network7powerOnEv                                    
00006685  _ZN15Enc28J60Network7readRegEh                                    
00006597  _ZN15Enc28J60Network7setBankEh                                    
0000656d  _ZN15Enc28J60Network7writeOpEhhh                                  
00006763  _ZN15Enc28J60Network8phyWriteEht                                  
00006735  _ZN15Enc28J60Network8powerOffEv                                   
0000670b  _ZN15Enc28J60Network8readByteEt                                   
00006633  _ZN15Enc28J60Network8writeRegEhh                                  
000066e1  _ZN15Enc28J60Network9PhyStatusEv                                  
00006611  _ZN15Enc28J60Network9blockSizeEh                                  
0000660b  _ZN15Enc28J60Network9geterevidEv                                  
000065e3  _ZN15Enc28J60Network9writeByteEth                                 
00007a2d  _ZN16UIPEthernetClass10linkStatusEv                               
000079fb  _ZN16UIPEthernetClass10subnetMaskEv                               
20001e2a  _ZN16UIPEthernetClass10uip_hdrlenE                                
20001e29  _ZN16UIPEthernetClass10uip_packetE                                
000079eb  _ZN16UIPEthernetClass11dnsServerIPEv                              
20001e2b  _ZN16UIPEthernetClass11packetstateE                               
0000798d  _ZN16UIPEthernetClass12dhcp_handlerEv                             
000075ef  _ZN16UIPEthernetClass12network_sendEv                             
0000796d  _ZN16UIPEthernetClass14hardwareStatusEv                           
20001558  _ZN16UIPEthernetClass14periodic_timerE                            
200014fc  _ZN16UIPEthernetClass17_dnsServerAddressE                         
0000749d  _ZN16UIPEthernetClass18upper_layer_chksumEh                       
00007967  _ZN16UIPEthernetClass4initEh                                      
0000764b  _ZN16UIPEthernetClass4tickEv                                      
20001e2c  _ZN16UIPEthernetClass5_dhcpE                                      
00007953  _ZN16UIPEthernetClass5beginEPKh                                   
00007929  _ZN16UIPEthernetClass5beginEPKh9IPAddress                         
000078f1  _ZN16UIPEthernetClass5beginEPKh9IPAddressS2_                      
00007895  _ZN16UIPEthernetClass5beginEPKh9IPAddressS2_S2_                   
0000784d  _ZN16UIPEthernetClass5beginEPKh9IPAddressS2_S2_S2_                
00007461  _ZN16UIPEthernetClass6chksumEtPKht                                
0000780d  _ZN16UIPEthernetClass7localIPEv                                   
000077d1  _ZN16UIPEthernetClass7netInitEPKh                                 
00007511  _ZN16UIPEthernetClass8ipchksumEv                                  
00007771  _ZN16UIPEthernetClass8maintainEv                                  
00007589  _ZN16UIPEthernetClass9configureE9IPAddressS0_S0_S0_               
00007561  _ZN16UIPEthernetClass9gatewayIPEv                                 
20001e28  _ZN16UIPEthernetClass9in_packetE                                  
0000755f  _ZN16UIPEthernetClassC1Ev                                         
0000755f  _ZN16UIPEthernetClassC2Ev                                         
00009b11  _ZN5Print10printFloatEdh                                          
000099c9  _ZN5Print11printNumberEmh                                         
00009d09  _ZN5Print5printEPK19__FlashStringHelper                           
00009aef  _ZN5Print5printEPKc                                               
00009ccd  _ZN5Print5printERK6String                                         
00009ca9  _ZN5Print5printERK9Printable                                      
00009a43  _ZN5Print5printEc                                                 
00009c6b  _ZN5Print5printEdi                                                
00009ad7  _ZN5Print5printEhi                                                
00009abf  _ZN5Print5printEii                                                
00009aa7  _ZN5Print5printEji                                                
00009a4d  _ZN5Print5printEli                                                
00009a19  _ZN5Print5printEmi                                                
0000998d  _ZN5Print5writeEPKhj                                              
00009d1d  _ZN5Print7printlnEPK19__FlashStringHelper                         
00009cf5  _ZN5Print7printlnEPKc                                             
00009cdb  _ZN5Print7printlnERK6String                                       
00009cb9  _ZN5Print7printlnERK9Printable                                    
00009c95  _ZN5Print7printlnEc                                               
00009c79  _ZN5Print7printlnEdi                                              
00009adb  _ZN5Print7printlnEhi                                              
00009ac3  _ZN5Print7printlnEii                                              
00009aab  _ZN5Print7printlnEji                                              
00009a93  _ZN5Print7printlnEli                                              
00009a2f  _ZN5Print7printlnEmi                                              
000099b9  _ZN5Print7printlnEv                                               
0000cd31  _ZN6ClientD0Ev                                                    
0000adfb  _ZN6ClientD1Ev                                                    
0000cd37  _ZN6ServerD0Ev                                                    
0000b383  _ZN6ServerD1Ev                                                    
00008a15  _ZN6UIPUDP10remotePortEv                                          
00008b39  _ZN6UIPUDP11beginPacketE9IPAddresst                               
00008c6d  _ZN6UIPUDP11beginPacketEPKct                                      
00008ab9  _ZN6UIPUDP11parsePacketEv                                         
00008a43  _ZN6UIPUDP4peekEv                                                 
0000ccc5  _ZN6UIPUDP4readEPcj                                               
00008a6f  _ZN6UIPUDP4readEPhj                                               
00008ccf  _ZN6UIPUDP4readEv                                                 
00008bdd  _ZN6UIPUDP4stopEv                                                 
00008963  _ZN6UIPUDP5_sendEP18uip_udp_userdata_t                            
00008c29  _ZN6UIPUDP5beginEt                                                
00008a29  _ZN6UIPUDP5flushEv                                                
00008add  _ZN6UIPUDP5writeEPKhj                                             
00008cf1  _ZN6UIPUDP5writeEh                                                
000089ef  _ZN6UIPUDP8remoteIPEv                                             
000089d9  _ZN6UIPUDP9availableEv                                            
00008995  _ZN6UIPUDP9endPacketEv                                            
00008b03  _ZN6UIPUDPC1Ev                                                    
00008b03  _ZN6UIPUDPC2Ev                                                    
00008739  _ZN9DNSClient12BuildRequestEPKc                                   
00008821  _ZN9DNSClient13getHostByNameEPKcR9IPAddress                       
000084eb  _ZN9DNSClient15ProcessResponseEtR9IPAddress                       
000084e1  _ZN9DNSClient5beginERK9IPAddress                                  
0000847f  _ZN9DNSClient9inet_atonEPKcR9IPAddress                            
00005c71  _ZN9DhcpClass10checkLeaseEv                                       
00005c63  _ZN9DhcpClass10getLocalIpEv                                       
00005c5d  _ZN9DhcpClass12getGatewayIpEv                                     
0000553b  _ZN9DhcpClass12presend_DHCPEv                                     
00005bf7  _ZN9DhcpClass13beginWithDHCPEPh                                   
00005bf1  _ZN9DhcpClass13getSubnetMaskEv                                    
00005beb  _ZN9DhcpClass14getDnsServerIpEv                                   
00005be5  _ZN9DhcpClass15getDhcpServerIpEv                                  
00005bdb  _ZN9DhcpClass16reset_DHCP_leaseEv                                 
0000553d  _ZN9DhcpClass17parseDHCPResponseERj                               
00005829  _ZN9DhcpClass17send_DHCP_MESSAGEEht                               
00005a4d  _ZN9DhcpClass18request_DHCP_leaseEv                               
00005517  _ZN9DhcpClass9printByteEPch                                       
0000b445  _ZN9IPAddress10fromStringEPKc                                     
0000b435  _ZN9IPAddressC1EPKh                                               
0000b385  _ZN9IPAddressC1Ehhhh                                              
0000b429  _ZN9IPAddressC1Ej                                                 
0000b41b  _ZN9IPAddressC1Ev                                                 
0000b435  _ZN9IPAddressC2EPKh                                               
0000b385  _ZN9IPAddressC2Ehhhh                                              
0000b429  _ZN9IPAddressC2Ej                                                 
0000b41b  _ZN9IPAddressC2Ev                                                 
0000cd3d  _ZN9IPAddressD0Ev                                                 
0000b993  _ZN9IPAddressD1Ev                                                 
0000b413  _ZN9IPAddressaSEPKh                                               
0000b40f  _ZN9IPAddressaSEj                                                 
0000cd43  _ZN9PrintableD0Ev                                                 
0000be6f  _ZN9PrintableD1Ev                                                 
00006fa1  _ZN9UIPClient10_availableEP14uip_userdata_t                       
00007405  _ZN9UIPClient10remotePortEv                                       
00006d9b  _ZN9UIPClient12_flushBlocksEPh                                    
00006d49  _ZN9UIPClient13_allocateDataEv                                    
00006fed  _ZN9UIPClient13_currentBlockEPh                                   
000070cb  _ZN9UIPClient17availableForWriteEv                                
00007329  _ZN9UIPClient4peekEv                                              
00007279  _ZN9UIPClient4readEPhj                                            
0000724d  _ZN9UIPClient4readEv                                              
00006fbb  _ZN9UIPClient4stopEv                                              
0000735b  _ZN9UIPClient5flushEv                                             
0000709f  _ZN9UIPClient5writeEPKhj                                          
000070ab  _ZN9UIPClient5writeEh                                             
00007015  _ZN9UIPClient6_writeEP14uip_userdata_tPKhj                        
0000711d  _ZN9UIPClient7connectE9IPAddresst                                 
000071ed  _ZN9UIPClient7connectEPKct                                        
2000119c  _ZN9UIPClient8all_dataE                                           
000073d7  _ZN9UIPClient8remoteIPEv                                          
00006d7d  _ZN9UIPClient9_eatBlockEPh                                        
0000737b  _ZN9UIPClient9availableEv                                         
00006f87  _ZN9UIPClient9connectedEv                                         
000073b9  _ZN9UIPClientC1EP14uip_userdata_t                                 
0000739d  _ZN9UIPClientC1Ev                                                 
000073b9  _ZN9UIPClientC2EP14uip_userdata_t                                 
0000739d  _ZN9UIPClientC2Ev                                                 
0000cd49  _ZN9UIPClientD0Ev                                                 
0000bf4f  _ZN9UIPClientD1Ev                                                 
00006f65  _ZN9UIPClientcvbEv                                                
000070fd  _ZN9UIPClienteqERKS_                                              
0000cb4f  _ZN9UIPClientneERKS_                                              
0000aa13  _ZN9UIPServer3endEv                                               
0000a9e7  _ZN9UIPServer5beginEt                                             
0000a8b7  _ZN9UIPServer5beginEv                                             
0000a9a1  _ZN9UIPServer5writeEPKhj                                          
0000a9ff  _ZN9UIPServer5writeEh                                             
0000a94d  _ZN9UIPServer6acceptEv                                            
0000a901  _ZN9UIPServer9availableEv                                         
0000a8d5  _ZN9UIPServerC1Et                                                 
0000a8d5  _ZN9UIPServerC2Et                                                 
0000cd4f  _ZN9UIPServerD0Ev                                                 
0000c197  _ZN9UIPServerD1Ev                                                 
0000a8d1  _ZN9UIPServercvbEv                                                
0000b3cf  _ZNK9IPAddress7printToER5Print                                    
0000b3b7  _ZNK9IPAddresseqEPKh                                              
0000c237  _ZNSt9type_infoD1Ev                                               
0000c237  _ZNSt9type_infoD2Ev                                               
0000cd91  _ZSt17__throw_bad_allocv                                          
0000d444  _ZTI3UDP                                                          
0000d44c  _ZTI5Print                                                        
0000d454  _ZTI6Client                                                       
0000d45c  _ZTI6Server                                                       
0000d2a4  _ZTI6UIPUDP                                                       
0000d3d8  _ZTI9IPAddress                                                    
0000d464  _ZTI9Printable                                                    
0000d2c4  _ZTI9UIPClient                                                    
0000d2e4  _ZTI9UIPServer                                                    
0000d3e4  _ZTIN10__cxxabiv117__class_type_infoE                             
0000d3f0  _ZTIN10__cxxabiv120__si_class_type_infoE                          
0000d3fc  _ZTIN10__cxxabiv121__vmi_class_type_infoE                         
0000d46c  _ZTISt9type_info                                                  
0000d4ab  _ZTS3UDP                                                          
0000d48c  _ZTS5Print                                                        
0000d474  _ZTS6Client                                                       
0000d47c  _ZTS6Server                                                       
0000d484  _ZTS6UIPUDP                                                       
0000d408  _ZTS9IPAddress                                                    
0000d413  _ZTS9Printable                                                    
[...]
0000c4bf  __aeabi_ldiv0                                                     
0000c4c1  EEPROMInit                                                        
0000c501  __aeabi_uidiv                                                     
0000c501  __aeabi_uidivmod                                                  
0000c541  SSIConfigSetExpClk                                                
0000c5b9  EEPROMRead                                                        
0000c5f1  SysCtlPeripheralReady                                             
0000c629  __TI_writemsg                                                     
0000c657  C$$IO$$                                                           
0000c661  SysCtlPeripheralDisable                                           
0000c695  SysCtlPeripheralEnable                                            
0000c6fd  __TI_readmsg                                                      
0000c731  __aeabi_atexit                                                    
0000c765  _c_int00_noargs                                                   
0000c799  rand                                                              
0000c7cd  strstr                                                            
0000c801  ADCIntStatus                                                      
0000c82f  __aeabi_i2d                                                       
0000c85d  GPIODirModeSet                                                    
0000c889  _Z8sleep_usi                                                      
0000c8b5  strncmp                                                           
0000c909  memcmp                                                            
0000c92d  srand                                                             
0000c951  UARTDisable                                                       
0000c971  __aeabi_ui2d                                                      
0000c991  ADCSequenceDataGet                                                
0000c9af  _Z13SPI_transrecvjh                                               
0000c9e9  millis_start                                                      
0000c9f1  millis                                                            
0000c9f7  SysTick_Handler                                                   
0000ca05  GPIOPinTypeGPIOOutput                                             
0000ca1f  ADCProcessorTrigger                                               
0000ca37  __aeabi_lmul                                                      
0000ca4f  strcmp                                                            
0000ca67  GPIOPinTypeADC                                                    
0000ca7d  GPIOPinTypeGPIOInput                                              
0000ca93  GPIOPinTypeI2C                                                    
0000caa9  GPIOPinTypeI2CSCL                                                 
0000cabf  GPIOPinTypeSSI                                                    
0000cad5  GPIOPinTypeUART                                                   
0000caed  SysTickEnable                                                     
0000cb01  SysTickIntEnable                                                  
0000cb15  UARTEnable                                                        
0000cb29  strlen                                                            
0000cb3d  SSIDataGetNonBlocking                                             
0000cb4f  _ZN9UIPClientneERKS_                                              
0000cb61  IntMasterEnable                                                   
0000cb71  SysTickPeriodSet                                                  
0000cb91  __time64                                                          
0000cba1  ADCSequenceEnable                                                 
0000cbaf  GPIOIntStatus                                                     
0000cbbd  I2CRxFIFOFlush                                                    
0000cbcb  I2CTxFIFOFlush                                                    
0000cbd9  SSIDataPutNonBlocking                                             
0000cbe7  UARTCharGetNonBlocking                                            
0000cbf5  UARTCharPutNonBlocking                                            
0000cc03  UARTCharsAvail                                                    
0000cc11  _ZN10__cxxabiv117__class_type_infoD0Ev                            
0000cc1f  _ZN10__cxxabiv120__si_class_type_infoD0Ev                         
0000cc2d  _ZN10__cxxabiv121__vmi_class_type_infoD0Ev                        
0000cc3b  __TI_decompress_none                                              
0000cc49  CPUcpsie                                                          
0000cc55  GPIOIntEnable                                                     
0000cc61  _ZThn8_N6UIPUDP4readEPcj                                          
0000cc6d  __cxa_finalize                                                    
0000cc79  __cxa_guard_acquire                                               
0000cc85  __TI_zero_init                                                    
0000cc91  ResetISR                                                          
0000cc9d  ADCIntClear                                                       
0000cca7  I2CMasterEnable                                                   
0000ccb1  SSIEnable                                                         
0000ccbb  UARTIntStatus                                                     
0000ccc5  _ZN6UIPUDP4readEPcj                                               
0000cccf  __cxa_guard_release                                               
0000ccd9  I2CMasterBusy                                                     
0000cce1  I2CMasterSlaveAddrSet                                             
0000cce9  UARTBusy                                                          
0000ccf1  UARTIntEnable                                                     
0000ccf9  _ZThn8_N9UIPClientD0Ev                                            
0000cd01  _ZThn8_N9UIPServerD0Ev                                            
0000cd09  _ZdlPv                                                            
0000cd11  malloc                                                            
0000cd19  GPIOIntClear                                                      
0000cd1f  GPIOPinRead                                                       
0000cd25  GPIOPinWrite                                                      
0000cd2b  SysCtlDelay                                                       
0000cd31  _ZN6ClientD0Ev                                                    
0000cd37  _ZN6ServerD0Ev                                                    
0000cd3d  _ZN9IPAddressD0Ev                                                 
0000cd43  _ZN9PrintableD0Ev                                                 
0000cd49  _ZN9UIPClientD0Ev                                                 
0000cd4f  _ZN9UIPServerD0Ev                                                 
0000cd55  __cxa_ia64_exit                                                   
0000cd5b  __cxa_pure_virtual                                                
0000cd61  I2CMasterControl                                                  
0000cd65  I2CMasterDataGet                                                  
0000cd69  I2CMasterDataPut                                                  
0000cd6d  UARTIntClear                                                      
0000cd71  _ZN10__cxxabiv117__class_type_infoD1Ev                            
0000cd71  _ZN10__cxxabiv117__class_type_infoD2Ev                            
0000cd75  _ZN10__cxxabiv120__si_class_type_infoD1Ev                         
0000cd75  _ZN10__cxxabiv120__si_class_type_infoD2Ev                         
0000cd79  _ZN10__cxxabiv121__vmi_class_type_infoD1Ev                        
0000cd79  _ZN10__cxxabiv121__vmi_class_type_infoD2Ev                        
0000cd7d  _ZThn8_N9UIPClientD1Ev                                            
0000cd81  _ZThn8_N9UIPServerD1Ev                                            
0000cd85  _ZdlPvj                                                           
0000cd89  __abort_execution                                                 
0000cd8d  _system_pre_init                                                  
0000cd91  C$$EXIT                                                           
0000cd91  _ZSt17__throw_bad_allocv                                          
0000cd91  abort                                                             
0000cd94  _ctypes_                                                          
0000ce98  _ZTV6UIPUDP                                                       
0000cfb8  _ZTV9UIPClient                                                    
0000d110  _ZTV3UDP                                                          
0000d19c  _ZTV6Client                                                       
0000d1dc  _ZTV9UIPServer                                                    
0000d210  _ZTSN10__cxxabiv121__vmi_class_type_infoE                         
0000d236  _ZTSN10__cxxabiv120__si_class_type_infoE                          
0000d280  _ZTSN10__cxxabiv117__class_type_infoE                             
0000d2a4  _ZTI6UIPUDP                                                       
0000d2c4  _ZTI9UIPClient                                                    
0000d2e4  _ZTI9UIPServer                                                    
0000d338  _ZTV6Server                                                       
0000d34c  _ZTV9IPAddress                                                    
0000d360  _ZTV9Printable                                                    
0000d388  _ZTV5Print                                                        
0000d398  _ZTVN10__cxxabiv117__class_type_infoE                             
0000d3a8  _ZTVN10__cxxabiv120__si_class_type_infoE                          
0000d3b8  _ZTVN10__cxxabiv121__vmi_class_type_infoE                         
0000d3c8  _ZTSSt9type_info                                                  
0000d3d8  _ZTI9IPAddress                                                    
0000d3e4  _ZTIN10__cxxabiv117__class_type_infoE                             
0000d3f0  _ZTIN10__cxxabiv120__si_class_type_infoE                          
0000d3fc  _ZTIN10__cxxabiv121__vmi_class_type_infoE                         
0000d408  _ZTS9IPAddress                                                    
0000d413  _ZTS9Printable                                                    
0000d41e  _ZTS9UIPClient                                                    
0000d429  _ZTS9UIPServer                                                    
0000d444  _ZTI3UDP                                                          
0000d44c  _ZTI5Print                                                        
0000d454  _ZTI6Client                                                       
0000d45c  _ZTI6Server                                                       
0000d464  _ZTI9Printable                                                    
0000d46c  _ZTISt9type_info                                                  
0000d474  _ZTS6Client                                                       
0000d47c  _ZTS6Server                                                       
0000d484  _ZTS6UIPUDP                                                       
0000d48c  _ZTS5Print                                                        
0000d4ab  _ZTS3UDP                                                          
0000d4bc  SHT$$INIT_ARRAY$$Base                                             
0000d4e0  SHT$$INIT_ARRAY$$Limit                                            
0000d520  __TI_Handler_Table_Base                                           
0000d52c  __TI_Handler_Table_Limit                                          
0000d538  __TI_CINIT_Base                                                   
0000d548  __TI_CINIT_Limit                                                  
20000000  _ZN10MemoryPool6blocksE                                           
20000000  __start___llvm_prf_cnts                                           
20000000  __stop___llvm_prf_cnts                                            
20000230  ethernet_tx_buff                                                  
2000042c  gprs_tx_buff                                                      
20000628  JSON_Tx_Buff                                                      
2000081c  dummy_json_string                                                 
200009a4  adc                                                               
20000b20  display_tx                                                        
20000c50  __CIOBUF_                                                         
20000d70  cloud_config                                                      
20000e46  EXTI_cnt                                                          
20000e48  display_uart_rx                                                   
20000ee8  pc_uart_rx                                                        
20000f88  ethernet_rx_buff                                                  
20001014  gprs_rx_buff                                                      
2000109c  e2p_cloud_config                                                  
2000111c  uip_conns                                                         
2000119c  _ZN9UIPClient8all_dataE                                           
2000120c  uip_buf                                                           
2000132c  pc_uart_tx                                                        
2000137c  uip_udp_conns                                                     
200013bc  ram_data                                                          
200013f2  time_main                                                         
20001411  measurements                                                      
2000142d  UIPEthernet                                                       
2000142e  _ZN15Enc28J60Network13nextPacketPtrE                              
20001430  gprs                                                              
20001448  Eclient                                                           
20001458  client                                                            
20001468  e2p_device_info                                                   
20001478  e2p_location_info                                                 
20001488  scheduler                                                         
20001496  Alarms                                                            
200014a2  gprs_rx_isr_handler                                               
200014fc  _ZN16UIPEthernetClass17_dnsServerAddressE                         
2000150c  e2p_config_time                                                   
20001514  e2p_router_config                                                 
2000151c  gps_data                                                          
20001524  parmbuf                                                           
2000152c  uip_listenports                                                   
20001534  gprs_date_time                                                    
2000153b  System_mode                                                       
2000153c  _ZN15Enc28J60Network10receivePktE                                 
20001542  time_stamp                                                        
20001548  _ZZN9UIPClient7connectE9IPAddresstE4conn                          
20001558  _ZN16UIPEthernetClass14periodic_timerE                            
2000155c  __dso_handle                                                      
20001560  _millis                                                           
20001564  startTime                                                         
20001568  u32DelayCounter                                                   
2000156c  uip_acc32                                                         
20001570  uip_appdata                                                       
20001574  uip_conn                                                          
20001578  uip_draddr                                                        
2000157c  uip_hostaddr                                                      
20001580  uip_netmask                                                       
20001584  uip_sappdata                                                      
20001588  uip_udp_conn                                                      
2000158c  uip_len                                                           
2000158e  uip_slen                                                          
20001590  ether_connect_sts                                                 
20001591  ether_network_sts                                                 
20001592  router_mode                                                       
20001593  uip_flags                                                         
20001598  __stack                                                           
20001798  __STACK_TOP                                                       
20001d98  __STACK_END                                                       
20001dde  _ZZN9UIPClient7connectE9IPAddresstE7timeout                       
20001de0  _tz                                                               
20001df0  ethernet_state                                                    
20001dfd  _ZZN9UIPClient7connectE9IPAddresstE10first_call                   
20001e00  __TI_cleanup_ptr                                                  
20001e04  __TI_dtors_ptr                                                    
20001e08  __TI_enable_exit_profile_output                                   
20001e0c  _lock                                                             
20001e10  _unlock                                                           
20001e1c  ENC28J60ControlCS                                                 
20001e1d  _ZN15Enc28J60Network4bankE                                        
20001e1e  _ZN15Enc28J60Network6erevidE                                      
20001e1f  _ZN15Enc28J60Network17broadcast_enabledE                          
20001e20  ADC_RAW_MAX                                                       
20001e28  _ZN16UIPEthernetClass9in_packetE                                  
20001e29  _ZN16UIPEthernetClass10uip_packetE                                
20001e2a  _ZN16UIPEthernetClass10uip_hdrlenE                                
20001e2b  _ZN16UIPEthernetClass11packetstateE                               
20001e2c  _ZN16UIPEthernetClass5_dhcpE                                      
20001e38  uip_ethaddr                                                       
20001e40  millis_cnt                                                        
20001e48  upload_time                                                       
20001e58  _sys_memory                                                       
ffffffff  __TI_pprof_out_hndl                                               
ffffffff  __TI_prof_data_size                                               
ffffffff  __TI_prof_data_start                                              
ffffffff  __binit__                                                         
ffffffff  __c_args__                                                        
ffffffff  binit                                                             
UNDEFED   __mpu_init                                                        
UNDEFED   _system_post_cinit                                                

[719 symbols]
