******************************************************************************
                  TI ARM Linker PC v20.2.6                     
******************************************************************************
>> Linked Sun Jul  7 11:28:28 2024

OUTPUT FILE NAME:   <Telecom_IoT_v2_00.out>
ENTRY POINT SYMBOL: "_c_int00_noargs"  address: 00012191


MEMORY CONFIGURATION

         name            origin    length      used     unused   attr    fill
----------------------  --------  ---------  --------  --------  ----  --------
  FLASH                 00000000   00020000  000137de  0000c822  R  X
  SRAM                  20000000   00008000  00004351  00003caf  RW X


SEGMENT ALLOCATION MAP

run origin  load origin   length   init length attrs members
----------  ----------- ---------- ----------- ----- -------
00000000    00000000    000137e0   000137e0    r-x
  00000000    00000000    0000026c   0000026c    r-- .intvecs
  0000026c    0000026c    000129d6   000129d6    r-x .text
  00012c44    00012c44    00000ae0   00000ae0    r-- .const
  00013724    00013724    00000024   00000024    r-- .init_array
  00013748    00013748    00000098   00000098    r-- .cinit
20000000    20000000    00004358   00000000    rw-
  20000000    20000000    0000026c   00000000    rw- .vtable
  2000026c    2000026c    00002801   00000000    rw- .bss
  20002a70    20002a70    00001800   00000000    rw- .stack
  20004270    20004270    000000d4   00000000    rw- .data
  20004348    20004348    00000010   00000000    rw- .sysmem


SECTION ALLOCATION MAP

 output                                  attributes/
section   page    origin      length       input sections
--------  ----  ----------  ----------   ----------------
.intvecs   0    00000000    0000026c     
                  00000000    0000026c     tm4c1233e6pz_startup_ccs.obj (.intvecs)

.text      0    0000026c    000129d6     
                  0000026c    00001564     uip.obj (.text)
                  000017d0    00001150     Clock.obj (.text)
                  00002920    00001094     GLCD.obj (.text)
                  000039b4    00001018     gps.obj (.text)
                  000049cc    00000c90     Telecom_Ethernet.obj (.text)
                  0000565c    00000bf0     IO_cntrl.obj (.text)
                  0000624c    00000bac     UIPClient.obj (.text)
                  00006df8    00000b94     Enc28J60Network.obj (.text)
                  0000798c    00000b28     Telecom_server_query.obj (.text)
                  000084b4    00000b04     Dhcp.obj (.text)
                  00008fb8    00000ab8     UIPEthernet.obj (.text)
                  00009a70    00000a60     main.obj (.text)
                  0000a4d0    00000a50     ADC_Core.obj (.text)
                  0000af20    000009e8     PC_Cmds.obj (.text)
                  0000b908    000009e0     E2P.obj (.text)
                  0000c2e8    000009cc     flashCore.obj (.text)
                  0000ccb4    00000794     UIPUdp.obj (.text)
                  0000d448    00000730     flash_logger.obj (.text)
                  0000db78    000005e4     uip_arp.obj (.text)
                  0000e15c    000005bc     UartCore.obj (.text)
                  0000e718    000005b8     Print.obj (.text)
                  0000ecd0    000005b0     Dns.obj (.text)
                  0000f280    00000510     _common.obj (.text)
                  0000f790    000002f0     mempool.obj (.text)
                  0000fa80    000002b8     rtsv7M4_T_le_v4SPD16_eabi.lib : mktime64.c.obj (.text:__mktime64)
                  0000fd38    00000284     UIPServer.obj (.text)
                  0000ffbc    00000210     DS3231.obj (.text)
                  000101cc    000001f0     gprs.obj (.text)
                  000103bc    000001e4     SysTick_Timer.obj (.text)
                  000105a0    000001b6     rtsv7M4_T_le_v4SPD16_eabi.lib : fd_add_t2.asm.obj (.text)
                  00010756    00000192     itoa.obj (.text)
                  000108e8    0000016c     driverlib.lib : gpio.obj (.text:GPIOPadConfigSet)
                  00010a54    0000016c     IPAddress.obj (.text)
                  00010bc0    00000136     rtsv7M4_T_le_v4SPD16_eabi.lib : fd_div_t2.asm.obj (.text)
                  00010cf6    00000002                                   : stdlib_typeinfo.cpp.obj (.text:_ZNSt9type_infoD1Ev)
                  00010cf8    00000118     driverlib.lib : sysctl.obj (.text:SysCtlClockGet)
                  00010e10    00000100     rtsv7M4_T_le_v4SPD16_eabi.lib : memory.c.obj (.text:aligned_alloc)
                  00010f10    000000fc                                   : fd_mul_t2.asm.obj (.text)
                  0001100c    000000f4     driverlib.lib : sysctl.obj (.text:SysCtlClockSet)
                  00011100    000000e4     rtsv7M4_T_le_v4SPD16_eabi.lib : memory.c.obj (.text:free)
                  000111e4    000000d8     WDT.obj (.text)
                  000112bc    000000c4     driverlib.lib : eeprom.obj (.text:EEPROMProgram)
                  00011380    0000009c     rtsv7M4_T_le_v4SPD16_eabi.lib : memcpy_t2.asm.obj (.text)
                  0001141c    00000096                                   : ull_div_t2.asm.obj (.text)
                  000114b2    00000086                                   : fd_cmp_t2.asm.obj (.text:__aeabi_cdcmple)
                  00011538    00000086                                   : fd_cmp_t2.asm.obj (.text:__aeabi_cdrcmple)
                  000115be    0000007a     driverlib.lib : adc.obj (.text:ADCSequenceStepConfigure)
                  00011638    0000007a     rtsv7M4_T_le_v4SPD16_eabi.lib : memset_t2.asm.obj (.text)
                  000116b2    00000002                                   : _lock.c.obj (.text:_nop)
                  000116b4    00000070                                   : memory.c.obj (.text:split)
                  00011724    0000006e                                   : ll_div_t2.asm.obj (.text)
                  00011792    00000002                                   : div0.asm.obj (.text)
                  00011794    00000068     driverlib.lib : interrupt.obj (.text:IntEnable)
                  000117fc    00000068     rtsv7M4_T_le_v4SPD16_eabi.lib : copy_decompress_lzss.c.obj (.text:decompress:lzss:__TI_decompress_lzss)
                  00011864    00000068     delay.obj (.text)
                  000118cc    00000060     rtsv7M4_T_le_v4SPD16_eabi.lib : hosttime.c.obj (.text:HOSTtime64)
                  0001192c    00000060     driverlib.lib : timer.obj (.text:TimerConfigure)
                  0001198c    00000060     rtsv7M4_T_le_v4SPD16_eabi.lib : autoinit.c.obj (.text:__TI_auto_init_nobinit:__TI_auto_init_nobinit)
                  000119ec    0000005c     Print.obj (.text:__isnan)
                  00011a48    00000058     driverlib.lib : gpio.obj (.text:GPIOIntTypeSet)
                  00011aa0    00000058     tiot_timer.obj (.text)
                  00011af8    00000054     Print.obj (.text:__isinf)
                  00011b4c    00000050     driverlib.lib : sysctl.obj (.text:SysCtlPeripheralReset)
                  00011b9c    0000004e                   : adc.obj (.text:ADCSequenceConfigure)
                  00011bea    00000002     --HOLE-- [fill = 0]
                  00011bec    0000004c                   : gpio.obj (.text:GPIOPinConfigure)
                  00011c38    0000004c                   : i2c.obj (.text:I2CMasterInitExpClk)
                  00011c84    0000004c     rtsv7M4_T_le_v4SPD16_eabi.lib : atoi.c.obj (.text:atoi)
                  00011cd0    00000048                                   : exit.c.obj (.text:exit)
                  00011d18    00000048                                   : fd_toi_t2.asm.obj (.text)
                  00011d60    00000046     driverlib.lib : uart.obj (.text:UARTConfigSetExpClk)
                  00011da6    00000002     --HOLE-- [fill = 0]
                  00011da8    00000044                   : gpio.obj (.text:_GPIOIntNumberGet)
                  00011dec    00000044     rtsv7M4_T_le_v4SPD16_eabi.lib : dtor_list.c.obj (.text:_Z25__add_destruction_to_listPP20a_needed_destructionPFYvPvES2_S2_)
                  00011e30    00000044                                   : fd_tou_t2.asm.obj (.text)
                  00011e74    00000042                                   : dtor_list.c.obj (.text:_Z23__finalize_destructionsPP20a_needed_destructionPv)
                  00011eb6    00000002     --HOLE-- [fill = 0]
                  00011eb8    00000040     driverlib.lib : eeprom.obj (.text:EEPROMInit)
                  00011ef8    00000040     rtsv7M4_T_le_v4SPD16_eabi.lib : u_divt2.asm.obj (.text)
                  00011f38    0000003c     driverlib.lib : ssi.obj (.text:SSIConfigSetExpClk)
                  00011f74    0000003c                   : eeprom.obj (.text:_EEPROMSectorMaskSet)
                  00011fb0    00000038                   : eeprom.obj (.text:EEPROMRead)
                  00011fe8    00000038                   : sysctl.obj (.text:SysCtlPeripheralReady)
                  00012020    00000038     rtsv7M4_T_le_v4SPD16_eabi.lib : trgmsg.c.obj (.text:__TI_writemsg)
                  00012058    00000034     driverlib.lib : interrupt.obj (.text:IntRegister)
                  0001208c    00000034                   : sysctl.obj (.text:SysCtlPeripheralDisable)
                  000120c0    00000034                   : sysctl.obj (.text:SysCtlPeripheralEnable)
                  000120f4    00000034                   : eeprom.obj (.text:_EEPROMSectorMaskClear)
                  00012128    00000034     rtsv7M4_T_le_v4SPD16_eabi.lib : trgmsg.c.obj (.text:__TI_readmsg)
                  0001215c    00000034                                   : dtor_list.c.obj (.text:__aeabi_atexit)
                  00012190    00000034                                   : boot_cortex_m.c.obj (.text:_c_int00_noargs:_c_int00_noargs)
                  000121c4    00000034                                   : rand.c.obj (.text:rand)
                  000121f8    00000034                                   : strstr.c.obj (.text:strstr)
                  0001222c    0000002e     driverlib.lib : adc.obj (.text:ADCIntStatus)
                  0001225a    0000002e     rtsv7M4_T_le_v4SPD16_eabi.lib : i_tofd_t2.asm.obj (.text)
                  00012288    0000002c     driverlib.lib : gpio.obj (.text:GPIODirModeSet)
                  000122b4    0000002c     SPI.obj (.text)
                  000122e0    0000002c     rtsv7M4_T_le_v4SPD16_eabi.lib : strncmp.c.obj (.text:strncmp)
                  0001230c    00000028                                   : memory.c.obj (.text:free_list_insert)
                  00012334    00000024     Print.obj (.text:_ZN5Print5writeEPKc)
                  00012358    00000024     Dhcp.obj (.text:_ZN9IPAddressC1ERKS_)
                  0001237c    00000024     Dhcp.obj (.text:_ZThn8_N6UIPUDP4readEPcj)
                  000123a0    00000024     rtsv7M4_T_le_v4SPD16_eabi.lib : memcmp.c.obj (.text:memcmp)
                  000123c4    00000024                                   : rand.c.obj (.text:srand)
                  000123e8    00000022     UIPClient.obj (.text:_ZN9UIPClientneERKS_)
                  0001240a    00000002     --HOLE-- [fill = 0]
                  0001240c    00000020     driverlib.lib : uart.obj (.text:UARTDisable)
                  0001242c    00000020     Print.obj (.text:_Z14__libcpp_isinfIdEbT_)
                  0001244c    00000020     Print.obj (.text:_Z14__libcpp_isnanIdEbT_)
                  0001246c    00000020     rtsv7M4_T_le_v4SPD16_eabi.lib : u_tofd_t2.asm.obj (.text)
                  0001248c    0000001e     driverlib.lib : adc.obj (.text:ADCSequenceDataGet)
                  000124aa    00000002     --HOLE-- [fill = 0]
                  000124ac    0000001c     UIPClient.obj (.text:_ZN5PrintC1Ev)
                  000124c8    0000001c     Dhcp.obj (.text:_ZNK9IPAddresseqERKS_)
                  000124e4    0000001c     rtsv7M4_T_le_v4SPD16_eabi.lib : memory.c.obj (.text:free_list_remove)
                  00012500    0000001c     millis.obj (.text)
                  0001251c    0000001a     driverlib.lib : gpio.obj (.text:GPIOPinTypeGPIOOutput)
                  00012536    0000001a     Dns.obj (.text:_ZN9IPAddressaSERKS_)
                  00012550    00000018     driverlib.lib : adc.obj (.text:ADCProcessorTrigger)
                  00012568    00000018                   : gpio.obj (.text:GPIOIntRegister)
                  00012580    00000018     Print.obj (.text:_Z5isinfIdENSt3__29enable_ifIXaasr3std3__213is_arithmeticIT_EE5valuesr3std3__214numeric_limitsIS2_EE12has_infinityEbE4typeES2_)
                  00012598    00000018     Print.obj (.text:_Z5isnanIdENSt3__29enable_ifIXsr3std3__217is_floating_pointIT_EE5valueEbE4typeES2_)
                  000125b0    00000018     UIPUdp.obj (.text:_ZN3UDPC1Ev)
                  000125c8    00000018     Telecom_Ethernet.obj (.text:_ZN5Print5writeEPKcj)
                  000125e0    00000018     UIPClient.obj (.text:_ZN6ClientC1Ev)
                  000125f8    00000018     UIPServer.obj (.text:_ZN6ServerC1Ev)
                  00012610    00000018     Dhcp.obj (.text:_ZN6UIPUDP4readEPcj)
                  00012628    00000018     Dhcp.obj (.text:_ZN9PrintableC1ERKS_)
                  00012640    00000018     IPAddress.obj (.text:_ZN9PrintableC1Ev)
                  00012658    00000018     rtsv7M4_T_le_v4SPD16_eabi.lib : ll_mul_t2.asm.obj (.text)
                  00012670    00000018                                   : strcmp.c.obj (.text:strcmp)
                  00012688    00000016     driverlib.lib : gpio.obj (.text:GPIOPinTypeADC)
                  0001269e    00000016                   : gpio.obj (.text:GPIOPinTypeGPIOInput)
                  000126b4    00000016                   : gpio.obj (.text:GPIOPinTypeI2C)
                  000126ca    00000016                   : gpio.obj (.text:GPIOPinTypeI2CSCL)
                  000126e0    00000016                   : gpio.obj (.text:GPIOPinTypeSSI)
                  000126f6    00000016                   : gpio.obj (.text:GPIOPinTypeUART)
                  0001270c    00000016     UIPClient.obj (.text:_ZN9DNSClientC1Ev)
                  00012722    00000016     UIPClient.obj (.text:_ZThn8_N9UIPClientD1Ev)
                  00012738    00000016     UIPServer.obj (.text:_ZThn8_N9UIPServerD1Ev)
                  0001274e    00000002     --HOLE-- [fill = 0]
                  00012750    00000014     driverlib.lib : systick.obj (.text:SysTickEnable)
                  00012764    00000014                   : systick.obj (.text:SysTickIntEnable)
                  00012778    00000014                   : uart.obj (.text:UARTEnable)
                  0001278c    00000014     Telecom_Ethernet.obj (.text:_ZN6ClientD0Ev)
                  000127a0    00000014     UIPServer.obj (.text:_ZN6ServerD0Ev)
                  000127b4    00000014     Telecom_Ethernet.obj (.text:_ZN9IPAddressD0Ev)
                  000127c8    00000014     Dns.obj (.text:_ZN9IPAddressixEi)
                  000127dc    00000014     Telecom_Ethernet.obj (.text:_ZN9PrintableD0Ev)
                  000127f0    00000014     Telecom_Ethernet.obj (.text:_ZN9UIPClientD0Ev)
                  00012804    00000014     UIPServer.obj (.text:_ZN9UIPServerD0Ev)
                  00012818    00000014     rtsv7M4_T_le_v4SPD16_eabi.lib : strcpy.c.obj (.text:strcpy)
                  0001282c    00000014                                   : strlen.c.obj (.text:strlen)
                  00012840    00000012     driverlib.lib : ssi.obj (.text:SSIDataGetNonBlocking)
                  00012852    00000012                   : timer.obj (.text:TimerLoadSet)
                  00012864    00000012                   : timer.obj (.text:TimerPrescaleSet)
                  00012876    00000012     Telecom_server_query.obj (.text:_Z3absl)
                  00012888    00000012     Telecom_Ethernet.obj (.text:_ZThn8_N9UIPClientD0Ev)
                  0001289a    00000012     UIPServer.obj (.text:_ZThn8_N9UIPServerD0Ev)
                  000128ac    00000010     driverlib.lib : interrupt.obj (.text:IntMasterEnable)
                  000128bc    00000010                   : systick.obj (.text:SysTickPeriodSet)
                  000128cc    00000010                   : eeprom.obj (.text:_EEPROMWaitForDone)
                  000128dc    00000010     UIPEthernet.obj (.text:_ZN9DhcpClassC1Ev)
                  000128ec    00000010     Dhcp.obj (.text:_ZN9PrintableC2ERKS_)
                  000128fc    00000010     Telecom_Ethernet.obj (.text:_ZN9UIPClientD1Ev)
                  0001290c    00000010     UIPServer.obj (.text:_ZN9UIPServerD1Ev)
                  0001291c    00000010     rtsv7M4_T_le_v4SPD16_eabi.lib : time64.c.obj (.text:__time64)
                  0001292c    00000010                                   : isdigit.c.obj (.text:isdigit)
                  0001293c    0000000e     driverlib.lib : adc.obj (.text:ADCSequenceEnable)
                  0001294a    0000000e                   : gpio.obj (.text:GPIOIntStatus)
                  00012958    0000000e                   : i2c.obj (.text:I2CRxFIFOFlush)
                  00012966    0000000e                   : i2c.obj (.text:I2CTxFIFOFlush)
                  00012974    0000000e                   : ssi.obj (.text:SSIDataPutNonBlocking)
                  00012982    0000000e                   : timer.obj (.text:TimerEnable)
                  00012990    0000000e                   : uart.obj (.text:UARTCharGetNonBlocking)
                  0001299e    0000000e                   : uart.obj (.text:UARTCharPutNonBlocking)
                  000129ac    0000000e                   : uart.obj (.text:UARTCharsAvail)
                  000129ba    0000000e                   : watchdog.obj (.text:WatchdogLockState)
                  000129c8    0000000e     rtsv7M4_T_le_v4SPD16_eabi.lib : typeinfo.c.obj (.text:_ZN10__cxxabiv117__class_type_infoD0Ev)
                  000129d6    0000000e                                   : typeinfo.c.obj (.text:_ZN10__cxxabiv120__si_class_type_infoD0Ev)
                  000129e4    0000000e                                   : typeinfo.c.obj (.text:_ZN10__cxxabiv121__vmi_class_type_infoD0Ev)
                  000129f2    0000000e     UIPClient.obj (.text:_ZN9DNSClientD1Ev)
                  00012a00    0000000e     Dns.obj (.text:_ZN9IPAddress11raw_addressEv)
                  00012a0e    0000000e     Telecom_Ethernet.obj (.text:_ZN9IPAddressD1Ev)
                  00012a1c    0000000e     Dns.obj (.text:_ZN9PrintableaSERKS_)
                  00012a2a    0000000e     Print.obj (.text:_ZNK6String5c_strEv)
                  00012a38    0000000e     Print.obj (.text:_ZNK6String6lengthEv)
                  00012a46    0000000e     Dns.obj (.text:_ZNK9IPAddresscvjEv)
                  00012a54    0000000e     rtsv7M4_T_le_v4SPD16_eabi.lib : copy_decompress_none.c.obj (.text:decompress:none:__TI_decompress_none)
                  00012a62    0000000c     driverlib.lib : cpu.obj (.text:CPUcpsie)
                  00012a6e    0000000c                   : gpio.obj (.text:GPIOIntEnable)
                  00012a7a    00000002     --HOLE-- [fill = 0]
                  00012a7c    0000000c                   : sysctl.obj (.text:SysCtlResetCauseGet)
                  00012a88    0000000c                   : watchdog.obj (.text:WatchdogIntTypeSet)
                  00012a94    0000000c                   : watchdog.obj (.text:WatchdogUnlock)
                  00012aa0    0000000c     UIPUdp.obj (.text:_ZN3UDPC2Ev)
                  00012aac    0000000c     UIPClient.obj (.text:_ZN5PrintC2Ev)
                  00012ab8    0000000c     UIPClient.obj (.text:_ZN6ClientC2Ev)
                  00012ac4    0000000c     Telecom_Ethernet.obj (.text:_ZN6ClientD1Ev)
                  00012ad0    0000000c     Telecom_Ethernet.obj (.text:_ZN6ClientD2Ev)
                  00012adc    0000000c     UIPServer.obj (.text:_ZN6ServerC2Ev)
                  00012ae8    0000000c     UIPServer.obj (.text:_ZN6ServerD1Ev)
                  00012af4    0000000c     UIPServer.obj (.text:_ZN6ServerD2Ev)
                  00012b00    0000000c     IPAddress.obj (.text:_ZN9PrintableC2Ev)
                  00012b0c    0000000c     Telecom_Ethernet.obj (.text:_ZN9PrintableD1Ev)
                  00012b18    0000000c     Telecom_Ethernet.obj (.text:_ZN9PrintableD2Ev)
                  00012b24    0000000c     rtsv7M4_T_le_v4SPD16_eabi.lib : dtor_list.c.obj (.text:__cxa_finalize)
                  00012b30    0000000c                                   : guard.c.obj (.text:__cxa_guard_acquire)
                  00012b3c    0000000c                                   : copy_zero_init.c.obj (.text:decompress:ZI:__TI_zero_init)
                  00012b48    0000000c     tm4c1233e6pz_startup_ccs.obj (.text)
                  00012b54    0000000a     driverlib.lib : adc.obj (.text:ADCIntClear)
                  00012b5e    0000000a                   : i2c.obj (.text:I2CMasterEnable)
                  00012b68    0000000a                   : ssi.obj (.text:SSIEnable)
                  00012b72    0000000a                   : uart.obj (.text:UARTIntStatus)
                  00012b7c    0000000a                   : watchdog.obj (.text:WatchdogEnable)
                  00012b86    0000000a                   : watchdog.obj (.text:WatchdogIntEnable)
                  00012b90    0000000a                   : watchdog.obj (.text:WatchdogResetEnable)
                  00012b9a    0000000a     rtsv7M4_T_le_v4SPD16_eabi.lib : guard.c.obj (.text:__cxa_guard_release)
                  00012ba4    00000008     driverlib.lib : i2c.obj (.text:I2CMasterBusy)
                  00012bac    00000008                   : i2c.obj (.text:I2CMasterSlaveAddrSet)
                  00012bb4    00000008                   : timer.obj (.text:TimerIntEnable)
                  00012bbc    00000008                   : uart.obj (.text:UARTBusy)
                  00012bc4    00000008                   : uart.obj (.text:UARTIntEnable)
                  00012bcc    00000008                   : watchdog.obj (.text:WatchdogLock)
                  00012bd4    00000008     rtsv7M4_T_le_v4SPD16_eabi.lib : new.cpp.obj (.text:_ZdlPv)
                  00012bdc    00000008                                   : memory.c.obj (.text:malloc)
                  00012be4    00000006     driverlib.lib : gpio.obj (.text:GPIOIntClear)
                  00012bea    00000006                   : gpio.obj (.text:GPIOPinRead)
                  00012bf0    00000006                   : gpio.obj (.text:GPIOPinWrite)
                  00012bf6    00000006                   : sysctl.obj (.text:SysCtlDelay)
                  00012bfc    00000006                   : watchdog.obj (.text:WatchdogIntClear)
                  00012c02    00000006     rtsv7M4_T_le_v4SPD16_eabi.lib : dtor_list.c.obj (.text:__cxa_ia64_exit)
                  00012c08    00000006                                   : pure_virt.c.obj (.text:__cxa_pure_virtual)
                  00012c0e    00000004     driverlib.lib : i2c.obj (.text:I2CMasterControl)
                  00012c12    00000004                   : i2c.obj (.text:I2CMasterDataGet)
                  00012c16    00000004                   : i2c.obj (.text:I2CMasterDataPut)
                  00012c1a    00000004                   : timer.obj (.text:TimerIntClear)
                  00012c1e    00000004                   : uart.obj (.text:UARTIntClear)
                  00012c22    00000004                   : watchdog.obj (.text:WatchdogReloadSet)
                  00012c26    00000004     rtsv7M4_T_le_v4SPD16_eabi.lib : typeinfo.c.obj (.text:_ZN10__cxxabiv117__class_type_infoD1Ev)
                  00012c2a    00000004                                   : typeinfo.c.obj (.text:_ZN10__cxxabiv120__si_class_type_infoD1Ev)
                  00012c2e    00000004                                   : typeinfo.c.obj (.text:_ZN10__cxxabiv121__vmi_class_type_infoD1Ev)
                  00012c32    00000004                                   : new.cpp.obj (.text:_ZdlPvj)
                  00012c36    00000004                                   : error.c.obj (.text:__abort_execution)
                  00012c3a    00000004                                   : pre_init.c.obj (.text:_system_pre_init)
                  00012c3e    00000004                                   : exit.c.obj (.text:abort:abort)

.const     0    00012c44    00000ae0     
                  00012c44    000001d6     GLCD.obj (.const:.string:font5x8)
                  00012e1a    00000101     rtsv7M4_T_le_v4SPD16_eabi.lib : ctype.c.obj (.const:.string:_ctypes_)
                  00012f1b    00000001     --HOLE-- [fill = 0]
                  00012f1c    000000d8     driverlib.lib : gpio.obj (.const:g_ppui32GPIOIntMapSnowflake)
                  00012ff4    000000c0                   : gpio.obj (.const:g_ppui32GPIOIntMapBlizzard)
                  000130b4    00000090     UIPUdp.obj (.const:_ZTV6UIPUDP)
                  00013144    00000090     driverlib.lib : gpio.obj (.const:g_pui32GPIOBaseAddrs)
                  000131d4    0000008c     UIPClient.obj (.const:_ZTV9UIPClient)
                  00013260    0000006c     driverlib.lib : sysctl.obj (.const:g_pui32Xtals)
                  000132cc    00000060     rtsv7M4_T_le_v4SPD16_eabi.lib : mktime64.c.obj (.const:$O1$$)
                  0001332c    0000004e     GLCD.obj (.const:.string:BattFont5x8)
                  0001337a    00000002     --HOLE-- [fill = 0]
                  0001337c    00000048     UIPUdp.obj (.const:_ZTV3UDP)
                  000133c4    00000041     _common.obj (.const:.string:$P$T0$1)
                  00013405    00000003     --HOLE-- [fill = 0]
                  00013408    00000040     UIPClient.obj (.const:_ZTV6Client)
                  00013448    00000034     UIPServer.obj (.const:_ZTV9UIPServer)
                  0001347c    00000026     rtsv7M4_T_le_v4SPD16_eabi.lib : typeinfo.c.obj (.const:.typeinfo:_ZTSN10__cxxabiv121__vmi_class_type_infoE)
                  000134a2    00000025                                   : typeinfo.c.obj (.const:.typeinfo:_ZTSN10__cxxabiv120__si_class_type_infoE)
                  000134c7    00000001     --HOLE-- [fill = 0]
                  000134c8    00000024     Clock.obj (.const:$P$T0$1)
                  000134ec    00000022     rtsv7M4_T_le_v4SPD16_eabi.lib : typeinfo.c.obj (.const:.typeinfo:_ZTSN10__cxxabiv117__class_type_infoE)
                  0001350e    00000002     --HOLE-- [fill = 0]
                  00013510    00000020     UIPUdp.obj (.const:.typeinfo:_ZTI6UIPUDP)
                  00013530    00000020     UIPClient.obj (.const:.typeinfo:_ZTI9UIPClient)
                  00013550    00000020     UIPServer.obj (.const:.typeinfo:_ZTI9UIPServer)
                  00013570    00000019     Telecom_Ethernet.obj (.const:.string:$P$T1$5)
                  00013589    00000014     GLCD.obj (.const:.string:NetworkFont5x8)
                  0001359d    00000003     --HOLE-- [fill = 0]
                  000135a0    00000014     UIPServer.obj (.const:_ZTV6Server)
                  000135b4    00000014     IPAddress.obj (.const:_ZTV9IPAddress)
                  000135c8    00000014     Dhcp.obj (.const:_ZTV9Printable)
                  000135dc    00000014     driverlib.lib : interrupt.obj (.const:g_pui32EnRegs)
                  000135f0    00000010     Print.obj (.const:_ZTV5Print)
                  00013600    00000010     rtsv7M4_T_le_v4SPD16_eabi.lib : typeinfo.c.obj (.const:_ZTVN10__cxxabiv117__class_type_infoE)
                  00013610    00000010                                   : typeinfo.c.obj (.const:_ZTVN10__cxxabiv120__si_class_type_infoE)
                  00013620    00000010                                   : typeinfo.c.obj (.const:_ZTVN10__cxxabiv121__vmi_class_type_infoE)
                  00013630    0000000d                                   : stdlib_typeinfo.cpp.obj (.const:.typeinfo:_ZTSSt9type_info)
                  0001363d    00000003     --HOLE-- [fill = 0]
                  00013640    0000000c     IPAddress.obj (.const:.typeinfo:_ZTI9IPAddress)
                  0001364c    0000000c     rtsv7M4_T_le_v4SPD16_eabi.lib : typeinfo.c.obj (.const:.typeinfo:_ZTIN10__cxxabiv117__class_type_infoE)
                  00013658    0000000c                                   : typeinfo.c.obj (.const:.typeinfo:_ZTIN10__cxxabiv120__si_class_type_infoE)
                  00013664    0000000c                                   : typeinfo.c.obj (.const:.typeinfo:_ZTIN10__cxxabiv121__vmi_class_type_infoE)
                  00013670    0000000b     IPAddress.obj (.const:.typeinfo:_ZTS9IPAddress)
                  0001367b    0000000b     Dhcp.obj (.const:.typeinfo:_ZTS9Printable)
                  00013686    0000000b     UIPClient.obj (.const:.typeinfo:_ZTS9UIPClient)
                  00013691    0000000b     UIPServer.obj (.const:.typeinfo:_ZTS9UIPServer)
                  0001369c    00000008     Clock.obj (.const:$P$T1$2)
                  000136a4    00000008     Telecom_Ethernet.obj (.const:.string:$P$T3$12)
                  000136ac    00000008     UIPUdp.obj (.const:.typeinfo:_ZTI3UDP)
                  000136b4    00000008     Print.obj (.const:.typeinfo:_ZTI5Print)
                  000136bc    00000008     UIPClient.obj (.const:.typeinfo:_ZTI6Client)
                  000136c4    00000008     UIPServer.obj (.const:.typeinfo:_ZTI6Server)
                  000136cc    00000008     Dhcp.obj (.const:.typeinfo:_ZTI9Printable)
                  000136d4    00000008     rtsv7M4_T_le_v4SPD16_eabi.lib : stdlib_typeinfo.cpp.obj (.const:.typeinfo:_ZTISt9type_info)
                  000136dc    00000008     UIPClient.obj (.const:.typeinfo:_ZTS6Client)
                  000136e4    00000008     UIPServer.obj (.const:.typeinfo:_ZTS6Server)
                  000136ec    00000008     UIPUdp.obj (.const:.typeinfo:_ZTS6UIPUDP)
                  000136f4    00000007     Print.obj (.const:.typeinfo:_ZTS5Print)
                  000136fb    00000006     Telecom_Ethernet.obj (.const:.string:$P$T0$1)
                  00013701    00000006     Telecom_Ethernet.obj (.const:.string:$P$T2$8)
                  00013707    00000006     UIPEthernet.obj (.const:.string:$P$T6$1)
                  0001370d    00000006     uip_arp.obj (.const:broadcast_ethaddr)
                  00013713    00000005     UIPUdp.obj (.const:.typeinfo:_ZTS3UDP)
                  00013718    00000004     uip.obj (.const:all_ones_addr)
                  0001371c    00000004     uip.obj (.const:all_zeroes_addr)
                  00013720    00000004     uip_arp.obj (.const:broadcast_ipaddr)

.cinit     0    00013748    00000098     
                  00013748    0000005e     (.cinit..data.load) [load image, compression = lzss]
                  000137a6    00000002     --HOLE-- [fill = 0]
                  000137a8    0000000c     (__TI_handler_table)
                  000137b4    00000004     --HOLE-- [fill = 0]
                  000137b8    00000008     (.cinit..bss.load) [load image, compression = zero_init]
                  000137c0    00000008     (.cinit..vtable.load) [load image, compression = zero_init]
                  000137c8    00000018     (__TI_cinit_table)

.init_array 
*          0    00013724    00000024     
                  00013724    00000004     IPAddress.obj (.init_array)
                  00013728    00000004     UIPUdp.obj (.init_array)
                  0001372c    00000004     UIPServer.obj (.init_array)
                  00013730    00000004     UIPEthernet.obj (.init_array)
                  00013734    00000004     UIPClient.obj (.init_array)
                  00013738    00000004     Dns.obj (.init_array)
                  0001373c    00000004     Dhcp.obj (.init_array)
                  00013740    00000004     main.obj (.init_array)
                  00013744    00000004     Telecom_Ethernet.obj (.init_array)

.vtable    0    20000000    0000026c     UNINITIALIZED
                  20000000    0000026c     driverlib.lib : interrupt.obj (.vtable)

.bss       0    2000026c    00002801     UNINITIALIZED
                  2000026c    00000a34     (.common:ethernet_rx_buff)
                  20000ca0    00000a30     (.common:ethernet_tx_buff)
                  200016d0    00000230     (.common:_ZN10MemoryPool6blocksE)
                  20001900    000001fc     (.common:gprs_rx_buff)
                  20001afc    000001fc     (.common:gprs_tx_buff)
                  20001cf8    00000188     (.common:dummy_json_string)
                  20001e80    0000017c     (.common:adc)
                  20001ffc    00000130     (.common:display_tx)
                  2000212c    00000120     rtsv7M4_T_le_v4SPD16_eabi.lib : trgmsg.c.obj (.bss:_CIOBUF_)
                  2000224c    000000d6     (.common:cloud_config)
                  20002322    00000002     (.common:BCD_MODE)
                  20002324    000000a0     (.common:display_uart_rx)
                  200023c4    000000a0     (.common:pc_uart_rx)
                  20002464    00000080     (.common:e2p_cloud_config)
                  200024e4    00000080     (.common:uip_conns)
                  20002564    00000070     (.common:_ZN9UIPClient8all_dataE)
                  200025d4    00000064     (.common:uip_buf)
                  20002638    00000060     uip_arp.obj (.bss:arp_table)
                  20002698    0000005c     UIPEthernet.obj (.bss:s_dhcp)
                  200026f4    00000050     (.common:pc_uart_tx)
                  20002744    00000044     (.common:gps)
                  20002788    00000040     (.common:FLR_log_data)
                  200027c8    00000040     (.common:FL_log_data)
                  20002808    00000040     (.common:uip_udp_conns)
                  20002848    00000036     (.common:ram_data)
                  2000287e    00000029     (.common:adc_arr)
                  200028a7    0000001f     (.common:time_main)
                  200028c6    0000001c     (.common:measurements)
                  200028e2    00000002     (.common:EXTI_cnt)
                  200028e4    00000014     (.common:gprs)
                  200028f8    00000010     Telecom_Ethernet.obj (.bss:Eclient)
                  20002908    00000010     Telecom_Ethernet.obj (.bss:client)
                  20002918    00000010     (.common:e2p_device_info)
                  20002928    00000010     (.common:e2p_location_info)
                  20002938    00000010     (.common:freq_updated_data)
                  20002948    0000000e     (.common:scheduler)
                  20002956    0000000c     Telecom_Ethernet.obj (.bss)
                  20002962    0000000c     (.common:Alarms)
                  2000296e    0000000a     (.common:Telecom_Ethernet)
                  20002978    00000008     Dhcp.obj (.bss)
                  20002980    00000008     Dhcp.obj (.bss:INADDR_NONE)
                  20002988    00000008     Dns.obj (.bss:INADDR_NONE)
                  20002990    00000008     IPAddress.obj (.bss:INADDR_NONE)
                  20002998    00000008     Telecom_Ethernet.obj (.bss:INADDR_NONE)
                  200029a0    00000008     UIPClient.obj (.bss:INADDR_NONE)
                  200029a8    00000008     UIPEthernet.obj (.bss:INADDR_NONE)
                  200029b0    00000008     UIPServer.obj (.bss:INADDR_NONE)
                  200029b8    00000008     UIPUdp.obj (.bss:INADDR_NONE)
                  200029c0    00000008     main.obj (.bss:INADDR_NONE)
                  200029c8    00000008     UIPEthernet.obj (.bss:_ZN16UIPEthernetClass17_dnsServerAddressE)
                  200029d0    00000008     uip.obj (.bss)
                  200029d8    00000008     (.common:e2p_config_time)
                  200029e0    00000008     (.common:e2p_router_config)
                  200029e8    00000008     (.common:gps_data)
                  200029f0    00000008     (.common:parmbuf)
                  200029f8    00000008     (.common:uip_listenports)
                  20002a00    00000007     (.common:gps_date_time)
                  20002a07    00000001     UIPEthernet.obj (.bss:UIPEthernet)
                  20002a08    00000006     (.common:_ZN15Enc28J60Network10receivePktE)
                  20002a0e    00000006     (.common:time_stamp)
                  20002a14    00000004     UIPClient.obj (.bss:_ZZN9UIPClient7connectE9IPAddresstE4conn)
                  20002a18    00000004     uip_arp.obj (.bss:ipaddr)
                  20002a1c    00000004     uip.obj (.bss:iss)
                  20002a20    00000004     uip_arp.obj (.bss)
                  20002a24    00000004     (.common:Telecom_server_query)
                  20002a28    00000004     (.common:_ZN16UIPEthernetClass14periodic_timerE)
                  20002a2c    00000004     (.common:__dso_handle)
                  20002a30    00000004     (.common:_millis)
                  20002a34    00000004     (.common:startTime)
                  20002a38    00000004     (.common:u32DelayCounter)
                  20002a3c    00000004     (.common:uip_acc32)
                  20002a40    00000004     (.common:uip_appdata)
                  20002a44    00000004     (.common:uip_conn)
                  20002a48    00000004     (.common:uip_draddr)
                  20002a4c    00000004     (.common:uip_hostaddr)
                  20002a50    00000004     (.common:uip_netmask)
                  20002a54    00000004     (.common:uip_sappdata)
                  20002a58    00000004     (.common:uip_udp_conn)
                  20002a5c    00000003     (.common:relay_state)
                  20002a5f    00000001     (.common:System_mode)
                  20002a60    00000002     (.common:_ZN15Enc28J60Network13nextPacketPtrE)
                  20002a62    00000002     (.common:gprs_rx_isr_handler)
                  20002a64    00000002     (.common:uip_len)
                  20002a66    00000002     (.common:uip_slen)
                  20002a68    00000001     (.common:WDT)
                  20002a69    00000001     (.common:gps_handler_state)
                  20002a6a    00000001     (.common:network_status)
                  20002a6b    00000001     (.common:uip_flags)
                  20002a6c    00000001     (.common:voltage_mode)

.stack     0    20002a70    00001800     UNINITIALIZED
                  20002a70    00000004     rtsv7M4_T_le_v4SPD16_eabi.lib : boot_cortex_m.c.obj (.stack)
                  20002a74    000017fc     --HOLE--

.data      0    20004270    000000d4     UNINITIALIZED
                  20004270    0000001b     Telecom_server_query.obj (.data:server_response_str)
                  2000428b    00000004     Enc28J60Network.obj (.data)
                  2000428f    00000001     Dhcp.obj (.data)
                  20004290    00000012     ADC_Core.obj (.data)
                  200042a2    00000002     IO_cntrl.obj (.data)
                  200042a4    00000010     flash_logger.obj (.data:FL_data)
                  200042b4    00000010     rtsv7M4_T_le_v4SPD16_eabi.lib : tmzone.c.obj (.data:_tz)
                  200042c4    00000010     main.obj (.data)
                  200042d4    0000000d     Telecom_Ethernet.obj (.data)
                  200042e1    00000001     UIPClient.obj (.data:_ZZN9UIPClient7connectE9IPAddresstE10first_call)
                  200042e2    00000002     UIPClient.obj (.data:_ZZN9UIPClient7connectE9IPAddresstE7timeout)
                  200042e4    0000000c     rtsv7M4_T_le_v4SPD16_eabi.lib : exit.c.obj (.data:$O1$$)
                  200042f0    0000000c     UartCore.obj (.data)
                  200042fc    0000000c     gps.obj (.data)
                  20004308    00000008     rtsv7M4_T_le_v4SPD16_eabi.lib : _lock.c.obj (.data:$O1$$)
                  20004310    00000008                                   : memory.c.obj (.data:$O1$$)
                  20004318    00000008     GLCD.obj (.data)
                  20004320    00000008     SysTick_Timer.obj (.data)
                  20004328    00000008     UIPEthernet.obj (.data)
                  20004330    00000006     uip.obj (.data:uip_ethaddr)
                  20004336    00000002     --HOLE--
                  20004338    00000004     _common.obj (.data)
                  2000433c    00000004     rtsv7M4_T_le_v4SPD16_eabi.lib : dtor_list.c.obj (.data)
                  20004340    00000004                                   : rand.c.obj (.data)

.sysmem    0    20004348    00000010     UNINITIALIZED
                  20004348    00000010     rtsv7M4_T_le_v4SPD16_eabi.lib : memory.c.obj (.sysmem)

__llvm_prf_cnts 
*          0    20000000    00000000     UNINITIALIZED

MODULE SUMMARY

       Module                         code    ro data   rw data
       ------                         ----    -------   -------
    .\
       tm4c1233e6pz_startup_ccs.obj   12      620       0      
    +--+------------------------------+-------+---------+---------+
       Total:                         12      620       0      
                                                               
    .\Sources\
       Telecom_Ethernet.obj           3416    49        5295   
       GLCD.obj                       4244    568       8      
       Clock.obj                      4432    44        37     
       gps.obj                        4120    0         96     
       Telecom_server_query.obj       2874    0         424    
       ADC_Core.obj                   2640    0         467    
       IO_cntrl.obj                   3056    0         10     
       E2P.obj                        2528    0         390    
       main.obj                       2656    4         36     
       PC_Cmds.obj                    2536    0         1      
       flashCore.obj                  2508    0         0      
       UartCore.obj                   1468    0         716    
       flash_logger.obj               1840    0         214    
       gprs.obj                       496     0         1038   
       _common.obj                    1296    65        4      
       DS3231.obj                     528     0         0      
       SysTick_Timer.obj              484     0         26     
       WDT.obj                        216     0         1      
       delay.obj                      104     0         0      
       tiot_timer.obj                 88      0         0      
       SPI.obj                        44      0         0      
    +--+------------------------------+-------+---------+---------+
       Total:                         41574   730       8763   
                                                               
    .\Sources\UIPEthernet\
       UIPClient.obj                  3156    267       127    
       Dhcp.obj                       2984    43        21     
       UIPEthernet.obj                2760    10        121    
       UIPUdp.obj                     1976    273       8      
       Dns.obj                        1544    4         8      
       UIPServer.obj                  800     135       8      
    +--+------------------------------+-------+---------+---------+
       Total:                         13220   732       293    
                                                               
    .\Sources\UIPEthernet\mbed\
       Print.obj                      1816    31        0      
       IPAddress.obj                  400     47        8      
       itoa.obj                       402     0         0      
       millis.obj                     28      0         4      
    +--+------------------------------+-------+---------+---------+
       Total:                         2646    78        12     
                                                               
    .\Sources\UIPEthernet\utility\
       uip.obj                        5476    8         355    
       Enc28J60Network.obj            2964    0         12     
       uip_arp.obj                    1508    10        104    
       mempool.obj                    752     0         560    
    +--+------------------------------+-------+---------+---------+
       Total:                         10700   18        1031   
                                                               
    C:/ti/TivaWare_C_Series-2.2.0.295/driverlib/ccs/Debug/driverlib.lib
       gpio.obj                       866     552       0      
       sysctl.obj                     782     108       0      
       interrupt.obj                  172     20        620    
       eeprom.obj                     444     0         0      
       adc.obj                        324     0         0      
       uart.obj                       194     0         0      
       timer.obj                      158     0         0      
       i2c.obj                        142     0         0      
       ssi.obj                        102     0         0      
       watchdog.obj                   86      0         0      
       systick.obj                    56      0         0      
       cpu.obj                        12      0         0      
    +--+------------------------------+-------+---------+---------+
       Total:                         3338    680       620    
                                                               
    C:\ti\ccs1110\ccs\tools\compiler\ti-cgt-arm_20.2.6.LTS\lib\rtsv7M4_T_le_v4SPD16_eabi.lib
       mktime64.c.obj                 696     96        0      
       memory.c.obj                   672     0         8      
       fd_add_t2.asm.obj              438     0         0      
       trgmsg.c.obj                   108     0         288    
       fd_div_t2.asm.obj              310     0         0      
       fd_cmp_t2.asm.obj              268     0         0      
       ctype.c.obj                    0       257       0      
       fd_mul_t2.asm.obj              252     0         0      
       typeinfo.c.obj                 54      193       0      
       dtor_list.c.obj                204     0         8      
       memcpy_t2.asm.obj              156     0         0      
       ull_div_t2.asm.obj             150     0         0      
       memset_t2.asm.obj              122     0         0      
       ll_div_t2.asm.obj              110     0         0      
       copy_decompress_lzss.c.obj     104     0         0      
       autoinit.c.obj                 96      0         0      
       hosttime.c.obj                 96      0         0      
       rand.c.obj                     88      0         4      
       exit.c.obj                     76      0         12     
       atoi.c.obj                     76      0         0      
       fd_toi_t2.asm.obj              72      0         0      
       fd_tou_t2.asm.obj              68      0         0      
       u_divt2.asm.obj                64      0         0      
       boot_cortex_m.c.obj            52      0         0      
       strstr.c.obj                   52      0         0      
       i_tofd_t2.asm.obj              46      0         0      
       strncmp.c.obj                  44      0         0      
       memcmp.c.obj                   36      0         0      
       u_tofd_t2.asm.obj              32      0         0      
       ll_mul_t2.asm.obj              24      0         0      
       strcmp.c.obj                   24      0         0      
       stdlib_typeinfo.cpp.obj        2       21        0      
       guard.c.obj                    22      0         0      
       strcpy.c.obj                   20      0         0      
       strlen.c.obj                   20      0         0      
       isdigit.c.obj                  16      0         0      
       time64.c.obj                   16      0         0      
       tmzone.c.obj                   0       0         16     
       copy_decompress_none.c.obj     14      0         0      
       copy_zero_init.c.obj           12      0         0      
       new.cpp.obj                    12      0         0      
       _lock.c.obj                    2       0         8      
       hostopen.c.obj                 0       0         8      
       pure_virt.c.obj                6       0         0      
       error.c.obj                    4       0         0      
       pre_init.c.obj                 4       0         0      
       div0.asm.obj                   2       0         0      
    +--+------------------------------+-------+---------+---------+
       Total:                         4742    567       352    
                                                               
       Heap:                          0       0         16     
       Stack:                         0       0         6144   
       Linker Generated:              0       146       0      
    +--+------------------------------+-------+---------+---------+
       Grand Total:                   76232   3571      17231  


LINKER GENERATED COPY TABLES

__TI_cinit_table @ 000137c8 records: 3, size/record: 8, table size: 24
	.data: load addr=00013748, load size=0000005e bytes, run addr=20004270, run size=000000d4 bytes, compression=lzss
	.bss: load addr=000137b8, load size=00000008 bytes, run addr=2000026c, run size=00002801 bytes, compression=zero_init
	.vtable: load addr=000137c0, load size=00000008 bytes, run addr=20000000, run size=0000026c bytes, compression=zero_init


LINKER GENERATED HANDLER TABLE

__TI_handler_table @ 000137a8 records: 3, size/record: 4, table size: 12
	index: 0, handler: __TI_zero_init
	index: 1, handler: __TI_decompress_lzss
	index: 2, handler: __TI_decompress_none


GLOBAL SYMBOLS: SORTED ALPHABETICALLY BY Name 

address   name                                                                                                                          
-------   ----                                                                                                                          
20004324  ACVoltReadMillis                                                                                                              
00012b55  ADCIntClear                                                                                                                   
0001222d  ADCIntStatus                                                                                                                  
00012551  ADCProcessorTrigger                                                                                                           
00011b9d  ADCSequenceConfigure                                                                                                          
0001248d  ADCSequenceDataGet                                                                                                            
0001293d  ADCSequenceEnable                                                                                                             
000115bf  ADCSequenceStepConfigure                                                                                                      
20002962  Alarms                                                                                                                        
20002322  BCD_MODE                                                                                                                      
00012c3f  C$$EXIT                                                                                                                       
0001204f  C$$IO$$                                                                                                                       
00012a63  CPUcpsie                                                                                                                      
0000e213  DEBUGUARTIntHandler                                                                                                           
00011eb9  EEPROMInit                                                                                                                    
000112bd  EEPROMProgram                                                                                                                 
00011fb1  EEPROMRead                                                                                                                    
2000428b  ENC28J60ControlCS                                                                                                             
200028e2  EXTI_cnt                                                                                                                      
200028f8  Eclient                                                                                                                       
20002788  FLR_log_data                                                                                                                  
200027c8  FL_log_data                                                                                                                   
200042d0  GLCD_startup_time                                                                                                             
0000565d  GPIODIntHandler                                                                                                               
00012289  GPIODirModeSet                                                                                                                
00012be5  GPIOIntClear                                                                                                                  
00012a6f  GPIOIntEnable                                                                                                                 
00012569  GPIOIntRegister                                                                                                               
0001294b  GPIOIntStatus                                                                                                                 
00011a49  GPIOIntTypeSet                                                                                                                
000108e9  GPIOPadConfigSet                                                                                                              
00011bed  GPIOPinConfigure                                                                                                              
00012beb  GPIOPinRead                                                                                                                   
00012689  GPIOPinTypeADC                                                                                                                
0001269f  GPIOPinTypeGPIOInput                                                                                                          
0001251d  GPIOPinTypeGPIOOutput                                                                                                         
000126b5  GPIOPinTypeI2C                                                                                                                
000126cb  GPIOPinTypeI2CSCL                                                                                                             
000126e1  GPIOPinTypeSSI                                                                                                                
000126f7  GPIOPinTypeUART                                                                                                               
00012bf1  GPIOPinWrite                                                                                                                  
000118cd  HOSTtime64                                                                                                                    
00012ba5  I2CMasterBusy                                                                                                                 
00012c0f  I2CMasterControl                                                                                                              
00012c13  I2CMasterDataGet                                                                                                              
00012c17  I2CMasterDataPut                                                                                                              
00012b5f  I2CMasterEnable                                                                                                               
00011c39  I2CMasterInitExpClk                                                                                                           
00012bad  I2CMasterSlaveAddrSet                                                                                                         
00012959  I2CRxFIFOFlush                                                                                                                
00012967  I2CTxFIFOFlush                                                                                                                
00011795  IntEnable                                                                                                                     
000128ad  IntMasterEnable                                                                                                               
00012059  IntRegister                                                                                                                   
0000e39d  LTEUARTIntHandler                                                                                                             
20004298  NE_ADC_RAW_MAX                                                                                                                
20004290  PN_ADC_RAW_MAX                                                                                                                
00012b49  ResetISR                                                                                                                      
00013724  SHT$$INIT_ARRAY$$Base                                                                                                         
00013748  SHT$$INIT_ARRAY$$Limit                                                                                                        
00011f39  SSIConfigSetExpClk                                                                                                            
00012841  SSIDataGetNonBlocking                                                                                                         
00012975  SSIDataPutNonBlocking                                                                                                         
00012b69  SSIEnable                                                                                                                     
00010cf9  SysCtlClockGet                                                                                                                
0001100d  SysCtlClockSet                                                                                                                
00012bf7  SysCtlDelay                                                                                                                   
0001208d  SysCtlPeripheralDisable                                                                                                       
000120c1  SysCtlPeripheralEnable                                                                                                        
00011fe9  SysCtlPeripheralReady                                                                                                         
00011b4d  SysCtlPeripheralReset                                                                                                         
00012a7d  SysCtlResetCauseGet                                                                                                           
00012751  SysTickEnable                                                                                                                 
00012765  SysTickIntEnable                                                                                                              
000103d9  SysTickIntHandler                                                                                                             
000128bd  SysTickPeriodSet                                                                                                              
00012509  SysTick_Handler                                                                                                               
20002a5f  System_mode                                                                                                                   
2000296e  Telecom_Ethernet                                                                                                              
20002a24  Telecom_server_query                                                                                                          
0001192d  TimerConfigure                                                                                                                
00012983  TimerEnable                                                                                                                   
00012c1b  TimerIntClear                                                                                                                 
00012bb5  TimerIntEnable                                                                                                                
00011adb  TimerIntHandler                                                                                                               
00012853  TimerLoadSet                                                                                                                  
00012865  TimerPrescaleSet                                                                                                              
00012bbd  UARTBusy                                                                                                                      
00012991  UARTCharGetNonBlocking                                                                                                        
0001299f  UARTCharPutNonBlocking                                                                                                        
000129ad  UARTCharsAvail                                                                                                                
00011d61  UARTConfigSetExpClk                                                                                                           
0001240d  UARTDisable                                                                                                                   
00012779  UARTEnable                                                                                                                    
00012c1f  UARTIntClear                                                                                                                  
00012bc5  UARTIntEnable                                                                                                                 
00012b73  UARTIntStatus                                                                                                                 
20002a07  UIPEthernet                                                                                                                   
20002a68  WDT                                                                                                                           
00012b7d  WatchdogEnable                                                                                                                
00012bfd  WatchdogIntClear                                                                                                              
00012b87  WatchdogIntEnable                                                                                                             
000111e5  WatchdogIntHandler                                                                                                            
00012a89  WatchdogIntTypeSet                                                                                                            
00012bcd  WatchdogLock                                                                                                                  
000129bb  WatchdogLockState                                                                                                             
00012c23  WatchdogReloadSet                                                                                                             
00012b91  WatchdogResetEnable                                                                                                           
00012a95  WatchdogUnlock                                                                                                                
0000cca3  _Z10Chip_Erasev                                                                                                               
0000ac87  _Z10GetAdcDatav                                                                                                               
0001001b  _Z10I2CReceivev                                                                                                               
00005a31  _Z10ToggleLEDsv                                                                                                               
00001a85  _Z10asUnixTimeiiiiii                                                                                                          
0000d7af  _Z10clear_logsv                                                                                                               
00008435  _Z10getREQmodev                                                                                                               
0000f2e3  _Z10my_sprintfPciz                                                                                                            
000038fd  _Z10print_dashv                                                                                                               
00008421  _Z10setREQmode13gprs_status_t                                                                                                 
000037d1  _Z10updateGlcdv                                                                                                               
00002355  _Z10update_rtcPci                                                                                                             
000047e5  _Z10utcTOlocalP15gps_date_time_t                                                                                              
00011aa1  _Z10vTimerInitv                                                                                                               
00004e45  _Z10ws_connectv                                                                                                               
00005049  _Z10ws_disconnv                                                                                                               
00005ac1  _Z11SetODU_Mode14voltage_mode_t                                                                                               
0000cad7  _Z11SetSI_Inputv                                                                                                              
0000caf3  _Z11SetSO_Inputv                                                                                                              
0000e4bd  _Z11Usendbufferj                                                                                                              
0000d7df  _Z11clear_flashv                                                                                                              
0000f6af  _Z11count_commaPct                                                                                                            
0000c6f9  _Z11flashCopyMRPcS_                                                                                                           
0000f28d  _Z11getChecksumPhc                                                                                                            
00001dc1  _Z11getDateTimev                                                                                                              
0000d7fd  _Z11get_log_cnti                                                                                                              
00010219  _Z11get_rx_dataPc                                                                                                             
00003bdd  _Z11gps_handlerv                                                                                                              
00009f77  _Z11init_configv                                                                                                              
0000ffbd  _Z11vRTCI2CInitv                                                                                                              
0000a4d1  _Z12ADC_PortIniti                                                                                                             
00003195  _Z12AlarmDisplayv                                                                                                             
0000798d  _Z12Query_decodePcPKcS_i                                                                                                      
0000c9f7  _Z12Sector_Erasem                                                                                                             
0000cac9  _Z12SetSI_Outputv                                                                                                             
0000cae5  _Z12SetSO_Outputv                                                                                                             
00001ad5  _Z12calcTimeDiff12time_stamp_tS_                                                                                              
0001024b  _Z12check_stringPKcPcPi                                                                                                       
0000d7cb  _Z12clear_log_idv                                                                                                             
0000c58b  _Z12flashSwResetv                                                                                                             
0000d6b1  _Z12flashWriteTRv                                                                                                             
00009ca3  _Z12getRAM_Alarmv                                                                                                             
0000a43d  _Z12getRSTreasonv                                                                                                             
000039b5  _Z12get_locationv                                                                                                             
0000d8a5  _Z12get_log_dataimPc                                                                                                          
00005427  _Z12get_pkt_recvv                                                                                                             
00002843  _Z12is_leap_yearh                                                                                                             
00007aad  _Z12server_queryv                                                                                                             
00009c6b  _Z12setRAM_Alarm16Alarm_sts_bits_tb                                                                                           
0000542d  _Z12set_pkt_recvb                                                                                                             
00005a05  _Z12vEXTIpinInitv                                                                                                             
00006101  _Z12vEarthDetectv                                                                                                             
0000598d  _Z12vGPIO_Togglejhh                                                                                                           
000057b3  _Z12vLEDGPIOInitv                                                                                                             
0000e1ab  _Z12vLTEUARTInitv                                                                                                             
000122b5  _Z13SPI_transrecvjh                                                                                                           
000025fd  _Z13add_date_timeP12time_stamp_tS0_j                                                                                          
00005c59  _Z13controlRelaysv                                                                                                            
0000f525  _Z13delete_SubStrPcS_c                                                                                                        
0000c5a3  _Z13enable_wp_pinv                                                                                                            
00004a3b  _Z13ethernet_initv                                                                                                            
0000e5a5  _Z13flushRxBufferi                                                                                                            
0000e5d9  _Z13flushTxBufferi                                                                                                            
0000aa19  _Z13getODUCurrentv                                                                                                            
0000aadd  _Z13getODUVoltagev                                                                                                            
00009ce1  _Z13getRAM_Statusv                                                                                                            
0000beb7  _Z13get_device_idv                                                                                                            
0000ac5b  _Z13readACVoltagev                                                                                                            
00009ca9  _Z13setRAM_Statushb                                                                                                           
0000be15  _Z13set_device_idPc                                                                                                           
00010517  _Z13vMAIN_DelayMSj                                                                                                            
0000e401  _Z13vUART_SendChrjh                                                                                                           
0000e491  _Z13vUART_SendIntji                                                                                                           
0000e41f  _Z13vUART_SendStrjPKh                                                                                                         
00002a89  _Z14GLCD_Initalizev                                                                                                           
00002be1  _Z14GLCD_WriteCharc                                                                                                           
00002a11  _Z14GLCD_WriteDatah                                                                                                           
0000c2e9  _Z14Reset_Hold_Lowv                                                                                                           
000024dd  _Z14StrToTimeStampPh                                                                                                          
0001242d  _Z14__libcpp_isinfIdEbT_                                                                                                      
0001244d  _Z14__libcpp_isnanIdEbT_                                                                                                      
0000526d  _Z14ether_tcp_sendPci                                                                                                         
00001c1f  _Z14getDaysOfMonthcj                                                                                                          
0000aba7  _Z14getSMPSVoltagev                                                                                                           
00004981  _Z14get_gps_statusv                                                                                                           
000049a5  _Z14get_loc_statusv                                                                                                           
00005f25  _Z14isSupplyStablev                                                                                                           
0000c64d  _Z14readContToBuffmjPc                                                                                                        
00004991  _Z14set_gps_status13gprs_status_t                                                                                             
000049ab  _Z14set_loc_statusb                                                                                                           
0000e15d  _Z14vDEBUGUARTInitv                                                                                                           
00009e1d  _Z14write_defaultsj                                                                                                           
00002dcd  _Z15Data_Screen_lcdv                                                                                                          
00002bb3  _Z15GLCD_Clear_Lineh                                                                                                          
0000555d  _Z15HTTP_valid_codePc                                                                                                         
0000c2f7  _Z15Reset_Hold_Highv                                                                                                          
0000192b  _Z15check_date_timePcS_                                                                                                       
00006e9f  _Z15ether_cs_activev                                                                                                          
00004f6d  _Z15ether_ping_sendv                                                                                                          
0000c3bb  _Z15flashClrTR_Logsv                                                                                                          
0000d449  _Z15flashWriteMR_BRv                                                                                                          
000101d9  _Z15generateMaskKeyPh                                                                                                         
000112ad  _Z15getWDTreset_flgv                                                                                                          
[...]
00013630  _ZTSSt9type_info                                                                                                              
00013640  _ZTI9IPAddress                                                                                                                
0001364c  _ZTIN10__cxxabiv117__class_type_infoE                                                                                         
00013658  _ZTIN10__cxxabiv120__si_class_type_infoE                                                                                      
00013664  _ZTIN10__cxxabiv121__vmi_class_type_infoE                                                                                     
00013670  _ZTS9IPAddress                                                                                                                
0001367b  _ZTS9Printable                                                                                                                
00013686  _ZTS9UIPClient                                                                                                                
00013691  _ZTS9UIPServer                                                                                                                
000136ac  _ZTI3UDP                                                                                                                      
000136b4  _ZTI5Print                                                                                                                    
000136bc  _ZTI6Client                                                                                                                   
000136c4  _ZTI6Server                                                                                                                   
000136cc  _ZTI9Printable                                                                                                                
000136d4  _ZTISt9type_info                                                                                                              
000136dc  _ZTS6Client                                                                                                                   
000136e4  _ZTS6Server                                                                                                                   
000136ec  _ZTS6UIPUDP                                                                                                                   
000136f4  _ZTS5Print                                                                                                                    
00013713  _ZTS3UDP                                                                                                                      
00013724  SHT$$INIT_ARRAY$$Base                                                                                                         
00013748  SHT$$INIT_ARRAY$$Limit                                                                                                        
000137a8  __TI_Handler_Table_Base                                                                                                       
000137b4  __TI_Handler_Table_Limit                                                                                                      
000137c8  __TI_CINIT_Base                                                                                                               
000137e0  __TI_CINIT_Limit                                                                                                              
20000000  __start___llvm_prf_cnts                                                                                                       
20000000  __stop___llvm_prf_cnts                                                                                                        
20000000  g_pfnRAMVectors                                                                                                               
2000026c  ethernet_rx_buff                                                                                                              
20000ca0  ethernet_tx_buff                                                                                                              
200016d0  _ZN10MemoryPool6blocksE                                                                                                       
20001900  gprs_rx_buff                                                                                                                  
20001afc  gprs_tx_buff                                                                                                                  
20001cf8  dummy_json_string                                                                                                             
20001e80  adc                                                                                                                           
20001ffc  display_tx                                                                                                                    
2000212c  __CIOBUF_                                                                                                                     
2000224c  cloud_config                                                                                                                  
20002322  BCD_MODE                                                                                                                      
20002324  display_uart_rx                                                                                                               
200023c4  pc_uart_rx                                                                                                                    
20002464  e2p_cloud_config                                                                                                              
200024e4  uip_conns                                                                                                                     
20002564  _ZN9UIPClient8all_dataE                                                                                                       
200025d4  uip_buf                                                                                                                       
200026f4  pc_uart_tx                                                                                                                    
20002744  gps                                                                                                                           
20002788  FLR_log_data                                                                                                                  
200027c8  FL_log_data                                                                                                                   
20002808  uip_udp_conns                                                                                                                 
20002848  ram_data                                                                                                                      
2000287e  adc_arr                                                                                                                       
200028a7  time_main                                                                                                                     
200028c6  measurements                                                                                                                  
200028e2  EXTI_cnt                                                                                                                      
200028e4  gprs                                                                                                                          
200028f8  Eclient                                                                                                                       
20002908  client                                                                                                                        
20002918  e2p_device_info                                                                                                               
20002928  e2p_location_info                                                                                                             
20002938  freq_updated_data                                                                                                             
20002948  scheduler                                                                                                                     
20002962  Alarms                                                                                                                        
2000296e  Telecom_Ethernet                                                                                                              
200029c8  _ZN16UIPEthernetClass17_dnsServerAddressE                                                                                     
200029d8  e2p_config_time                                                                                                               
200029e0  e2p_router_config                                                                                                             
200029e8  gps_data                                                                                                                      
200029f0  parmbuf                                                                                                                       
200029f8  uip_listenports                                                                                                               
20002a00  gps_date_time                                                                                                                 
20002a07  UIPEthernet                                                                                                                   
20002a08  _ZN15Enc28J60Network10receivePktE                                                                                             
20002a0e  time_stamp                                                                                                                    
20002a14  _ZZN9UIPClient7connectE9IPAddresstE4conn                                                                                      
20002a24  Telecom_server_query                                                                                                          
20002a28  _ZN16UIPEthernetClass14periodic_timerE                                                                                        
20002a2c  __dso_handle                                                                                                                  
20002a30  _millis                                                                                                                       
20002a34  startTime                                                                                                                     
20002a38  u32DelayCounter                                                                                                               
20002a3c  uip_acc32                                                                                                                     
20002a40  uip_appdata                                                                                                                   
20002a44  uip_conn                                                                                                                      
20002a48  uip_draddr                                                                                                                    
20002a4c  uip_hostaddr                                                                                                                  
20002a50  uip_netmask                                                                                                                   
20002a54  uip_sappdata                                                                                                                  
20002a58  uip_udp_conn                                                                                                                  
20002a5c  relay_state                                                                                                                   
20002a5f  System_mode                                                                                                                   
20002a60  _ZN15Enc28J60Network13nextPacketPtrE                                                                                          
20002a62  gprs_rx_isr_handler                                                                                                           
20002a64  uip_len                                                                                                                       
20002a66  uip_slen                                                                                                                      
20002a68  WDT                                                                                                                           
20002a69  gps_handler_state                                                                                                             
20002a6a  network_status                                                                                                                
20002a6b  uip_flags                                                                                                                     
20002a6c  voltage_mode                                                                                                                  
20002a70  __stack                                                                                                                       
20002c70  __STACK_TOP                                                                                                                   
20004270  __STACK_END                                                                                                                   
20004270  server_response_str                                                                                                           
2000428b  ENC28J60ControlCS                                                                                                             
2000428c  _ZN15Enc28J60Network4bankE                                                                                                    
2000428d  _ZN15Enc28J60Network6erevidE                                                                                                  
2000428e  _ZN15Enc28J60Network17broadcast_enabledE                                                                                      
20004290  PN_ADC_RAW_MAX                                                                                                                
20004298  NE_ADC_RAW_MAX                                                                                                                
200042b4  _tz                                                                                                                           
200042c4  upload_time                                                                                                                   
200042c8  save_offline_time                                                                                                             
200042cc  relay_startup_time                                                                                                            
200042d0  GLCD_startup_time                                                                                                             
200042e1  _ZZN9UIPClient7connectE9IPAddresstE10first_call                                                                               
200042e2  _ZZN9UIPClient7connectE9IPAddresstE7timeout                                                                                   
200042e4  __TI_cleanup_ptr                                                                                                              
200042e8  __TI_dtors_ptr                                                                                                                
200042ec  __TI_enable_exit_profile_output                                                                                               
200042f0  g_bIntFlag                                                                                                                    
200042fc  gps_interval_start                                                                                                            
20004300  cnt_gps_1sec                                                                                                                  
20004308  _lock                                                                                                                         
2000430c  _unlock                                                                                                                       
20004318  screen_x                                                                                                                      
20004320  millis_cnt                                                                                                                    
20004324  ACVoltReadMillis                                                                                                              
20004328  _ZN16UIPEthernetClass9in_packetE                                                                                              
20004329  _ZN16UIPEthernetClass10uip_packetE                                                                                            
2000432a  _ZN16UIPEthernetClass10uip_hdrlenE                                                                                            
2000432b  _ZN16UIPEthernetClass11packetstateE                                                                                           
2000432c  _ZN16UIPEthernetClass5_dhcpE                                                                                                  
20004330  uip_ethaddr                                                                                                                   
20004348  _sys_memory                                                                                                                   
ffffffff  __TI_pprof_out_hndl                                                                                                           
ffffffff  __TI_prof_data_size                                                                                                           
ffffffff  __TI_prof_data_start                                                                                                          
ffffffff  __binit__                                                                                                                     
ffffffff  __c_args__                                                                                                                    
ffffffff  binit                                                                                                                         
UNDEFED   __mpu_init                                                                                                                    
UNDEFED   _system_post_cinit                                                                                                            

[910 symbols]
