******************************************************************************
                  TI ARM Linker PC v20.2.6                     
******************************************************************************
>> Linked Mon Jun 17 19:56:20 2024

OUTPUT FILE NAME:   <Telecom_IoT_v2_00.out>
ENTRY POINT SYMBOL: "_c_int00_noargs"  address: 00010dc1


MEMORY CONFIGURATION

         name            origin    length      used     unused   attr    fill
----------------------  --------  ---------  --------  --------  ----  --------
  FLASH                 00000000   00020000  00011f7e  0000e082  R  X
  SRAM                  20000000   00008000  00004092  00003f6e  RW X


SEGMENT ALLOCATION MAP

run origin  load origin   length   init length attrs members
----------  ----------- ---------- ----------- ----- -------
00000000    00000000    00011f80   00011f80    r-x
  00000000    00000000    0000026c   0000026c    r-- .intvecs
  0000026c    0000026c    0001155e   0001155e    r-x .text
  000117cc    000117cc    00000710   00000710    r-- .const
  00011edc    00011edc    00000024   00000024    r-- .init_array
  00011f00    00011f00    00000080   00000080    r-- .cinit
20000000    20000000    00004098   00000000    rw-
  20000000    20000000    000027ca   00000000    rw- .bss
  200027d0    200027d0    00001800   00000000    rw- .stack
  20003fd0    20003fd0    000000b8   00000000    rw- .data
  20004088    20004088    00000010   00000000    rw- .sysmem


SECTION ALLOCATION MAP

 output                                  attributes/
section   page    origin      length       input sections
--------  ----  ----------  ----------   ----------------
.intvecs   0    00000000    0000026c     
                  00000000    0000026c     tm4c1233e6pz_startup_ccs.obj (.intvecs)

.text      0    0000026c    0001155e     
                  0000026c    00001564     uip.obj (.text)
                  000017d0    0000139c     Telecom_Ethernet.obj (.text)
                  00002b6c    00001108     Clock.obj (.text)
                  00003c74    00000f04     flash_logger.obj (.text)
                  00004b78    00000c68     gps.obj (.text)
                  000057e0    00000bd0     UIPClient.obj (.text)
                  000063b0    00000bcc     Dhcp.obj (.text)
                  00006f7c    00000b94     Enc28J60Network.obj (.text)
                  00007b10    00000b44     Telecom_server_query.obj (.text)
                  00008654    00000ae0     UIPEthernet.obj (.text)
                  00009134    00000a84     PC_Cmds.obj (.text)
                  00009bb8    000009e0     E2P.obj (.text)
                  0000a598    000009c0     flashCore.obj (.text)
                  0000af58    000007b0     ADC_Core.obj (.text)
                  0000b708    00000794     UIPUdp.obj (.text)
                  0000be9c    000005e4     uip_arp.obj (.text)
                  0000c480    000005c4     main.obj (.text)
                  0000ca44    000005bc     UartCore.obj (.text)
                  0000d000    000005b8     Print.obj (.text)
                  0000d5b8    000005b0     Dns.obj (.text)
                  0000db68    000005b0     IO_cntrl.obj (.text)
                  0000e118    000004cc     _common.obj (.text)
                  0000e5e4    000002f0     mempool.obj (.text)
                  0000e8d4    000002b8     rtsv7M4_T_le_v4SPD16_eabi.lib : mktime64.c.obj (.text:__mktime64)
                  0000eb8c    00000284     UIPServer.obj (.text)
                  0000ee10    00000230     gprs.obj (.text)
                  0000f040    00000210     DS3231.obj (.text)
                  0000f250    000001b8     SysTick_Timer.obj (.text)
                  0000f408    000001b6     rtsv7M4_T_le_v4SPD16_eabi.lib : fd_add_t2.asm.obj (.text)
                  0000f5be    00000192     itoa.obj (.text)
                  0000f750    0000016c     driverlib.lib : gpio.obj (.text:GPIOPadConfigSet)
                  0000f8bc    0000016c     IPAddress.obj (.text)
                  0000fa28    00000136     rtsv7M4_T_le_v4SPD16_eabi.lib : fd_div_t2.asm.obj (.text)
                  0000fb5e    00000002                                   : stdlib_typeinfo.cpp.obj (.text:_ZNSt9type_infoD1Ev)
                  0000fb60    00000118     driverlib.lib : sysctl.obj (.text:SysCtlClockGet)
                  0000fc78    00000100     rtsv7M4_T_le_v4SPD16_eabi.lib : memory.c.obj (.text:aligned_alloc)
                  0000fd78    000000fc                                   : fd_mul_t2.asm.obj (.text)
                  0000fe74    000000f4     driverlib.lib : sysctl.obj (.text:SysCtlClockSet)
                  0000ff68    000000e4     rtsv7M4_T_le_v4SPD16_eabi.lib : memory.c.obj (.text:free)
                  0001004c    000000c4     driverlib.lib : eeprom.obj (.text:EEPROMProgram)
                  00010110    0000009c     rtsv7M4_T_le_v4SPD16_eabi.lib : memcpy_t2.asm.obj (.text)
                  000101ac    00000096                                   : ull_div_t2.asm.obj (.text)
                  00010242    00000086                                   : fd_cmp_t2.asm.obj (.text:__aeabi_cdcmple)
                  000102c8    00000086                                   : fd_cmp_t2.asm.obj (.text:__aeabi_cdrcmple)
                  0001034e    0000007a     driverlib.lib : adc.obj (.text:ADCSequenceStepConfigure)
                  000103c8    0000007a     rtsv7M4_T_le_v4SPD16_eabi.lib : memset_t2.asm.obj (.text)
                  00010442    00000002                                   : _lock.c.obj (.text:_nop)
                  00010444    00000070                                   : memory.c.obj (.text:split)
                  000104b4    0000006e                                   : ll_div_t2.asm.obj (.text)
                  00010522    00000002                                   : div0.asm.obj (.text)
                  00010524    00000068     driverlib.lib : interrupt.obj (.text:IntEnable)
                  0001058c    00000068     rtsv7M4_T_le_v4SPD16_eabi.lib : copy_decompress_lzss.c.obj (.text:decompress:lzss:__TI_decompress_lzss)
                  000105f4    00000060                                   : hosttime.c.obj (.text:HOSTtime64)
                  00010654    00000060                                   : autoinit.c.obj (.text:__TI_auto_init_nobinit:__TI_auto_init_nobinit)
                  000106b4    0000005c     Print.obj (.text:__isnan)
                  00010710    00000058     driverlib.lib : gpio.obj (.text:GPIOIntTypeSet)
                  00010768    00000054     Print.obj (.text:__isinf)
                  000107bc    00000050     driverlib.lib : sysctl.obj (.text:SysCtlPeripheralReset)
                  0001080c    0000004e                   : adc.obj (.text:ADCSequenceConfigure)
                  0001085a    00000002     --HOLE-- [fill = 0]
                  0001085c    0000004c                   : gpio.obj (.text:GPIOPinConfigure)
                  000108a8    0000004c                   : i2c.obj (.text:I2CMasterInitExpClk)
                  000108f4    0000004c     rtsv7M4_T_le_v4SPD16_eabi.lib : atoi.c.obj (.text:atoi)
                  00010940    00000048                                   : exit.c.obj (.text:exit)
                  00010988    00000048                                   : fd_toi_t2.asm.obj (.text)
                  000109d0    00000046     driverlib.lib : uart.obj (.text:UARTConfigSetExpClk)
                  00010a16    00000002     --HOLE-- [fill = 0]
                  00010a18    00000044     rtsv7M4_T_le_v4SPD16_eabi.lib : dtor_list.c.obj (.text:_Z25__add_destruction_to_listPP20a_needed_destructionPFYvPvES2_S2_)
                  00010a5c    00000044                                   : fd_tou_t2.asm.obj (.text)
                  00010aa0    00000042                                   : dtor_list.c.obj (.text:_Z23__finalize_destructionsPP20a_needed_destructionPv)
                  00010ae2    00000002     --HOLE-- [fill = 0]
                  00010ae4    00000040     driverlib.lib : eeprom.obj (.text:EEPROMInit)
                  00010b24    00000040     rtsv7M4_T_le_v4SPD16_eabi.lib : u_divt2.asm.obj (.text)
                  00010b64    0000003c     driverlib.lib : ssi.obj (.text:SSIConfigSetExpClk)
                  00010ba0    0000003c                   : eeprom.obj (.text:_EEPROMSectorMaskSet)
                  00010bdc    00000038                   : eeprom.obj (.text:EEPROMRead)
                  00010c14    00000038                   : sysctl.obj (.text:SysCtlPeripheralReady)
                  00010c4c    00000038     rtsv7M4_T_le_v4SPD16_eabi.lib : trgmsg.c.obj (.text:__TI_writemsg)
                  00010c84    00000038     delay.obj (.text)
                  00010cbc    00000034     driverlib.lib : sysctl.obj (.text:SysCtlPeripheralDisable)
                  00010cf0    00000034                   : sysctl.obj (.text:SysCtlPeripheralEnable)
                  00010d24    00000034                   : eeprom.obj (.text:_EEPROMSectorMaskClear)
                  00010d58    00000034     rtsv7M4_T_le_v4SPD16_eabi.lib : trgmsg.c.obj (.text:__TI_readmsg)
                  00010d8c    00000034                                   : dtor_list.c.obj (.text:__aeabi_atexit)
                  00010dc0    00000034                                   : boot_cortex_m.c.obj (.text:_c_int00_noargs:_c_int00_noargs)
                  00010df4    00000034                                   : rand.c.obj (.text:rand)
                  00010e28    00000034                                   : strstr.c.obj (.text:strstr)
                  00010e5c    0000002e     driverlib.lib : adc.obj (.text:ADCIntStatus)
                  00010e8a    0000002e     rtsv7M4_T_le_v4SPD16_eabi.lib : i_tofd_t2.asm.obj (.text)
                  00010eb8    0000002c     driverlib.lib : gpio.obj (.text:GPIODirModeSet)
                  00010ee4    0000002c     SPI.obj (.text)
                  00010f10    0000002c     rtsv7M4_T_le_v4SPD16_eabi.lib : strncmp.c.obj (.text:strncmp)
                  00010f3c    00000028                                   : memory.c.obj (.text:free_list_insert)
                  00010f64    00000024     Print.obj (.text:_ZN5Print5writeEPKc)
                  00010f88    00000024     Dhcp.obj (.text:_ZN9IPAddressC1ERKS_)
                  00010fac    00000024     Dhcp.obj (.text:_ZThn8_N6UIPUDP4readEPcj)
                  00010fd0    00000024     rtsv7M4_T_le_v4SPD16_eabi.lib : memcmp.c.obj (.text:memcmp)
                  00010ff4    00000024                                   : rand.c.obj (.text:srand)
                  00011018    00000022     UIPClient.obj (.text:_ZN9UIPClientneERKS_)
                  0001103a    00000002     --HOLE-- [fill = 0]
                  0001103c    00000020     driverlib.lib : uart.obj (.text:UARTDisable)
                  0001105c    00000020     Print.obj (.text:_Z14__libcpp_isinfIdEbT_)
                  0001107c    00000020     Print.obj (.text:_Z14__libcpp_isnanIdEbT_)
                  0001109c    00000020     rtsv7M4_T_le_v4SPD16_eabi.lib : u_tofd_t2.asm.obj (.text)
                  000110bc    0000001e     driverlib.lib : adc.obj (.text:ADCSequenceDataGet)
                  000110da    00000002     --HOLE-- [fill = 0]
                  000110dc    0000001c     UIPClient.obj (.text:_ZN5PrintC1Ev)
                  000110f8    0000001c     Dhcp.obj (.text:_ZNK9IPAddresseqERKS_)
                  00011114    0000001c     rtsv7M4_T_le_v4SPD16_eabi.lib : memory.c.obj (.text:free_list_remove)
                  00011130    0000001c     millis.obj (.text)
                  0001114c    0000001a     driverlib.lib : gpio.obj (.text:GPIOPinTypeGPIOOutput)
                  00011166    0000001a     Telecom_Ethernet.obj (.text:_ZN9IPAddressaSERKS_)
                  00011180    00000018     driverlib.lib : adc.obj (.text:ADCProcessorTrigger)
                  00011198    00000018     Print.obj (.text:_Z5isinfIdENSt3__29enable_ifIXaasr3std3__213is_arithmeticIT_EE5valuesr3std3__214numeric_limitsIS2_EE12has_infinityEbE4typeES2_)
                  000111b0    00000018     Print.obj (.text:_Z5isnanIdENSt3__29enable_ifIXsr3std3__217is_floating_pointIT_EE5valueEbE4typeES2_)
                  000111c8    00000018     UIPUdp.obj (.text:_ZN3UDPC1Ev)
                  000111e0    00000018     Telecom_Ethernet.obj (.text:_ZN5Print5writeEPKcj)
                  000111f8    00000018     UIPClient.obj (.text:_ZN6ClientC1Ev)
                  00011210    00000018     UIPServer.obj (.text:_ZN6ServerC1Ev)
                  00011228    00000018     Dhcp.obj (.text:_ZN6UIPUDP4readEPcj)
                  00011240    00000018     Dhcp.obj (.text:_ZN9PrintableC1ERKS_)
                  00011258    00000018     IPAddress.obj (.text:_ZN9PrintableC1Ev)
                  00011270    00000018     rtsv7M4_T_le_v4SPD16_eabi.lib : ll_mul_t2.asm.obj (.text)
                  00011288    00000018                                   : strcmp.c.obj (.text:strcmp)
                  000112a0    00000016     driverlib.lib : gpio.obj (.text:GPIOPinTypeADC)
                  000112b6    00000016                   : gpio.obj (.text:GPIOPinTypeGPIOInput)
                  000112cc    00000016                   : gpio.obj (.text:GPIOPinTypeI2C)
                  000112e2    00000016                   : gpio.obj (.text:GPIOPinTypeI2CSCL)
                  000112f8    00000016                   : gpio.obj (.text:GPIOPinTypeSSI)
                  0001130e    00000016                   : gpio.obj (.text:GPIOPinTypeUART)
                  00011324    00000016     UIPClient.obj (.text:_ZN9DNSClientC1Ev)
                  0001133a    00000016     UIPClient.obj (.text:_ZThn8_N9UIPClientD1Ev)
                  00011350    00000016     UIPServer.obj (.text:_ZThn8_N9UIPServerD1Ev)
                  00011366    00000002     --HOLE-- [fill = 0]
                  00011368    00000014     driverlib.lib : systick.obj (.text:SysTickEnable)
                  0001137c    00000014                   : systick.obj (.text:SysTickIntEnable)
                  00011390    00000014                   : uart.obj (.text:UARTEnable)
                  000113a4    00000014     Telecom_Ethernet.obj (.text:_ZN6ClientD0Ev)
                  000113b8    00000014     UIPServer.obj (.text:_ZN6ServerD0Ev)
                  000113cc    00000014     Telecom_Ethernet.obj (.text:_ZN9IPAddressD0Ev)
                  000113e0    00000014     Telecom_Ethernet.obj (.text:_ZN9IPAddressixEi)
                  000113f4    00000014     Telecom_Ethernet.obj (.text:_ZN9PrintableD0Ev)
                  00011408    00000014     Telecom_Ethernet.obj (.text:_ZN9UIPClientD0Ev)
                  0001141c    00000014     UIPServer.obj (.text:_ZN9UIPServerD0Ev)
                  00011430    00000014     rtsv7M4_T_le_v4SPD16_eabi.lib : strcpy.c.obj (.text:strcpy)
                  00011444    00000014                                   : strlen.c.obj (.text:strlen)
                  00011458    00000012     driverlib.lib : ssi.obj (.text:SSIDataGetNonBlocking)
                  0001146a    00000012     Telecom_server_query.obj (.text:_Z3absl)
                  0001147c    00000012     Telecom_Ethernet.obj (.text:_ZThn8_N9UIPClientD0Ev)
                  0001148e    00000012     UIPServer.obj (.text:_ZThn8_N9UIPServerD0Ev)
                  000114a0    00000010     driverlib.lib : interrupt.obj (.text:IntMasterEnable)
                  000114b0    00000010                   : sysctl.obj (.text:SysCtlReset)
                  000114c0    00000010                   : systick.obj (.text:SysTickPeriodSet)
                  000114d0    00000010                   : eeprom.obj (.text:_EEPROMWaitForDone)
                  000114e0    00000010     UIPEthernet.obj (.text:_ZN9DhcpClassC1Ev)
                  000114f0    00000010     Dhcp.obj (.text:_ZN9PrintableC2ERKS_)
                  00011500    00000010     Telecom_Ethernet.obj (.text:_ZN9UIPClientD1Ev)
                  00011510    00000010     UIPServer.obj (.text:_ZN9UIPServerD1Ev)
                  00011520    00000010     rtsv7M4_T_le_v4SPD16_eabi.lib : time64.c.obj (.text:__time64)
                  00011530    00000010                                   : isdigit.c.obj (.text:isdigit)
                  00011540    0000000e     driverlib.lib : adc.obj (.text:ADCSequenceEnable)
                  0001154e    0000000e                   : gpio.obj (.text:GPIOIntStatus)
                  0001155c    0000000e                   : i2c.obj (.text:I2CRxFIFOFlush)
                  0001156a    0000000e                   : i2c.obj (.text:I2CTxFIFOFlush)
                  00011578    0000000e                   : ssi.obj (.text:SSIDataPutNonBlocking)
                  00011586    0000000e                   : uart.obj (.text:UARTCharGetNonBlocking)
                  00011594    0000000e                   : uart.obj (.text:UARTCharPutNonBlocking)
                  000115a2    0000000e                   : uart.obj (.text:UARTCharsAvail)
                  000115b0    0000000e     rtsv7M4_T_le_v4SPD16_eabi.lib : typeinfo.c.obj (.text:_ZN10__cxxabiv117__class_type_infoD0Ev)
                  000115be    0000000e                                   : typeinfo.c.obj (.text:_ZN10__cxxabiv120__si_class_type_infoD0Ev)
                  000115cc    0000000e                                   : typeinfo.c.obj (.text:_ZN10__cxxabiv121__vmi_class_type_infoD0Ev)
                  000115da    0000000e     UIPClient.obj (.text:_ZN9DNSClientD1Ev)
                  000115e8    0000000e     Dns.obj (.text:_ZN9IPAddress11raw_addressEv)
                  000115f6    0000000e     Telecom_Ethernet.obj (.text:_ZN9IPAddressD1Ev)
                  00011604    0000000e     Telecom_Ethernet.obj (.text:_ZN9PrintableaSERKS_)
                  00011612    0000000e     Print.obj (.text:_ZNK6String5c_strEv)
                  00011620    0000000e     Print.obj (.text:_ZNK6String6lengthEv)
                  0001162e    0000000e     Dns.obj (.text:_ZNK9IPAddresscvjEv)
                  0001163c    0000000e     rtsv7M4_T_le_v4SPD16_eabi.lib : copy_decompress_none.c.obj (.text:decompress:none:__TI_decompress_none)
                  0001164a    0000000c     driverlib.lib : cpu.obj (.text:CPUcpsie)
                  00011656    0000000c                   : gpio.obj (.text:GPIOIntEnable)
                  00011662    0000000c     UIPUdp.obj (.text:_ZN3UDPC2Ev)
                  0001166e    0000000c     UIPClient.obj (.text:_ZN5PrintC2Ev)
                  0001167a    0000000c     UIPClient.obj (.text:_ZN6ClientC2Ev)
                  00011686    0000000c     Telecom_Ethernet.obj (.text:_ZN6ClientD1Ev)
                  00011692    0000000c     Telecom_Ethernet.obj (.text:_ZN6ClientD2Ev)
                  0001169e    0000000c     UIPServer.obj (.text:_ZN6ServerC2Ev)
                  000116aa    0000000c     UIPServer.obj (.text:_ZN6ServerD1Ev)
                  000116b6    0000000c     UIPServer.obj (.text:_ZN6ServerD2Ev)
                  000116c2    0000000c     IPAddress.obj (.text:_ZN9PrintableC2Ev)
                  000116ce    0000000c     Telecom_Ethernet.obj (.text:_ZN9PrintableD1Ev)
                  000116da    0000000c     Telecom_Ethernet.obj (.text:_ZN9PrintableD2Ev)
                  000116e6    00000002     --HOLE-- [fill = 0]
                  000116e8    0000000c     rtsv7M4_T_le_v4SPD16_eabi.lib : dtor_list.c.obj (.text:__cxa_finalize)
                  000116f4    0000000c                                   : guard.c.obj (.text:__cxa_guard_acquire)
                  00011700    0000000c                                   : copy_zero_init.c.obj (.text:decompress:ZI:__TI_zero_init)
                  0001170c    0000000c     tm4c1233e6pz_startup_ccs.obj (.text)
                  00011718    0000000a     driverlib.lib : adc.obj (.text:ADCIntClear)
                  00011722    0000000a                   : i2c.obj (.text:I2CMasterEnable)
                  0001172c    0000000a                   : ssi.obj (.text:SSIEnable)
                  00011736    0000000a                   : uart.obj (.text:UARTIntStatus)
                  00011740    0000000a     rtsv7M4_T_le_v4SPD16_eabi.lib : guard.c.obj (.text:__cxa_guard_release)
                  0001174a    00000008     driverlib.lib : i2c.obj (.text:I2CMasterBusy)
                  00011752    00000008                   : i2c.obj (.text:I2CMasterSlaveAddrSet)
                  0001175a    00000008                   : uart.obj (.text:UARTBusy)
                  00011762    00000008                   : uart.obj (.text:UARTIntEnable)
                  0001176a    00000008     rtsv7M4_T_le_v4SPD16_eabi.lib : new.cpp.obj (.text:_ZdlPv)
                  00011772    00000008                                   : memory.c.obj (.text:malloc)
                  0001177a    00000006     driverlib.lib : gpio.obj (.text:GPIOIntClear)
                  00011780    00000006                   : gpio.obj (.text:GPIOPinRead)
                  00011786    00000006                   : gpio.obj (.text:GPIOPinWrite)
                  0001178c    00000006                   : sysctl.obj (.text:SysCtlDelay)
                  00011792    00000006     rtsv7M4_T_le_v4SPD16_eabi.lib : dtor_list.c.obj (.text:__cxa_ia64_exit)
                  00011798    00000006                                   : pure_virt.c.obj (.text:__cxa_pure_virtual)
                  0001179e    00000004     driverlib.lib : i2c.obj (.text:I2CMasterControl)
                  000117a2    00000004                   : i2c.obj (.text:I2CMasterDataGet)
                  000117a6    00000004                   : i2c.obj (.text:I2CMasterDataPut)
                  000117aa    00000004                   : uart.obj (.text:UARTIntClear)
                  000117ae    00000004     rtsv7M4_T_le_v4SPD16_eabi.lib : typeinfo.c.obj (.text:_ZN10__cxxabiv117__class_type_infoD1Ev)
                  000117b2    00000004                                   : typeinfo.c.obj (.text:_ZN10__cxxabiv120__si_class_type_infoD1Ev)
                  000117b6    00000004                                   : typeinfo.c.obj (.text:_ZN10__cxxabiv121__vmi_class_type_infoD1Ev)
                  000117ba    00000004                                   : new.cpp.obj (.text:_ZdlPvj)
                  000117be    00000004                                   : error.c.obj (.text:__abort_execution)
                  000117c2    00000004                                   : pre_init.c.obj (.text:_system_pre_init)
                  000117c6    00000004                                   : exit.c.obj (.text:abort:abort)

.const     0    000117cc    00000710     
                  000117cc    00000101     rtsv7M4_T_le_v4SPD16_eabi.lib : ctype.c.obj (.const:.string:_ctypes_)
                  000118cd    00000003     --HOLE-- [fill = 0]
                  000118d0    00000090     UIPUdp.obj (.const:_ZTV6UIPUDP)
                  00011960    00000090     driverlib.lib : gpio.obj (.const:g_pui32GPIOBaseAddrs)
                  000119f0    0000008c     UIPClient.obj (.const:_ZTV9UIPClient)
                  00011a7c    0000006c     driverlib.lib : sysctl.obj (.const:g_pui32Xtals)
                  00011ae8    00000060     rtsv7M4_T_le_v4SPD16_eabi.lib : mktime64.c.obj (.const:$O1$$)
                  00011b48    00000048     UIPUdp.obj (.const:_ZTV3UDP)
                  00011b90    00000041     _common.obj (.const:.string:$P$T0$1)
                  00011bd1    00000003     --HOLE-- [fill = 0]
                  00011bd4    00000040     UIPClient.obj (.const:_ZTV6Client)
                  00011c14    00000034     UIPServer.obj (.const:_ZTV9UIPServer)
                  00011c48    00000026     rtsv7M4_T_le_v4SPD16_eabi.lib : typeinfo.c.obj (.const:.typeinfo:_ZTSN10__cxxabiv121__vmi_class_type_infoE)
                  00011c6e    00000025                                   : typeinfo.c.obj (.const:.typeinfo:_ZTSN10__cxxabiv120__si_class_type_infoE)
                  00011c93    00000001     --HOLE-- [fill = 0]
                  00011c94    00000024     Clock.obj (.const:$P$T0$1)
                  00011cb8    00000022     rtsv7M4_T_le_v4SPD16_eabi.lib : typeinfo.c.obj (.const:.typeinfo:_ZTSN10__cxxabiv117__class_type_infoE)
                  00011cda    00000002     --HOLE-- [fill = 0]
                  00011cdc    00000020     UIPUdp.obj (.const:.typeinfo:_ZTI6UIPUDP)
                  00011cfc    00000020     UIPClient.obj (.const:.typeinfo:_ZTI9UIPClient)
                  00011d1c    00000020     UIPServer.obj (.const:.typeinfo:_ZTI9UIPServer)
                  00011d3c    00000019     Telecom_Ethernet.obj (.const:.string:$P$T5$5)
                  00011d55    00000003     --HOLE-- [fill = 0]
                  00011d58    00000014     UIPServer.obj (.const:_ZTV6Server)
                  00011d6c    00000014     IPAddress.obj (.const:_ZTV9IPAddress)
                  00011d80    00000014     Dhcp.obj (.const:_ZTV9Printable)
                  00011d94    00000014     driverlib.lib : interrupt.obj (.const:g_pui32EnRegs)
                  00011da8    00000010     Print.obj (.const:_ZTV5Print)
                  00011db8    00000010     rtsv7M4_T_le_v4SPD16_eabi.lib : typeinfo.c.obj (.const:_ZTVN10__cxxabiv117__class_type_infoE)
                  00011dc8    00000010                                   : typeinfo.c.obj (.const:_ZTVN10__cxxabiv120__si_class_type_infoE)
                  00011dd8    00000010                                   : typeinfo.c.obj (.const:_ZTVN10__cxxabiv121__vmi_class_type_infoE)
                  00011de8    0000000d                                   : stdlib_typeinfo.cpp.obj (.const:.typeinfo:_ZTSSt9type_info)
                  00011df5    00000003     --HOLE-- [fill = 0]
                  00011df8    0000000c     IPAddress.obj (.const:.typeinfo:_ZTI9IPAddress)
                  00011e04    0000000c     rtsv7M4_T_le_v4SPD16_eabi.lib : typeinfo.c.obj (.const:.typeinfo:_ZTIN10__cxxabiv117__class_type_infoE)
                  00011e10    0000000c                                   : typeinfo.c.obj (.const:.typeinfo:_ZTIN10__cxxabiv120__si_class_type_infoE)
                  00011e1c    0000000c                                   : typeinfo.c.obj (.const:.typeinfo:_ZTIN10__cxxabiv121__vmi_class_type_infoE)
                  00011e28    0000000b     IPAddress.obj (.const:.typeinfo:_ZTS9IPAddress)
                  00011e33    0000000b     Dhcp.obj (.const:.typeinfo:_ZTS9Printable)
                  00011e3e    0000000b     UIPClient.obj (.const:.typeinfo:_ZTS9UIPClient)
                  00011e49    0000000b     UIPServer.obj (.const:.typeinfo:_ZTS9UIPServer)
                  00011e54    00000008     Clock.obj (.const:$P$T1$2)
                  00011e5c    00000008     Telecom_Ethernet.obj (.const:.string:$P$T7$12)
                  00011e64    00000008     UIPUdp.obj (.const:.typeinfo:_ZTI3UDP)
                  00011e6c    00000008     Print.obj (.const:.typeinfo:_ZTI5Print)
                  00011e74    00000008     UIPClient.obj (.const:.typeinfo:_ZTI6Client)
                  00011e7c    00000008     UIPServer.obj (.const:.typeinfo:_ZTI6Server)
                  00011e84    00000008     Dhcp.obj (.const:.typeinfo:_ZTI9Printable)
                  00011e8c    00000008     rtsv7M4_T_le_v4SPD16_eabi.lib : stdlib_typeinfo.cpp.obj (.const:.typeinfo:_ZTISt9type_info)
                  00011e94    00000008     UIPClient.obj (.const:.typeinfo:_ZTS6Client)
                  00011e9c    00000008     UIPServer.obj (.const:.typeinfo:_ZTS6Server)
                  00011ea4    00000008     UIPUdp.obj (.const:.typeinfo:_ZTS6UIPUDP)
                  00011eac    00000007     Print.obj (.const:.typeinfo:_ZTS5Print)
                  00011eb3    00000006     Telecom_Ethernet.obj (.const:.string:$P$T3$1)
                  00011eb9    00000006     UIPEthernet.obj (.const:.string:$P$T6$1)
                  00011ebf    00000006     Telecom_Ethernet.obj (.const:.string:$P$T6$8)
                  00011ec5    00000006     uip_arp.obj (.const:broadcast_ethaddr)
                  00011ecb    00000005     UIPUdp.obj (.const:.typeinfo:_ZTS3UDP)
                  00011ed0    00000004     uip.obj (.const:all_ones_addr)
                  00011ed4    00000004     uip.obj (.const:all_zeroes_addr)
                  00011ed8    00000004     uip_arp.obj (.const:broadcast_ipaddr)

.cinit     0    00011f00    00000080     
                  00011f00    00000055     (.cinit..data.load) [load image, compression = lzss]
                  00011f55    00000003     --HOLE-- [fill = 0]
                  00011f58    0000000c     (__TI_handler_table)
                  00011f64    00000004     --HOLE-- [fill = 0]
                  00011f68    00000008     (.cinit..bss.load) [load image, compression = zero_init]
                  00011f70    00000010     (__TI_cinit_table)

.init_array 
*          0    00011edc    00000024     
                  00011edc    00000004     IPAddress.obj (.init_array)
                  00011ee0    00000004     UIPUdp.obj (.init_array)
                  00011ee4    00000004     UIPServer.obj (.init_array)
                  00011ee8    00000004     UIPEthernet.obj (.init_array)
                  00011eec    00000004     UIPClient.obj (.init_array)
                  00011ef0    00000004     Dns.obj (.init_array)
                  00011ef4    00000004     Dhcp.obj (.init_array)
                  00011ef8    00000004     main.obj (.init_array)
                  00011efc    00000004     Telecom_Ethernet.obj (.init_array)

.bss       0    20000000    000027ca     UNINITIALIZED
                  20000000    00000a34     (.common:ethernet_rx_buff)
                  20000a34    00000a30     (.common:ethernet_tx_buff)
                  20001464    00000230     (.common:_ZN10MemoryPool6blocksE)
                  20001694    000001fc     (.common:gprs_rx_buff)
                  20001890    000001fc     (.common:gprs_tx_buff)
                  20001a8c    00000188     (.common:dummy_json_string)
                  20001c14    0000017c     (.common:adc)
                  20001d90    00000130     (.common:display_tx)
                  20001ec0    00000120     rtsv7M4_T_le_v4SPD16_eabi.lib : trgmsg.c.obj (.bss:_CIOBUF_)
                  20001fe0    000000d6     (.common:cloud_config)
                  200020b6    00000002     (.common:EXTI_cnt)
                  200020b8    000000a0     (.common:display_uart_rx)
                  20002158    000000a0     (.common:pc_uart_rx)
                  200021f8    00000080     (.common:e2p_cloud_config)
                  20002278    00000080     (.common:uip_conns)
                  200022f8    00000070     (.common:_ZN9UIPClient8all_dataE)
                  20002368    00000064     (.common:uip_buf)
                  200023cc    00000060     uip_arp.obj (.bss:arp_table)
                  2000242c    0000005c     UIPEthernet.obj (.bss:s_dhcp)
                  20002488    00000050     (.common:pc_uart_tx)
                  200024d8    00000043     (.common:gps)
                  2000251b    00000040     (.common:FLR_log_data)
                  2000255b    00000040     (.common:FL_log_data)
                  2000259b    00000001     UIPEthernet.obj (.bss:UIPEthernet)
                  2000259c    00000040     (.common:uip_udp_conns)
                  200025dc    00000036     (.common:ram_data)
                  20002612    0000001f     (.common:time_main)
                  20002631    0000001c     (.common:measurements)
                  2000264d    00000001     (.common:System_mode)
                  2000264e    00000002     (.common:_ZN15Enc28J60Network13nextPacketPtrE)
                  20002650    00000014     (.common:gprs)
                  20002664    00000010     Telecom_Ethernet.obj (.bss:Eclient)
                  20002674    00000010     Telecom_Ethernet.obj (.bss:client)
                  20002684    00000010     (.common:e2p_device_info)
                  20002694    00000010     (.common:e2p_location_info)
                  200026a4    00000010     (.common:freq_updated_data)
                  200026b4    0000000e     (.common:scheduler)
                  200026c2    0000000c     Telecom_Ethernet.obj (.bss)
                  200026ce    0000000c     (.common:Alarms)
                  200026da    0000000b     (.common:Telecom_Ethernet)
                  200026e5    00000002     (.common:gprs_rx_isr_handler)
                  200026e7    00000001     (.common:gps_handler_state)
                  200026e8    00000008     Dhcp.obj (.bss)
                  200026f0    00000008     Dhcp.obj (.bss:INADDR_NONE)
                  200026f8    00000008     Dns.obj (.bss:INADDR_NONE)
                  20002700    00000008     IPAddress.obj (.bss:INADDR_NONE)
                  20002708    00000008     Telecom_Ethernet.obj (.bss:INADDR_NONE)
                  20002710    00000008     UIPClient.obj (.bss:INADDR_NONE)
                  20002718    00000008     UIPEthernet.obj (.bss:INADDR_NONE)
                  20002720    00000008     UIPServer.obj (.bss:INADDR_NONE)
                  20002728    00000008     UIPUdp.obj (.bss:INADDR_NONE)
                  20002730    00000008     main.obj (.bss:INADDR_NONE)
                  20002738    00000008     UIPEthernet.obj (.bss:_ZN16UIPEthernetClass17_dnsServerAddressE)
                  20002740    00000008     uip.obj (.bss)
                  20002748    00000008     (.common:e2p_config_time)
                  20002750    00000008     (.common:e2p_router_config)
                  20002758    00000008     (.common:gps_data)
                  20002760    00000008     (.common:parmbuf)
                  20002768    00000008     (.common:uip_listenports)
                  20002770    00000006     (.common:_ZN15Enc28J60Network10receivePktE)
                  20002776    00000006     (.common:time_stamp)
                  2000277c    00000004     UIPClient.obj (.bss:_ZZN9UIPClient7connectE9IPAddresstE4conn)
                  20002780    00000004     uip_arp.obj (.bss:ipaddr)
                  20002784    00000004     uip.obj (.bss:iss)
                  20002788    00000004     uip_arp.obj (.bss)
                  2000278c    00000004     (.common:Telecom_server_query)
                  20002790    00000004     (.common:_ZN16UIPEthernetClass14periodic_timerE)
                  20002794    00000004     (.common:__dso_handle)
                  20002798    00000004     (.common:_millis)
                  2000279c    00000004     (.common:startTime)
                  200027a0    00000004     (.common:u32DelayCounter)
                  200027a4    00000004     (.common:uip_acc32)
                  200027a8    00000004     (.common:uip_appdata)
                  200027ac    00000004     (.common:uip_conn)
                  200027b0    00000004     (.common:uip_draddr)
                  200027b4    00000004     (.common:uip_hostaddr)
                  200027b8    00000004     (.common:uip_netmask)
                  200027bc    00000004     (.common:uip_sappdata)
                  200027c0    00000004     (.common:uip_udp_conn)
                  200027c4    00000002     (.common:uip_len)
                  200027c6    00000002     (.common:uip_slen)
                  200027c8    00000001     (.common:uip_flags)
                  200027c9    00000001     (.common:voltage_mode)

.stack     0    200027d0    00001800     UNINITIALIZED
                  200027d0    00000004     rtsv7M4_T_le_v4SPD16_eabi.lib : boot_cortex_m.c.obj (.stack)
                  200027d4    000017fc     --HOLE--

.data      0    20003fd0    000000b8     UNINITIALIZED
                  20003fd0    0000001b     Telecom_server_query.obj (.data:server_response_str)
                  20003feb    00000004     Enc28J60Network.obj (.data)
                  20003fef    00000001     Dhcp.obj (.data)
                  20003ff0    00000010     ADC_Core.obj (.data)
                  20004000    00000010     flash_logger.obj (.data:FL_data)
                  20004010    00000010     rtsv7M4_T_le_v4SPD16_eabi.lib : tmzone.c.obj (.data:_tz)
                  20004020    0000000d     Telecom_Ethernet.obj (.data)
                  2000402d    00000001     IO_cntrl.obj (.data)
                  2000402e    00000002     UIPClient.obj (.data:_ZZN9UIPClient7connectE9IPAddresstE7timeout)
                  20004030    0000000c     rtsv7M4_T_le_v4SPD16_eabi.lib : exit.c.obj (.data:$O1$$)
                  2000403c    0000000c     gps.obj (.data)
                  20004048    00000008     rtsv7M4_T_le_v4SPD16_eabi.lib : _lock.c.obj (.data:$O1$$)
                  20004050    00000008                                   : memory.c.obj (.data:$O1$$)
                  20004058    00000008     UIPEthernet.obj (.data)
                  20004060    00000008     UartCore.obj (.data)
                  20004068    00000008     main.obj (.data)
                  20004070    00000006     uip.obj (.data:uip_ethaddr)
                  20004076    00000001     UIPClient.obj (.data:_ZZN9UIPClient7connectE9IPAddresstE10first_call)
                  20004077    00000001     --HOLE--
                  20004078    00000004     SysTick_Timer.obj (.data)
                  2000407c    00000004     _common.obj (.data)
                  20004080    00000004     rtsv7M4_T_le_v4SPD16_eabi.lib : dtor_list.c.obj (.data)
                  20004084    00000004                                   : rand.c.obj (.data)

.sysmem    0    20004088    00000010     UNINITIALIZED
                  20004088    00000010     rtsv7M4_T_le_v4SPD16_eabi.lib : memory.c.obj (.sysmem)

__llvm_prf_cnts 
*          0    20000000    00000000     UNINITIALIZED

MODULE SUMMARY

       Module                         code    ro data   rw data
       ------                         ----    -------   -------
    .\
       tm4c1233e6pz_startup_ccs.obj   12      620       0      
    +--+------------------------------+-------+---------+---------+
       Total:                         12      620       0      
                                                               
    .\Sources\
       Telecom_Ethernet.obj           5280    49        5296   
       Clock.obj                      4360    44        37     
       flash_logger.obj               3844    0         214    
       Telecom_server_query.obj       2902    0         423    
       gps.obj                        3176    0         88     
       E2P.obj                        2528    0         390    
       PC_Cmds.obj                    2692    0         1      
       flashCore.obj                  2496    0         0      
       ADC_Core.obj                   1968    0         424    
       UartCore.obj                   1468    0         712    
       gprs.obj                       560     0         1038   
       main.obj                       1476    4         28     
       IO_cntrl.obj                   1456    0         4      
       _common.obj                    1228    65        4      
       DS3231.obj                     528     0         0      
       SysTick_Timer.obj              440     0         22     
       delay.obj                      56      0         0      
       SPI.obj                        44      0         0      
    +--+------------------------------+-------+---------+---------+
       Total:                         36502   162       8681   
                                                               
    .\Sources\UIPEthernet\
       UIPClient.obj                  3192    267       127    
       Dhcp.obj                       3184    43        21     
       UIPEthernet.obj                2800    10        121    
       UIPUdp.obj                     1976    273       8      
       Dns.obj                        1484    4         8      
       UIPServer.obj                  800     135       8      
    +--+------------------------------+-------+---------+---------+
       Total:                         13436   732       293    
                                                               
    .\Sources\UIPEthernet\mbed\
       Print.obj                      1816    31        0      
       IPAddress.obj                  400     47        8      
       itoa.obj                       402     0         0      
       millis.obj                     28      0         4      
    +--+------------------------------+-------+---------+---------+
       Total:                         2646    78        12     
                                                               
    .\Sources\UIPEthernet\utility\
       uip.obj                        5476    8         355    
       Enc28J60Network.obj            2964    0         12     
       uip_arp.obj                    1508    10        104    
       mempool.obj                    752     0         560    
    +--+------------------------------+-------+---------+---------+
       Total:                         10700   18        1031   
                                                               
    C:/ti/TivaWare_C_Series-2.2.0.295/driverlib/ccs/Debug/driverlib.lib
       gpio.obj                       774     144       0      
       sysctl.obj                     786     108       0      
       eeprom.obj                     444     0         0      
       adc.obj                        324     0         0      
       uart.obj                       194     0         0      
       i2c.obj                        142     0         0      
       interrupt.obj                  120     20        0      
       ssi.obj                        102     0         0      
       systick.obj                    56      0         0      
       cpu.obj                        12      0         0      
    +--+------------------------------+-------+---------+---------+
       Total:                         2954    272       0      
                                                               
    C:\ti\ccs1110\ccs\tools\compiler\ti-cgt-arm_20.2.6.LTS\lib\rtsv7M4_T_le_v4SPD16_eabi.lib
       mktime64.c.obj                 696     96        0      
       memory.c.obj                   672     0         8      
       fd_add_t2.asm.obj              438     0         0      
       trgmsg.c.obj                   108     0         288    
       fd_div_t2.asm.obj              310     0         0      
       fd_cmp_t2.asm.obj              268     0         0      
       ctype.c.obj                    0       257       0      
       fd_mul_t2.asm.obj              252     0         0      
       typeinfo.c.obj                 54      193       0      
       dtor_list.c.obj                204     0         8      
       memcpy_t2.asm.obj              156     0         0      
       ull_div_t2.asm.obj             150     0         0      
       memset_t2.asm.obj              122     0         0      
       ll_div_t2.asm.obj              110     0         0      
       copy_decompress_lzss.c.obj     104     0         0      
       autoinit.c.obj                 96      0         0      
       hosttime.c.obj                 96      0         0      
       rand.c.obj                     88      0         4      
       exit.c.obj                     76      0         12     
       atoi.c.obj                     76      0         0      
       fd_toi_t2.asm.obj              72      0         0      
       fd_tou_t2.asm.obj              68      0         0      
       u_divt2.asm.obj                64      0         0      
       boot_cortex_m.c.obj            52      0         0      
       strstr.c.obj                   52      0         0      
       i_tofd_t2.asm.obj              46      0         0      
       strncmp.c.obj                  44      0         0      
       memcmp.c.obj                   36      0         0      
       u_tofd_t2.asm.obj              32      0         0      
       ll_mul_t2.asm.obj              24      0         0      
       strcmp.c.obj                   24      0         0      
       stdlib_typeinfo.cpp.obj        2       21        0      
       guard.c.obj                    22      0         0      
       strcpy.c.obj                   20      0         0      
       strlen.c.obj                   20      0         0      
       isdigit.c.obj                  16      0         0      
       time64.c.obj                   16      0         0      
       tmzone.c.obj                   0       0         16     
       copy_decompress_none.c.obj     14      0         0      
       copy_zero_init.c.obj           12      0         0      
       new.cpp.obj                    12      0         0      
       _lock.c.obj                    2       0         8      
       hostopen.c.obj                 0       0         8      
       pure_virt.c.obj                6       0         0      
       error.c.obj                    4       0         0      
       pre_init.c.obj                 4       0         0      
       div0.asm.obj                   2       0         0      
    +--+------------------------------+-------+---------+---------+
       Total:                         4742    567       352    
                                                               
       Heap:                          0       0         16     
       Stack:                         0       0         6144   
       Linker Generated:              0       121       0      
    +--+------------------------------+-------+---------+---------+
       Grand Total:                   70992   2570      16529  


LINKER GENERATED COPY TABLES

__TI_cinit_table @ 00011f70 records: 2, size/record: 8, table size: 16
	.data: load addr=00011f00, load size=00000055 bytes, run addr=20003fd0, run size=000000b8 bytes, compression=lzss
	.bss: load addr=00011f68, load size=00000008 bytes, run addr=20000000, run size=000027ca bytes, compression=zero_init


LINKER GENERATED HANDLER TABLE

__TI_handler_table @ 00011f58 records: 3, size/record: 4, table size: 12
	index: 0, handler: __TI_decompress_lzss
	index: 1, handler: __TI_decompress_none
	index: 2, handler: __TI_zero_init


GLOBAL SYMBOLS: SORTED ALPHABETICALLY BY Name 

address   name                                                                                                                          
-------   ----                                                                                                                          
00011719  ADCIntClear                                                                                                                   
00010e5d  ADCIntStatus                                                                                                                  
00011181  ADCProcessorTrigger                                                                                                           
0001080d  ADCSequenceConfigure                                                                                                          
000110bd  ADCSequenceDataGet                                                                                                            
00011541  ADCSequenceEnable                                                                                                             
0001034f  ADCSequenceStepConfigure                                                                                                      
200026ce  Alarms                                                                                                                        
000117c7  C$$EXIT                                                                                                                       
00010c7b  C$$IO$$                                                                                                                       
0001164b  CPUcpsie                                                                                                                      
0000cafb  DEBUGUARTIntHandler                                                                                                           
00010ae5  EEPROMInit                                                                                                                    
0001004d  EEPROMProgram                                                                                                                 
00010bdd  EEPROMRead                                                                                                                    
20003feb  ENC28J60ControlCS                                                                                                             
200020b6  EXTI_cnt                                                                                                                      
20002664  Eclient                                                                                                                       
2000251b  FLR_log_data                                                                                                                  
2000255b  FL_log_data                                                                                                                   
0000db69  GPIODIntHandler                                                                                                               
00010eb9  GPIODirModeSet                                                                                                                
0001177b  GPIOIntClear                                                                                                                  
00011657  GPIOIntEnable                                                                                                                 
0001154f  GPIOIntStatus                                                                                                                 
00010711  GPIOIntTypeSet                                                                                                                
0000f751  GPIOPadConfigSet                                                                                                              
0001085d  GPIOPinConfigure                                                                                                              
00011781  GPIOPinRead                                                                                                                   
000112a1  GPIOPinTypeADC                                                                                                                
000112b7  GPIOPinTypeGPIOInput                                                                                                          
0001114d  GPIOPinTypeGPIOOutput                                                                                                         
000112cd  GPIOPinTypeI2C                                                                                                                
000112e3  GPIOPinTypeI2CSCL                                                                                                             
000112f9  GPIOPinTypeSSI                                                                                                                
0001130f  GPIOPinTypeUART                                                                                                               
00011787  GPIOPinWrite                                                                                                                  
000105f5  HOSTtime64                                                                                                                    
0001174b  I2CMasterBusy                                                                                                                 
0001179f  I2CMasterControl                                                                                                              
000117a3  I2CMasterDataGet                                                                                                              
000117a7  I2CMasterDataPut                                                                                                              
00011723  I2CMasterEnable                                                                                                               
000108a9  I2CMasterInitExpClk                                                                                                           
00011753  I2CMasterSlaveAddrSet                                                                                                         
0001155d  I2CRxFIFOFlush                                                                                                                
0001156b  I2CTxFIFOFlush                                                                                                                
00010525  IntEnable                                                                                                                     
000114a1  IntMasterEnable                                                                                                               
0000cc85  LTEUARTIntHandler                                                                                                             
20003ff8  NE_ADC_RAW_MAX                                                                                                                
20003ff0  PN_ADC_RAW_MAX                                                                                                                
0001170d  ResetISR                                                                                                                      
00011edc  SHT$$INIT_ARRAY$$Base                                                                                                         
00011f00  SHT$$INIT_ARRAY$$Limit                                                                                                        
00010b65  SSIConfigSetExpClk                                                                                                            
00011459  SSIDataGetNonBlocking                                                                                                         
00011579  SSIDataPutNonBlocking                                                                                                         
0001172d  SSIEnable                                                                                                                     
0000fb61  SysCtlClockGet                                                                                                                
0000fe75  SysCtlClockSet                                                                                                                
0001178d  SysCtlDelay                                                                                                                   
00010cbd  SysCtlPeripheralDisable                                                                                                       
00010cf1  SysCtlPeripheralEnable                                                                                                        
00010c15  SysCtlPeripheralReady                                                                                                         
000107bd  SysCtlPeripheralReset                                                                                                         
000114b1  SysCtlReset                                                                                                                   
00011369  SysTickEnable                                                                                                                 
0001137d  SysTickIntEnable                                                                                                              
0000f26d  SysTickIntHandler                                                                                                             
000114c1  SysTickPeriodSet                                                                                                              
00011139  SysTick_Handler                                                                                                               
2000264d  System_mode                                                                                                                   
200026da  Telecom_Ethernet                                                                                                              
2000278c  Telecom_server_query                                                                                                          
0001175b  UARTBusy                                                                                                                      
00011587  UARTCharGetNonBlocking                                                                                                        
00011595  UARTCharPutNonBlocking                                                                                                        
000115a3  UARTCharsAvail                                                                                                                
000109d1  UARTConfigSetExpClk                                                                                                           
0001103d  UARTDisable                                                                                                                   
00011391  UARTEnable                                                                                                                    
000117ab  UARTIntClear                                                                                                                  
00011763  UARTIntEnable                                                                                                                 
00011737  UARTIntStatus                                                                                                                 
2000259b  UIPEthernet                                                                                                                   
0000af35  _Z10Chip_Erasev                                                                                                               
0000b6ad  _Z10GetAdcDatav                                                                                                               
0000f09f  _Z10I2CReceivev                                                                                                               
0000debd  _Z10ToggleLEDsv                                                                                                               
00002e21  _Z10asUnixTimeiiiiii                                                                                                          
000042b9  _Z10clear_logsv                                                                                                               
000085f5  _Z10getREQmodev                                                                                                               
0000e17b  _Z10my_sprintfPciz                                                                                                            
000085e1  _Z10setREQmode13gprs_status_t                                                                                                 
000036b5  _Z10update_rtcPci                                                                                                             
00001fc1  _Z10ws_connectv                                                                                                               
000023a5  _Z10ws_disconnv                                                                                                               
0000df5d  _Z11SetODU_Mode14voltage_mode_t                                                                                               
0000ad63  _Z11SetSI_Inputv                                                                                                              
0000ad85  _Z11SetSO_Inputv                                                                                                              
0000cda5  _Z11Usendbufferj                                                                                                              
00004307  _Z11clear_flashv                                                                                                              
0000e547  _Z11count_commaPct                                                                                                            
0000a95d  _Z11flashCopyMRPcS_                                                                                                           
0000e125  _Z11getChecksumPhc                                                                                                            
0000315d  _Z11getDateTimev                                                                                                              
00004361  _Z11get_log_cnti                                                                                                              
0000ee5d  _Z11get_rx_dataPc                                                                                                             
00004da1  _Z11gps_handlerv                                                                                                              
0000c89d  _Z11init_configv                                                                                                              
0000efe9  _Z11setNWstatus13gprs_status_t                                                                                                
0000f041  _Z11vRTCI2CInitv                                                                                                              
0000af59  _Z12ADC_PortIniti                                                                                                             
00007b11  _Z12Query_decodePcPKcS_i                                                                                                      
0000ac83  _Z12Sector_Erasem                                                                                                             
0000ad55  _Z12SetSI_Outputv                                                                                                             
0000ad77  _Z12SetSO_Outputv                                                                                                             
00002e71  _Z12calcTimeDiff12time_stamp_tS_                                                                                              
0000ee8f  _Z12check_stringPKcPcPi                                                                                                       
000042e5  _Z12clear_log_idv                                                                                                             
0000a7c7  _Z12flashSwResetv                                                                                                             
00004157  _Z12flashWriteTRv                                                                                                             
0000effd  _Z12getNW_statusv                                                                                                             
0000c697  _Z12getRAM_Alarmv                                                                                                             
00004b79  _Z12get_locationv                                                                                                             
00004419  _Z12get_log_dataimPc                                                                                                          
0000285b  _Z12get_pkt_recvv                                                                                                             
00003b97  _Z12is_leap_yearh                                                                                                             
00007c31  _Z12server_queryv                                                                                                             
0000c65f  _Z12setRAM_Alarm16Alarm_sts_bits_tb                                                                                           
00002861  _Z12set_pkt_recvb                                                                                                             
0000de93  _Z12vEXTIpinInitv                                                                                                             
0000de33  _Z12vGPIO_Togglejhh                                                                                                           
0000dcbf  _Z12vLEDGPIOInitv                                                                                                             
0000ca93  _Z12vLTEUARTInitv                                                                                                             
00010ee5  _Z13SPI_transrecvjh                                                                                                           
00003951  _Z13add_date_timeP12time_stamp_tS0_j                                                                                          
0000e3bd  _Z13delete_SubStrPcS_c                                                                                                        
0000a7df  _Z13enable_wp_pinv                                                                                                            
0000183f  _Z13ethernet_initv                                                                                                            
0000ce8d  _Z13flushRxBufferi                                                                                                            
0000cec1  _Z13flushTxBufferi                                                                                                            
0000b4a9  _Z13getODUCurrentv                                                                                                            
0000b549  _Z13getODUVoltagev                                                                                                            
0000c6d5  _Z13getRAM_Statusv                                                                                                            
0000a167  _Z13get_device_idv                                                                                                            
0000c69d  _Z13setRAM_Statushb                                                                                                           
0000a0c5  _Z13set_device_idPc                                                                                                           
0000f39d  _Z13vMAIN_DelayMSj                                                                                                            
0000cce9  _Z13vUART_SendChrjh                                                                                                           
0000cd79  _Z13vUART_SendIntji                                                                                                           
0000cd07  _Z13vUART_SendStrjPKh                                                                                                         
0000a599  _Z14Reset_Hold_Lowv                                                                                                           
00003841  _Z14StrToTimeStampPh                                                                                                          
0001105d  _Z14__libcpp_isinfIdEbT_                                                                                                      
0001107d  _Z14__libcpp_isnanIdEbT_                                                                                                      
000025f5  _Z14ether_tcp_sendPci                                                                                                         
00002fbb  _Z14getDaysOfMonthcj                                                                                                          
0000b5ed  _Z14getSMPSVoltagev                                                                                                           
000057ab  _Z14get_gps_statusv                                                                                                           
0000a88d  _Z14readContToBuffmjPc                                                                                                        
000057b3  _Z14set_gps_status12gps_status_t                                                                                              
0000ca45  _Z14vDEBUGUARTInitv                                                                                                           
0000c739  _Z14write_defaultsj                                                                                                           
00002a39  _Z15HTTP_valid_codePc                                                                                                         
0000a5a7  _Z15Reset_Hold_Highv                                                                                                          
00002cc7  _Z15check_date_timePcS_                                                                                                       
00007023  _Z15ether_cs_activev                                                                                                          
00002191  _Z15ether_ping_sendv                                                                                                          
0000a68b  _Z15flashClrTR_Logsv                                                                                                          
00003c75  _Z15flashWriteMR_BRv                                                                                                          
0000ee1d  _Z15generateMaskKeyPh                                                                                                         
0000f019  _Z15getServerStatusv                                                                                                          
0000480f  _Z15get_unsent_logsv                                                                                                          
0000efad  _Z15get_upload_datav                                                                                                          
0000efc9  _Z15get_webconn_stsv                                                                                                          
00005249  _Z15gps_pkt_parsingP10gps_info_tPc                                                                                            
0000a62f  _Z15init_flash_pinsv                                                                                                          
0000f005  _Z15setServerStatus13gprs_status_t                                                                                            
0000ef99  _Z15set_upload_data13upload_data_t                                                                                            
0000efb5  _Z15set_webconn_stsh                                                                                                          
0000c5c1  _Z15update_ram_datav                                                                                                          
0000dbbd  _Z15vGPIOPortEnablev                                                                                                          
00009bb9  _Z15vPERIPH_E2PInitv                                                                                                          
0000cd35  _Z15vUART_SendBytesjPKhj                                                                                                      
000047d9  _Z16check_unsent_logv                                                                                                         
00009135  _Z16decodeMsgPC_Uartv                                                                                                         
0000255b  _Z16ether_valid_codePc                                                                                                        
00001a7d  _Z16ethernet_handlerv                                                                                                         
0000aa03  _Z16flashEraseBackupv                                                                                                         
0000a8ff  _Z16flashEraseMasterv                                                                                                         
0000a9a5  _Z16flashEraseSectormm                                                                                                        
00004113  _Z16flashGetSerMR_BRv                                                                                                         
0000862d  _Z16getClientMSGTypev                                                                                                         
00008611  _Z16getServerReqTypev                                                                                                         
00003645  _Z16get_present_timeP12time_stamp_t                                                                                           
00009b27  _Z16get_system_statev                                                                                                         
00008619  _Z16setClientMSGType21client_message_type_t                                                                                   
000085fd  _Z16setServerReqType21server_request_type_t                                                                                   
00009b13  _Z16set_system_state10sys_mode_t                                                                                              
00002b79  _Z16update_date_timev                                                                                                         
000017d1  _Z16vETHERNETSPIInitv                                                                                                         
0000dc71  _Z16vGPIO_UnlockGPIOjh                                                                                                        
0000dcd5  _Z16vPERIPH_GPIOInitv                                                                                                         
0000caef  _Z16vPERIPH_UARTInitv                                                                                                         
00004275  _Z16validate_FL_addrcm                                                                                                        
00008415  _Z16websocket_packetPh                                                                                                        
0000851d  _Z17HandleQueryStatesv                                                                                                        
00003075  _Z17check_expire_time12time_stamp_tS_                                                                                         
0000a41d  _Z17cloud_config_datav                                                                                                        
00009f4d  _Z17e2p_read_cfg_timev                                                                                                        
00009e5d  _Z17e2p_read_locationv                                                                                                        
00007031  _Z17ether_cs_inactivev                                                                                                        
00001ef9  _Z17ether_tcp_connectv                                                                                                        
0000a5d1  _Z17flash_port_assignv                                                                                                        
0000e481  _Z17generateRandomKeyiPc                                                                                                      
0000b59d  _Z17getBatteryVoltagev                                                                                                        
00007e45  _Z17prepare_JSON_pcktv                                                                                                        
00004a53  _Z17save_TELECOM_datav                                                                                                        
00009af5  _Z17tx_pending_dataPCv                                                                                                        
0000c6db  _Z17vPERIPH_ClockInitv                                                                                                        
0000ef7f  _Z18check_string_nobufPKc                                                                                                     
00002d9f  _Z18convertToEpochTimePK12time_stamp_t                                                                                        
00009cc1  _Z18e2p_read_cloud_cfgv                                                                                                       
00009ef3  _Z18e2p_write_cfg_timev                                                                                                       
00009e09  _Z18e2p_write_locationv                                                                                                       
00002811  _Z18ether_respos_recvdPc                                                                                                      
0000aa59  _Z18flashPacketProgramPctm                                                                                                    
0000a3eb  _Z18get_fixed_locationv                                                                                                       
00008585  _Z18prepare_server_pktv                                                                                                       
0000dce9  _Z18readBCD_SelectorSWv                                                                                                       
0000a1d9  _Z18set_fixed_locationPc                                                                                                      
0000de59  _Z18vInput_PollingReadv                                                                                                       
0000b673  _Z19calculate_NE_AC_ADCv                                                                                                      
0000b639  _Z19calculate_PN_AC_ADCv                                                                                                      
00003bed  _Z19check_dateTime_dataP12time_stamp_t                                                                                        
00009d7f  _Z19e2p_read_device_cfgv                                                                                                      
[...]
00011c6e  _ZTSN10__cxxabiv120__si_class_type_infoE                                                                                      
00011cb8  _ZTSN10__cxxabiv117__class_type_infoE                                                                                         
00011cdc  _ZTI6UIPUDP                                                                                                                   
00011cfc  _ZTI9UIPClient                                                                                                                
00011d1c  _ZTI9UIPServer                                                                                                                
00011d58  _ZTV6Server                                                                                                                   
00011d6c  _ZTV9IPAddress                                                                                                                
00011d80  _ZTV9Printable                                                                                                                
00011da8  _ZTV5Print                                                                                                                    
00011db8  _ZTVN10__cxxabiv117__class_type_infoE                                                                                         
00011dc8  _ZTVN10__cxxabiv120__si_class_type_infoE                                                                                      
00011dd8  _ZTVN10__cxxabiv121__vmi_class_type_infoE                                                                                     
00011de8  _ZTSSt9type_info                                                                                                              
00011df8  _ZTI9IPAddress                                                                                                                
00011e04  _ZTIN10__cxxabiv117__class_type_infoE                                                                                         
00011e10  _ZTIN10__cxxabiv120__si_class_type_infoE                                                                                      
00011e1c  _ZTIN10__cxxabiv121__vmi_class_type_infoE                                                                                     
00011e28  _ZTS9IPAddress                                                                                                                
00011e33  _ZTS9Printable                                                                                                                
00011e3e  _ZTS9UIPClient                                                                                                                
00011e49  _ZTS9UIPServer                                                                                                                
00011e64  _ZTI3UDP                                                                                                                      
00011e6c  _ZTI5Print                                                                                                                    
00011e74  _ZTI6Client                                                                                                                   
00011e7c  _ZTI6Server                                                                                                                   
00011e84  _ZTI9Printable                                                                                                                
00011e8c  _ZTISt9type_info                                                                                                              
00011e94  _ZTS6Client                                                                                                                   
00011e9c  _ZTS6Server                                                                                                                   
00011ea4  _ZTS6UIPUDP                                                                                                                   
00011eac  _ZTS5Print                                                                                                                    
00011ecb  _ZTS3UDP                                                                                                                      
00011edc  SHT$$INIT_ARRAY$$Base                                                                                                         
00011f00  SHT$$INIT_ARRAY$$Limit                                                                                                        
00011f58  __TI_Handler_Table_Base                                                                                                       
00011f64  __TI_Handler_Table_Limit                                                                                                      
00011f70  __TI_CINIT_Base                                                                                                               
00011f80  __TI_CINIT_Limit                                                                                                              
20000000  __start___llvm_prf_cnts                                                                                                       
20000000  __stop___llvm_prf_cnts                                                                                                        
20000000  ethernet_rx_buff                                                                                                              
20000a34  ethernet_tx_buff                                                                                                              
20001464  _ZN10MemoryPool6blocksE                                                                                                       
20001694  gprs_rx_buff                                                                                                                  
20001890  gprs_tx_buff                                                                                                                  
20001a8c  dummy_json_string                                                                                                             
20001c14  adc                                                                                                                           
20001d90  display_tx                                                                                                                    
20001ec0  __CIOBUF_                                                                                                                     
20001fe0  cloud_config                                                                                                                  
200020b6  EXTI_cnt                                                                                                                      
200020b8  display_uart_rx                                                                                                               
20002158  pc_uart_rx                                                                                                                    
200021f8  e2p_cloud_config                                                                                                              
20002278  uip_conns                                                                                                                     
200022f8  _ZN9UIPClient8all_dataE                                                                                                       
20002368  uip_buf                                                                                                                       
20002488  pc_uart_tx                                                                                                                    
200024d8  gps                                                                                                                           
2000251b  FLR_log_data                                                                                                                  
2000255b  FL_log_data                                                                                                                   
2000259b  UIPEthernet                                                                                                                   
2000259c  uip_udp_conns                                                                                                                 
200025dc  ram_data                                                                                                                      
20002612  time_main                                                                                                                     
20002631  measurements                                                                                                                  
2000264d  System_mode                                                                                                                   
2000264e  _ZN15Enc28J60Network13nextPacketPtrE                                                                                          
20002650  gprs                                                                                                                          
20002664  Eclient                                                                                                                       
20002674  client                                                                                                                        
20002684  e2p_device_info                                                                                                               
20002694  e2p_location_info                                                                                                             
200026a4  freq_updated_data                                                                                                             
200026b4  scheduler                                                                                                                     
200026ce  Alarms                                                                                                                        
200026da  Telecom_Ethernet                                                                                                              
200026e5  gprs_rx_isr_handler                                                                                                           
200026e7  gps_handler_state                                                                                                             
20002738  _ZN16UIPEthernetClass17_dnsServerAddressE                                                                                     
20002748  e2p_config_time                                                                                                               
20002750  e2p_router_config                                                                                                             
20002758  gps_data                                                                                                                      
20002760  parmbuf                                                                                                                       
20002768  uip_listenports                                                                                                               
20002770  _ZN15Enc28J60Network10receivePktE                                                                                             
20002776  time_stamp                                                                                                                    
2000277c  _ZZN9UIPClient7connectE9IPAddresstE4conn                                                                                      
2000278c  Telecom_server_query                                                                                                          
20002790  _ZN16UIPEthernetClass14periodic_timerE                                                                                        
20002794  __dso_handle                                                                                                                  
20002798  _millis                                                                                                                       
2000279c  startTime                                                                                                                     
200027a0  u32DelayCounter                                                                                                               
200027a4  uip_acc32                                                                                                                     
200027a8  uip_appdata                                                                                                                   
200027ac  uip_conn                                                                                                                      
200027b0  uip_draddr                                                                                                                    
200027b4  uip_hostaddr                                                                                                                  
200027b8  uip_netmask                                                                                                                   
200027bc  uip_sappdata                                                                                                                  
200027c0  uip_udp_conn                                                                                                                  
200027c4  uip_len                                                                                                                       
200027c6  uip_slen                                                                                                                      
200027c8  uip_flags                                                                                                                     
200027c9  voltage_mode                                                                                                                  
200027d0  __stack                                                                                                                       
200029d0  __STACK_TOP                                                                                                                   
20003fd0  __STACK_END                                                                                                                   
20003fd0  server_response_str                                                                                                           
20003feb  ENC28J60ControlCS                                                                                                             
20003fec  _ZN15Enc28J60Network4bankE                                                                                                    
20003fed  _ZN15Enc28J60Network6erevidE                                                                                                  
20003fee  _ZN15Enc28J60Network17broadcast_enabledE                                                                                      
20003ff0  PN_ADC_RAW_MAX                                                                                                                
20003ff8  NE_ADC_RAW_MAX                                                                                                                
20004010  _tz                                                                                                                           
2000402e  _ZZN9UIPClient7connectE9IPAddresstE7timeout                                                                                   
20004030  __TI_cleanup_ptr                                                                                                              
20004034  __TI_dtors_ptr                                                                                                                
20004038  __TI_enable_exit_profile_output                                                                                               
2000403c  gps_interval_start                                                                                                            
20004040  cnt_gps_1sec                                                                                                                  
20004048  _lock                                                                                                                         
2000404c  _unlock                                                                                                                       
20004058  _ZN16UIPEthernetClass9in_packetE                                                                                              
20004059  _ZN16UIPEthernetClass10uip_packetE                                                                                            
2000405a  _ZN16UIPEthernetClass10uip_hdrlenE                                                                                            
2000405b  _ZN16UIPEthernetClass11packetstateE                                                                                           
2000405c  _ZN16UIPEthernetClass5_dhcpE                                                                                                  
20004068  upload_time                                                                                                                   
2000406c  save_offline_time                                                                                                             
20004070  uip_ethaddr                                                                                                                   
20004076  _ZZN9UIPClient7connectE9IPAddresstE10first_call                                                                               
20004078  millis_cnt                                                                                                                    
20004088  _sys_memory                                                                                                                   
ffffffff  __TI_pprof_out_hndl                                                                                                           
ffffffff  __TI_prof_data_size                                                                                                           
ffffffff  __TI_prof_data_start                                                                                                          
ffffffff  __binit__                                                                                                                     
ffffffff  __c_args__                                                                                                                    
ffffffff  binit                                                                                                                         
UNDEFED   __mpu_init                                                                                                                    
UNDEFED   _system_post_cinit                                                                                                            

[827 symbols]
