******************************************************************************
                  TI ARM Linker PC v20.2.6                     
******************************************************************************
>> Linked Fri May 10 18:27:56 2024

OUTPUT FILE NAME:   <Telecom_IoT_v2_00.out>
ENTRY POINT SYMBOL: "_c_int00_noargs"  address: 0000a41d


MEMORY CONFIGURATION

         name            origin    length      used     unused   attr    fill
----------------------  --------  ---------  --------  --------  ----  --------
  FLASH                 00000000   00020000  0000b1d8  00014e28  R  X
  SRAM                  20000000   00008000  00001fbd  00006043  RW X


SEGMENT ALLOCATION MAP

run origin  load origin   length   init length attrs members
----------  ----------- ---------- ----------- ----- -------
00000000    00000000    0000b1d8   0000b1d8    r-x
  00000000    00000000    0000026c   0000026c    r-- .intvecs
  0000026c    0000026c    0000a7e0   0000a7e0    r-x .text
  0000aa4c    0000aa4c    00000708   00000708    r-- .const
  0000b154    0000b154    00000024   00000024    r-- .init_array
  0000b178    0000b178    00000060   00000060    r-- .cinit
20000000    20000000    00001fc0   00000000    rw-
  20000000    20000000    0000172d   00000000    rw- .bss
  20001730    20001730    00000800   00000000    rw- .stack
  20001f30    20001f30    00000080   00000000    rw- .data
  20001fb0    20001fb0    00000010   00000000    rw- .sysmem


SECTION ALLOCATION MAP

 output                                  attributes/
section   page    origin      length       input sections
--------  ----  ----------  ----------   ----------------
.intvecs   0    00000000    0000026c     
                  00000000    0000026c     tm4c1233e6pz_startup_ccs.obj (.intvecs)

.text      0    0000026c    0000a7e0     
                  0000026c    00000f94     Telecom_Ethernet.obj (.text)
                  00001200    00000ee0     uip.obj (.text)
                  000020e0    00000a44     Clock.obj (.text)
                  00002b24    00000834     Dhcp.obj (.text)
                  00003358    00000800     E2P.obj (.text)
                  00003b58    000007f0     Enc28J60Network.obj (.text)
                  00004348    00000718     UIPClient.obj (.text)
                  00004a60    00000704     gprs.obj (.text)
                  00005164    00000624     UIPEthernet.obj (.text)
                  00005788    00000544     UartCore.obj (.text)
                  00005ccc    0000049c     PC_Cmds.obj (.text)
                  00006168    00000464     Dns.obj (.text)
                  000065cc    00000458     UIPUdp.obj (.text)
                  00006a24    00000454     main.obj (.text)
                  00006e78    00000424     ADC_Core.obj (.text)
                  0000729c    000003f4     uip_arp.obj (.text)
                  00007690    000003e0     Print.obj (.text)
                  00007a70    00000380     Display.obj (.text)
                  00007df0    000002f0     _common.obj (.text)
                  000080e0    000002b8     rtsv7M4_T_le_v4SPD16_eabi.lib : mktime64.c.obj (.text:__mktime64)
                  00008398    00000208     IO_cntrl.obj (.text)
                  000085a0    000001dc     UIPServer.obj (.text)
                  0000877c    000001cc     DS3231.obj (.text)
                  00008948    000001b6     rtsv7M4_T_le_v4SPD16_eabi.lib : fd_add_t2.asm.obj (.text)
                  00008afe    00000002     UIPClient.obj (.text:_ZN6ClientD1Ev)
                  00008b00    00000184     SysTick_Timer.obj (.text)
                  00008c84    0000016c     driverlib.lib : gpio.obj (.text:GPIOPadConfigSet)
                  00008df0    00000160     mempool.obj (.text)
                  00008f50    00000136     rtsv7M4_T_le_v4SPD16_eabi.lib : fd_div_t2.asm.obj (.text)
                  00009086    00000002     UIPServer.obj (.text:_ZN6ServerD1Ev)
                  00009088    00000118     driverlib.lib : sysctl.obj (.text:SysCtlClockGet)
                  000091a0    00000100     rtsv7M4_T_le_v4SPD16_eabi.lib : memory.c.obj (.text:aligned_alloc)
                  000092a0    000000fc                                   : fd_mul_t2.asm.obj (.text)
                  0000939c    000000f4     driverlib.lib : sysctl.obj (.text:SysCtlClockSet)
                  00009490    000000e6     itoa.obj (.text)
                  00009576    00000002     Telecom_Ethernet.obj (.text:_ZN9IPAddressD1Ev)
                  00009578    000000e4     rtsv7M4_T_le_v4SPD16_eabi.lib : memory.c.obj (.text:free)
                  0000965c    000000d4     IPAddress.obj (.text)
                  00009730    000000c4     driverlib.lib : eeprom.obj (.text:EEPROMProgram)
                  000097f4    0000009c     rtsv7M4_T_le_v4SPD16_eabi.lib : memcpy_t2.asm.obj (.text)
                  00009890    00000096                                   : ull_div_t2.asm.obj (.text)
                  00009926    00000086                                   : fd_cmp_t2.asm.obj (.text:__aeabi_cdcmple)
                  000099ac    00000086                                   : fd_cmp_t2.asm.obj (.text:__aeabi_cdrcmple)
                  00009a32    0000007a     driverlib.lib : adc.obj (.text:ADCSequenceStepConfigure)
                  00009aac    0000007a     rtsv7M4_T_le_v4SPD16_eabi.lib : memset_t2.asm.obj (.text)
                  00009b26    00000002     Dhcp.obj (.text:_ZN9PrintableD1Ev)
                  00009b28    00000070     rtsv7M4_T_le_v4SPD16_eabi.lib : memory.c.obj (.text:split)
                  00009b98    0000006e                                   : ll_div_t2.asm.obj (.text)
                  00009c06    00000002     Telecom_Ethernet.obj (.text:_ZN9UIPClientD1Ev)
                  00009c08    00000068     driverlib.lib : interrupt.obj (.text:IntEnable)
                  00009c70    00000068     rtsv7M4_T_le_v4SPD16_eabi.lib : copy_decompress_lzss.c.obj (.text:decompress:lzss:__TI_decompress_lzss)
                  00009cd8    00000060                                   : hosttime.c.obj (.text:HOSTtime64)
                  00009d38    00000060                                   : autoinit.c.obj (.text:__TI_auto_init_nobinit:__TI_auto_init_nobinit)
                  00009d98    0000005e                                   : i_divt2.asm.obj (.text)
                  00009df6    00000058     driverlib.lib : gpio.obj (.text:GPIOIntTypeSet)
                  00009e4e    00000002     UIPServer.obj (.text:_ZN9UIPServerD1Ev)
                  00009e50    00000050     driverlib.lib : sysctl.obj (.text:SysCtlPeripheralReset)
                  00009ea0    0000004e                   : adc.obj (.text:ADCSequenceConfigure)
                  00009eee    00000002     rtsv7M4_T_le_v4SPD16_eabi.lib : stdlib_typeinfo.cpp.obj (.text:_ZNSt9type_infoD1Ev)
                  00009ef0    0000004c     driverlib.lib : gpio.obj (.text:GPIOPinConfigure)
                  00009f3c    0000004c                   : i2c.obj (.text:I2CMasterInitExpClk)
                  00009f88    0000004c     rtsv7M4_T_le_v4SPD16_eabi.lib : atoi.c.obj (.text:atoi)
                  00009fd4    00000048                                   : exit.c.obj (.text:exit)
                  0000a01c    00000048                                   : fd_toi_t2.asm.obj (.text)
                  0000a064    00000046     driverlib.lib : uart.obj (.text:UARTConfigSetExpClk)
                  0000a0aa    00000002     rtsv7M4_T_le_v4SPD16_eabi.lib : _lock.c.obj (.text:_nop)
                  0000a0ac    00000044                                   : dtor_list.c.obj (.text:_Z25__add_destruction_to_listPP20a_needed_destructionPFYvPvES2_S2_)
                  0000a0f0    00000044                                   : fd_tou_t2.asm.obj (.text)
                  0000a134    00000042                                   : dtor_list.c.obj (.text:_Z23__finalize_destructionsPP20a_needed_destructionPv)
                  0000a176    00000002                                   : div0.asm.obj (.text)
                  0000a178    00000040     driverlib.lib : eeprom.obj (.text:EEPROMInit)
                  0000a1b8    00000040     rtsv7M4_T_le_v4SPD16_eabi.lib : u_divt2.asm.obj (.text)
                  0000a1f8    0000003c     driverlib.lib : ssi.obj (.text:SSIConfigSetExpClk)
                  0000a234    0000003c                   : eeprom.obj (.text:_EEPROMSectorMaskSet)
                  0000a270    00000038                   : eeprom.obj (.text:EEPROMRead)
                  0000a2a8    00000038                   : sysctl.obj (.text:SysCtlPeripheralReady)
                  0000a2e0    00000038     rtsv7M4_T_le_v4SPD16_eabi.lib : trgmsg.c.obj (.text:__TI_writemsg)
                  0000a318    00000034     driverlib.lib : sysctl.obj (.text:SysCtlPeripheralDisable)
                  0000a34c    00000034                   : sysctl.obj (.text:SysCtlPeripheralEnable)
                  0000a380    00000034                   : eeprom.obj (.text:_EEPROMSectorMaskClear)
                  0000a3b4    00000034     rtsv7M4_T_le_v4SPD16_eabi.lib : trgmsg.c.obj (.text:__TI_readmsg)
                  0000a3e8    00000034                                   : dtor_list.c.obj (.text:__aeabi_atexit)
                  0000a41c    00000034                                   : boot_cortex_m.c.obj (.text:_c_int00_noargs:_c_int00_noargs)
                  0000a450    00000034                                   : rand.c.obj (.text:rand)
                  0000a484    00000034                                   : strstr.c.obj (.text:strstr)
                  0000a4b8    0000002e     driverlib.lib : adc.obj (.text:ADCIntStatus)
                  0000a4e6    0000002e     rtsv7M4_T_le_v4SPD16_eabi.lib : i_tofd_t2.asm.obj (.text)
                  0000a514    0000002c     driverlib.lib : gpio.obj (.text:GPIODirModeSet)
                  0000a540    0000002c     delay.obj (.text)
                  0000a56c    0000002c     rtsv7M4_T_le_v4SPD16_eabi.lib : strncmp.c.obj (.text:strncmp)
                  0000a598    00000028                                   : memory.c.obj (.text:free_list_insert)
                  0000a5c0    00000024                                   : memcmp.c.obj (.text:memcmp)
                  0000a5e4    00000024                                   : rand.c.obj (.text:srand)
                  0000a608    00000020     driverlib.lib : uart.obj (.text:UARTDisable)
                  0000a628    00000020     rtsv7M4_T_le_v4SPD16_eabi.lib : u_tofd_t2.asm.obj (.text)
                  0000a648    0000001e     driverlib.lib : adc.obj (.text:ADCSequenceDataGet)
                  0000a666    0000001e     SPI.obj (.text)
                  0000a684    0000001c     rtsv7M4_T_le_v4SPD16_eabi.lib : memory.c.obj (.text:free_list_remove)
                  0000a6a0    0000001c     millis.obj (.text)
                  0000a6bc    0000001a     driverlib.lib : gpio.obj (.text:GPIOPinTypeGPIOOutput)
                  0000a6d6    00000018                   : adc.obj (.text:ADCProcessorTrigger)
                  0000a6ee    00000018     rtsv7M4_T_le_v4SPD16_eabi.lib : ll_mul_t2.asm.obj (.text)
                  0000a706    00000018                                   : strcmp.c.obj (.text:strcmp)
                  0000a71e    00000016     driverlib.lib : gpio.obj (.text:GPIOPinTypeADC)
                  0000a734    00000016                   : gpio.obj (.text:GPIOPinTypeGPIOInput)
                  0000a74a    00000016                   : gpio.obj (.text:GPIOPinTypeI2C)
                  0000a760    00000016                   : gpio.obj (.text:GPIOPinTypeI2CSCL)
                  0000a776    00000016                   : gpio.obj (.text:GPIOPinTypeSSI)
                  0000a78c    00000016                   : gpio.obj (.text:GPIOPinTypeUART)
                  0000a7a2    00000002     --HOLE-- [fill = 0]
                  0000a7a4    00000014                   : systick.obj (.text:SysTickEnable)
                  0000a7b8    00000014                   : systick.obj (.text:SysTickIntEnable)
                  0000a7cc    00000014                   : uart.obj (.text:UARTEnable)
                  0000a7e0    00000014     rtsv7M4_T_le_v4SPD16_eabi.lib : strlen.c.obj (.text:strlen)
                  0000a7f4    00000012     driverlib.lib : ssi.obj (.text:SSIDataGetNonBlocking)
                  0000a806    00000012     UIPClient.obj (.text:_ZN9UIPClientneERKS_)
                  0000a818    00000010     driverlib.lib : interrupt.obj (.text:IntMasterEnable)
                  0000a828    00000010                   : systick.obj (.text:SysTickPeriodSet)
                  0000a838    00000010                   : eeprom.obj (.text:_EEPROMWaitForDone)
                  0000a848    00000010     rtsv7M4_T_le_v4SPD16_eabi.lib : time64.c.obj (.text:__time64)
                  0000a858    0000000e     driverlib.lib : adc.obj (.text:ADCSequenceEnable)
                  0000a866    0000000e                   : gpio.obj (.text:GPIOIntStatus)
                  0000a874    0000000e                   : i2c.obj (.text:I2CRxFIFOFlush)
                  0000a882    0000000e                   : i2c.obj (.text:I2CTxFIFOFlush)
                  0000a890    0000000e                   : ssi.obj (.text:SSIDataPutNonBlocking)
                  0000a89e    0000000e                   : uart.obj (.text:UARTCharGetNonBlocking)
                  0000a8ac    0000000e                   : uart.obj (.text:UARTCharPutNonBlocking)
                  0000a8ba    0000000e                   : uart.obj (.text:UARTCharsAvail)
                  0000a8c8    0000000e     rtsv7M4_T_le_v4SPD16_eabi.lib : typeinfo.c.obj (.text:_ZN10__cxxabiv117__class_type_infoD0Ev)
                  0000a8d6    0000000e                                   : typeinfo.c.obj (.text:_ZN10__cxxabiv120__si_class_type_infoD0Ev)
                  0000a8e4    0000000e                                   : typeinfo.c.obj (.text:_ZN10__cxxabiv121__vmi_class_type_infoD0Ev)
                  0000a8f2    0000000e                                   : copy_decompress_none.c.obj (.text:decompress:none:__TI_decompress_none)
                  0000a900    0000000c     driverlib.lib : cpu.obj (.text:CPUcpsie)
                  0000a90c    0000000c                   : gpio.obj (.text:GPIOIntEnable)
                  0000a918    0000000c     Dhcp.obj (.text:_ZThn8_N6UIPUDP4readEPcj)
                  0000a924    0000000c     rtsv7M4_T_le_v4SPD16_eabi.lib : dtor_list.c.obj (.text:__cxa_finalize)
                  0000a930    0000000c                                   : guard.c.obj (.text:__cxa_guard_acquire)
                  0000a93c    0000000c                                   : copy_zero_init.c.obj (.text:decompress:ZI:__TI_zero_init)
                  0000a948    0000000c     tm4c1233e6pz_startup_ccs.obj (.text)
                  0000a954    0000000a     driverlib.lib : adc.obj (.text:ADCIntClear)
                  0000a95e    0000000a                   : i2c.obj (.text:I2CMasterEnable)
                  0000a968    0000000a                   : ssi.obj (.text:SSIEnable)
                  0000a972    0000000a                   : uart.obj (.text:UARTIntStatus)
                  0000a97c    0000000a     UIPUdp.obj (.text:_ZN6UIPUDP4readEPcj)
                  0000a986    0000000a     rtsv7M4_T_le_v4SPD16_eabi.lib : guard.c.obj (.text:__cxa_guard_release)
                  0000a990    00000008     driverlib.lib : i2c.obj (.text:I2CMasterBusy)
                  0000a998    00000008                   : i2c.obj (.text:I2CMasterSlaveAddrSet)
                  0000a9a0    00000008                   : uart.obj (.text:UARTBusy)
                  0000a9a8    00000008                   : uart.obj (.text:UARTIntEnable)
                  0000a9b0    00000008     Telecom_Ethernet.obj (.text:_ZThn8_N9UIPClientD0Ev)
                  0000a9b8    00000008     UIPServer.obj (.text:_ZThn8_N9UIPServerD0Ev)
                  0000a9c0    00000008     rtsv7M4_T_le_v4SPD16_eabi.lib : new.cpp.obj (.text:_ZdlPv)
                  0000a9c8    00000008                                   : memory.c.obj (.text:malloc)
                  0000a9d0    00000006     driverlib.lib : gpio.obj (.text:GPIOIntClear)
                  0000a9d6    00000006                   : gpio.obj (.text:GPIOPinRead)
                  0000a9dc    00000006                   : gpio.obj (.text:GPIOPinWrite)
                  0000a9e2    00000006                   : sysctl.obj (.text:SysCtlDelay)
                  0000a9e8    00000006     Telecom_Ethernet.obj (.text:_ZN6ClientD0Ev)
                  0000a9ee    00000006     UIPServer.obj (.text:_ZN6ServerD0Ev)
                  0000a9f4    00000006     Telecom_Ethernet.obj (.text:_ZN9IPAddressD0Ev)
                  0000a9fa    00000006     Telecom_Ethernet.obj (.text:_ZN9PrintableD0Ev)
                  0000aa00    00000006     UIPClient.obj (.text:_ZN9UIPClientD0Ev)
                  0000aa06    00000006     UIPServer.obj (.text:_ZN9UIPServerD0Ev)
                  0000aa0c    00000006     rtsv7M4_T_le_v4SPD16_eabi.lib : dtor_list.c.obj (.text:__cxa_ia64_exit)
                  0000aa12    00000006                                   : pure_virt.c.obj (.text:__cxa_pure_virtual)
                  0000aa18    00000004     driverlib.lib : i2c.obj (.text:I2CMasterControl)
                  0000aa1c    00000004                   : i2c.obj (.text:I2CMasterDataGet)
                  0000aa20    00000004                   : i2c.obj (.text:I2CMasterDataPut)
                  0000aa24    00000004                   : uart.obj (.text:UARTIntClear)
                  0000aa28    00000004     rtsv7M4_T_le_v4SPD16_eabi.lib : typeinfo.c.obj (.text:_ZN10__cxxabiv117__class_type_infoD1Ev)
                  0000aa2c    00000004                                   : typeinfo.c.obj (.text:_ZN10__cxxabiv120__si_class_type_infoD1Ev)
                  0000aa30    00000004                                   : typeinfo.c.obj (.text:_ZN10__cxxabiv121__vmi_class_type_infoD1Ev)
                  0000aa34    00000004     UIPClient.obj (.text:_ZThn8_N9UIPClientD1Ev)
                  0000aa38    00000004     UIPServer.obj (.text:_ZThn8_N9UIPServerD1Ev)
                  0000aa3c    00000004     rtsv7M4_T_le_v4SPD16_eabi.lib : new.cpp.obj (.text:_ZdlPvj)
                  0000aa40    00000004                                   : error.c.obj (.text:__abort_execution)
                  0000aa44    00000004                                   : pre_init.c.obj (.text:_system_pre_init)
                  0000aa48    00000004                                   : exit.c.obj (.text:abort:abort)

.const     0    0000aa4c    00000708     
                  0000aa4c    00000101     rtsv7M4_T_le_v4SPD16_eabi.lib : ctype.c.obj (.const:.string:_ctypes_)
                  0000ab4d    00000003     --HOLE-- [fill = 0]
                  0000ab50    00000090     UIPUdp.obj (.const:_ZTV6UIPUDP)
                  0000abe0    00000090     driverlib.lib : gpio.obj (.const:g_pui32GPIOBaseAddrs)
                  0000ac70    0000008c     UIPClient.obj (.const:_ZTV9UIPClient)
                  0000acfc    0000006c     driverlib.lib : sysctl.obj (.const:g_pui32Xtals)
                  0000ad68    00000060     rtsv7M4_T_le_v4SPD16_eabi.lib : mktime64.c.obj (.const:$O1$$)
                  0000adc8    00000048     UIPUdp.obj (.const:_ZTV3UDP)
                  0000ae10    00000041     _common.obj (.const:.string:$P$T0$1)
                  0000ae51    00000003     --HOLE-- [fill = 0]
                  0000ae54    00000040     UIPClient.obj (.const:_ZTV6Client)
                  0000ae94    00000034     UIPServer.obj (.const:_ZTV9UIPServer)
                  0000aec8    00000026     rtsv7M4_T_le_v4SPD16_eabi.lib : typeinfo.c.obj (.const:.typeinfo:_ZTSN10__cxxabiv121__vmi_class_type_infoE)
                  0000aeee    00000025                                   : typeinfo.c.obj (.const:.typeinfo:_ZTSN10__cxxabiv120__si_class_type_infoE)
                  0000af13    00000001     --HOLE-- [fill = 0]
                  0000af14    00000024     Clock.obj (.const:$P$T0$1)
                  0000af38    00000022     rtsv7M4_T_le_v4SPD16_eabi.lib : typeinfo.c.obj (.const:.typeinfo:_ZTSN10__cxxabiv117__class_type_infoE)
                  0000af5a    00000002     --HOLE-- [fill = 0]
                  0000af5c    00000020     UIPUdp.obj (.const:.typeinfo:_ZTI6UIPUDP)
                  0000af7c    00000020     UIPClient.obj (.const:.typeinfo:_ZTI9UIPClient)
                  0000af9c    00000020     UIPServer.obj (.const:.typeinfo:_ZTI9UIPServer)
                  0000afbc    00000019     Telecom_Ethernet.obj (.const:.string:$P$T5$7)
                  0000afd5    00000003     --HOLE-- [fill = 0]
                  0000afd8    00000014     UIPServer.obj (.const:_ZTV6Server)
                  0000afec    00000014     IPAddress.obj (.const:_ZTV9IPAddress)
                  0000b000    00000014     Dhcp.obj (.const:_ZTV9Printable)
                  0000b014    00000014     driverlib.lib : interrupt.obj (.const:g_pui32EnRegs)
                  0000b028    00000010     Print.obj (.const:_ZTV5Print)
                  0000b038    00000010     rtsv7M4_T_le_v4SPD16_eabi.lib : typeinfo.c.obj (.const:_ZTVN10__cxxabiv117__class_type_infoE)
                  0000b048    00000010                                   : typeinfo.c.obj (.const:_ZTVN10__cxxabiv120__si_class_type_infoE)
                  0000b058    00000010                                   : typeinfo.c.obj (.const:_ZTVN10__cxxabiv121__vmi_class_type_infoE)
                  0000b068    0000000d                                   : stdlib_typeinfo.cpp.obj (.const:.typeinfo:_ZTSSt9type_info)
                  0000b075    00000003     --HOLE-- [fill = 0]
                  0000b078    0000000c     IPAddress.obj (.const:.typeinfo:_ZTI9IPAddress)
                  0000b084    0000000c     rtsv7M4_T_le_v4SPD16_eabi.lib : typeinfo.c.obj (.const:.typeinfo:_ZTIN10__cxxabiv117__class_type_infoE)
                  0000b090    0000000c                                   : typeinfo.c.obj (.const:.typeinfo:_ZTIN10__cxxabiv120__si_class_type_infoE)
                  0000b09c    0000000c                                   : typeinfo.c.obj (.const:.typeinfo:_ZTIN10__cxxabiv121__vmi_class_type_infoE)
                  0000b0a8    0000000b     IPAddress.obj (.const:.typeinfo:_ZTS9IPAddress)
                  0000b0b3    0000000b     Dhcp.obj (.const:.typeinfo:_ZTS9Printable)
                  0000b0be    0000000b     UIPClient.obj (.const:.typeinfo:_ZTS9UIPClient)
                  0000b0c9    0000000b     UIPServer.obj (.const:.typeinfo:_ZTS9UIPServer)
                  0000b0d4    00000008     Clock.obj (.const:$P$T1$2)
                  0000b0dc    00000008     UIPUdp.obj (.const:.typeinfo:_ZTI3UDP)
                  0000b0e4    00000008     Print.obj (.const:.typeinfo:_ZTI5Print)
                  0000b0ec    00000008     UIPClient.obj (.const:.typeinfo:_ZTI6Client)
                  0000b0f4    00000008     UIPServer.obj (.const:.typeinfo:_ZTI6Server)
                  0000b0fc    00000008     Dhcp.obj (.const:.typeinfo:_ZTI9Printable)
                  0000b104    00000008     rtsv7M4_T_le_v4SPD16_eabi.lib : stdlib_typeinfo.cpp.obj (.const:.typeinfo:_ZTISt9type_info)
                  0000b10c    00000008     UIPClient.obj (.const:.typeinfo:_ZTS6Client)
                  0000b114    00000008     UIPServer.obj (.const:.typeinfo:_ZTS6Server)
                  0000b11c    00000008     UIPUdp.obj (.const:.typeinfo:_ZTS6UIPUDP)
                  0000b124    00000007     Print.obj (.const:.typeinfo:_ZTS5Print)
                  0000b12b    00000006     Telecom_Ethernet.obj (.const:.string:$P$T3$1)
                  0000b131    00000006     Telecom_Ethernet.obj (.const:.string:$P$T6$11)
                  0000b137    00000006     UIPEthernet.obj (.const:.string:$P$T6$1)
                  0000b13d    00000006     uip_arp.obj (.const:broadcast_ethaddr)
                  0000b143    00000005     UIPUdp.obj (.const:.typeinfo:_ZTS3UDP)
                  0000b148    00000004     uip.obj (.const:all_ones_addr)
                  0000b14c    00000004     uip.obj (.const:all_zeroes_addr)
                  0000b150    00000004     uip_arp.obj (.const:broadcast_ipaddr)

.cinit     0    0000b178    00000060     
                  0000b178    00000038     (.cinit..data.load) [load image, compression = lzss]
                  0000b1b0    0000000c     (__TI_handler_table)
                  0000b1bc    00000004     --HOLE-- [fill = 0]
                  0000b1c0    00000008     (.cinit..bss.load) [load image, compression = zero_init]
                  0000b1c8    00000010     (__TI_cinit_table)

.init_array 
*          0    0000b154    00000024     
                  0000b154    00000004     IPAddress.obj (.init_array)
                  0000b158    00000004     UIPUdp.obj (.init_array)
                  0000b15c    00000004     UIPServer.obj (.init_array)
                  0000b160    00000004     UIPEthernet.obj (.init_array)
                  0000b164    00000004     UIPClient.obj (.init_array)
                  0000b168    00000004     Dns.obj (.init_array)
                  0000b16c    00000004     Dhcp.obj (.init_array)
                  0000b170    00000004     main.obj (.init_array)
                  0000b174    00000004     Telecom_Ethernet.obj (.init_array)

.bss       0    20000000    0000172d     UNINITIALIZED
                  20000000    00000230     (.common:_ZN10MemoryPool6blocksE)
                  20000230    0000020c     (.common:ethernet_rx_buff)
                  2000043c    00000208     (.common:ethernet_tx_buff)
                  20000644    00000204     (.common:JSON_Tx_Buff)
                  20000848    000001fc     (.common:gprs_tx_buff)
                  20000a44    00000188     (.common:dummy_json_string)
                  20000bcc    0000017c     (.common:adc)
                  20000d48    00000130     (.common:display_tx)
                  20000e78    00000120     rtsv7M4_T_le_v4SPD16_eabi.lib : trgmsg.c.obj (.bss:_CIOBUF_)
                  20000f98    000000d6     (.common:cloud_config)
                  2000106e    00000002     (.common:EXTI_cnt)
                  20001070    000000a0     (.common:display_uart_rx)
                  20001110    000000a0     (.common:pc_uart_rx)
                  200011b0    00000088     (.common:gprs_rx_buff)
                  20001238    00000080     (.common:e2p_cloud_config)
                  200012b8    00000080     (.common:uip_conns)
                  20001338    00000070     (.common:_ZN9UIPClient8all_dataE)
                  200013a8    00000064     (.common:uip_buf)
                  2000140c    00000060     uip_arp.obj (.bss:arp_table)
                  2000146c    0000005c     UIPEthernet.obj (.bss:s_dhcp)
                  200014c8    00000050     (.common:pc_uart_tx)
                  20001518    00000040     (.common:uip_udp_conns)
                  20001558    00000036     (.common:ram_data)
                  2000158e    0000001f     (.common:time_main)
                  200015ad    0000001c     (.common:measurements)
                  200015c9    00000001     UIPEthernet.obj (.bss:UIPEthernet)
                  200015ca    00000002     (.common:_ZN15Enc28J60Network13nextPacketPtrE)
                  200015cc    00000018     (.common:gprs)
                  200015e4    00000010     Telecom_Ethernet.obj (.bss:Eclient)
                  200015f4    00000010     Telecom_Ethernet.obj (.bss:client)
                  20001604    00000010     (.common:e2p_device_info)
                  20001614    00000010     (.common:e2p_location_info)
                  20001624    0000000e     (.common:scheduler)
                  20001632    0000000c     (.common:Alarms)
                  2000163e    00000002     (.common:gprs_rx_isr_handler)
                  20001640    00000008     Dhcp.obj (.bss)
                  20001648    00000008     Dhcp.obj (.bss:INADDR_NONE)
                  20001650    00000008     Dns.obj (.bss:INADDR_NONE)
                  20001658    00000008     IPAddress.obj (.bss:INADDR_NONE)
                  20001660    00000008     Telecom_Ethernet.obj (.bss:INADDR_NONE)
                  20001668    00000008     UIPClient.obj (.bss:INADDR_NONE)
                  20001670    00000008     UIPEthernet.obj (.bss:INADDR_NONE)
                  20001678    00000008     UIPServer.obj (.bss:INADDR_NONE)
                  20001680    00000008     UIPUdp.obj (.bss:INADDR_NONE)
                  20001688    00000008     main.obj (.bss:INADDR_NONE)
                  20001690    00000008     Telecom_Ethernet.obj (.bss)
                  20001698    00000008     UIPEthernet.obj (.bss:_ZN16UIPEthernetClass17_dnsServerAddressE)
                  200016a0    00000008     uip.obj (.bss)
                  200016a8    00000008     (.common:e2p_config_time)
                  200016b0    00000008     (.common:e2p_router_config)
                  200016b8    00000008     (.common:gps_data)
                  200016c0    00000008     (.common:parmbuf)
                  200016c8    00000008     (.common:uip_listenports)
                  200016d0    00000006     (.common:Telecom_Ethernet)
                  200016d6    00000006     (.common:_ZN15Enc28J60Network10receivePktE)
                  200016dc    00000006     (.common:time_stamp)
                  200016e2    00000002     (.common:uip_len)
                  200016e4    00000004     UIPClient.obj (.bss:_ZZN9UIPClient7connectE9IPAddresstE4conn)
                  200016e8    00000004     uip_arp.obj (.bss:ipaddr)
                  200016ec    00000004     uip.obj (.bss:iss)
                  200016f0    00000004     uip_arp.obj (.bss)
                  200016f4    00000004     (.common:_ZN16UIPEthernetClass14periodic_timerE)
                  200016f8    00000004     (.common:__dso_handle)
                  200016fc    00000004     (.common:_millis)
                  20001700    00000004     (.common:startTime)
                  20001704    00000004     (.common:u32DelayCounter)
                  20001708    00000004     (.common:uip_acc32)
                  2000170c    00000004     (.common:uip_appdata)
                  20001710    00000004     (.common:uip_conn)
                  20001714    00000004     (.common:uip_draddr)
                  20001718    00000004     (.common:uip_hostaddr)
                  2000171c    00000004     (.common:uip_netmask)
                  20001720    00000004     (.common:uip_sappdata)
                  20001724    00000004     (.common:uip_udp_conn)
                  20001728    00000002     (.common:uip_slen)
                  2000172a    00000001     (.common:System_mode)
                  2000172b    00000001     (.common:router_mode)
                  2000172c    00000001     (.common:uip_flags)

.stack     0    20001730    00000800     UNINITIALIZED
                  20001730    00000004     rtsv7M4_T_le_v4SPD16_eabi.lib : boot_cortex_m.c.obj (.stack)
                  20001734    000007fc     --HOLE--

.data      0    20001f30    00000080     UNINITIALIZED
                  20001f30    00000019     Telecom_Ethernet.obj (.data)
                  20001f49    00000001     Dhcp.obj (.data)
                  20001f4a    00000002     UIPClient.obj (.data:_ZZN9UIPClient7connectE9IPAddresstE7timeout)
                  20001f4c    00000010     rtsv7M4_T_le_v4SPD16_eabi.lib : tmzone.c.obj (.data:_tz)
                  20001f5c    0000000c                                   : exit.c.obj (.data:$O1$$)
                  20001f68    00000008                                   : _lock.c.obj (.data:$O1$$)
                  20001f70    00000008                                   : memory.c.obj (.data:$O1$$)
                  20001f78    00000008     ADC_Core.obj (.data)
                  20001f80    00000008     UIPEthernet.obj (.data)
                  20001f88    00000008     UartCore.obj (.data)
                  20001f90    00000006     uip.obj (.data:uip_ethaddr)
                  20001f96    00000004     Enc28J60Network.obj (.data)
                  20001f9a    00000001     UIPClient.obj (.data:_ZZN9UIPClient7connectE9IPAddresstE10first_call)
                  20001f9b    00000001     --HOLE--
                  20001f9c    00000004     SysTick_Timer.obj (.data)
                  20001fa0    00000004     _common.obj (.data)
                  20001fa4    00000004     main.obj (.data)
                  20001fa8    00000004     rtsv7M4_T_le_v4SPD16_eabi.lib : dtor_list.c.obj (.data)
                  20001fac    00000004                                   : rand.c.obj (.data)

.sysmem    0    20001fb0    00000010     UNINITIALIZED
                  20001fb0    00000010     rtsv7M4_T_le_v4SPD16_eabi.lib : memory.c.obj (.sysmem)

__llvm_prf_cnts 
*          0    20000000    00000000     UNINITIALIZED

MODULE SUMMARY

       Module                         code    ro data   rw data
       ------                         ----    -------   -------
    .\
       tm4c1233e6pz_startup_ccs.obj   12      620       0      
    +--+------------------------------+-------+---------+---------+
       Total:                         12      620       0      
                                                               
    .\Sources\
       Telecom_Ethernet.obj           4018    41        1123   
       gprs.obj                       1796    0         1578   
       Clock.obj                      2628    44        37     
       E2P.obj                        2048    0         390    
       UartCore.obj                   1348    0         712    
       ADC_Core.obj                   1060    0         416    
       main.obj                       1108    4         78     
       PC_Cmds.obj                    1180    0         1      
       Display.obj                    896     0         0      
       _common.obj                    752     65        4      
       IO_cntrl.obj                   520     0         3      
       DS3231.obj                     460     0         0      
       SysTick_Timer.obj              388     0         22     
       delay.obj                      44      0         0      
       SPI.obj                        30      0         0      
       gps.obj                        0       0         8      
    +--+------------------------------+-------+---------+---------+
       Total:                         18276   154       4372   
                                                               
    .\Sources\UIPEthernet\
       UIPClient.obj                  1846    267       127    
       Dhcp.obj                       2114    43        21     
       UIPEthernet.obj                1572    10        121    
       UIPUdp.obj                     1122    273       8      
       Dns.obj                        1124    4         8      
       UIPServer.obj                  504     135       8      
    +--+------------------------------+-------+---------+---------+
       Total:                         8282    732       293    
                                                               
    .\Sources\UIPEthernet\mbed\
       Print.obj                      992     31        0      
       IPAddress.obj                  212     47        8      
       itoa.obj                       230     0         0      
       millis.obj                     28      0         4      
    +--+------------------------------+-------+---------+---------+
       Total:                         1462    78        12     
                                                               
    .\Sources\UIPEthernet\utility\
       uip.obj                        3808    8         355    
       Enc28J60Network.obj            2032    0         12     
       uip_arp.obj                    1012    10        104    
       mempool.obj                    352     0         560    
    +--+------------------------------+-------+---------+---------+
       Total:                         7204    18        1031   
                                                               
    C:/ti/TivaWare_C_Series-2.2.0.295/driverlib/ccs/Debug/driverlib.lib
       gpio.obj                       774     144       0      
       sysctl.obj                     770     108       0      
       eeprom.obj                     444     0         0      
       adc.obj                        324     0         0      
       uart.obj                       194     0         0      
       i2c.obj                        142     0         0      
       interrupt.obj                  120     20        0      
       ssi.obj                        102     0         0      
       systick.obj                    56      0         0      
       cpu.obj                        12      0         0      
    +--+------------------------------+-------+---------+---------+
       Total:                         2938    272       0      
                                                               
    C:\ti\ccs1110\ccs\tools\compiler\ti-cgt-arm_20.2.6.LTS\lib\rtsv7M4_T_le_v4SPD16_eabi.lib
       mktime64.c.obj                 696     96        0      
       memory.c.obj                   672     0         8      
       fd_add_t2.asm.obj              438     0         0      
       trgmsg.c.obj                   108     0         288    
       fd_div_t2.asm.obj              310     0         0      
       fd_cmp_t2.asm.obj              268     0         0      
       ctype.c.obj                    0       257       0      
       fd_mul_t2.asm.obj              252     0         0      
       typeinfo.c.obj                 54      193       0      
       dtor_list.c.obj                204     0         8      
       memcpy_t2.asm.obj              156     0         0      
       ull_div_t2.asm.obj             150     0         0      
       memset_t2.asm.obj              122     0         0      
       ll_div_t2.asm.obj              110     0         0      
       copy_decompress_lzss.c.obj     104     0         0      
       autoinit.c.obj                 96      0         0      
       hosttime.c.obj                 96      0         0      
       i_divt2.asm.obj                94      0         0      
       rand.c.obj                     88      0         4      
       exit.c.obj                     76      0         12     
       atoi.c.obj                     76      0         0      
       fd_toi_t2.asm.obj              72      0         0      
       fd_tou_t2.asm.obj              68      0         0      
       u_divt2.asm.obj                64      0         0      
       boot_cortex_m.c.obj            52      0         0      
       strstr.c.obj                   52      0         0      
       i_tofd_t2.asm.obj              46      0         0      
       strncmp.c.obj                  44      0         0      
       memcmp.c.obj                   36      0         0      
       u_tofd_t2.asm.obj              32      0         0      
       ll_mul_t2.asm.obj              24      0         0      
       strcmp.c.obj                   24      0         0      
       stdlib_typeinfo.cpp.obj        2       21        0      
       guard.c.obj                    22      0         0      
       strlen.c.obj                   20      0         0      
       time64.c.obj                   16      0         0      
       tmzone.c.obj                   0       0         16     
       copy_decompress_none.c.obj     14      0         0      
       copy_zero_init.c.obj           12      0         0      
       new.cpp.obj                    12      0         0      
       _lock.c.obj                    2       0         8      
       hostopen.c.obj                 0       0         8      
       pure_virt.c.obj                6       0         0      
       error.c.obj                    4       0         0      
       pre_init.c.obj                 4       0         0      
       div0.asm.obj                   2       0         0      
    +--+------------------------------+-------+---------+---------+
       Total:                         4800    567       352    
                                                               
       Heap:                          0       0         16     
       Stack:                         0       0         2048   
       Linker Generated:              0       92        0      
    +--+------------------------------+-------+---------+---------+
       Grand Total:                   42974   2533      8124   


LINKER GENERATED COPY TABLES

__TI_cinit_table @ 0000b1c8 records: 2, size/record: 8, table size: 16
	.data: load addr=0000b178, load size=00000038 bytes, run addr=20001f30, run size=00000080 bytes, compression=lzss
	.bss: load addr=0000b1c0, load size=00000008 bytes, run addr=20000000, run size=0000172d bytes, compression=zero_init


LINKER GENERATED HANDLER TABLE

__TI_handler_table @ 0000b1b0 records: 3, size/record: 4, table size: 12
	index: 0, handler: __TI_decompress_lzss
	index: 1, handler: __TI_decompress_none
	index: 2, handler: __TI_zero_init


GLOBAL SYMBOLS: SORTED ALPHABETICALLY BY Name 

address   name                                                              
-------   ----                                                              
0000a955  ADCIntClear                                                       
0000a4b9  ADCIntStatus                                                      
0000a6d7  ADCProcessorTrigger                                               
00009ea1  ADCSequenceConfigure                                              
0000a649  ADCSequenceDataGet                                                
0000a859  ADCSequenceEnable                                                 
00009a33  ADCSequenceStepConfigure                                          
20001f78  ADC_RAW_MAX                                                       
20001632  Alarms                                                            
0000aa49  C$$EXIT                                                           
0000a30f  C$$IO$$                                                           
0000a901  CPUcpsie                                                          
00005b59  DEBUGUARTIntHandler                                               
00005af5  DISPLAYUARTIntHandler                                             
0000a179  EEPROMInit                                                        
00009731  EEPROMProgram                                                     
0000a271  EEPROMRead                                                        
20001f96  ENC28J60ControlCS                                                 
2000106e  EXTI_cnt                                                          
200015e4  Eclient                                                           
0000852d  GPIODIntHandler                                                   
0000a515  GPIODirModeSet                                                    
0000a9d1  GPIOIntClear                                                      
0000a90d  GPIOIntEnable                                                     
0000a867  GPIOIntStatus                                                     
00009df7  GPIOIntTypeSet                                                    
00008c85  GPIOPadConfigSet                                                  
00009ef1  GPIOPinConfigure                                                  
0000a9d7  GPIOPinRead                                                       
0000a71f  GPIOPinTypeADC                                                    
0000a735  GPIOPinTypeGPIOInput                                              
0000a6bd  GPIOPinTypeGPIOOutput                                             
0000a74b  GPIOPinTypeI2C                                                    
0000a761  GPIOPinTypeI2CSCL                                                 
0000a777  GPIOPinTypeSSI                                                    
0000a78d  GPIOPinTypeUART                                                   
0000a9dd  GPIOPinWrite                                                      
00009cd9  HOSTtime64                                                        
0000a991  I2CMasterBusy                                                     
0000aa19  I2CMasterControl                                                  
0000aa1d  I2CMasterDataGet                                                  
0000aa21  I2CMasterDataPut                                                  
0000a95f  I2CMasterEnable                                                   
00009f3d  I2CMasterInitExpClk                                               
0000a999  I2CMasterSlaveAddrSet                                             
0000a875  I2CRxFIFOFlush                                                    
0000a883  I2CTxFIFOFlush                                                    
00009c09  IntEnable                                                         
0000a819  IntMasterEnable                                                   
20000644  JSON_Tx_Buff                                                      
00005a91  LTEUARTIntHandler                                                 
0000a949  ResetISR                                                          
0000b154  SHT$$INIT_ARRAY$$Base                                             
0000b178  SHT$$INIT_ARRAY$$Limit                                            
0000a1f9  SSIConfigSetExpClk                                                
0000a7f5  SSIDataGetNonBlocking                                             
0000a891  SSIDataPutNonBlocking                                             
0000a969  SSIEnable                                                         
00009089  SysCtlClockGet                                                    
0000939d  SysCtlClockSet                                                    
0000a9e3  SysCtlDelay                                                       
0000a319  SysCtlPeripheralDisable                                           
0000a34d  SysCtlPeripheralEnable                                            
0000a2a9  SysCtlPeripheralReady                                             
00009e51  SysCtlPeripheralReset                                             
0000a7a5  SysTickEnable                                                     
0000a7b9  SysTickIntEnable                                                  
00008b33  SysTickIntHandler                                                 
0000a829  SysTickPeriodSet                                                  
0000a6af  SysTick_Handler                                                   
2000172a  System_mode                                                       
200016d0  Telecom_Ethernet                                                  
0000a9a1  UARTBusy                                                          
0000a89f  UARTCharGetNonBlocking                                            
0000a8ad  UARTCharPutNonBlocking                                            
0000a8bb  UARTCharsAvail                                                    
0000a065  UARTConfigSetExpClk                                               
0000a609  UARTDisable                                                       
0000a7cd  UARTEnable                                                        
0000aa25  UARTIntClear                                                      
0000a9a9  UARTIntEnable                                                     
0000a973  UARTIntStatus                                                     
200015c9  UIPEthernet                                                       
0000723b  _Z10GetAdcDatav                                                   
000088f5  _Z10I2CReceivev                                                   
00008523  _Z10ToggleLEDsv                                                   
00002ae9  _Z10asUnixTimeiiiiii                                              
00004f2b  _Z10getREQmodev                                                   
00007fe1  _Z10my_sprintfPciz                                                
00004bd1  _Z10setREQmode13gprs_status_t                                     
000029eb  _Z10update_rtcPci                                                 
00000a5d  _Z10ws_connectv                                                   
00005a2d  _Z11Usendbufferj                                                  
00007fb9  _Z11count_commaPct                                                
00007f9b  _Z11getChecksumPhc                                                
000022e1  _Z11getDateTimev                                                  
00004a7d  _Z11get_rx_dataPc                                                 
00006b8d  _Z11init_configv                                                  
00004f23  _Z11setNWstatus13gprs_status_t                                    
00008893  _Z11vRTCI2CInitv                                                  
00006e79  _Z12ADC_PortIniti                                                 
0000291f  _Z12calcTimeDiff12time_stamp_tS_                                  
00004aa5  _Z12check_stringPKcPcPi                                           
00004f19  _Z12getNW_statusv                                                 
00006dff  _Z12getRAM_Alarmv                                                 
00004f11  _Z12get_pkt_recvv                                                 
00002759  _Z12is_leap_yearh                                                 
00006b6d  _Z12setRAM_Alarm16Alarm_sts_bits_tb                               
00004f09  _Z12set_pkt_recvh                                                 
000084fb  _Z12vEXTIpinInitv                                                 
000084ef  _Z12vGPIO_Togglejhh                                               
000083e1  _Z12vLEDGPIOInitv                                                 
000058ef  _Z12vLTEUARTInitv                                                 
0000a667  _Z13SPI_transrecvjh                                               
000027ad  _Z13add_date_timeP12time_stamp_tS0_j                              
00007f17  _Z13delete_SubStrPcS_c                                            
00000f7d  _Z13ethernet_initv                                                
00005839  _Z13flushRxBufferi                                                
0000585d  _Z13flushTxBufferi                                                
00006df9  _Z13getRAM_Statusv                                                
00003ad5  _Z13get_device_idv                                                
00006dd9  _Z13setRAM_Statushb                                               
00003a49  _Z13set_device_idPc                                               
00008b23  _Z13vMAIN_DelayMSj                                                
00005a19  _Z13vUART_SendChrjh                                               
000059fb  _Z13vUART_SendIntji                                               
000059d9  _Z13vUART_SendStrjPKh                                             
00002689  _Z14StrToTimeStampPh                                              
00000675  _Z14ether_tcp_sendPci                                             
00002613  _Z14getDaysOfMonthcj                                              
000058a3  _Z14vDEBUGUARTInitv                                               
00006a5d  _Z14write_defaultsj                                               
00007b51  _Z15Data_Screen_lcdv                                              
00000f39  _Z15HTTP_valid_codePc                                             
0000258f  _Z15check_date_timePcS_                                           
00003b59  _Z15ether_cs_activev                                              
0000084d  _Z15ether_ping_sendv                                              
00004edd  _Z15generateMaskKeyPh                                             
00004ed3  _Z15getServerStatusv                                              
00004ec9  _Z15get_upload_datav                                              
00004ec3  _Z15get_webconn_stsv                                              
00004ebb  _Z15setServerStatus13gprs_status_t                                
00004eb3  _Z15set_upload_data13upload_data_t                                
00004ead  _Z15set_webconn_stsh                                              
00006c41  _Z15update_ram_datav                                              
00008427  _Z15vGPIOPortEnablev                                              
00003a17  _Z15vPERIPH_E2PInitv                                              
000059b3  _Z15vUART_SendBytesjPKhj                                          
00007aa7  _Z16PrepareLcdBufferPhcc                                          
00007209  _Z16calculate_AC_ADCv                                             
00006087  _Z16decodeMsgPC_Uartv                                             
0000096d  _Z16ether_valid_codePc                                            
00000cd9  _Z16ethernet_handlerv                                             
0000256b  _Z16get_present_timeP12time_stamp_t                               
00005ccd  _Z16get_system_statev                                             
00005d81  _Z16set_system_state10sys_mode_t                                  
0000220d  _Z16update_date_timev                                             
00005951  _Z16vDISPLAYUARTInitv                                             
000005c1  _Z16vETHERNETSPIInitv                                             
000083f9  _Z16vGPIO_UnlockGPIOjh                                            
000083e1  _Z16vPERIPH_GPIOInitv                                             
000059a3  _Z16vPERIPH_UARTInitv                                             
00004b51  _Z16websocket_packetPh                                            
000021b5  _Z17check_expire_time12time_stamp_tS_                             
00003963  _Z17cloud_config_datav                                            
000038b3  _Z17e2p_read_cfg_timev                                            
00003849  _Z17e2p_read_locationv                                            
00003b63  _Z17ether_cs_inactivev                                            
00000551  _Z17ether_tcp_connectv                                            
00007ec1  _Z17generateRandomKeyiPc                                          
000071dd  _Z17getBatteryVoltagev                                            
000071ad  _Z17getChargerVoltagev                                            
00004be9  _Z17prepare_JSON_pcktv                                            
00006065  _Z17tx_pending_dataPCv                                            
00006a25  _Z17vPERIPH_ClockInitv                                            
00004b3b  _Z18check_string_nobufPKc                                         
00002165  _Z18convertToEpochTimePK12time_stamp_t                            
000037e1  _Z18e2p_read_cloud_cfgv                                           
0000377d  _Z18e2p_write_cfg_timev                                           
0000352b  _Z18e2p_write_locationv                                           
0000052f  _Z18ether_respos_recvdPc                                          
00003753  _Z18get_fixed_locationv                                           
0000356d  _Z18set_fixed_locationPc                                          
000083b9  _Z18vInput_PollingReadv                                           
00002123  _Z19check_dateTime_dataP12time_stamp_t                            
000034d7  _Z19e2p_read_device_cfgv                                          
00003359  _Z19e2p_write_cloud_cfgv                                          
00000523  _Z19flush_ether_rx_buffv                                          
000002c5  _Z19flush_ether_tx_buffv                                          
00004a75  _Z19get_gprs_connct_stsv                                          
00004a6f  _Z19get_pending_requestv                                          
00004a67  _Z19set_gprs_connct_stsh                                          
00004a61  _Z19set_pending_requesth                                          
00008399  _Z19vInit_InputTestpinsv                                          
00008b07  _Z19vPERIPH_SystickInitv                                          
000034a9  _Z20e2p_write_device_cfgv                                         
0000717d  _Z20getRouter1_DCvoltagev                                         
0000714b  _Z20getRouter2_DCvoltagev                                         
00007121  _Z21getRouter1_DC_currentv                                        
000070f9  _Z21getRouter2_DC_currentv                                        
0000051d  _Z21get_ethernet_NWstatusv                                        
00000511  _Z21set_ethernet_NWstatush                                        
0000038d  _Z22check_ethernet_messagev                                       
000002d1  _Z22ether_websocket_packetPh                                      
000002b9  _Z22ethernet_pong_receivedPh                                      
0000a135  _Z23__finalize_destructionsPP20a_needed_destructionPv             
00003455  _Z23e2p_read_voltage_configv                                      
000002b3  _Z23get_ethernet_connct_stsv                                      
000002a7  _Z23set_ethernet_connct_stsh                                      
000057ff  _Z23vUART_CheckFrameTimeouti                                      
00003417  _Z24e2p_write_voltage_configv                                     
00005cd5  _Z24preparePC_ResponsePacket5cmd_tPchii                           
0000a0ad  _Z25__add_destruction_to_listPP20a_needed_destructionPFYvPvES2_S2_
00007e99  _Z25count_doubleSquareBracketPcj                                  
00005789  _Z25prepare_graphical_tx_buffjPch                                 
00006a2b  _Z26vMAIN_InitClockPeripheralsv                                   
00004285  _Z36enc28J60_mempool_block_move_callbackttt                       
00003413  _Z7get_urlv                                                       
000020e1  _Z7isDT_okv                                                       
0000700d  _Z7readADCh                                                       
00007e2b  _Z7reversePci                                                     
00003389  _Z7set_urlPc                                                      
000087ef  _Z8Read_RTCPhh                                                    
00007e51  _Z8intToStriPci                                                   
00005d91  _Z8response5cmd_ti                                                
0000a541  _Z8sleep_usi                                                      
0000877d  _Z9Write_RTCPhh                                                   
00007a71  _Z9clear_lcdv                                                     
00008b01  _Z9my_millisv                                                     
00007df1  _Z9my_strstrPKcS0_i                                               
00007043  _Z9updateADC14ADC_Channels_th                                     
00006faf  _Z9vADC0Initv                                                     
00008e7d  _ZN10MemoryPool10allocBlockEt                                     
00008e67  _ZN10MemoryPool11resizeBlockEht                                   
00008e53  _ZN10MemoryPool11resizeBlockEhtt                                  
00008e35  _ZN10MemoryPool4initEv                                            
20000000  _ZN10MemoryPool6blocksE                                           
00008e27  _ZN10MemoryPool9blockSizeEh                                       
00008df1  _ZN10MemoryPool9freeBlockEh                                       
0000a8c9  _ZN10__cxxabiv117__class_type_infoD0Ev                            
0000aa29  _ZN10__cxxabiv117__class_type_infoD1Ev                            
0000aa29  _ZN10__cxxabiv117__class_type_infoD2Ev                            
0000a8d7  _ZN10__cxxabiv120__si_class_type_infoD0Ev                         
0000aa2d  _ZN10__cxxabiv120__si_class_type_infoD1Ev                         
0000aa2d  _ZN10__cxxabiv120__si_class_type_infoD2Ev                         
0000a8e5  _ZN10__cxxabiv121__vmi_class_type_infoD0Ev                        
0000aa31  _ZN10__cxxabiv121__vmi_class_type_infoD1Ev                        
0000aa31  _ZN10__cxxabiv121__vmi_class_type_infoD2Ev                        
000042f7  _ZN15Enc28J60Network10copyPacketEhthtt                            
00004065  _ZN15Enc28J60Network10freePacketEv                                
00004277  _ZN15Enc28J60Network10linkStatusEv                                
0000422d  _ZN15Enc28J60Network10readBufferEtPh                              
00004261  _ZN15Enc28J60Network10readPacketEhtPht                            
200016d6  _ZN15Enc28J60Network10receivePktE                                 
0000418b  _ZN15Enc28J60Network10sendPacketEh                                
00004065  _ZN15Enc28J60Network10setERXRDPTEv                                
00003dd9  _ZN15Enc28J60Network10setReadPtrEhtt                              
00003fe3  _ZN15Enc28J60Network11readRegByteEh                               
00004121  _ZN15Enc28J60Network11writeBufferEtPh                             
00004159  _ZN15Enc28J60Network11writePacketEhtPht                           
00003fcd  _ZN15Enc28J60Network12writeRegByteEhh                             
00003bc1  _ZN15Enc28J60Network12writeRegPairEht                             
200015ca  _ZN15Enc28J60Network13nextPacketPtrE                              
0000407b  _ZN15Enc28J60Network13receivePacketEv                             
00004045  _ZN15Enc28J60Network15enableBroadcastEb                           
00004031  _ZN15Enc28J60Network15enableMulticastEv                           
00004009  _ZN15Enc28J60Network16disableBroadcastEb                          
00003ff5  _ZN15Enc28J60Network16disableMulticastEv                          
20001f99  _ZN15Enc28J60Network17broadcast_enabledE                          
20001f97  _ZN15Enc28J60Network4bankE                                        
00003ec5  _ZN15Enc28J60Network4initEPh                                      
00003e1d  _ZN15Enc28J60Network6chksumEthtt                                  
00003dcf  _ZN15Enc28J60Network6clkoutEh                                     
20001f98  _ZN15Enc28J60Network6erevidE                                      
00003c49  _ZN15Enc28J60Network6readOpEhh                                    
00003db3  _ZN15Enc28J60Network7initSPIEv                                    
00003c97  _ZN15Enc28J60Network7phyReadEh                                    
00003d8f  _ZN15Enc28J60Network7powerOnEv                                    
00003c85  _ZN15Enc28J60Network7readRegEh                                    
00003b97  _ZN15Enc28J60Network7setBankEh                                    
00003b6d  _ZN15Enc28J60Network7writeOpEhhh                                  
00003d63  _ZN15Enc28J60Network8phyWriteEht                                  
00003d35  _ZN15Enc28J60Network8powerOffEv                                   
00003d0b  _ZN15Enc28J60Network8readByteEt                                   
00003c33  _ZN15Enc28J60Network8writeRegEhh                                  
00003ce1  _ZN15Enc28J60Network9PhyStatusEv                                  
00003c11  _ZN15Enc28J60Network9blockSizeEh                                  
00003c0b  _ZN15Enc28J60Network9geterevidEv                                  
00003be3  _ZN15Enc28J60Network9writeByteEth                                 
00005731  _ZN16UIPEthernetClass10linkStatusEv                               
000056ff  _ZN16UIPEthernetClass10subnetMaskEv                               
20001f82  _ZN16UIPEthernetClass10uip_hdrlenE                                
20001f81  _ZN16UIPEthernetClass10uip_packetE                                
000056ef  _ZN16UIPEthernetClass11dnsServerIPEv                              
20001f83  _ZN16UIPEthernetClass11packetstateE                               
00005691  _ZN16UIPEthernetClass12dhcp_handlerEv                             
000052f3  _ZN16UIPEthernetClass12network_sendEv                             
00005671  _ZN16UIPEthernetClass14hardwareStatusEv                           
200016f4  _ZN16UIPEthernetClass14periodic_timerE                            
20001698  _ZN16UIPEthernetClass17_dnsServerAddressE                         
000051a1  _ZN16UIPEthernetClass18upper_layer_chksumEh                       
0000566b  _ZN16UIPEthernetClass4initEh                                      
0000534f  _ZN16UIPEthernetClass4tickEv                                      
20001f84  _ZN16UIPEthernetClass5_dhcpE                                      
00005657  _ZN16UIPEthernetClass5beginEPKh                                   
0000562d  _ZN16UIPEthernetClass5beginEPKh9IPAddress                         
000055f5  _ZN16UIPEthernetClass5beginEPKh9IPAddressS2_                      
00005599  _ZN16UIPEthernetClass5beginEPKh9IPAddressS2_S2_                   
00005551  _ZN16UIPEthernetClass5beginEPKh9IPAddressS2_S2_S2_                
00005165  _ZN16UIPEthernetClass6chksumEtPKht                                
00005511  _ZN16UIPEthernetClass7localIPEv                                   
000054d5  _ZN16UIPEthernetClass7netInitEPKh                                 
00005215  _ZN16UIPEthernetClass8ipchksumEv                                  
00005475  _ZN16UIPEthernetClass8maintainEv                                  
0000528d  _ZN16UIPEthernetClass9configureE9IPAddressS0_S0_S0_               
00005265  _ZN16UIPEthernetClass9gatewayIPEv                                 
20001f80  _ZN16UIPEthernetClass9in_packetE                                  
00005263  _ZN16UIPEthernetClassC1Ev                                         
00005263  _ZN16UIPEthernetClassC2Ev                                         
00007815  _ZN5Print10printFloatEdh                                          
000076cd  _ZN5Print11printNumberEmh                                         
00007a0d  _ZN5Print5printEPK19__FlashStringHelper                           
000077f3  _ZN5Print5printEPKc                                               
000079d1  _ZN5Print5printERK6String                                         
000079ad  _ZN5Print5printERK9Printable                                      
00007747  _ZN5Print5printEc                                                 
0000796f  _ZN5Print5printEdi                                                
000077db  _ZN5Print5printEhi                                                
000077c3  _ZN5Print5printEii                                                
000077ab  _ZN5Print5printEji                                                
00007751  _ZN5Print5printEli                                                
0000771d  _ZN5Print5printEmi                                                
00007691  _ZN5Print5writeEPKhj                                              
00007a21  _ZN5Print7printlnEPK19__FlashStringHelper                         
000079f9  _ZN5Print7printlnEPKc                                             
000079df  _ZN5Print7printlnERK6String                                       
000079bd  _ZN5Print7printlnERK9Printable                                    
00007999  _ZN5Print7printlnEc                                               
0000797d  _ZN5Print7printlnEdi                                              
000077df  _ZN5Print7printlnEhi                                              
000077c7  _ZN5Print7printlnEii                                              
000077af  _ZN5Print7printlnEji                                              
00007797  _ZN5Print7printlnEli                                              
00007733  _ZN5Print7printlnEmi                                              
000076bd  _ZN5Print7printlnEv                                               
0000a9e9  _ZN6ClientD0Ev                                                    
00008aff  _ZN6ClientD1Ev                                                    
0000a9ef  _ZN6ServerD0Ev                                                    
00009087  _ZN6ServerD1Ev                                                    
00006719  _ZN6UIPUDP10remotePortEv                                          
0000683d  _ZN6UIPUDP11beginPacketE9IPAddresst                               
00006971  _ZN6UIPUDP11beginPacketEPKct                                      
000067bd  _ZN6UIPUDP11parsePacketEv                                         
00006747  _ZN6UIPUDP4peekEv                                                 
0000a97d  _ZN6UIPUDP4readEPcj                                               
00006773  _ZN6UIPUDP4readEPhj                                               
000069d3  _ZN6UIPUDP4readEv                                                 
000068e1  _ZN6UIPUDP4stopEv                                                 
00006667  _ZN6UIPUDP5_sendEP18uip_udp_userdata_t                            
0000692d  _ZN6UIPUDP5beginEt                                                
0000672d  _ZN6UIPUDP5flushEv                                                
000067e1  _ZN6UIPUDP5writeEPKhj                                             
000069f5  _ZN6UIPUDP5writeEh                                                
000066f3  _ZN6UIPUDP8remoteIPEv                                             
000066dd  _ZN6UIPUDP9availableEv                                            
00006699  _ZN6UIPUDP9endPacketEv                                            
00006807  _ZN6UIPUDPC1Ev                                                    
00006807  _ZN6UIPUDPC2Ev                                                    
0000643d  _ZN9DNSClient12BuildRequestEPKc                                   
00006525  _ZN9DNSClient13getHostByNameEPKcR9IPAddress                       
000061ef  _ZN9DNSClient15ProcessResponseEtR9IPAddress                       
000061e5  _ZN9DNSClient5beginERK9IPAddress                                  
00006183  _ZN9DNSClient9inet_atonEPKcR9IPAddress                            
00003281  _ZN9DhcpClass10checkLeaseEv                                       
00003271  _ZN9DhcpClass10getLocalIpEv                                       
0000326b  _ZN9DhcpClass12getGatewayIpEv                                     
00002b63  _ZN9DhcpClass12presend_DHCPEv                                     
00003205  _ZN9DhcpClass13beginWithDHCPEPh                                   
000031ff  _ZN9DhcpClass13getSubnetMaskEv                                    
000031f9  _ZN9DhcpClass14getDnsServerIpEv                                   
000031f3  _ZN9DhcpClass15getDhcpServerIpEv                                  
000031e9  _ZN9DhcpClass16reset_DHCP_leaseEv                                 
00002b65  _ZN9DhcpClass17parseDHCPResponseERj                               
00002e51  _ZN9DhcpClass17send_DHCP_MESSAGEEht                               
00003075  _ZN9DhcpClass18request_DHCP_leaseEv                               
00002b3f  _ZN9DhcpClass9printByteEPch                                       
0000970d  _ZN9IPAddressC1EPKh                                               
0000965d  _ZN9IPAddressC1Ehhhh                                              
00009701  _ZN9IPAddressC1Ej                                                 
000096f3  _ZN9IPAddressC1Ev                                                 
0000970d  _ZN9IPAddressC2EPKh                                               
0000965d  _ZN9IPAddressC2Ehhhh                                              
00009701  _ZN9IPAddressC2Ej                                                 
000096f3  _ZN9IPAddressC2Ev                                                 
0000a9f5  _ZN9IPAddressD0Ev                                                 
00009577  _ZN9IPAddressD1Ev                                                 
000096eb  _ZN9IPAddressaSEPKh                                               
000096e7  _ZN9IPAddressaSEj                                                 
0000a9fb  _ZN9PrintableD0Ev                                                 
00009b27  _ZN9PrintableD1Ev                                                 
000045a1  _ZN9UIPClient10_availableEP14uip_userdata_t                       
00004a05  _ZN9UIPClient10remotePortEv                                       
0000439b  _ZN9UIPClient12_flushBlocksEPh                                    
00004349  _ZN9UIPClient13_allocateDataEv                                    
000045ed  _ZN9UIPClient13_currentBlockEPh                                   
000046cb  _ZN9UIPClient17availableForWriteEv                                
00004929  _ZN9UIPClient4peekEv                                              
00004879  _ZN9UIPClient4readEPhj                                            
0000484d  _ZN9UIPClient4readEv                                              
000045bb  _ZN9UIPClient4stopEv                                              
0000495b  _ZN9UIPClient5flushEv                                             
0000469f  _ZN9UIPClient5writeEPKhj                                          
000046ab  _ZN9UIPClient5writeEh                                             
00004615  _ZN9UIPClient6_writeEP14uip_userdata_tPKhj                        
0000471d  _ZN9UIPClient7connectE9IPAddresst                                 
000047ed  _ZN9UIPClient7connectEPKct                                        
20001338  _ZN9UIPClient8all_dataE                                           
000049d7  _ZN9UIPClient8remoteIPEv                                          
0000437d  _ZN9UIPClient9_eatBlockEPh                                        
0000497b  _ZN9UIPClient9availableEv                                         
00004587  _ZN9UIPClient9connectedEv                                         
000049b9  _ZN9UIPClientC1EP14uip_userdata_t                                 
0000499d  _ZN9UIPClientC1Ev                                                 
000049b9  _ZN9UIPClientC2EP14uip_userdata_t                                 
0000499d  _ZN9UIPClientC2Ev                                                 
0000aa01  _ZN9UIPClientD0Ev                                                 
00009c07  _ZN9UIPClientD1Ev                                                 
00004565  _ZN9UIPClientcvbEv                                                
000046fd  _ZN9UIPClienteqERKS_                                              
0000a807  _ZN9UIPClientneERKS_                                              
00008717  _ZN9UIPServer3endEv                                               
000086eb  _ZN9UIPServer5beginEt                                             
000085bb  _ZN9UIPServer5beginEv                                             
000086a5  _ZN9UIPServer5writeEPKhj                                          
00008703  _ZN9UIPServer5writeEh                                             
00008651  _ZN9UIPServer6acceptEv                                            
00008605  _ZN9UIPServer9availableEv                                         
000085d9  _ZN9UIPServerC1Et                                                 
000085d9  _ZN9UIPServerC2Et                                                 
0000aa07  _ZN9UIPServerD0Ev                                                 
00009e4f  _ZN9UIPServerD1Ev                                                 
000085d5  _ZN9UIPServercvbEv                                                
000096a7  _ZNK9IPAddress7printToER5Print                                    
0000968f  _ZNK9IPAddresseqEPKh                                              
00009eef  _ZNSt9type_infoD1Ev                                               
00009eef  _ZNSt9type_infoD2Ev                                               
0000aa49  _ZSt17__throw_bad_allocv                                          
0000b0dc  _ZTI3UDP                                                          
0000b0e4  _ZTI5Print                                                        
0000b0ec  _ZTI6Client                                                       
0000b0f4  _ZTI6Server                                                       
0000af5c  _ZTI6UIPUDP                                                       
0000b078  _ZTI9IPAddress                                                    
0000b0fc  _ZTI9Printable                                                    
0000af7c  _ZTI9UIPClient                                                    
0000af9c  _ZTI9UIPServer                                                    
0000b084  _ZTIN10__cxxabiv117__class_type_infoE                             
0000b090  _ZTIN10__cxxabiv120__si_class_type_infoE                          
0000b09c  _ZTIN10__cxxabiv121__vmi_class_type_infoE                         
0000b104  _ZTISt9type_info                                                  
0000b143  _ZTS3UDP                                                          
0000b124  _ZTS5Print                                                        
0000b10c  _ZTS6Client                                                       
0000b114  _ZTS6Server                                                       
0000b11c  _ZTS6UIPUDP                                                       
0000b0a8  _ZTS9IPAddress                                                    
0000b0b3  _ZTS9Printable                                                    
0000b0be  _ZTS9UIPClient                                                    
0000b0c9  _ZTS9UIPServer                                                    
0000af38  _ZTSN10__cxxabiv117__class_type_infoE                             
0000aeee  _ZTSN10__cxxabiv120__si_class_type_infoE                          
0000aec8  _ZTSN10__cxxabiv121__vmi_class_type_infoE                         
0000b068  _ZTSSt9type_info                                                  
0000adc8  _ZTV3UDP                                                          
0000b028  _ZTV5Print                                                        
0000ae54  _ZTV6Client                                                       
0000afd8  _ZTV6Server                                                       
0000ab50  _ZTV6UIPUDP                                                       
0000afec  _ZTV9IPAddress                                                    
0000b000  _ZTV9Printable                                                    
0000ac70  _ZTV9UIPClient                                                    
0000ae94  _ZTV9UIPServer                                                    
0000b038  _ZTVN10__cxxabiv117__class_type_infoE                             
0000b048  _ZTVN10__cxxabiv120__si_class_type_infoE                          
0000b058  _ZTVN10__cxxabiv121__vmi_class_type_infoE                         
00006727  _ZThn8_N6UIPUDP10remotePortEv                                     
000068d1  _ZThn8_N6UIPUDP11beginPacketE9IPAddresst                          
000069cd  _ZThn8_N6UIPUDP11beginPacketEPKct                                 
[...]
0000a0f1  __aeabi_d2uiz                                                     
0000a135  _Z23__finalize_destructionsPP20a_needed_destructionPv             
0000a177  __aeabi_idiv0                                                     
0000a177  __aeabi_ldiv0                                                     
0000a179  EEPROMInit                                                        
0000a1b9  __aeabi_uidiv                                                     
0000a1b9  __aeabi_uidivmod                                                  
0000a1f9  SSIConfigSetExpClk                                                
0000a271  EEPROMRead                                                        
0000a2a9  SysCtlPeripheralReady                                             
0000a2e1  __TI_writemsg                                                     
0000a30f  C$$IO$$                                                           
0000a319  SysCtlPeripheralDisable                                           
0000a34d  SysCtlPeripheralEnable                                            
0000a3b5  __TI_readmsg                                                      
0000a3e9  __aeabi_atexit                                                    
0000a41d  _c_int00_noargs                                                   
0000a451  rand                                                              
0000a485  strstr                                                            
0000a4b9  ADCIntStatus                                                      
0000a4e7  __aeabi_i2d                                                       
0000a515  GPIODirModeSet                                                    
0000a541  _Z8sleep_usi                                                      
0000a56d  strncmp                                                           
0000a5c1  memcmp                                                            
0000a5e5  srand                                                             
0000a609  UARTDisable                                                       
0000a629  __aeabi_ui2d                                                      
0000a649  ADCSequenceDataGet                                                
0000a667  _Z13SPI_transrecvjh                                               
0000a6a1  millis_start                                                      
0000a6a9  millis                                                            
0000a6af  SysTick_Handler                                                   
0000a6bd  GPIOPinTypeGPIOOutput                                             
0000a6d7  ADCProcessorTrigger                                               
0000a6ef  __aeabi_lmul                                                      
0000a707  strcmp                                                            
0000a71f  GPIOPinTypeADC                                                    
0000a735  GPIOPinTypeGPIOInput                                              
0000a74b  GPIOPinTypeI2C                                                    
0000a761  GPIOPinTypeI2CSCL                                                 
0000a777  GPIOPinTypeSSI                                                    
0000a78d  GPIOPinTypeUART                                                   
0000a7a5  SysTickEnable                                                     
0000a7b9  SysTickIntEnable                                                  
0000a7cd  UARTEnable                                                        
0000a7e1  strlen                                                            
0000a7f5  SSIDataGetNonBlocking                                             
0000a807  _ZN9UIPClientneERKS_                                              
0000a819  IntMasterEnable                                                   
0000a829  SysTickPeriodSet                                                  
0000a849  __time64                                                          
0000a859  ADCSequenceEnable                                                 
0000a867  GPIOIntStatus                                                     
0000a875  I2CRxFIFOFlush                                                    
0000a883  I2CTxFIFOFlush                                                    
0000a891  SSIDataPutNonBlocking                                             
0000a89f  UARTCharGetNonBlocking                                            
0000a8ad  UARTCharPutNonBlocking                                            
0000a8bb  UARTCharsAvail                                                    
0000a8c9  _ZN10__cxxabiv117__class_type_infoD0Ev                            
0000a8d7  _ZN10__cxxabiv120__si_class_type_infoD0Ev                         
0000a8e5  _ZN10__cxxabiv121__vmi_class_type_infoD0Ev                        
0000a8f3  __TI_decompress_none                                              
0000a901  CPUcpsie                                                          
0000a90d  GPIOIntEnable                                                     
0000a919  _ZThn8_N6UIPUDP4readEPcj                                          
0000a925  __cxa_finalize                                                    
0000a931  __cxa_guard_acquire                                               
0000a93d  __TI_zero_init                                                    
0000a949  ResetISR                                                          
0000a955  ADCIntClear                                                       
0000a95f  I2CMasterEnable                                                   
0000a969  SSIEnable                                                         
0000a973  UARTIntStatus                                                     
0000a97d  _ZN6UIPUDP4readEPcj                                               
0000a987  __cxa_guard_release                                               
0000a991  I2CMasterBusy                                                     
0000a999  I2CMasterSlaveAddrSet                                             
0000a9a1  UARTBusy                                                          
0000a9a9  UARTIntEnable                                                     
0000a9b1  _ZThn8_N9UIPClientD0Ev                                            
0000a9b9  _ZThn8_N9UIPServerD0Ev                                            
0000a9c1  _ZdlPv                                                            
0000a9c9  malloc                                                            
0000a9d1  GPIOIntClear                                                      
0000a9d7  GPIOPinRead                                                       
0000a9dd  GPIOPinWrite                                                      
0000a9e3  SysCtlDelay                                                       
0000a9e9  _ZN6ClientD0Ev                                                    
0000a9ef  _ZN6ServerD0Ev                                                    
0000a9f5  _ZN9IPAddressD0Ev                                                 
0000a9fb  _ZN9PrintableD0Ev                                                 
0000aa01  _ZN9UIPClientD0Ev                                                 
0000aa07  _ZN9UIPServerD0Ev                                                 
0000aa0d  __cxa_ia64_exit                                                   
0000aa13  __cxa_pure_virtual                                                
0000aa19  I2CMasterControl                                                  
0000aa1d  I2CMasterDataGet                                                  
0000aa21  I2CMasterDataPut                                                  
0000aa25  UARTIntClear                                                      
0000aa29  _ZN10__cxxabiv117__class_type_infoD1Ev                            
0000aa29  _ZN10__cxxabiv117__class_type_infoD2Ev                            
0000aa2d  _ZN10__cxxabiv120__si_class_type_infoD1Ev                         
0000aa2d  _ZN10__cxxabiv120__si_class_type_infoD2Ev                         
0000aa31  _ZN10__cxxabiv121__vmi_class_type_infoD1Ev                        
0000aa31  _ZN10__cxxabiv121__vmi_class_type_infoD2Ev                        
0000aa35  _ZThn8_N9UIPClientD1Ev                                            
0000aa39  _ZThn8_N9UIPServerD1Ev                                            
0000aa3d  _ZdlPvj                                                           
0000aa41  __abort_execution                                                 
0000aa45  _system_pre_init                                                  
0000aa49  C$$EXIT                                                           
0000aa49  _ZSt17__throw_bad_allocv                                          
0000aa49  abort                                                             
0000aa4c  _ctypes_                                                          
0000ab50  _ZTV6UIPUDP                                                       
0000ac70  _ZTV9UIPClient                                                    
0000adc8  _ZTV3UDP                                                          
0000ae54  _ZTV6Client                                                       
0000ae94  _ZTV9UIPServer                                                    
0000aec8  _ZTSN10__cxxabiv121__vmi_class_type_infoE                         
0000aeee  _ZTSN10__cxxabiv120__si_class_type_infoE                          
0000af38  _ZTSN10__cxxabiv117__class_type_infoE                             
0000af5c  _ZTI6UIPUDP                                                       
0000af7c  _ZTI9UIPClient                                                    
0000af9c  _ZTI9UIPServer                                                    
0000afd8  _ZTV6Server                                                       
0000afec  _ZTV9IPAddress                                                    
0000b000  _ZTV9Printable                                                    
0000b028  _ZTV5Print                                                        
0000b038  _ZTVN10__cxxabiv117__class_type_infoE                             
0000b048  _ZTVN10__cxxabiv120__si_class_type_infoE                          
0000b058  _ZTVN10__cxxabiv121__vmi_class_type_infoE                         
0000b068  _ZTSSt9type_info                                                  
0000b078  _ZTI9IPAddress                                                    
0000b084  _ZTIN10__cxxabiv117__class_type_infoE                             
0000b090  _ZTIN10__cxxabiv120__si_class_type_infoE                          
0000b09c  _ZTIN10__cxxabiv121__vmi_class_type_infoE                         
0000b0a8  _ZTS9IPAddress                                                    
0000b0b3  _ZTS9Printable                                                    
0000b0be  _ZTS9UIPClient                                                    
0000b0c9  _ZTS9UIPServer                                                    
0000b0dc  _ZTI3UDP                                                          
0000b0e4  _ZTI5Print                                                        
0000b0ec  _ZTI6Client                                                       
0000b0f4  _ZTI6Server                                                       
0000b0fc  _ZTI9Printable                                                    
0000b104  _ZTISt9type_info                                                  
0000b10c  _ZTS6Client                                                       
0000b114  _ZTS6Server                                                       
0000b11c  _ZTS6UIPUDP                                                       
0000b124  _ZTS5Print                                                        
0000b143  _ZTS3UDP                                                          
0000b154  SHT$$INIT_ARRAY$$Base                                             
0000b178  SHT$$INIT_ARRAY$$Limit                                            
0000b1b0  __TI_Handler_Table_Base                                           
0000b1bc  __TI_Handler_Table_Limit                                          
0000b1c8  __TI_CINIT_Base                                                   
0000b1d8  __TI_CINIT_Limit                                                  
20000000  _ZN10MemoryPool6blocksE                                           
20000000  __start___llvm_prf_cnts                                           
20000000  __stop___llvm_prf_cnts                                            
20000230  ethernet_rx_buff                                                  
2000043c  ethernet_tx_buff                                                  
20000644  JSON_Tx_Buff                                                      
20000848  gprs_tx_buff                                                      
20000a44  dummy_json_string                                                 
20000bcc  adc                                                               
20000d48  display_tx                                                        
20000e78  __CIOBUF_                                                         
20000f98  cloud_config                                                      
2000106e  EXTI_cnt                                                          
20001070  display_uart_rx                                                   
20001110  pc_uart_rx                                                        
200011b0  gprs_rx_buff                                                      
20001238  e2p_cloud_config                                                  
200012b8  uip_conns                                                         
20001338  _ZN9UIPClient8all_dataE                                           
200013a8  uip_buf                                                           
200014c8  pc_uart_tx                                                        
20001518  uip_udp_conns                                                     
20001558  ram_data                                                          
2000158e  time_main                                                         
200015ad  measurements                                                      
200015c9  UIPEthernet                                                       
200015ca  _ZN15Enc28J60Network13nextPacketPtrE                              
200015cc  gprs                                                              
200015e4  Eclient                                                           
200015f4  client                                                            
20001604  e2p_device_info                                                   
20001614  e2p_location_info                                                 
20001624  scheduler                                                         
20001632  Alarms                                                            
2000163e  gprs_rx_isr_handler                                               
20001698  _ZN16UIPEthernetClass17_dnsServerAddressE                         
200016a8  e2p_config_time                                                   
200016b0  e2p_router_config                                                 
200016b8  gps_data                                                          
200016c0  parmbuf                                                           
200016c8  uip_listenports                                                   
200016d0  Telecom_Ethernet                                                  
200016d6  _ZN15Enc28J60Network10receivePktE                                 
200016dc  time_stamp                                                        
200016e2  uip_len                                                           
200016e4  _ZZN9UIPClient7connectE9IPAddresstE4conn                          
200016f4  _ZN16UIPEthernetClass14periodic_timerE                            
200016f8  __dso_handle                                                      
200016fc  _millis                                                           
20001700  startTime                                                         
20001704  u32DelayCounter                                                   
20001708  uip_acc32                                                         
2000170c  uip_appdata                                                       
20001710  uip_conn                                                          
20001714  uip_draddr                                                        
20001718  uip_hostaddr                                                      
2000171c  uip_netmask                                                       
20001720  uip_sappdata                                                      
20001724  uip_udp_conn                                                      
20001728  uip_slen                                                          
2000172a  System_mode                                                       
2000172b  router_mode                                                       
2000172c  uip_flags                                                         
20001730  __stack                                                           
20001930  __STACK_TOP                                                       
20001f30  __STACK_END                                                       
20001f4a  _ZZN9UIPClient7connectE9IPAddresstE7timeout                       
20001f4c  _tz                                                               
20001f5c  __TI_cleanup_ptr                                                  
20001f60  __TI_dtors_ptr                                                    
20001f64  __TI_enable_exit_profile_output                                   
20001f68  _lock                                                             
20001f6c  _unlock                                                           
20001f78  ADC_RAW_MAX                                                       
20001f80  _ZN16UIPEthernetClass9in_packetE                                  
20001f81  _ZN16UIPEthernetClass10uip_packetE                                
20001f82  _ZN16UIPEthernetClass10uip_hdrlenE                                
20001f83  _ZN16UIPEthernetClass11packetstateE                               
20001f84  _ZN16UIPEthernetClass5_dhcpE                                      
20001f90  uip_ethaddr                                                       
20001f96  ENC28J60ControlCS                                                 
20001f97  _ZN15Enc28J60Network4bankE                                        
20001f98  _ZN15Enc28J60Network6erevidE                                      
20001f99  _ZN15Enc28J60Network17broadcast_enabledE                          
20001f9a  _ZZN9UIPClient7connectE9IPAddresstE10first_call                   
20001f9c  millis_cnt                                                        
20001fa4  upload_time                                                       
20001fb0  _sys_memory                                                       
ffffffff  __TI_pprof_out_hndl                                               
ffffffff  __TI_prof_data_size                                               
ffffffff  __TI_prof_data_start                                              
ffffffff  __binit__                                                         
ffffffff  __c_args__                                                        
ffffffff  binit                                                             
UNDEFED   __mpu_init                                                        
UNDEFED   _system_post_cinit                                                

[701 symbols]
