<?xml version="1.0" encoding="ISO-8859-1" ?>
<link_info>
   <banner>TI ARM Linker PC v20.2.6.LTS</banner>
   <copyright>Copyright (c) 1996-2018 Texas Instruments Incorporated</copyright>
   <link_time>0x662b74b4</link_time>
   <link_errors>0x0</link_errors>
   <output_file>Telecom_IoT_v2_00.out</output_file>
   <entry_point>
      <name>_c_int00_noargs</name>
      <address>0x552d</address>
   </entry_point>
   <input_file_list>
      <input_file id="fl-2">
         <path>.\</path>
         <kind>object</kind>
         <file>tm4c1233e6pz_startup_ccs.obj</file>
         <name>tm4c1233e6pz_startup_ccs.obj</name>
      </input_file>
      <input_file id="fl-3">
         <path>.\Sources\</path>
         <kind>object</kind>
         <file>ADC_Core.obj</file>
         <name>ADC_Core.obj</name>
      </input_file>
      <input_file id="fl-4">
         <path>.\Sources\</path>
         <kind>object</kind>
         <file>Clock.obj</file>
         <name>Clock.obj</name>
      </input_file>
      <input_file id="fl-5">
         <path>.\Sources\</path>
         <kind>object</kind>
         <file>DS3231.obj</file>
         <name>DS3231.obj</name>
      </input_file>
      <input_file id="fl-6">
         <path>.\Sources\</path>
         <kind>object</kind>
         <file>Display.obj</file>
         <name>Display.obj</name>
      </input_file>
      <input_file id="fl-7">
         <path>.\Sources\</path>
         <kind>object</kind>
         <file>E2P.obj</file>
         <name>E2P.obj</name>
      </input_file>
      <input_file id="fl-8">
         <path>.\Sources\</path>
         <kind>object</kind>
         <file>IO_cntrl.obj</file>
         <name>IO_cntrl.obj</name>
      </input_file>
      <input_file id="fl-9">
         <path>.\Sources\</path>
         <kind>object</kind>
         <file>PC_Cmds.obj</file>
         <name>PC_Cmds.obj</name>
      </input_file>
      <input_file id="fl-a">
         <path>.\Sources\</path>
         <kind>object</kind>
         <file>SPI.obj</file>
         <name>SPI.obj</name>
      </input_file>
      <input_file id="fl-b">
         <path>.\Sources\</path>
         <kind>object</kind>
         <file>SysTick_Timer.obj</file>
         <name>SysTick_Timer.obj</name>
      </input_file>
      <input_file id="fl-c">
         <path>.\Sources\</path>
         <kind>object</kind>
         <file>UartCore.obj</file>
         <name>UartCore.obj</name>
      </input_file>
      <input_file id="fl-d">
         <path>.\Sources\</path>
         <kind>object</kind>
         <file>_common.obj</file>
         <name>_common.obj</name>
      </input_file>
      <input_file id="fl-e">
         <path>.\Sources\</path>
         <kind>object</kind>
         <file>delay.obj</file>
         <name>delay.obj</name>
      </input_file>
      <input_file id="fl-f">
         <path>.\Sources\</path>
         <kind>object</kind>
         <file>flashCore.obj</file>
         <name>flashCore.obj</name>
      </input_file>
      <input_file id="fl-10">
         <path>.\Sources\</path>
         <kind>object</kind>
         <file>flash_logger.obj</file>
         <name>flash_logger.obj</name>
      </input_file>
      <input_file id="fl-11">
         <path>.\Sources\</path>
         <kind>object</kind>
         <file>gprs.obj</file>
         <name>gprs.obj</name>
      </input_file>
      <input_file id="fl-12">
         <path>.\Sources\</path>
         <kind>object</kind>
         <file>gps.obj</file>
         <name>gps.obj</name>
      </input_file>
      <input_file id="fl-13">
         <path>.\Sources\</path>
         <kind>object</kind>
         <file>main.obj</file>
         <name>main.obj</name>
      </input_file>
      <input_file id="fl-18">
         <kind>object</kind>
         <file>&lt;internal&gt;</file>
         <name>&lt;internal&gt;</name>
      </input_file>
      <input_file id="fl-ce">
         <path>C:\ti\ccs1110\ccs\tools\compiler\ti-cgt-arm_20.2.6.LTS\lib\</path>
         <kind>archive</kind>
         <file>rtsv7M4_T_le_v4SPD16_eabi.lib</file>
         <name>fd_div_t2.asm.obj</name>
      </input_file>
      <input_file id="fl-cf">
         <path>C:\ti\ccs1110\ccs\tools\compiler\ti-cgt-arm_20.2.6.LTS\lib\</path>
         <kind>archive</kind>
         <file>rtsv7M4_T_le_v4SPD16_eabi.lib</file>
         <name>fd_mul_t2.asm.obj</name>
      </input_file>
      <input_file id="fl-d0">
         <path>C:\ti\ccs1110\ccs\tools\compiler\ti-cgt-arm_20.2.6.LTS\lib\</path>
         <kind>archive</kind>
         <file>rtsv7M4_T_le_v4SPD16_eabi.lib</file>
         <name>fd_tou_t2.asm.obj</name>
      </input_file>
      <input_file id="fl-d1">
         <path>C:\ti\ccs1110\ccs\tools\compiler\ti-cgt-arm_20.2.6.LTS\lib\</path>
         <kind>archive</kind>
         <file>rtsv7M4_T_le_v4SPD16_eabi.lib</file>
         <name>memcpy_t2.asm.obj</name>
      </input_file>
      <input_file id="fl-d2">
         <path>C:\ti\ccs1110\ccs\tools\compiler\ti-cgt-arm_20.2.6.LTS\lib\</path>
         <kind>archive</kind>
         <file>rtsv7M4_T_le_v4SPD16_eabi.lib</file>
         <name>u_tofd_t2.asm.obj</name>
      </input_file>
      <input_file id="fl-d3">
         <path>C:\ti\ccs1110\ccs\tools\compiler\ti-cgt-arm_20.2.6.LTS\lib\</path>
         <kind>archive</kind>
         <file>rtsv7M4_T_le_v4SPD16_eabi.lib</file>
         <name>memset_t2.asm.obj</name>
      </input_file>
      <input_file id="fl-d4">
         <path>C:\ti\ccs1110\ccs\tools\compiler\ti-cgt-arm_20.2.6.LTS\lib\</path>
         <kind>archive</kind>
         <file>rtsv7M4_T_le_v4SPD16_eabi.lib</file>
         <name>copy_zero_init.c.obj</name>
      </input_file>
      <input_file id="fl-d5">
         <path>C:\ti\ccs1110\ccs\tools\compiler\ti-cgt-arm_20.2.6.LTS\lib\</path>
         <kind>archive</kind>
         <file>rtsv7M4_T_le_v4SPD16_eabi.lib</file>
         <name>copy_decompress_none.c.obj</name>
      </input_file>
      <input_file id="fl-d6">
         <path>C:\ti\ccs1110\ccs\tools\compiler\ti-cgt-arm_20.2.6.LTS\lib\</path>
         <kind>archive</kind>
         <file>rtsv7M4_T_le_v4SPD16_eabi.lib</file>
         <name>copy_decompress_lzss.c.obj</name>
      </input_file>
      <input_file id="fl-d7">
         <path>C:\ti\ccs1110\ccs\tools\compiler\ti-cgt-arm_20.2.6.LTS\lib\</path>
         <kind>archive</kind>
         <file>rtsv7M4_T_le_v4SPD16_eabi.lib</file>
         <name>atoi.c.obj</name>
      </input_file>
      <input_file id="fl-d8">
         <path>C:\ti\ccs1110\ccs\tools\compiler\ti-cgt-arm_20.2.6.LTS\lib\</path>
         <kind>archive</kind>
         <file>rtsv7M4_T_le_v4SPD16_eabi.lib</file>
         <name>ctype.c.obj</name>
      </input_file>
      <input_file id="fl-d9">
         <path>C:\ti\ccs1110\ccs\tools\compiler\ti-cgt-arm_20.2.6.LTS\lib\</path>
         <kind>archive</kind>
         <file>rtsv7M4_T_le_v4SPD16_eabi.lib</file>
         <name>ltoa.c.obj</name>
      </input_file>
      <input_file id="fl-da">
         <path>C:\ti\ccs1110\ccs\tools\compiler\ti-cgt-arm_20.2.6.LTS\lib\</path>
         <kind>archive</kind>
         <file>rtsv7M4_T_le_v4SPD16_eabi.lib</file>
         <name>strcpy.c.obj</name>
      </input_file>
      <input_file id="fl-db">
         <path>C:\ti\ccs1110\ccs\tools\compiler\ti-cgt-arm_20.2.6.LTS\lib\</path>
         <kind>archive</kind>
         <file>rtsv7M4_T_le_v4SPD16_eabi.lib</file>
         <name>boot_cortex_m.c.obj</name>
      </input_file>
      <input_file id="fl-dc">
         <path>C:\ti\ccs1110\ccs\tools\compiler\ti-cgt-arm_20.2.6.LTS\lib\</path>
         <kind>archive</kind>
         <file>rtsv7M4_T_le_v4SPD16_eabi.lib</file>
         <name>autoinit.c.obj</name>
      </input_file>
      <input_file id="fl-dd">
         <path>C:\ti\ccs1110\ccs\tools\compiler\ti-cgt-arm_20.2.6.LTS\lib\</path>
         <kind>archive</kind>
         <file>rtsv7M4_T_le_v4SPD16_eabi.lib</file>
         <name>pre_init.c.obj</name>
      </input_file>
      <input_file id="fl-de">
         <path>C:\ti\ccs1110\ccs\tools\compiler\ti-cgt-arm_20.2.6.LTS\lib\</path>
         <kind>archive</kind>
         <file>rtsv7M4_T_le_v4SPD16_eabi.lib</file>
         <name>cpy_tbl.c.obj</name>
      </input_file>
      <input_file id="fl-df">
         <path>C:\ti\ccs1110\ccs\tools\compiler\ti-cgt-arm_20.2.6.LTS\lib\</path>
         <kind>archive</kind>
         <file>rtsv7M4_T_le_v4SPD16_eabi.lib</file>
         <name>exit.c.obj</name>
      </input_file>
      <input_file id="fl-e0">
         <path>C:\ti\ccs1110\ccs\tools\compiler\ti-cgt-arm_20.2.6.LTS\lib\</path>
         <kind>archive</kind>
         <file>rtsv7M4_T_le_v4SPD16_eabi.lib</file>
         <name>_lock.c.obj</name>
      </input_file>
      <input_file id="fl-e1">
         <path>C:\ti\ccs1110\ccs\tools\compiler\ti-cgt-arm_20.2.6.LTS\lib\</path>
         <kind>archive</kind>
         <file>rtsv7M4_T_le_v4SPD16_eabi.lib</file>
         <name>args_main.c.obj</name>
      </input_file>
      <input_file id="fl-e2">
         <path>C:\ti\TivaWare_C_Series-2.2.0.295\driverlib\ccs\Debug\</path>
         <kind>archive</kind>
         <file>driverlib.lib</file>
         <name>adc.obj</name>
      </input_file>
      <input_file id="fl-e3">
         <path>C:\ti\TivaWare_C_Series-2.2.0.295\driverlib\ccs\Debug\</path>
         <kind>archive</kind>
         <file>driverlib.lib</file>
         <name>eeprom.obj</name>
      </input_file>
      <input_file id="fl-e4">
         <path>C:\ti\TivaWare_C_Series-2.2.0.295\driverlib\ccs\Debug\</path>
         <kind>archive</kind>
         <file>driverlib.lib</file>
         <name>gpio.obj</name>
      </input_file>
      <input_file id="fl-e5">
         <path>C:\ti\TivaWare_C_Series-2.2.0.295\driverlib\ccs\Debug\</path>
         <kind>archive</kind>
         <file>driverlib.lib</file>
         <name>i2c.obj</name>
      </input_file>
      <input_file id="fl-e6">
         <path>C:\ti\TivaWare_C_Series-2.2.0.295\driverlib\ccs\Debug\</path>
         <kind>archive</kind>
         <file>driverlib.lib</file>
         <name>interrupt.obj</name>
      </input_file>
      <input_file id="fl-e7">
         <path>C:\ti\TivaWare_C_Series-2.2.0.295\driverlib\ccs\Debug\</path>
         <kind>archive</kind>
         <file>driverlib.lib</file>
         <name>ssi.obj</name>
      </input_file>
      <input_file id="fl-e8">
         <path>C:\ti\TivaWare_C_Series-2.2.0.295\driverlib\ccs\Debug\</path>
         <kind>archive</kind>
         <file>driverlib.lib</file>
         <name>sysctl.obj</name>
      </input_file>
      <input_file id="fl-e9">
         <path>C:\ti\TivaWare_C_Series-2.2.0.295\driverlib\ccs\Debug\</path>
         <kind>archive</kind>
         <file>driverlib.lib</file>
         <name>systick.obj</name>
      </input_file>
      <input_file id="fl-ea">
         <path>C:\ti\TivaWare_C_Series-2.2.0.295\driverlib\ccs\Debug\</path>
         <kind>archive</kind>
         <file>driverlib.lib</file>
         <name>uart.obj</name>
      </input_file>
      <input_file id="fl-eb">
         <path>C:\ti\TivaWare_C_Series-2.2.0.295\driverlib\ccs\Debug\</path>
         <kind>archive</kind>
         <file>driverlib.lib</file>
         <name>cpu.obj</name>
      </input_file>
   </input_file_list>
   <object_component_list>
      <object_component id="oc-12">
         <name>.intvecs</name>
         <load_address>0x0</load_address>
         <run_address>0x0</run_address>
         <size>0x26c</size>
         <input_file_ref idref="fl-2"/>
      </object_component>
      <object_component id="oc-22a">
         <name>.text</name>
         <load_address>0x270</load_address>
         <run_address>0x270</run_address>
         <size>0xc30</size>
         <input_file_ref idref="fl-4"/>
      </object_component>
      <object_component id="oc-234">
         <name>.text</name>
         <load_address>0xea0</load_address>
         <run_address>0xea0</run_address>
         <size>0xb28</size>
         <input_file_ref idref="fl-7"/>
      </object_component>
      <object_component id="oc-39">
         <name>.text</name>
         <load_address>0x19c8</load_address>
         <run_address>0x19c8</run_address>
         <size>0xb06</size>
         <input_file_ref idref="fl-c"/>
      </object_component>
      <object_component id="oc-14c">
         <name>.text</name>
         <load_address>0x24d0</load_address>
         <run_address>0x24d0</run_address>
         <size>0x756</size>
         <input_file_ref idref="fl-9"/>
      </object_component>
      <object_component id="oc-25c">
         <name>.text</name>
         <load_address>0x2c28</load_address>
         <run_address>0x2c28</run_address>
         <size>0x6d4</size>
         <input_file_ref idref="fl-3"/>
      </object_component>
      <object_component id="oc-38c">
         <name>.text:I2CMasterControl</name>
         <load_address>0x32fc</load_address>
         <run_address>0x32fc</run_address>
         <size>0x4</size>
         <input_file_ref idref="fl-e5"/>
      </object_component>
      <object_component id="oc-180">
         <name>.text</name>
         <load_address>0x3300</load_address>
         <run_address>0x3300</run_address>
         <size>0x4a6</size>
         <input_file_ref idref="fl-13"/>
      </object_component>
      <object_component id="oc-27c">
         <name>.text</name>
         <load_address>0x37a8</load_address>
         <run_address>0x37a8</run_address>
         <size>0x442</size>
         <input_file_ref idref="fl-6"/>
      </object_component>
      <object_component id="oc-cd">
         <name>.text:GPIOIntClear</name>
         <load_address>0x3bea</load_address>
         <run_address>0x3bea</run_address>
         <size>0x6</size>
         <input_file_ref idref="fl-e4"/>
      </object_component>
      <object_component id="oc-33">
         <name>.text</name>
         <load_address>0x3bf0</load_address>
         <run_address>0x3bf0</run_address>
         <size>0x39a</size>
         <input_file_ref idref="fl-8"/>
      </object_component>
      <object_component id="oc-b5">
         <name>.text:GPIOPinRead</name>
         <load_address>0x3f8a</load_address>
         <run_address>0x3f8a</run_address>
         <size>0x6</size>
         <input_file_ref idref="fl-e4"/>
      </object_component>
      <object_component id="oc-e9">
         <name>.text</name>
         <load_address>0x3f90</load_address>
         <run_address>0x3f90</run_address>
         <size>0x39a</size>
         <input_file_ref idref="fl-d"/>
      </object_component>
      <object_component id="oc-a9">
         <name>.text:GPIOPinWrite</name>
         <load_address>0x432a</load_address>
         <run_address>0x432a</run_address>
         <size>0x6</size>
         <input_file_ref idref="fl-e4"/>
      </object_component>
      <object_component id="oc-262">
         <name>.text</name>
         <load_address>0x4330</load_address>
         <run_address>0x4330</run_address>
         <size>0x366</size>
         <input_file_ref idref="fl-5"/>
      </object_component>
      <object_component id="oc-1ba">
         <name>.text:GPIOPadConfigSet</name>
         <load_address>0x4698</load_address>
         <run_address>0x4698</run_address>
         <size>0x16c</size>
         <input_file_ref idref="fl-e4"/>
      </object_component>
      <object_component id="oc-37a">
         <name>.text</name>
         <load_address>0x4804</load_address>
         <run_address>0x4804</run_address>
         <size>0x136</size>
         <input_file_ref idref="fl-ce"/>
      </object_component>
      <object_component id="oc-335">
         <name>.text:SysCtlDelay</name>
         <load_address>0x493a</load_address>
         <run_address>0x493a</run_address>
         <size>0x6</size>
         <input_file_ref idref="fl-e8"/>
      </object_component>
      <object_component id="oc-2d">
         <name>.text</name>
         <load_address>0x4940</load_address>
         <run_address>0x4940</run_address>
         <size>0x11c</size>
         <input_file_ref idref="fl-b"/>
      </object_component>
      <object_component id="oc-80">
         <name>.text:SysCtlClockGet</name>
         <load_address>0x4a5c</load_address>
         <run_address>0x4a5c</run_address>
         <size>0x118</size>
         <input_file_ref idref="fl-e8"/>
      </object_component>
      <object_component id="oc-36d">
         <name>.text</name>
         <load_address>0x4b74</load_address>
         <run_address>0x4b74</run_address>
         <size>0xfc</size>
         <input_file_ref idref="fl-cf"/>
      </object_component>
      <object_component id="oc-256">
         <name>.text:SysCtlClockSet</name>
         <load_address>0x4c70</load_address>
         <run_address>0x4c70</run_address>
         <size>0xf4</size>
         <input_file_ref idref="fl-e8"/>
      </object_component>
      <object_component id="oc-321">
         <name>.text:EEPROMProgram</name>
         <load_address>0x4d64</load_address>
         <run_address>0x4d64</run_address>
         <size>0xc4</size>
         <input_file_ref idref="fl-e3"/>
      </object_component>
      <object_component id="oc-4d">
         <name>.text</name>
         <load_address>0x4e28</load_address>
         <run_address>0x4e28</run_address>
         <size>0x9c</size>
         <input_file_ref idref="fl-d1"/>
      </object_component>
      <object_component id="oc-343">
         <name>.text:ADCSequenceStepConfigure</name>
         <load_address>0x4ec4</load_address>
         <run_address>0x4ec4</run_address>
         <size>0x7a</size>
         <input_file_ref idref="fl-e2"/>
      </object_component>
      <object_component id="oc-101">
         <name>.text</name>
         <load_address>0x4f3e</load_address>
         <run_address>0x4f3e</run_address>
         <size>0x7a</size>
         <input_file_ref idref="fl-d3"/>
      </object_component>
      <object_component id="oc-12c">
         <name>.text:ltoa</name>
         <load_address>0x4fb8</load_address>
         <run_address>0x4fb8</run_address>
         <size>0x6e</size>
         <input_file_ref idref="fl-d9"/>
      </object_component>
      <object_component id="oc-11a">
         <name>.text:IntEnable</name>
         <load_address>0x5028</load_address>
         <run_address>0x5028</run_address>
         <size>0x68</size>
         <input_file_ref idref="fl-e6"/>
      </object_component>
      <object_component id="oc-15">
         <name>.text:decompress:lzss:__TI_decompress_lzss</name>
         <load_address>0x5090</load_address>
         <run_address>0x5090</run_address>
         <size>0x68</size>
         <input_file_ref idref="fl-d6"/>
      </object_component>
      <object_component id="oc-c7">
         <name>.text:GPIOIntTypeSet</name>
         <load_address>0x50f8</load_address>
         <run_address>0x50f8</run_address>
         <size>0x58</size>
         <input_file_ref idref="fl-e4"/>
      </object_component>
      <object_component id="oc-3a4">
         <name>.text:SysCtlPeripheralReset</name>
         <load_address>0x5150</load_address>
         <run_address>0x5150</run_address>
         <size>0x50</size>
         <input_file_ref idref="fl-e8"/>
      </object_component>
      <object_component id="oc-33d">
         <name>.text:ADCSequenceConfigure</name>
         <load_address>0x51a0</load_address>
         <run_address>0x51a0</run_address>
         <size>0x4e</size>
         <input_file_ref idref="fl-e2"/>
      </object_component>
      <object_component id="oc-108">
         <name>.text:GPIOPinConfigure</name>
         <load_address>0x51f0</load_address>
         <run_address>0x51f0</run_address>
         <size>0x4c</size>
         <input_file_ref idref="fl-e4"/>
      </object_component>
      <object_component id="oc-3b6">
         <name>.text:I2CMasterInitExpClk</name>
         <load_address>0x523c</load_address>
         <run_address>0x523c</run_address>
         <size>0x4c</size>
         <input_file_ref idref="fl-e5"/>
      </object_component>
      <object_component id="oc-1ed">
         <name>.text:atoi</name>
         <load_address>0x5288</load_address>
         <run_address>0x5288</run_address>
         <size>0x4c</size>
         <input_file_ref idref="fl-d7"/>
      </object_component>
      <object_component id="oc-114">
         <name>.text:UARTConfigSetExpClk</name>
         <load_address>0x52d4</load_address>
         <run_address>0x52d4</run_address>
         <size>0x46</size>
         <input_file_ref idref="fl-ea"/>
      </object_component>
      <object_component id="oc-28f">
         <name>.text:__TI_auto_init_nobinit_nopinit:__TI_auto_init_nobinit_nopinit</name>
         <load_address>0x531c</load_address>
         <run_address>0x531c</run_address>
         <size>0x44</size>
         <input_file_ref idref="fl-dc"/>
      </object_component>
      <object_component id="oc-372">
         <name>.text</name>
         <load_address>0x5360</load_address>
         <run_address>0x5360</run_address>
         <size>0x44</size>
         <input_file_ref idref="fl-d0"/>
      </object_component>
      <object_component id="oc-32e">
         <name>.text:EEPROMInit</name>
         <load_address>0x53a4</load_address>
         <run_address>0x53a4</run_address>
         <size>0x40</size>
         <input_file_ref idref="fl-e3"/>
      </object_component>
      <object_component id="oc-41c">
         <name>.text:_EEPROMSectorMaskSet</name>
         <load_address>0x53e4</load_address>
         <run_address>0x53e4</run_address>
         <size>0x3c</size>
         <input_file_ref idref="fl-e3"/>
      </object_component>
      <object_component id="oc-327">
         <name>.text:EEPROMRead</name>
         <load_address>0x5420</load_address>
         <run_address>0x5420</run_address>
         <size>0x38</size>
         <input_file_ref idref="fl-e3"/>
      </object_component>
      <object_component id="oc-c1">
         <name>.text:SysCtlPeripheralReady</name>
         <load_address>0x5458</load_address>
         <run_address>0x5458</run_address>
         <size>0x38</size>
         <input_file_ref idref="fl-e8"/>
      </object_component>
      <object_component id="oc-39e">
         <name>.text:SysCtlPeripheralDisable</name>
         <load_address>0x5490</load_address>
         <run_address>0x5490</run_address>
         <size>0x34</size>
         <input_file_ref idref="fl-e8"/>
      </object_component>
      <object_component id="oc-bb">
         <name>.text:SysCtlPeripheralEnable</name>
         <load_address>0x54c4</load_address>
         <run_address>0x54c4</run_address>
         <size>0x34</size>
         <input_file_ref idref="fl-e8"/>
      </object_component>
      <object_component id="oc-416">
         <name>.text:_EEPROMSectorMaskClear</name>
         <load_address>0x54f8</load_address>
         <run_address>0x54f8</run_address>
         <size>0x34</size>
         <input_file_ref idref="fl-e3"/>
      </object_component>
      <object_component id="oc-6b">
         <name>.text:_c_int00_noargs:_c_int00_noargs</name>
         <load_address>0x552c</load_address>
         <run_address>0x552c</run_address>
         <size>0x34</size>
         <input_file_ref idref="fl-db"/>
      </object_component>
      <object_component id="oc-35b">
         <name>.text:ADCIntStatus</name>
         <load_address>0x5560</load_address>
         <run_address>0x5560</run_address>
         <size>0x2e</size>
         <input_file_ref idref="fl-e2"/>
      </object_component>
      <object_component id="oc-1c0">
         <name>.text:GPIODirModeSet</name>
         <load_address>0x558e</load_address>
         <run_address>0x558e</run_address>
         <size>0x2c</size>
         <input_file_ref idref="fl-e4"/>
      </object_component>
      <object_component id="oc-206">
         <name>.text:UARTDisable</name>
         <load_address>0x55bc</load_address>
         <run_address>0x55bc</run_address>
         <size>0x20</size>
         <input_file_ref idref="fl-ea"/>
      </object_component>
      <object_component id="oc-368">
         <name>.text</name>
         <load_address>0x55dc</load_address>
         <run_address>0x55dc</run_address>
         <size>0x20</size>
         <input_file_ref idref="fl-d2"/>
      </object_component>
      <object_component id="oc-361">
         <name>.text:ADCSequenceDataGet</name>
         <load_address>0x55fc</load_address>
         <run_address>0x55fc</run_address>
         <size>0x1e</size>
         <input_file_ref idref="fl-e2"/>
      </object_component>
      <object_component id="oc-a3">
         <name>.text:GPIOPinTypeGPIOOutput</name>
         <load_address>0x561a</load_address>
         <run_address>0x561a</run_address>
         <size>0x1a</size>
         <input_file_ref idref="fl-e4"/>
      </object_component>
      <object_component id="oc-398">
         <name>.text:I2CMasterDataGet</name>
         <load_address>0x5634</load_address>
         <run_address>0x5634</run_address>
         <size>0x4</size>
         <input_file_ref idref="fl-e5"/>
      </object_component>
      <object_component id="oc-27">
         <name>.text</name>
         <load_address>0x5638</load_address>
         <run_address>0x5638</run_address>
         <size>0x1a</size>
         <input_file_ref idref="fl-2"/>
      </object_component>
      <object_component id="oc-355">
         <name>.text:ADCProcessorTrigger</name>
         <load_address>0x5652</load_address>
         <run_address>0x5652</run_address>
         <size>0x18</size>
         <input_file_ref idref="fl-e2"/>
      </object_component>
      <object_component id="oc-337">
         <name>.text:GPIOPinTypeADC</name>
         <load_address>0x566a</load_address>
         <run_address>0x566a</run_address>
         <size>0x16</size>
         <input_file_ref idref="fl-e4"/>
      </object_component>
      <object_component id="oc-af">
         <name>.text:GPIOPinTypeGPIOInput</name>
         <load_address>0x5680</load_address>
         <run_address>0x5680</run_address>
         <size>0x16</size>
         <input_file_ref idref="fl-e4"/>
      </object_component>
      <object_component id="oc-3b0">
         <name>.text:GPIOPinTypeI2C</name>
         <load_address>0x5696</load_address>
         <run_address>0x5696</run_address>
         <size>0x16</size>
         <input_file_ref idref="fl-e4"/>
      </object_component>
      <object_component id="oc-3aa">
         <name>.text:GPIOPinTypeI2CSCL</name>
         <load_address>0x56ac</load_address>
         <run_address>0x56ac</run_address>
         <size>0x16</size>
         <input_file_ref idref="fl-e4"/>
      </object_component>
      <object_component id="oc-10e">
         <name>.text:GPIOPinTypeUART</name>
         <load_address>0x56c2</load_address>
         <run_address>0x56c2</run_address>
         <size>0x16</size>
         <input_file_ref idref="fl-e4"/>
      </object_component>
      <object_component id="oc-92">
         <name>.text:SysTickEnable</name>
         <load_address>0x56d8</load_address>
         <run_address>0x56d8</run_address>
         <size>0x14</size>
         <input_file_ref idref="fl-e9"/>
      </object_component>
      <object_component id="oc-8c">
         <name>.text:SysTickIntEnable</name>
         <load_address>0x56ec</load_address>
         <run_address>0x56ec</run_address>
         <size>0x14</size>
         <input_file_ref idref="fl-e9"/>
      </object_component>
      <object_component id="oc-20c">
         <name>.text:UARTEnable</name>
         <load_address>0x5700</load_address>
         <run_address>0x5700</run_address>
         <size>0x14</size>
         <input_file_ref idref="fl-ea"/>
      </object_component>
      <object_component id="oc-21a">
         <name>.text:strcpy</name>
         <load_address>0x5714</load_address>
         <run_address>0x5714</run_address>
         <size>0x14</size>
         <input_file_ref idref="fl-da"/>
      </object_component>
      <object_component id="oc-276">
         <name>.text:IntMasterEnable</name>
         <load_address>0x5728</load_address>
         <run_address>0x5728</run_address>
         <size>0x10</size>
         <input_file_ref idref="fl-e6"/>
      </object_component>
      <object_component id="oc-86">
         <name>.text:SysTickPeriodSet</name>
         <load_address>0x5738</load_address>
         <run_address>0x5738</run_address>
         <size>0x10</size>
         <input_file_ref idref="fl-e9"/>
      </object_component>
      <object_component id="oc-425">
         <name>.text:_EEPROMWaitForDone</name>
         <load_address>0x5748</load_address>
         <run_address>0x5748</run_address>
         <size>0x10</size>
         <input_file_ref idref="fl-e3"/>
      </object_component>
      <object_component id="oc-349">
         <name>.text:ADCSequenceEnable</name>
         <load_address>0x5758</load_address>
         <run_address>0x5758</run_address>
         <size>0xe</size>
         <input_file_ref idref="fl-e2"/>
      </object_component>
      <object_component id="oc-d9">
         <name>.text:GPIOIntStatus</name>
         <load_address>0x5766</load_address>
         <run_address>0x5766</run_address>
         <size>0xe</size>
         <input_file_ref idref="fl-e4"/>
      </object_component>
      <object_component id="oc-3bc">
         <name>.text:I2CRxFIFOFlush</name>
         <load_address>0x5774</load_address>
         <run_address>0x5774</run_address>
         <size>0xe</size>
         <input_file_ref idref="fl-e5"/>
      </object_component>
      <object_component id="oc-3c2">
         <name>.text:I2CTxFIFOFlush</name>
         <load_address>0x5782</load_address>
         <run_address>0x5782</run_address>
         <size>0xe</size>
         <input_file_ref idref="fl-e5"/>
      </object_component>
      <object_component id="oc-13e">
         <name>.text:UARTCharGetNonBlocking</name>
         <load_address>0x5790</load_address>
         <run_address>0x5790</run_address>
         <size>0xe</size>
         <input_file_ref idref="fl-ea"/>
      </object_component>
      <object_component id="oc-126">
         <name>.text:UARTCharPutNonBlocking</name>
         <load_address>0x579e</load_address>
         <run_address>0x579e</run_address>
         <size>0xe</size>
         <input_file_ref idref="fl-ea"/>
      </object_component>
      <object_component id="oc-1b">
         <name>.text:decompress:none:__TI_decompress_none</name>
         <load_address>0x57ac</load_address>
         <run_address>0x57ac</run_address>
         <size>0xe</size>
         <input_file_ref idref="fl-d5"/>
      </object_component>
      <object_component id="oc-3e0">
         <name>.text:CPUcpsie</name>
         <load_address>0x57ba</load_address>
         <run_address>0x57ba</run_address>
         <size>0xc</size>
         <input_file_ref idref="fl-eb"/>
      </object_component>
      <object_component id="oc-d3">
         <name>.text:GPIOIntEnable</name>
         <load_address>0x57c6</load_address>
         <run_address>0x57c6</run_address>
         <size>0xc</size>
         <input_file_ref idref="fl-e4"/>
      </object_component>
      <object_component id="oc-f0">
         <name>.text:UARTTxIntModeSet</name>
         <load_address>0x57d2</load_address>
         <run_address>0x57d2</run_address>
         <size>0xc</size>
         <input_file_ref idref="fl-ea"/>
      </object_component>
      <object_component id="oc-5f">
         <name>.text:decompress:ZI:__TI_zero_init</name>
         <load_address>0x57de</load_address>
         <run_address>0x57de</run_address>
         <size>0xc</size>
         <input_file_ref idref="fl-d4"/>
      </object_component>
      <object_component id="oc-34f">
         <name>.text:ADCIntClear</name>
         <load_address>0x57ea</load_address>
         <run_address>0x57ea</run_address>
         <size>0xa</size>
         <input_file_ref idref="fl-e2"/>
      </object_component>
      <object_component id="oc-444">
         <name>.text:I2CMasterEnable</name>
         <load_address>0x57f4</load_address>
         <run_address>0x57f4</run_address>
         <size>0xa</size>
         <input_file_ref idref="fl-e5"/>
      </object_component>
      <object_component id="oc-145">
         <name>.text:UARTIntDisable</name>
         <load_address>0x57fe</load_address>
         <run_address>0x57fe</run_address>
         <size>0xa</size>
         <input_file_ref idref="fl-ea"/>
      </object_component>
      <object_component id="oc-132">
         <name>.text:UARTIntStatus</name>
         <load_address>0x5808</load_address>
         <run_address>0x5808</run_address>
         <size>0xa</size>
         <input_file_ref idref="fl-ea"/>
      </object_component>
      <object_component id="oc-392">
         <name>.text:I2CMasterBusy</name>
         <load_address>0x5812</load_address>
         <run_address>0x5812</run_address>
         <size>0x8</size>
         <input_file_ref idref="fl-e5"/>
      </object_component>
      <object_component id="oc-380">
         <name>.text:I2CMasterSlaveAddrSet</name>
         <load_address>0x581a</load_address>
         <run_address>0x581a</run_address>
         <size>0x8</size>
         <input_file_ref idref="fl-e5"/>
      </object_component>
      <object_component id="oc-120">
         <name>.text:UARTBusy</name>
         <load_address>0x5822</load_address>
         <run_address>0x5822</run_address>
         <size>0x8</size>
         <input_file_ref idref="fl-ea"/>
      </object_component>
      <object_component id="oc-f6">
         <name>.text:UARTIntEnable</name>
         <load_address>0x582a</load_address>
         <run_address>0x582a</run_address>
         <size>0x8</size>
         <input_file_ref idref="fl-ea"/>
      </object_component>
      <object_component id="oc-386">
         <name>.text:I2CMasterDataPut</name>
         <load_address>0x5832</load_address>
         <run_address>0x5832</run_address>
         <size>0x4</size>
         <input_file_ref idref="fl-e5"/>
      </object_component>
      <object_component id="oc-138">
         <name>.text:UARTIntClear</name>
         <load_address>0x5836</load_address>
         <run_address>0x5836</run_address>
         <size>0x4</size>
         <input_file_ref idref="fl-ea"/>
      </object_component>
      <object_component id="oc-17a">
         <name>.text:_system_pre_init</name>
         <load_address>0x583a</load_address>
         <run_address>0x583a</run_address>
         <size>0x4</size>
         <input_file_ref idref="fl-dd"/>
      </object_component>
      <object_component id="oc-283">
         <name>.text:abort:abort</name>
         <load_address>0x583e</load_address>
         <run_address>0x583e</run_address>
         <size>0x4</size>
         <input_file_ref idref="fl-df"/>
      </object_component>
      <object_component id="oc-2e4">
         <name>.const:.string:_ctypes_</name>
         <load_address>0x5844</load_address>
         <run_address>0x5844</run_address>
         <size>0x101</size>
         <input_file_ref idref="fl-d8"/>
      </object_component>
      <object_component id="oc-201">
         <name>.const:g_pui32GPIOBaseAddrs</name>
         <load_address>0x5948</load_address>
         <run_address>0x5948</run_address>
         <size>0x90</size>
         <input_file_ref idref="fl-e4"/>
      </object_component>
      <object_component id="oc-192">
         <name>.const:g_pui32Xtals</name>
         <load_address>0x59d8</load_address>
         <run_address>0x59d8</run_address>
         <size>0x6c</size>
         <input_file_ref idref="fl-e8"/>
      </object_component>
      <object_component id="oc-213">
         <name>.const:g_pui32EnRegs</name>
         <load_address>0x5a44</load_address>
         <run_address>0x5a44</run_address>
         <size>0x14</size>
         <input_file_ref idref="fl-e6"/>
      </object_component>
      <object_component id="oc-31b">
         <name>.const:$P$T0$1</name>
         <load_address>0x5a58</load_address>
         <run_address>0x5a58</run_address>
         <size>0x8</size>
         <input_file_ref idref="fl-4"/>
      </object_component>
      <object_component id="oc-4b9">
         <name>__TI_handler_table</name>
         <load_address>0x5a60</load_address>
         <run_address>0x5a60</run_address>
         <size>0xc</size>
      </object_component>
      <object_component id="oc-4bc">
         <name>.cinit..bss.load</name>
         <load_address>0x5a70</load_address>
         <run_address>0x5a70</run_address>
         <size>0x8</size>
      </object_component>
      <object_component id="oc-4bb">
         <name>.cinit..data.load</name>
         <load_address>0x5a78</load_address>
         <run_address>0x5a78</run_address>
         <size>0x7</size>
      </object_component>
      <object_component id="oc-4ba">
         <name>__TI_cinit_table</name>
         <load_address>0x5a80</load_address>
         <run_address>0x5a80</run_address>
         <size>0x10</size>
      </object_component>
      <object_component id="oc-377">
         <name>.data</name>
         <load_address>0x20000ad8</load_address>
         <run_address>0x20000ad8</run_address>
         <size>0x8</size>
         <input_file_ref idref="fl-3"/>
      </object_component>
      <object_component id="oc-14b">
         <name>.data</name>
         <load_address>0x20000ae0</load_address>
         <run_address>0x20000ae0</run_address>
         <size>0x8</size>
         <input_file_ref idref="fl-c"/>
      </object_component>
      <object_component id="oc-367">
         <name>.common:adc</name>
         <uninitialized>true</uninitialized>
         <run_address>0x200001fc</run_address>
         <size>0x17c</size>
      </object_component>
      <object_component id="oc-272">
         <name>.common:measurements</name>
         <uninitialized>true</uninitialized>
         <run_address>0x2000086d</run_address>
         <size>0x1c</size>
      </object_component>
      <object_component id="oc-31a">
         <name>.common:time_stamp</name>
         <uninitialized>true</uninitialized>
         <run_address>0x200008c7</run_address>
         <size>0x6</size>
      </object_component>
      <object_component id="oc-319">
         <name>.common:time_main</name>
         <uninitialized>true</uninitialized>
         <run_address>0x2000084e</run_address>
         <size>0x1f</size>
      </object_component>
      <object_component id="oc-23a">
         <name>.common:e2p_router_config</name>
         <uninitialized>true</uninitialized>
         <run_address>0x200008bf</run_address>
         <size>0x8</size>
      </object_component>
      <object_component id="oc-26c">
         <name>.common:e2p_cloud_config</name>
         <uninitialized>true</uninitialized>
         <run_address>0x20000748</run_address>
         <size>0x80</size>
      </object_component>
      <object_component id="oc-26d">
         <name>.common:e2p_device_info</name>
         <uninitialized>true</uninitialized>
         <run_address>0x20000889</run_address>
         <size>0x10</size>
      </object_component>
      <object_component id="oc-23b">
         <name>.common:e2p_location_info</name>
         <uninitialized>true</uninitialized>
         <run_address>0x20000899</run_address>
         <size>0x10</size>
      </object_component>
      <object_component id="oc-230">
         <name>.common:e2p_config_time</name>
         <uninitialized>true</uninitialized>
         <run_address>0x200008b7</run_address>
         <size>0x8</size>
      </object_component>
      <object_component id="oc-32d">
         <name>.common:cloud_config</name>
         <uninitialized>true</uninitialized>
         <run_address>0x200004a8</run_address>
         <size>0xd6</size>
      </object_component>
      <object_component id="oc-26e">
         <name>.common:router_mode</name>
         <uninitialized>true</uninitialized>
         <run_address>0x200008ce</run_address>
         <size>0x1</size>
      </object_component>
      <object_component id="oc-226">
         <name>.common:System_mode</name>
         <uninitialized>true</uninitialized>
         <run_address>0x200008cd</run_address>
         <size>0x1</size>
      </object_component>
      <object_component id="oc-98">
         <name>.common:u32DelayCounter</name>
         <uninitialized>true</uninitialized>
         <run_address>0x200008d0</run_address>
         <size>0x4</size>
      </object_component>
      <object_component id="oc-9c">
         <name>.common:scheduler</name>
         <uninitialized>true</uninitialized>
         <run_address>0x200008a9</run_address>
         <size>0xe</size>
      </object_component>
      <object_component id="oc-106">
         <name>.common:pc_uart_rx</name>
         <uninitialized>true</uninitialized>
         <run_address>0x20000620</run_address>
         <size>0xa0</size>
      </object_component>
      <object_component id="oc-107">
         <name>.common:display_uart_rx</name>
         <uninitialized>true</uninitialized>
         <run_address>0x20000580</run_address>
         <size>0xa0</size>
      </object_component>
      <object_component id="oc-ef">
         <name>.common:pc_uart_tx</name>
         <uninitialized>true</uninitialized>
         <run_address>0x200007c8</run_address>
         <size>0x50</size>
      </object_component>
      <object_component id="oc-e5">
         <name>.common:display_tx</name>
         <uninitialized>true</uninitialized>
         <run_address>0x20000378</run_address>
         <size>0x130</size>
      </object_component>
      <object_component id="oc-100">
         <name>.common:gprs_rx_buff</name>
         <uninitialized>true</uninitialized>
         <run_address>0x200006c0</run_address>
         <size>0x88</size>
      </object_component>
      <object_component id="oc-fc">
         <name>.common:gprs_tx_buff</name>
         <uninitialized>true</uninitialized>
         <run_address>0x20000000</run_address>
         <size>0x1fc</size>
      </object_component>
      <object_component id="oc-144">
         <name>.common:gprs_rx_isr_handler</name>
         <uninitialized>true</uninitialized>
         <run_address>0x2000057e</run_address>
         <size>0x2</size>
      </object_component>
      <object_component id="oc-268">
         <name>.common:ram_data</name>
         <uninitialized>true</uninitialized>
         <run_address>0x20000818</run_address>
         <size>0x36</size>
      </object_component>
      <object_component id="oc-24">
         <name>.stack</name>
         <uninitialized>true</uninitialized>
         <run_address>0x200008d8</run_address>
         <size>0x4</size>
         <input_file_ref idref="fl-db"/>
      </object_component>
      <object_component id="oc-4be">
         <name>.stack</name>
         <uninitialized>true</uninitialized>
         <run_address>0x200008d8</run_address>
         <size>0x0</size>
      </object_component>
      <object_component id="oc-41">
         <name>.debug_info</name>
         <load_address>0x0</load_address>
         <run_address>0x0</run_address>
         <size>0x3c7</size>
         <input_file_ref idref="fl-2"/>
      </object_component>
      <object_component id="oc-13">
         <name>.debug_info</name>
         <load_address>0x3c7</load_address>
         <run_address>0x3c7</run_address>
         <size>0x100</size>
         <input_file_ref idref="fl-2"/>
      </object_component>
      <object_component id="oc-28">
         <name>.debug_info</name>
         <load_address>0x4c7</load_address>
         <run_address>0x4c7</run_address>
         <size>0x27d</size>
         <input_file_ref idref="fl-2"/>
      </object_component>
      <object_component id="oc-15f">
         <name>.debug_info</name>
         <load_address>0x744</load_address>
         <run_address>0x744</run_address>
         <size>0x26b</size>
         <input_file_ref idref="fl-2"/>
      </object_component>
      <object_component id="oc-48">
         <name>.debug_info</name>
         <load_address>0x9af</load_address>
         <run_address>0x9af</run_address>
         <size>0x84</size>
         <input_file_ref idref="fl-2"/>
      </object_component>
      <object_component id="oc-242">
         <name>.debug_info</name>
         <load_address>0xa33</load_address>
         <run_address>0xa33</run_address>
         <size>0x2a4</size>
         <input_file_ref idref="fl-2"/>
      </object_component>
      <object_component id="oc-15a">
         <name>.debug_info</name>
         <load_address>0xcd7</load_address>
         <run_address>0xcd7</run_address>
         <size>0xbb</size>
         <input_file_ref idref="fl-2"/>
      </object_component>
      <object_component id="oc-273">
         <name>.debug_info</name>
         <load_address>0xd92</load_address>
         <run_address>0xd92</run_address>
         <size>0x6d5</size>
         <input_file_ref idref="fl-3"/>
      </object_component>
      <object_component id="oc-378">
         <name>.debug_info</name>
         <load_address>0x1467</load_address>
         <run_address>0x1467</run_address>
         <size>0xf8</size>
         <input_file_ref idref="fl-3"/>
      </object_component>
      <object_component id="oc-25d">
         <name>.debug_info</name>
         <load_address>0x155f</load_address>
         <run_address>0x155f</run_address>
         <size>0x1115</size>
         <input_file_ref idref="fl-3"/>
      </object_component>
      <object_component id="oc-1b0">
         <name>.debug_info</name>
         <load_address>0x2674</load_address>
         <run_address>0x2674</run_address>
         <size>0x24c</size>
         <input_file_ref idref="fl-3"/>
      </object_component>
      <object_component id="oc-1d4">
         <name>.debug_info</name>
         <load_address>0x28c0</load_address>
         <run_address>0x28c0</run_address>
         <size>0x2ac</size>
         <input_file_ref idref="fl-3"/>
      </object_component>
      <object_component id="oc-e0">
         <name>.debug_info</name>
         <load_address>0x2b6c</load_address>
         <run_address>0x2b6c</run_address>
         <size>0x8b</size>
         <input_file_ref idref="fl-3"/>
      </object_component>
      <object_component id="oc-1ab">
         <name>.debug_info</name>
         <load_address>0x2bf7</load_address>
         <run_address>0x2bf7</run_address>
         <size>0x2d6</size>
         <input_file_ref idref="fl-3"/>
      </object_component>
      <object_component id="oc-9e">
         <name>.debug_info</name>
         <load_address>0x2ecd</load_address>
         <run_address>0x2ecd</run_address>
         <size>0xbb</size>
         <input_file_ref idref="fl-3"/>
      </object_component>
      <object_component id="oc-1a6">
         <name>.debug_info</name>
         <load_address>0x2f88</load_address>
         <run_address>0x2f88</run_address>
         <size>0x2a1</size>
         <input_file_ref idref="fl-3"/>
      </object_component>
      <object_component id="oc-2e1">
         <name>.debug_info</name>
         <load_address>0x3229</load_address>
         <run_address>0x3229</run_address>
         <size>0x89c</size>
         <input_file_ref idref="fl-4"/>
      </object_component>
      <object_component id="oc-31c">
         <name>.debug_info</name>
         <load_address>0x3ac5</load_address>
         <run_address>0x3ac5</run_address>
         <size>0xe8</size>
         <input_file_ref idref="fl-4"/>
      </object_component>
      <object_component id="oc-22b">
         <name>.debug_info</name>
         <load_address>0x3bad</load_address>
         <run_address>0x3bad</run_address>
         <size>0xf06</size>
         <input_file_ref idref="fl-4"/>
      </object_component>
      <object_component id="oc-1e3">
         <name>.debug_info</name>
         <load_address>0x4ab3</load_address>
         <run_address>0x4ab3</run_address>
         <size>0x3d1</size>
         <input_file_ref idref="fl-4"/>
      </object_component>
      <object_component id="oc-1de">
         <name>.debug_info</name>
         <load_address>0x4e84</load_address>
         <run_address>0x4e84</run_address>
         <size>0x198</size>
         <input_file_ref idref="fl-4"/>
      </object_component>
      <object_component id="oc-153">
         <name>.debug_info</name>
         <load_address>0x501c</load_address>
         <run_address>0x501c</run_address>
         <size>0x2c</size>
         <input_file_ref idref="fl-4"/>
      </object_component>
      <object_component id="oc-3d2">
         <name>.debug_info</name>
         <load_address>0x5048</load_address>
         <run_address>0x5048</run_address>
         <size>0xf1</size>
         <input_file_ref idref="fl-4"/>
      </object_component>
      <object_component id="oc-1d9">
         <name>.debug_info</name>
         <load_address>0x5139</load_address>
         <run_address>0x5139</run_address>
         <size>0x35</size>
         <input_file_ref idref="fl-4"/>
      </object_component>
      <object_component id="oc-23d">
         <name>.debug_info</name>
         <load_address>0x516e</load_address>
         <run_address>0x516e</run_address>
         <size>0x282</size>
         <input_file_ref idref="fl-4"/>
      </object_component>
      <object_component id="oc-3c9">
         <name>.debug_info</name>
         <load_address>0x53f0</load_address>
         <run_address>0x53f0</run_address>
         <size>0x697</size>
         <input_file_ref idref="fl-5"/>
      </object_component>
      <object_component id="oc-265">
         <name>.debug_info</name>
         <load_address>0x5a87</load_address>
         <run_address>0x5a87</run_address>
         <size>0x80b</size>
         <input_file_ref idref="fl-5"/>
      </object_component>
      <object_component id="oc-2cf">
         <name>.debug_info</name>
         <load_address>0x6292</load_address>
         <run_address>0x6292</run_address>
         <size>0x86b</size>
         <input_file_ref idref="fl-6"/>
      </object_component>
      <object_component id="oc-27d">
         <name>.debug_info</name>
         <load_address>0x6afd</load_address>
         <run_address>0x6afd</run_address>
         <size>0x60d</size>
         <input_file_ref idref="fl-6"/>
      </object_component>
      <object_component id="oc-1a1">
         <name>.debug_info</name>
         <load_address>0x710a</load_address>
         <run_address>0x710a</run_address>
         <size>0x109</size>
         <input_file_ref idref="fl-6"/>
      </object_component>
      <object_component id="oc-314">
         <name>.debug_info</name>
         <load_address>0x7213</load_address>
         <run_address>0x7213</run_address>
         <size>0x120</size>
         <input_file_ref idref="fl-6"/>
      </object_component>
      <object_component id="oc-1b5">
         <name>.debug_info</name>
         <load_address>0x7333</load_address>
         <run_address>0x7333</run_address>
         <size>0x17e</size>
         <input_file_ref idref="fl-6"/>
      </object_component>
      <object_component id="oc-3d7">
         <name>.debug_info</name>
         <load_address>0x74b1</load_address>
         <run_address>0x74b1</run_address>
         <size>0xfb</size>
         <input_file_ref idref="fl-6"/>
      </object_component>
      <object_component id="oc-231">
         <name>.debug_info</name>
         <load_address>0x75ac</load_address>
         <run_address>0x75ac</run_address>
         <size>0xd15</size>
         <input_file_ref idref="fl-7"/>
      </object_component>
      <object_component id="oc-238">
         <name>.debug_info</name>
         <load_address>0x82c1</load_address>
         <run_address>0x82c1</run_address>
         <size>0x181e</size>
         <input_file_ref idref="fl-7"/>
      </object_component>
      <object_component id="oc-30f">
         <name>.debug_info</name>
         <load_address>0x9adf</load_address>
         <run_address>0x9adf</run_address>
         <size>0x3a8</size>
         <input_file_ref idref="fl-7"/>
      </object_component>
      <object_component id="oc-1fb">
         <name>.debug_info</name>
         <load_address>0x9e87</load_address>
         <run_address>0x9e87</run_address>
         <size>0x1a5</size>
         <input_file_ref idref="fl-7"/>
      </object_component>
      <object_component id="oc-30a">
         <name>.debug_info</name>
         <load_address>0xa02c</load_address>
         <run_address>0xa02c</run_address>
         <size>0x355</size>
         <input_file_ref idref="fl-7"/>
      </object_component>
      <object_component id="oc-26f">
         <name>.debug_info</name>
         <load_address>0xa381</load_address>
         <run_address>0xa381</run_address>
         <size>0x67d</size>
         <input_file_ref idref="fl-8"/>
      </object_component>
      <object_component id="oc-37">
         <name>.debug_info</name>
         <load_address>0xa9fe</load_address>
         <run_address>0xa9fe</run_address>
         <size>0xae0</size>
         <input_file_ref idref="fl-8"/>
      </object_component>
      <object_component id="oc-227">
         <name>.debug_info</name>
         <load_address>0xb4de</load_address>
         <run_address>0xb4de</run_address>
         <size>0xee8</size>
         <input_file_ref idref="fl-9"/>
      </object_component>
      <object_component id="oc-14d">
         <name>.debug_info</name>
         <load_address>0xc3c6</load_address>
         <run_address>0xc3c6</run_address>
         <size>0xd9a</size>
         <input_file_ref idref="fl-9"/>
      </object_component>
      <object_component id="oc-1e8">
         <name>.debug_info</name>
         <load_address>0xd160</load_address>
         <run_address>0xd160</run_address>
         <size>0xee</size>
         <input_file_ref idref="fl-9"/>
      </object_component>
      <object_component id="oc-99">
         <name>.debug_info</name>
         <load_address>0xd24e</load_address>
         <run_address>0xd24e</run_address>
         <size>0x51c</size>
         <input_file_ref idref="fl-b"/>
      </object_component>
      <object_component id="oc-2e">
         <name>.debug_info</name>
         <load_address>0xd76a</load_address>
         <run_address>0xd76a</run_address>
         <size>0x2f4</size>
         <input_file_ref idref="fl-b"/>
      </object_component>
      <object_component id="oc-e6">
         <name>.debug_info</name>
         <load_address>0xda5e</load_address>
         <run_address>0xda5e</run_address>
         <size>0xb50</size>
         <input_file_ref idref="fl-c"/>
      </object_component>
      <object_component id="oc-3a">
         <name>.debug_info</name>
         <load_address>0xe5ae</load_address>
         <run_address>0xe5ae</run_address>
         <size>0x16a5</size>
         <input_file_ref idref="fl-c"/>
      </object_component>
      <object_component id="oc-1f4">
         <name>.debug_info</name>
         <load_address>0xfc53</load_address>
         <run_address>0xfc53</run_address>
         <size>0x1313</size>
         <input_file_ref idref="fl-d"/>
      </object_component>
      <object_component id="oc-ed">
         <name>.debug_info</name>
         <load_address>0x10f66</load_address>
         <run_address>0x10f66</run_address>
         <size>0x58c</size>
         <input_file_ref idref="fl-d"/>
      </object_component>
      <object_component id="oc-2eb">
         <name>.debug_info</name>
         <load_address>0x114f2</load_address>
         <run_address>0x114f2</run_address>
         <size>0x1f1</size>
         <input_file_ref idref="fl-d"/>
      </object_component>
      <object_component id="oc-2f0">
         <name>.debug_info</name>
         <load_address>0x116e3</load_address>
         <run_address>0x116e3</run_address>
         <size>0x151c</size>
         <input_file_ref idref="fl-d"/>
      </object_component>
      <object_component id="oc-2f5">
         <name>.debug_info</name>
         <load_address>0x12bff</load_address>
         <run_address>0x12bff</run_address>
         <size>0xa0a</size>
         <input_file_ref idref="fl-d"/>
      </object_component>
      <object_component id="oc-44f">
         <name>.debug_info</name>
         <load_address>0x13609</load_address>
         <run_address>0x13609</run_address>
         <size>0x678</size>
         <input_file_ref idref="fl-f"/>
      </object_component>
      <object_component id="oc-3cd">
         <name>.debug_info</name>
         <load_address>0x13c81</load_address>
         <run_address>0x13c81</run_address>
         <size>0x120</size>
         <input_file_ref idref="fl-f"/>
      </object_component>
      <object_component id="oc-fd">
         <name>.debug_info</name>
         <load_address>0x13da1</load_address>
         <run_address>0x13da1</run_address>
         <size>0x47a</size>
         <input_file_ref idref="fl-11"/>
      </object_component>
      <object_component id="oc-269">
         <name>.debug_info</name>
         <load_address>0x1421b</load_address>
         <run_address>0x1421b</run_address>
         <size>0x1077</size>
         <input_file_ref idref="fl-13"/>
      </object_component>
      <object_component id="oc-181">
         <name>.debug_info</name>
         <load_address>0x15292</load_address>
         <run_address>0x15292</run_address>
         <size>0xa28</size>
         <input_file_ref idref="fl-13"/>
      </object_component>
      <object_component id="oc-37b">
         <name>.debug_info</name>
         <load_address>0x15cba</load_address>
         <run_address>0x15cba</run_address>
         <size>0x13a</size>
         <input_file_ref idref="fl-ce"/>
      </object_component>
      <object_component id="oc-370">
         <name>.debug_info</name>
         <load_address>0x15df4</load_address>
         <run_address>0x15df4</run_address>
         <size>0x13a</size>
         <input_file_ref idref="fl-cf"/>
      </object_component>
      <object_component id="oc-374">
         <name>.debug_info</name>
         <load_address>0x15f2e</load_address>
         <run_address>0x15f2e</run_address>
         <size>0x139</size>
         <input_file_ref idref="fl-d0"/>
      </object_component>
      <object_component id="oc-4e">
         <name>.debug_info</name>
         <load_address>0x16067</load_address>
         <run_address>0x16067</run_address>
         <size>0x119</size>
         <input_file_ref idref="fl-d1"/>
      </object_component>
      <object_component id="oc-36a">
         <name>.debug_info</name>
         <load_address>0x16180</load_address>
         <run_address>0x16180</run_address>
         <size>0x12e</size>
         <input_file_ref idref="fl-d2"/>
      </object_component>
      <object_component id="oc-103">
         <name>.debug_info</name>
         <load_address>0x162ae</load_address>
         <run_address>0x162ae</run_address>
         <size>0x147</size>
         <input_file_ref idref="fl-d3"/>
      </object_component>
      <object_component id="oc-178">
         <name>.debug_info</name>
         <load_address>0x163f5</load_address>
         <run_address>0x163f5</run_address>
         <size>0x2d4</size>
         <input_file_ref idref="fl-d4"/>
      </object_component>
      <object_component id="oc-61">
         <name>.debug_info</name>
         <load_address>0x166c9</load_address>
         <run_address>0x166c9</run_address>
         <size>0x1b5</size>
         <input_file_ref idref="fl-d4"/>
      </object_component>
      <object_component id="oc-173">
         <name>.debug_info</name>
         <load_address>0x1687e</load_address>
         <run_address>0x1687e</run_address>
         <size>0x46</size>
         <input_file_ref idref="fl-d4"/>
      </object_component>
      <object_component id="oc-24e">
         <name>.debug_info</name>
         <load_address>0x168c4</load_address>
         <run_address>0x168c4</run_address>
         <size>0x2c</size>
         <input_file_ref idref="fl-d4"/>
      </object_component>
      <object_component id="oc-58">
         <name>.debug_info</name>
         <load_address>0x168f0</load_address>
         <run_address>0x168f0</run_address>
         <size>0x2a8</size>
         <input_file_ref idref="fl-d5"/>
      </object_component>
      <object_component id="oc-1c">
         <name>.debug_info</name>
         <load_address>0x16b98</load_address>
         <run_address>0x16b98</run_address>
         <size>0x1ea</size>
         <input_file_ref idref="fl-d5"/>
      </object_component>
      <object_component id="oc-53">
         <name>.debug_info</name>
         <load_address>0x16d82</load_address>
         <run_address>0x16d82</run_address>
         <size>0x46</size>
         <input_file_ref idref="fl-d5"/>
      </object_component>
      <object_component id="oc-16b">
         <name>.debug_info</name>
         <load_address>0x16dc8</load_address>
         <run_address>0x16dc8</run_address>
         <size>0x2c</size>
         <input_file_ref idref="fl-d5"/>
      </object_component>
      <object_component id="oc-169">
         <name>.debug_info</name>
         <load_address>0x16df4</load_address>
         <run_address>0x16df4</run_address>
         <size>0x29e</size>
         <input_file_ref idref="fl-d6"/>
      </object_component>
      <object_component id="oc-17">
         <name>.debug_info</name>
         <load_address>0x17092</load_address>
         <run_address>0x17092</run_address>
         <size>0x250</size>
         <input_file_ref idref="fl-d6"/>
      </object_component>
      <object_component id="oc-43">
         <name>.debug_info</name>
         <load_address>0x172e2</load_address>
         <run_address>0x172e2</run_address>
         <size>0x60</size>
         <input_file_ref idref="fl-d6"/>
      </object_component>
      <object_component id="oc-247">
         <name>.debug_info</name>
         <load_address>0x17342</load_address>
         <run_address>0x17342</run_address>
         <size>0x46</size>
         <input_file_ref idref="fl-d6"/>
      </object_component>
      <object_component id="oc-164">
         <name>.debug_info</name>
         <load_address>0x17388</load_address>
         <run_address>0x17388</run_address>
         <size>0x39</size>
         <input_file_ref idref="fl-d6"/>
      </object_component>
      <object_component id="oc-2e8">
         <name>.debug_info</name>
         <load_address>0x173c1</load_address>
         <run_address>0x173c1</run_address>
         <size>0x2b9</size>
         <input_file_ref idref="fl-d7"/>
      </object_component>
      <object_component id="oc-1f1">
         <name>.debug_info</name>
         <load_address>0x1767a</load_address>
         <run_address>0x1767a</run_address>
         <size>0x17c</size>
         <input_file_ref idref="fl-d7"/>
      </object_component>
      <object_component id="oc-40f">
         <name>.debug_info</name>
         <load_address>0x177f6</load_address>
         <run_address>0x177f6</run_address>
         <size>0xf9</size>
         <input_file_ref idref="fl-d8"/>
      </object_component>
      <object_component id="oc-2e5">
         <name>.debug_info</name>
         <load_address>0x178ef</load_address>
         <run_address>0x178ef</run_address>
         <size>0x105</size>
         <input_file_ref idref="fl-d8"/>
      </object_component>
      <object_component id="oc-221">
         <name>.debug_info</name>
         <load_address>0x179f4</load_address>
         <run_address>0x179f4</run_address>
         <size>0x2d7</size>
         <input_file_ref idref="fl-d9"/>
      </object_component>
      <object_component id="oc-12d">
         <name>.debug_info</name>
         <load_address>0x17ccb</load_address>
         <run_address>0x17ccb</run_address>
         <size>0x1d8</size>
         <input_file_ref idref="fl-d9"/>
      </object_component>
      <object_component id="oc-305">
         <name>.debug_info</name>
         <load_address>0x17ea3</load_address>
         <run_address>0x17ea3</run_address>
         <size>0x2a4</size>
         <input_file_ref idref="fl-da"/>
      </object_component>
      <object_component id="oc-21b">
         <name>.debug_info</name>
         <load_address>0x18147</load_address>
         <run_address>0x18147</run_address>
         <size>0x24d</size>
         <input_file_ref idref="fl-da"/>
      </object_component>
      <object_component id="oc-25">
         <name>.debug_info</name>
         <load_address>0x18394</load_address>
         <run_address>0x18394</run_address>
         <size>0x10b</size>
         <input_file_ref idref="fl-db"/>
      </object_component>
      <object_component id="oc-6f">
         <name>.debug_info</name>
         <load_address>0x1849f</load_address>
         <run_address>0x1849f</run_address>
         <size>0x1a9</size>
         <input_file_ref idref="fl-db"/>
      </object_component>
      <object_component id="oc-3f3">
         <name>.debug_info</name>
         <load_address>0x18648</load_address>
         <run_address>0x18648</run_address>
         <size>0x4b3</size>
         <input_file_ref idref="fl-dc"/>
      </object_component>
      <object_component id="oc-292">
         <name>.debug_info</name>
         <load_address>0x18afb</load_address>
         <run_address>0x18afb</run_address>
         <size>0x1a6</size>
         <input_file_ref idref="fl-dc"/>
      </object_component>
      <object_component id="oc-462">
         <name>.debug_info</name>
         <load_address>0x18ca1</load_address>
         <run_address>0x18ca1</run_address>
         <size>0x39</size>
         <input_file_ref idref="fl-dc"/>
      </object_component>
      <object_component id="oc-484">
         <name>.debug_info</name>
         <load_address>0x18cda</load_address>
         <run_address>0x18cda</run_address>
         <size>0x39</size>
         <input_file_ref idref="fl-dc"/>
      </object_component>
      <object_component id="oc-467">
         <name>.debug_info</name>
         <load_address>0x18d13</load_address>
         <run_address>0x18d13</run_address>
         <size>0x39</size>
         <input_file_ref idref="fl-dc"/>
      </object_component>
      <object_component id="oc-46c">
         <name>.debug_info</name>
         <load_address>0x18d4c</load_address>
         <run_address>0x18d4c</run_address>
         <size>0xcd</size>
         <input_file_ref idref="fl-dc"/>
      </object_component>
      <object_component id="oc-17d">
         <name>.debug_info</name>
         <load_address>0x18e19</load_address>
         <run_address>0x18e19</run_address>
         <size>0x153</size>
         <input_file_ref idref="fl-dd"/>
      </object_component>
      <object_component id="oc-285">
         <name>.debug_info</name>
         <load_address>0x18f6c</load_address>
         <run_address>0x18f6c</run_address>
         <size>0x122</size>
         <input_file_ref idref="fl-df"/>
      </object_component>
      <object_component id="oc-408">
         <name>.debug_info</name>
         <load_address>0x1908e</load_address>
         <run_address>0x1908e</run_address>
         <size>0x3ba</size>
         <input_file_ref idref="fl-e2"/>
      </object_component>
      <object_component id="oc-346">
         <name>.debug_info</name>
         <load_address>0x19448</load_address>
         <run_address>0x19448</run_address>
         <size>0x33c</size>
         <input_file_ref idref="fl-e2"/>
      </object_component>
      <object_component id="oc-34d">
         <name>.debug_info</name>
         <load_address>0x19784</load_address>
         <run_address>0x19784</run_address>
         <size>0x2a9</size>
         <input_file_ref idref="fl-e2"/>
      </object_component>
      <object_component id="oc-365">
         <name>.debug_info</name>
         <load_address>0x19a2d</load_address>
         <run_address>0x19a2d</run_address>
         <size>0x308</size>
         <input_file_ref idref="fl-e2"/>
      </object_component>
      <object_component id="oc-341">
         <name>.debug_info</name>
         <load_address>0x19d35</load_address>
         <run_address>0x19d35</run_address>
         <size>0x32f</size>
         <input_file_ref idref="fl-e2"/>
      </object_component>
      <object_component id="oc-359">
         <name>.debug_info</name>
         <load_address>0x1a064</load_address>
         <run_address>0x1a064</run_address>
         <size>0x2ad</size>
         <input_file_ref idref="fl-e2"/>
      </object_component>
      <object_component id="oc-35f">
         <name>.debug_info</name>
         <load_address>0x1a311</load_address>
         <run_address>0x1a311</run_address>
         <size>0x2f0</size>
         <input_file_ref idref="fl-e2"/>
      </object_component>
      <object_component id="oc-353">
         <name>.debug_info</name>
         <load_address>0x1a601</load_address>
         <run_address>0x1a601</run_address>
         <size>0x29d</size>
         <input_file_ref idref="fl-e2"/>
      </object_component>
      <object_component id="oc-2ca">
         <name>.debug_info</name>
         <load_address>0x1a89e</load_address>
         <run_address>0x1a89e</run_address>
         <size>0x26b</size>
         <input_file_ref idref="fl-e2"/>
      </object_component>
      <object_component id="oc-2c3">
         <name>.debug_info</name>
         <load_address>0x1ab09</load_address>
         <run_address>0x1ab09</run_address>
         <size>0x297</size>
         <input_file_ref idref="fl-e2"/>
      </object_component>
      <object_component id="oc-2dc">
         <name>.debug_info</name>
         <load_address>0x1ada0</load_address>
         <run_address>0x1ada0</run_address>
         <size>0xef</size>
         <input_file_ref idref="fl-e2"/>
      </object_component>
      <object_component id="oc-196">
         <name>.debug_info</name>
         <load_address>0x1ae8f</load_address>
         <run_address>0x1ae8f</run_address>
         <size>0xbb</size>
         <input_file_ref idref="fl-e2"/>
      </object_component>
      <object_component id="oc-423">
         <name>.debug_info</name>
         <load_address>0x1af4a</load_address>
         <run_address>0x1af4a</run_address>
         <size>0x350</size>
         <input_file_ref idref="fl-e3"/>
      </object_component>
      <object_component id="oc-329">
         <name>.debug_info</name>
         <load_address>0x1b29a</load_address>
         <run_address>0x1b29a</run_address>
         <size>0x2ce</size>
         <input_file_ref idref="fl-e3"/>
      </object_component>
      <object_component id="oc-41e">
         <name>.debug_info</name>
         <load_address>0x1b568</load_address>
         <run_address>0x1b568</run_address>
         <size>0x2ba</size>
         <input_file_ref idref="fl-e3"/>
      </object_component>
      <object_component id="oc-418">
         <name>.debug_info</name>
         <load_address>0x1b822</load_address>
         <run_address>0x1b822</run_address>
         <size>0x280</size>
         <input_file_ref idref="fl-e3"/>
      </object_component>
      <object_component id="oc-322">
         <name>.debug_info</name>
         <load_address>0x1baa2</load_address>
         <run_address>0x1baa2</run_address>
         <size>0x37f</size>
         <input_file_ref idref="fl-e3"/>
      </object_component>
      <object_component id="oc-426">
         <name>.debug_info</name>
         <load_address>0x1be21</load_address>
         <run_address>0x1be21</run_address>
         <size>0x230</size>
         <input_file_ref idref="fl-e3"/>
      </object_component>
      <object_component id="oc-32f">
         <name>.debug_info</name>
         <load_address>0x1c051</load_address>
         <run_address>0x1c051</run_address>
         <size>0x2d1</size>
         <input_file_ref idref="fl-e3"/>
      </object_component>
      <object_component id="oc-1c7">
         <name>.debug_info</name>
         <load_address>0x1c322</load_address>
         <run_address>0x1c322</run_address>
         <size>0x3e4</size>
         <input_file_ref idref="fl-e4"/>
      </object_component>
      <object_component id="oc-202">
         <name>.debug_info</name>
         <load_address>0x1c706</load_address>
         <run_address>0x1c706</run_address>
         <size>0x164</size>
         <input_file_ref idref="fl-e4"/>
      </object_component>
      <object_component id="oc-aa">
         <name>.debug_info</name>
         <load_address>0x1c86a</load_address>
         <run_address>0x1c86a</run_address>
         <size>0x2ac</size>
         <input_file_ref idref="fl-e4"/>
      </object_component>
      <object_component id="oc-1c1">
         <name>.debug_info</name>
         <load_address>0x1cb16</load_address>
         <run_address>0x1cb16</run_address>
         <size>0x2bc</size>
         <input_file_ref idref="fl-e4"/>
      </object_component>
      <object_component id="oc-1bb">
         <name>.debug_info</name>
         <load_address>0x1cdd2</load_address>
         <run_address>0x1cdd2</run_address>
         <size>0x31f</size>
         <input_file_ref idref="fl-e4"/>
      </object_component>
      <object_component id="oc-10f">
         <name>.debug_info</name>
         <load_address>0x1d0f1</load_address>
         <run_address>0x1d0f1</run_address>
         <size>0x29b</size>
         <input_file_ref idref="fl-e4"/>
      </object_component>
      <object_component id="oc-3ab">
         <name>.debug_info</name>
         <load_address>0x1d38c</load_address>
         <run_address>0x1d38c</run_address>
         <size>0x29f</size>
         <input_file_ref idref="fl-e4"/>
      </object_component>
      <object_component id="oc-3b1">
         <name>.debug_info</name>
         <load_address>0x1d62b</load_address>
         <run_address>0x1d62b</run_address>
         <size>0x299</size>
         <input_file_ref idref="fl-e4"/>
      </object_component>
      <object_component id="oc-a4">
         <name>.debug_info</name>
         <load_address>0x1d8c4</load_address>
         <run_address>0x1d8c4</run_address>
         <size>0x2c0</size>
         <input_file_ref idref="fl-e4"/>
      </object_component>
      <object_component id="oc-b0">
         <name>.debug_info</name>
         <load_address>0x1db84</load_address>
         <run_address>0x1db84</run_address>
         <size>0x2a5</size>
         <input_file_ref idref="fl-e4"/>
      </object_component>
      <object_component id="oc-338">
         <name>.debug_info</name>
         <load_address>0x1de29</load_address>
         <run_address>0x1de29</run_address>
         <size>0x299</size>
         <input_file_ref idref="fl-e4"/>
      </object_component>
      <object_component id="oc-b6">
         <name>.debug_info</name>
         <load_address>0x1e0c2</load_address>
         <run_address>0x1e0c2</run_address>
         <size>0x284</size>
         <input_file_ref idref="fl-e4"/>
      </object_component>
      <object_component id="oc-109">
         <name>.debug_info</name>
         <load_address>0x1e346</load_address>
         <run_address>0x1e346</run_address>
         <size>0x289</size>
         <input_file_ref idref="fl-e4"/>
      </object_component>
      <object_component id="oc-c8">
         <name>.debug_info</name>
         <load_address>0x1e5cf</load_address>
         <run_address>0x1e5cf</run_address>
         <size>0x2c4</size>
         <input_file_ref idref="fl-e4"/>
      </object_component>
      <object_component id="oc-da">
         <name>.debug_info</name>
         <load_address>0x1e893</load_address>
         <run_address>0x1e893</run_address>
         <size>0x288</size>
         <input_file_ref idref="fl-e4"/>
      </object_component>
      <object_component id="oc-d4">
         <name>.debug_info</name>
         <load_address>0x1eb1b</load_address>
         <run_address>0x1eb1b</run_address>
         <size>0x298</size>
         <input_file_ref idref="fl-e4"/>
      </object_component>
      <object_component id="oc-ce">
         <name>.debug_info</name>
         <load_address>0x1edb3</load_address>
         <run_address>0x1edb3</run_address>
         <size>0x296</size>
         <input_file_ref idref="fl-e4"/>
      </object_component>
      <object_component id="oc-43b">
         <name>.debug_info</name>
         <load_address>0x1f049</load_address>
         <run_address>0x1f049</run_address>
         <size>0x3d5</size>
         <input_file_ref idref="fl-e5"/>
      </object_component>
      <object_component id="oc-3c3">
         <name>.debug_info</name>
         <load_address>0x1f41e</load_address>
         <run_address>0x1f41e</run_address>
         <size>0x255</size>
         <input_file_ref idref="fl-e5"/>
      </object_component>
      <object_component id="oc-3bd">
         <name>.debug_info</name>
         <load_address>0x1f673</load_address>
         <run_address>0x1f673</run_address>
         <size>0x255</size>
         <input_file_ref idref="fl-e5"/>
      </object_component>
      <object_component id="oc-381">
         <name>.debug_info</name>
         <load_address>0x1f8c8</load_address>
         <run_address>0x1f8c8</run_address>
         <size>0x2d7</size>
         <input_file_ref idref="fl-e5"/>
      </object_component>
      <object_component id="oc-445">
         <name>.debug_info</name>
         <load_address>0x1fb9f</load_address>
         <run_address>0x1fb9f</run_address>
         <size>0x257</size>
         <input_file_ref idref="fl-e5"/>
      </object_component>
      <object_component id="oc-3b7">
         <name>.debug_info</name>
         <load_address>0x1fdf6</load_address>
         <run_address>0x1fdf6</run_address>
         <size>0x2f1</size>
         <input_file_ref idref="fl-e5"/>
      </object_component>
      <object_component id="oc-387">
         <name>.debug_info</name>
         <load_address>0x200e7</load_address>
         <run_address>0x200e7</run_address>
         <size>0x287</size>
         <input_file_ref idref="fl-e5"/>
      </object_component>
      <object_component id="oc-399">
         <name>.debug_info</name>
         <load_address>0x2036e</load_address>
         <run_address>0x2036e</run_address>
         <size>0x25d</size>
         <input_file_ref idref="fl-e5"/>
      </object_component>
      <object_component id="oc-38d">
         <name>.debug_info</name>
[...]
         <name>_Z13vMAIN_DelayMSj</name>
         <value>0x4969</value>
         <object_component_ref idref="oc-2d"/>
      </symbol>
      <symbol id="sm-387">
         <name>pc_uart_rx</name>
         <value>0x20000620</value>
      </symbol>
      <symbol id="sm-388">
         <name>display_uart_rx</name>
         <value>0x20000580</value>
      </symbol>
      <symbol id="sm-389">
         <name>pc_uart_tx</name>
         <value>0x200007c8</value>
      </symbol>
      <symbol id="sm-38a">
         <name>display_tx</name>
         <value>0x20000378</value>
      </symbol>
      <symbol id="sm-38b">
         <name>_Z11Usendbufferj</name>
         <value>0x20a9</value>
         <object_component_ref idref="oc-39"/>
      </symbol>
      <symbol id="sm-38c">
         <name>_Z13vUART_SendIntji</name>
         <value>0x2061</value>
         <object_component_ref idref="oc-39"/>
      </symbol>
      <symbol id="sm-38d">
         <name>_Z12vLTEUARTInitv</name>
         <value>0x1ef1</value>
         <object_component_ref idref="oc-39"/>
      </symbol>
      <symbol id="sm-38e">
         <name>_Z13flushTxBufferi</name>
         <value>0x1e11</value>
         <object_component_ref idref="oc-39"/>
      </symbol>
      <symbol id="sm-38f">
         <name>_Z14vDEBUGUARTInitv</name>
         <value>0x1e79</value>
         <object_component_ref idref="oc-39"/>
      </symbol>
      <symbol id="sm-390">
         <name>_Z16vPERIPH_UARTInitv</name>
         <value>0x1fe1</value>
         <object_component_ref idref="oc-39"/>
      </symbol>
      <symbol id="sm-391">
         <name>LTEUARTIntHandler</name>
         <value>0x2159</value>
         <object_component_ref idref="oc-39"/>
      </symbol>
      <symbol id="sm-392">
         <name>_Z25prepare_graphical_tx_buffjPch</name>
         <value>0x19c9</value>
         <object_component_ref idref="oc-39"/>
      </symbol>
      <symbol id="sm-393">
         <name>_Z13vUART_SendStrjPKh</name>
         <value>0x2029</value>
         <object_component_ref idref="oc-39"/>
      </symbol>
      <symbol id="sm-394">
         <name>DISPLAYUARTIntHandler</name>
         <value>0x2241</value>
         <object_component_ref idref="oc-39"/>
      </symbol>
      <symbol id="sm-395">
         <name>_Z15vUART_SendBytesjPKhj</name>
         <value>0x1ff1</value>
         <object_component_ref idref="oc-39"/>
      </symbol>
      <symbol id="sm-396">
         <name>_Z13flushRxBufferi</name>
         <value>0x1db9</value>
         <object_component_ref idref="oc-39"/>
      </symbol>
      <symbol id="sm-397">
         <name>_Z13vUART_SendChrjh</name>
         <value>0x2081</value>
         <object_component_ref idref="oc-39"/>
      </symbol>
      <symbol id="sm-398">
         <name>DEBUGUARTIntHandler</name>
         <value>0x22d9</value>
         <object_component_ref idref="oc-39"/>
      </symbol>
      <symbol id="sm-399">
         <name>_Z16vDISPLAYUARTInitv</name>
         <value>0x1f81</value>
         <object_component_ref idref="oc-39"/>
      </symbol>
      <symbol id="sm-39a">
         <name>_Z17vUART_SendStr_INTjPKh</name>
         <value>0x1ae1</value>
         <object_component_ref idref="oc-39"/>
      </symbol>
      <symbol id="sm-3da">
         <name>_Z10my_sprintfPciz</name>
         <value>0x40d9</value>
         <object_component_ref idref="oc-e9"/>
      </symbol>
      <symbol id="sm-3db">
         <name>_Z8intToStriPci</name>
         <value>0x4001</value>
         <object_component_ref idref="oc-e9"/>
      </symbol>
      <symbol id="sm-3dc">
         <name>_Z7reversePci</name>
         <value>0x3f91</value>
         <object_component_ref idref="oc-e9"/>
      </symbol>
      <symbol id="sm-3dd">
         <name>_Z11getChecksumPhc</name>
         <value>0x4099</value>
         <object_component_ref idref="oc-e9"/>
      </symbol>
      <symbol id="sm-3f0">
         <name>gprs_rx_buff</name>
         <value>0x200006c0</value>
      </symbol>
      <symbol id="sm-3f1">
         <name>gprs_tx_buff</name>
         <value>0x20000000</value>
      </symbol>
      <symbol id="sm-3f2">
         <name>gprs_rx_isr_handler</name>
         <value>0x2000057e</value>
      </symbol>
      <symbol id="sm-42f">
         <name>ram_data</name>
         <value>0x20000818</value>
      </symbol>
      <symbol id="sm-430">
         <name>main</name>
         <value>0x36b1</value>
         <object_component_ref idref="oc-180"/>
      </symbol>
      <symbol id="sm-431">
         <name>_Z14write_defaultsj</name>
         <value>0x3349</value>
         <object_component_ref idref="oc-180"/>
      </symbol>
      <symbol id="sm-432">
         <name>_Z17vPERIPH_ClockInitv</name>
         <value>0x3301</value>
         <object_component_ref idref="oc-180"/>
      </symbol>
      <symbol id="sm-433">
         <name>_Z15update_ram_datav</name>
         <value>0x3639</value>
         <object_component_ref idref="oc-180"/>
      </symbol>
      <symbol id="sm-434">
         <name>_Z11init_configv</name>
         <value>0x3569</value>
         <object_component_ref idref="oc-180"/>
      </symbol>
      <symbol id="sm-435">
         <name>_Z26vMAIN_InitClockPeripheralsv</name>
         <value>0x3311</value>
         <object_component_ref idref="oc-180"/>
      </symbol>
      <symbol id="sm-449">
         <name>__aeabi_ddiv</name>
         <value>0x4805</value>
         <object_component_ref idref="oc-37a"/>
      </symbol>
      <symbol id="sm-454">
         <name>__aeabi_dmul</name>
         <value>0x4b75</value>
         <object_component_ref idref="oc-36d"/>
      </symbol>
      <symbol id="sm-45e">
         <name>__aeabi_d2uiz</name>
         <value>0x5361</value>
         <object_component_ref idref="oc-372"/>
      </symbol>
      <symbol id="sm-479">
         <name>memcpy</name>
         <value>0x4e29</value>
         <object_component_ref idref="oc-4d"/>
      </symbol>
      <symbol id="sm-47a">
         <name>__aeabi_memcpy</name>
         <value>0x4e29</value>
         <object_component_ref idref="oc-4d"/>
      </symbol>
      <symbol id="sm-47b">
         <name>__aeabi_memcpy8</name>
         <value>0x4e29</value>
         <object_component_ref idref="oc-4d"/>
      </symbol>
      <symbol id="sm-47c">
         <name>__aeabi_memcpy4</name>
         <value>0x4e29</value>
         <object_component_ref idref="oc-4d"/>
      </symbol>
      <symbol id="sm-486">
         <name>__aeabi_ui2d</name>
         <value>0x55dd</value>
         <object_component_ref idref="oc-368"/>
      </symbol>
      <symbol id="sm-495">
         <name>__aeabi_memset</name>
         <value>0x4f41</value>
         <object_component_ref idref="oc-101"/>
      </symbol>
      <symbol id="sm-496">
         <name>memset</name>
         <value>0x4f47</value>
         <object_component_ref idref="oc-101"/>
      </symbol>
      <symbol id="sm-497">
         <name>__aeabi_memset8</name>
         <value>0x4f41</value>
         <object_component_ref idref="oc-101"/>
      </symbol>
      <symbol id="sm-498">
         <name>__aeabi_memset4</name>
         <value>0x4f41</value>
         <object_component_ref idref="oc-101"/>
      </symbol>
      <symbol id="sm-499">
         <name>__aeabi_memclr8</name>
         <value>0x4f3f</value>
         <object_component_ref idref="oc-101"/>
      </symbol>
      <symbol id="sm-49a">
         <name>__aeabi_memclr4</name>
         <value>0x4f3f</value>
         <object_component_ref idref="oc-101"/>
      </symbol>
      <symbol id="sm-49b">
         <name>__aeabi_memclr</name>
         <value>0x4f3f</value>
         <object_component_ref idref="oc-101"/>
      </symbol>
      <symbol id="sm-4b2">
         <name>__TI_zero_init</name>
         <value>0x57df</value>
         <object_component_ref idref="oc-5f"/>
      </symbol>
      <symbol id="sm-4c9">
         <name>__TI_decompress_none</name>
         <value>0x57ad</value>
         <object_component_ref idref="oc-1b"/>
      </symbol>
      <symbol id="sm-4ec">
         <name>__TI_decompress_lzss</name>
         <value>0x5091</value>
         <object_component_ref idref="oc-15"/>
      </symbol>
      <symbol id="sm-502">
         <name>atoi</name>
         <value>0x5289</value>
         <object_component_ref idref="oc-1ed"/>
      </symbol>
      <symbol id="sm-50d">
         <name>_ctypes_</name>
         <value>0x5844</value>
         <object_component_ref idref="oc-2e4"/>
      </symbol>
      <symbol id="sm-51e">
         <name>ltoa</name>
         <value>0x4fb9</value>
         <object_component_ref idref="oc-12c"/>
      </symbol>
      <symbol id="sm-52c">
         <name>strcpy</name>
         <value>0x5715</value>
         <object_component_ref idref="oc-21a"/>
      </symbol>
      <symbol id="sm-53f">
         <name>__stack</name>
         <value>0x200008d8</value>
         <object_component_ref idref="oc-24"/>
      </symbol>
      <symbol id="sm-540">
         <name>_c_int00_noargs</name>
         <value>0x552d</value>
         <object_component_ref idref="oc-6b"/>
      </symbol>
      <symbol id="sm-568">
         <name>__TI_auto_init_nobinit_nopinit</name>
         <value>0x531d</value>
         <object_component_ref idref="oc-28f"/>
      </symbol>
      <symbol id="sm-572">
         <name>_system_pre_init</name>
         <value>0x583b</value>
         <object_component_ref idref="oc-17a"/>
      </symbol>
      <symbol id="sm-57e">
         <name>C$$EXIT</name>
         <value>0x583f</value>
         <object_component_ref idref="oc-283"/>
      </symbol>
      <symbol id="sm-57f">
         <name>abort</name>
         <value>0x583f</value>
         <object_component_ref idref="oc-283"/>
      </symbol>
      <symbol id="sm-5da">
         <name>ADCProcessorTrigger</name>
         <value>0x5653</value>
         <object_component_ref idref="oc-355"/>
      </symbol>
      <symbol id="sm-5db">
         <name>ADCSequenceEnable</name>
         <value>0x5759</value>
         <object_component_ref idref="oc-349"/>
      </symbol>
      <symbol id="sm-5dc">
         <name>ADCSequenceConfigure</name>
         <value>0x51a1</value>
         <object_component_ref idref="oc-33d"/>
      </symbol>
      <symbol id="sm-5dd">
         <name>ADCSequenceStepConfigure</name>
         <value>0x4ec5</value>
         <object_component_ref idref="oc-343"/>
      </symbol>
      <symbol id="sm-5de">
         <name>ADCIntClear</name>
         <value>0x57eb</value>
         <object_component_ref idref="oc-34f"/>
      </symbol>
      <symbol id="sm-5df">
         <name>ADCIntStatus</name>
         <value>0x5561</value>
         <object_component_ref idref="oc-35b"/>
      </symbol>
      <symbol id="sm-5e0">
         <name>ADCSequenceDataGet</name>
         <value>0x55fd</value>
         <object_component_ref idref="oc-361"/>
      </symbol>
      <symbol id="sm-63b">
         <name>EEPROMRead</name>
         <value>0x5421</value>
         <object_component_ref idref="oc-327"/>
      </symbol>
      <symbol id="sm-63c">
         <name>EEPROMProgram</name>
         <value>0x4d65</value>
         <object_component_ref idref="oc-321"/>
      </symbol>
      <symbol id="sm-63d">
         <name>EEPROMInit</name>
         <value>0x53a5</value>
         <object_component_ref idref="oc-32e"/>
      </symbol>
      <symbol id="sm-6cf">
         <name>GPIOPinConfigure</name>
         <value>0x51f1</value>
         <object_component_ref idref="oc-108"/>
      </symbol>
      <symbol id="sm-6d0">
         <name>GPIOPinTypeI2CSCL</name>
         <value>0x56ad</value>
         <object_component_ref idref="oc-3aa"/>
      </symbol>
      <symbol id="sm-6d1">
         <name>GPIOIntEnable</name>
         <value>0x57c7</value>
         <object_component_ref idref="oc-d3"/>
      </symbol>
      <symbol id="sm-6d2">
         <name>GPIOPinTypeI2C</name>
         <value>0x5697</value>
         <object_component_ref idref="oc-3b0"/>
      </symbol>
      <symbol id="sm-6d3">
         <name>GPIOIntTypeSet</name>
         <value>0x50f9</value>
         <object_component_ref idref="oc-c7"/>
      </symbol>
      <symbol id="sm-6d4">
         <name>GPIOPinTypeADC</name>
         <value>0x566b</value>
         <object_component_ref idref="oc-337"/>
      </symbol>
      <symbol id="sm-6d5">
         <name>GPIOPinTypeGPIOInput</name>
         <value>0x5681</value>
         <object_component_ref idref="oc-af"/>
      </symbol>
      <symbol id="sm-6d6">
         <name>GPIOIntClear</name>
         <value>0x3beb</value>
         <object_component_ref idref="oc-cd"/>
      </symbol>
      <symbol id="sm-6d7">
         <name>GPIOPinTypeUART</name>
         <value>0x56c3</value>
         <object_component_ref idref="oc-10e"/>
      </symbol>
      <symbol id="sm-6d8">
         <name>GPIOIntStatus</name>
         <value>0x5767</value>
         <object_component_ref idref="oc-d9"/>
      </symbol>
      <symbol id="sm-6d9">
         <name>GPIOPinTypeGPIOOutput</name>
         <value>0x561b</value>
         <object_component_ref idref="oc-a3"/>
      </symbol>
      <symbol id="sm-6da">
         <name>GPIOPinRead</name>
         <value>0x3f8b</value>
         <object_component_ref idref="oc-b5"/>
      </symbol>
      <symbol id="sm-6db">
         <name>GPIODirModeSet</name>
         <value>0x558f</value>
         <object_component_ref idref="oc-1c0"/>
      </symbol>
      <symbol id="sm-6dc">
         <name>GPIOPinWrite</name>
         <value>0x432b</value>
         <object_component_ref idref="oc-a9"/>
      </symbol>
      <symbol id="sm-6dd">
         <name>GPIOPadConfigSet</name>
         <value>0x4699</value>
         <object_component_ref idref="oc-1ba"/>
      </symbol>
      <symbol id="sm-72f">
         <name>I2CRxFIFOFlush</name>
         <value>0x5775</value>
         <object_component_ref idref="oc-3bc"/>
      </symbol>
      <symbol id="sm-730">
         <name>I2CTxFIFOFlush</name>
         <value>0x5783</value>
         <object_component_ref idref="oc-3c2"/>
      </symbol>
      <symbol id="sm-731">
         <name>I2CMasterDataPut</name>
         <value>0x5833</value>
         <object_component_ref idref="oc-386"/>
      </symbol>
      <symbol id="sm-732">
         <name>I2CMasterInitExpClk</name>
         <value>0x523d</value>
         <object_component_ref idref="oc-3b6"/>
      </symbol>
      <symbol id="sm-733">
         <name>I2CMasterSlaveAddrSet</name>
         <value>0x581b</value>
         <object_component_ref idref="oc-380"/>
      </symbol>
      <symbol id="sm-734">
         <name>I2CMasterDataGet</name>
         <value>0x5635</value>
         <object_component_ref idref="oc-398"/>
      </symbol>
      <symbol id="sm-735">
         <name>I2CMasterControl</name>
         <value>0x32fd</value>
         <object_component_ref idref="oc-38c"/>
      </symbol>
      <symbol id="sm-736">
         <name>I2CMasterBusy</name>
         <value>0x5813</value>
         <object_component_ref idref="oc-392"/>
      </symbol>
      <symbol id="sm-737">
         <name>I2CMasterEnable</name>
         <value>0x57f5</value>
         <object_component_ref idref="oc-444"/>
      </symbol>
      <symbol id="sm-75f">
         <name>IntEnable</name>
         <value>0x5029</value>
         <object_component_ref idref="oc-11a"/>
      </symbol>
      <symbol id="sm-760">
         <name>IntMasterEnable</name>
         <value>0x5729</value>
         <object_component_ref idref="oc-276"/>
      </symbol>
      <symbol id="sm-7d5">
         <name>SysCtlClockSet</name>
         <value>0x4c71</value>
         <object_component_ref idref="oc-256"/>
      </symbol>
      <symbol id="sm-7d6">
         <name>SysCtlDelay</name>
         <value>0x493b</value>
         <object_component_ref idref="oc-335"/>
      </symbol>
      <symbol id="sm-7d7">
         <name>SysCtlPeripheralEnable</name>
         <value>0x54c5</value>
         <object_component_ref idref="oc-bb"/>
      </symbol>
      <symbol id="sm-7d8">
         <name>SysCtlClockGet</name>
         <value>0x4a5d</value>
         <object_component_ref idref="oc-80"/>
      </symbol>
      <symbol id="sm-7d9">
         <name>SysCtlPeripheralDisable</name>
         <value>0x5491</value>
         <object_component_ref idref="oc-39e"/>
      </symbol>
      <symbol id="sm-7da">
         <name>SysCtlPeripheralReady</name>
         <value>0x5459</value>
         <object_component_ref idref="oc-c1"/>
      </symbol>
      <symbol id="sm-7db">
         <name>SysCtlPeripheralReset</name>
         <value>0x5151</value>
         <object_component_ref idref="oc-3a4"/>
      </symbol>
      <symbol id="sm-7fe">
         <name>SysTickEnable</name>
         <value>0x56d9</value>
         <object_component_ref idref="oc-92"/>
      </symbol>
      <symbol id="sm-7ff">
         <name>SysTickIntEnable</name>
         <value>0x56ed</value>
         <object_component_ref idref="oc-8c"/>
      </symbol>
      <symbol id="sm-800">
         <name>SysTickPeriodSet</name>
         <value>0x5739</value>
         <object_component_ref idref="oc-86"/>
      </symbol>
      <symbol id="sm-861">
         <name>UARTCharPutNonBlocking</name>
         <value>0x579f</value>
         <object_component_ref idref="oc-126"/>
      </symbol>
      <symbol id="sm-862">
         <name>UARTTxIntModeSet</name>
         <value>0x57d3</value>
         <object_component_ref idref="oc-f0"/>
      </symbol>
      <symbol id="sm-863">
         <name>UARTConfigSetExpClk</name>
         <value>0x52d5</value>
         <object_component_ref idref="oc-114"/>
      </symbol>
      <symbol id="sm-864">
         <name>UARTDisable</name>
         <value>0x55bd</value>
         <object_component_ref idref="oc-206"/>
      </symbol>
      <symbol id="sm-865">
         <name>UARTBusy</name>
         <value>0x5823</value>
         <object_component_ref idref="oc-120"/>
      </symbol>
      <symbol id="sm-866">
         <name>UARTIntEnable</name>
         <value>0x582b</value>
         <object_component_ref idref="oc-f6"/>
      </symbol>
      <symbol id="sm-867">
         <name>UARTCharGetNonBlocking</name>
         <value>0x5791</value>
         <object_component_ref idref="oc-13e"/>
      </symbol>
      <symbol id="sm-868">
         <name>UARTIntDisable</name>
         <value>0x57ff</value>
         <object_component_ref idref="oc-145"/>
      </symbol>
      <symbol id="sm-869">
         <name>UARTEnable</name>
         <value>0x5701</value>
         <object_component_ref idref="oc-20c"/>
      </symbol>
      <symbol id="sm-86a">
         <name>UARTIntClear</name>
         <value>0x5837</value>
         <object_component_ref idref="oc-138"/>
      </symbol>
      <symbol id="sm-86b">
         <name>UARTIntStatus</name>
         <value>0x5809</value>
         <object_component_ref idref="oc-132"/>
      </symbol>
      <symbol id="sm-875">
         <name>CPUcpsie</name>
         <value>0x57bb</value>
         <object_component_ref idref="oc-3e0"/>
      </symbol>
      <symbol id="sm-876">
         <name>__TI_static_base__</name>
         <value>0x0</value>
      </symbol>
      <symbol id="sm-879">
         <name>__mpu_init</name>
         <value>0x0</value>
      </symbol>
      <symbol id="sm-87a">
         <name>_system_post_cinit</name>
         <value>0x0</value>
      </symbol>
   </symbol_table>
   <title>Link successful</title>
</link_info>
