******************************************************************************
                  TI ARM Linker PC v20.2.6                     
******************************************************************************
>> Linked Fri Apr 26 15:02:16 2024

OUTPUT FILE NAME:   <Telecom_IoT_v2_00.out>
ENTRY POINT SYMBOL: "_c_int00_noargs"  address: 00003e65


MEMORY CONFIGURATION

         name            origin    length      used     unused   attr    fill
----------------------  --------  ---------  --------  --------  ----  --------
  FLASH                 00000000   00020000  000043ea  0001bc16  R  X
  SRAM                  20000000   00008000  00000ae4  0000751c  RW X


SEGMENT ALLOCATION MAP

run origin  load origin   length   init length attrs members
----------  ----------- ---------- ----------- ----- -------
00000000    00000000    000043f0   000043f0    r-x
  00000000    00000000    0000026c   0000026c    r-- .intvecs
  0000026c    0000026c    00003f32   00003f32    r-x .text
  000041a0    000041a0    0000021c   0000021c    r-- .const
  000043c0    000043c0    00000030   00000030    r-- .cinit
20000000    20000000    00000ae8   00000000    rw-
  20000000    20000000    000008d4   00000000    rw- .bss
  200008d8    200008d8    00000200   00000000    rw- .stack
  20000ad8    20000ad8    00000010   00000000    rw- .data


SECTION ALLOCATION MAP

 output                                  attributes/
section   page    origin      length       input sections
--------  ----  ----------  ----------   ----------------
.intvecs   0    00000000    0000026c     
                  00000000    0000026c     tm4c1233e6pz_startup_ccs.obj (.intvecs)

.text      0    0000026c    00003f32     
                  0000026c    000009b4     Clock.obj (.text)
                  00000c20    00000800     E2P.obj (.text)
                  00001420    000006c8     UartCore.obj (.text)
                  00001ae8    0000049c     PC_Cmds.obj (.text)
                  00001f84    00000424     ADC_Core.obj (.text)
                  000023a8    000003a4     Display.obj (.text)
                  0000274c    00000350     main.obj (.text)
                  00002a9c    00000208     IO_cntrl.obj (.text)
                  00002ca4    000001cc     DS3231.obj (.text)
                  00002e70    00000184     _common.obj (.text)
                  00002ff4    0000016c     driverlib.lib : gpio.obj (.text:GPIOPadConfigSet)
                  00003160    00000136     rtsv7M4_T_le_v4SPD16_eabi.lib : fd_div_t2.asm.obj (.text)
                  00003296    00000002     --HOLE-- [fill = 0]
                  00003298    00000118     driverlib.lib : sysctl.obj (.text:SysCtlClockGet)
                  000033b0    000000fc     SysTick_Timer.obj (.text)
                  000034ac    000000fc     rtsv7M4_T_le_v4SPD16_eabi.lib : fd_mul_t2.asm.obj (.text)
                  000035a8    000000f4     driverlib.lib : sysctl.obj (.text:SysCtlClockSet)
                  0000369c    000000c4                   : eeprom.obj (.text:EEPROMProgram)
                  00003760    0000009c     rtsv7M4_T_le_v4SPD16_eabi.lib : memcpy_t2.asm.obj (.text)
                  000037fc    0000007a     driverlib.lib : adc.obj (.text:ADCSequenceStepConfigure)
                  00003876    0000007a     rtsv7M4_T_le_v4SPD16_eabi.lib : memset_t2.asm.obj (.text)
                  000038f0    0000006e                                   : ltoa.c.obj (.text:ltoa)
                  0000395e    00000002     --HOLE-- [fill = 0]
                  00003960    00000068     driverlib.lib : interrupt.obj (.text:IntEnable)
                  000039c8    00000068     rtsv7M4_T_le_v4SPD16_eabi.lib : copy_decompress_lzss.c.obj (.text:decompress:lzss:__TI_decompress_lzss)
                  00003a30    00000058     driverlib.lib : gpio.obj (.text:GPIOIntTypeSet)
                  00003a88    00000050                   : sysctl.obj (.text:SysCtlPeripheralReset)
                  00003ad8    0000004e                   : adc.obj (.text:ADCSequenceConfigure)
                  00003b26    00000002     --HOLE-- [fill = 0]
                  00003b28    0000004c                   : gpio.obj (.text:GPIOPinConfigure)
                  00003b74    0000004c                   : i2c.obj (.text:I2CMasterInitExpClk)
                  00003bc0    0000004c     rtsv7M4_T_le_v4SPD16_eabi.lib : atoi.c.obj (.text:atoi)
                  00003c0c    00000046     driverlib.lib : uart.obj (.text:UARTConfigSetExpClk)
                  00003c52    00000002     --HOLE-- [fill = 0]
                  00003c54    00000044     rtsv7M4_T_le_v4SPD16_eabi.lib : autoinit.c.obj (.text:__TI_auto_init_nobinit_nopinit:__TI_auto_init_nobinit_nopinit)
                  00003c98    00000044                                   : fd_tou_t2.asm.obj (.text)
                  00003cdc    00000040     driverlib.lib : eeprom.obj (.text:EEPROMInit)
                  00003d1c    0000003c                   : eeprom.obj (.text:_EEPROMSectorMaskSet)
                  00003d58    00000038                   : eeprom.obj (.text:EEPROMRead)
                  00003d90    00000038                   : sysctl.obj (.text:SysCtlPeripheralReady)
                  00003dc8    00000034                   : sysctl.obj (.text:SysCtlPeripheralDisable)
                  00003dfc    00000034                   : sysctl.obj (.text:SysCtlPeripheralEnable)
                  00003e30    00000034                   : eeprom.obj (.text:_EEPROMSectorMaskClear)
                  00003e64    00000034     rtsv7M4_T_le_v4SPD16_eabi.lib : boot_cortex_m.c.obj (.text:_c_int00_noargs:_c_int00_noargs)
                  00003e98    0000002e     driverlib.lib : adc.obj (.text:ADCIntStatus)
                  00003ec6    0000002c                   : gpio.obj (.text:GPIODirModeSet)
                  00003ef2    00000002     --HOLE-- [fill = 0]
                  00003ef4    00000020                   : uart.obj (.text:UARTDisable)
                  00003f14    00000020     rtsv7M4_T_le_v4SPD16_eabi.lib : u_tofd_t2.asm.obj (.text)
                  00003f34    0000001e     driverlib.lib : adc.obj (.text:ADCSequenceDataGet)
                  00003f52    0000001a                   : gpio.obj (.text:GPIOPinTypeGPIOOutput)
                  00003f6c    00000018                   : adc.obj (.text:ADCProcessorTrigger)
                  00003f84    00000016                   : gpio.obj (.text:GPIOPinTypeADC)
                  00003f9a    00000016                   : gpio.obj (.text:GPIOPinTypeGPIOInput)
                  00003fb0    00000016                   : gpio.obj (.text:GPIOPinTypeI2C)
                  00003fc6    00000016                   : gpio.obj (.text:GPIOPinTypeI2CSCL)
                  00003fdc    00000016                   : gpio.obj (.text:GPIOPinTypeUART)
                  00003ff2    00000002     --HOLE-- [fill = 0]
                  00003ff4    00000014                   : systick.obj (.text:SysTickEnable)
                  00004008    00000014                   : systick.obj (.text:SysTickIntEnable)
                  0000401c    00000014                   : uart.obj (.text:UARTEnable)
                  00004030    00000014     rtsv7M4_T_le_v4SPD16_eabi.lib : strcpy.c.obj (.text:strcpy)
                  00004044    00000014                                   : strlen.c.obj (.text:strlen)
                  00004058    00000010     driverlib.lib : interrupt.obj (.text:IntMasterEnable)
                  00004068    00000010                   : systick.obj (.text:SysTickPeriodSet)
                  00004078    00000010                   : eeprom.obj (.text:_EEPROMWaitForDone)
                  00004088    0000000e                   : adc.obj (.text:ADCSequenceEnable)
                  00004096    0000000e                   : gpio.obj (.text:GPIOIntStatus)
                  000040a4    0000000e                   : i2c.obj (.text:I2CRxFIFOFlush)
                  000040b2    0000000e                   : i2c.obj (.text:I2CTxFIFOFlush)
                  000040c0    0000000e                   : uart.obj (.text:UARTCharGetNonBlocking)
                  000040ce    0000000e                   : uart.obj (.text:UARTCharPutNonBlocking)
                  000040dc    0000000e     rtsv7M4_T_le_v4SPD16_eabi.lib : copy_decompress_none.c.obj (.text:decompress:none:__TI_decompress_none)
                  000040ea    0000000c     driverlib.lib : cpu.obj (.text:CPUcpsie)
                  000040f6    0000000c                   : gpio.obj (.text:GPIOIntEnable)
                  00004102    0000000c                   : uart.obj (.text:UARTTxIntModeSet)
                  0000410e    0000000c     rtsv7M4_T_le_v4SPD16_eabi.lib : copy_zero_init.c.obj (.text:decompress:ZI:__TI_zero_init)
                  0000411a    0000000c     tm4c1233e6pz_startup_ccs.obj (.text)
                  00004126    0000000a     driverlib.lib : adc.obj (.text:ADCIntClear)
                  00004130    0000000a                   : i2c.obj (.text:I2CMasterEnable)
                  0000413a    0000000a                   : uart.obj (.text:UARTIntDisable)
                  00004144    0000000a                   : uart.obj (.text:UARTIntStatus)
                  0000414e    00000008                   : i2c.obj (.text:I2CMasterBusy)
                  00004156    00000008                   : i2c.obj (.text:I2CMasterSlaveAddrSet)
                  0000415e    00000008                   : uart.obj (.text:UARTBusy)
                  00004166    00000008                   : uart.obj (.text:UARTIntEnable)
                  0000416e    00000006                   : gpio.obj (.text:GPIOIntClear)
                  00004174    00000006                   : gpio.obj (.text:GPIOPinRead)
                  0000417a    00000006                   : gpio.obj (.text:GPIOPinWrite)
                  00004180    00000006                   : sysctl.obj (.text:SysCtlDelay)
                  00004186    00000004                   : i2c.obj (.text:I2CMasterControl)
                  0000418a    00000004                   : i2c.obj (.text:I2CMasterDataGet)
                  0000418e    00000004                   : i2c.obj (.text:I2CMasterDataPut)
                  00004192    00000004                   : uart.obj (.text:UARTIntClear)
                  00004196    00000004     rtsv7M4_T_le_v4SPD16_eabi.lib : pre_init.c.obj (.text:_system_pre_init)
                  0000419a    00000004                                   : exit.c.obj (.text:abort:abort)

.const     0    000041a0    0000021c     
                  000041a0    00000101     rtsv7M4_T_le_v4SPD16_eabi.lib : ctype.c.obj (.const:.string:_ctypes_)
                  000042a1    00000003     --HOLE-- [fill = 0]
                  000042a4    00000090     driverlib.lib : gpio.obj (.const:g_pui32GPIOBaseAddrs)
                  00004334    0000006c                   : sysctl.obj (.const:g_pui32Xtals)
                  000043a0    00000014                   : interrupt.obj (.const:g_pui32EnRegs)
                  000043b4    00000008     Clock.obj (.const:$P$T0$1)

.cinit     0    000043c0    00000030     
                  000043c0    0000000c     (__TI_handler_table)
                  000043cc    00000004     --HOLE-- [fill = 0]
                  000043d0    00000008     (.cinit..bss.load) [load image, compression = zero_init]
                  000043d8    00000007     (.cinit..data.load) [load image, compression = lzss]
                  000043df    00000001     --HOLE-- [fill = 0]
                  000043e0    00000010     (__TI_cinit_table)

.init_array 
*          0    00000000    00000000     UNINITIALIZED

.bss       0    20000000    000008d4     UNINITIALIZED
                  20000000    000001fc     (.common:gprs_tx_buff)
                  200001fc    0000017c     (.common:adc)
                  20000378    00000130     (.common:display_tx)
                  200004a8    000000d6     (.common:cloud_config)
                  2000057e    00000002     (.common:gprs_rx_isr_handler)
                  20000580    000000a0     (.common:display_uart_rx)
                  20000620    000000a0     (.common:pc_uart_rx)
                  200006c0    00000088     (.common:gprs_rx_buff)
                  20000748    00000080     (.common:e2p_cloud_config)
                  200007c8    00000050     (.common:pc_uart_tx)
                  20000818    00000036     (.common:ram_data)
                  2000084e    0000001f     (.common:time_main)
                  2000086d    0000001c     (.common:measurements)
                  20000889    00000010     (.common:e2p_device_info)
                  20000899    00000010     (.common:e2p_location_info)
                  200008a9    0000000e     (.common:scheduler)
                  200008b7    00000008     (.common:e2p_config_time)
                  200008bf    00000008     (.common:e2p_router_config)
                  200008c7    00000006     (.common:time_stamp)
                  200008cd    00000001     (.common:System_mode)
                  200008ce    00000001     (.common:router_mode)
                  200008cf    00000001     --HOLE--
                  200008d0    00000004     (.common:u32DelayCounter)

.data      0    20000ad8    00000010     UNINITIALIZED
                  20000ad8    00000008     ADC_Core.obj (.data)
                  20000ae0    00000008     UartCore.obj (.data)

.stack     0    200008d8    00000200     UNINITIALIZED
                  200008d8    00000004     rtsv7M4_T_le_v4SPD16_eabi.lib : boot_cortex_m.c.obj (.stack)
                  200008dc    000001fc     --HOLE--

__llvm_prf_cnts 
*          0    20000000    00000000     UNINITIALIZED

MODULE SUMMARY

       Module                         code    ro data   rw data
       ------                         ----    -------   -------
    .\
       tm4c1233e6pz_startup_ccs.obj   12      620       0      
    +--+------------------------------+-------+---------+---------+
       Total:                         12      620       0      
                                                               
    .\Sources\
       Clock.obj                      2484    8         37     
       UartCore.obj                   1736    0         712    
       E2P.obj                        2048    0         390    
       ADC_Core.obj                   1060    0         416    
       PC_Cmds.obj                    1180    0         1      
       Display.obj                    932     0         0      
       main.obj                       848     0         54     
       gprs.obj                       0       0         646    
       IO_cntrl.obj                   520     0         1      
       DS3231.obj                     460     0         0      
       _common.obj                    388     0         0      
       SysTick_Timer.obj              252     0         18     
    +--+------------------------------+-------+---------+---------+
       Total:                         11908   8         2275   
                                                               
    C:/ti/TivaWare_C_Series-2.2.0.295/driverlib/ccs/Debug/driverlib.lib
       gpio.obj                       752     144       0      
       sysctl.obj                     770     108       0      
       eeprom.obj                     444     0         0      
       adc.obj                        324     0         0      
       uart.obj                       202     0         0      
       i2c.obj                        142     0         0      
       interrupt.obj                  120     20        0      
       systick.obj                    56      0         0      
       cpu.obj                        12      0         0      
    +--+------------------------------+-------+---------+---------+
       Total:                         2822    272       0      
                                                               
    C:\ti\ccs1110\ccs\tools\compiler\ti-cgt-arm_20.2.6.LTS\lib\rtsv7M4_T_le_v4SPD16_eabi.lib
       fd_div_t2.asm.obj              310     0         0      
       ctype.c.obj                    0       257       0      
       fd_mul_t2.asm.obj              252     0         0      
       memcpy_t2.asm.obj              156     0         0      
       memset_t2.asm.obj              122     0         0      
       ltoa.c.obj                     110     0         0      
       copy_decompress_lzss.c.obj     104     0         0      
       atoi.c.obj                     76      0         0      
       autoinit.c.obj                 68      0         0      
       fd_tou_t2.asm.obj              68      0         0      
       boot_cortex_m.c.obj            52      0         0      
       u_tofd_t2.asm.obj              32      0         0      
       strcpy.c.obj                   20      0         0      
       strlen.c.obj                   20      0         0      
       copy_decompress_none.c.obj     14      0         0      
       copy_zero_init.c.obj           12      0         0      
       exit.c.obj                     4       0         0      
       pre_init.c.obj                 4       0         0      
    +--+------------------------------+-------+---------+---------+
       Total:                         1424    257       0      
                                                               
       Stack:                         0       0         512    
       Linker Generated:              0       43        0      
    +--+------------------------------+-------+---------+---------+
       Grand Total:                   16166   1200      2787   


LINKER GENERATED COPY TABLES

__TI_cinit_table @ 000043e0 records: 2, size/record: 8, table size: 16
	.bss: load addr=000043d0, load size=00000008 bytes, run addr=20000000, run size=000008d4 bytes, compression=zero_init
	.data: load addr=000043d8, load size=00000007 bytes, run addr=20000ad8, run size=00000010 bytes, compression=lzss


LINKER GENERATED HANDLER TABLE

__TI_handler_table @ 000043c0 records: 3, size/record: 4, table size: 12
	index: 0, handler: __TI_decompress_lzss
	index: 1, handler: __TI_decompress_none
	index: 2, handler: __TI_zero_init


GLOBAL SYMBOLS: SORTED ALPHABETICALLY BY Name 

address   name                                   
-------   ----                                   
00004127  ADCIntClear                            
00003e99  ADCIntStatus                           
00003f6d  ADCProcessorTrigger                    
00003ad9  ADCSequenceConfigure                   
00003f35  ADCSequenceDataGet                     
00004089  ADCSequenceEnable                      
000037fd  ADCSequenceStepConfigure               
20000ad8  ADC_RAW_MAX                            
0000419b  C$$EXIT                                
000040eb  CPUcpsie                               
00001965  DEBUGUARTIntHandler                    
000018e1  DISPLAYUARTIntHandler                  
00003cdd  EEPROMInit                             
0000369d  EEPROMProgram                          
00003d59  EEPROMRead                             
00002c31  GPIODIntHandler                        
00003ec7  GPIODirModeSet                         
0000416f  GPIOIntClear                           
000040f7  GPIOIntEnable                          
00004097  GPIOIntStatus                          
00003a31  GPIOIntTypeSet                         
00002ff5  GPIOPadConfigSet                       
00003b29  GPIOPinConfigure                       
00004175  GPIOPinRead                            
00003f85  GPIOPinTypeADC                         
00003f9b  GPIOPinTypeGPIOInput                   
00003f53  GPIOPinTypeGPIOOutput                  
00003fb1  GPIOPinTypeI2C                         
00003fc7  GPIOPinTypeI2CSCL                      
00003fdd  GPIOPinTypeUART                        
0000417b  GPIOPinWrite                           
0000414f  I2CMasterBusy                          
00004187  I2CMasterControl                       
0000418b  I2CMasterDataGet                       
0000418f  I2CMasterDataPut                       
00004131  I2CMasterEnable                        
00003b75  I2CMasterInitExpClk                    
00004157  I2CMasterSlaveAddrSet                  
000040a5  I2CRxFIFOFlush                         
000040b3  I2CTxFIFOFlush                         
00003961  IntEnable                              
00004059  IntMasterEnable                        
00001831  LTEUARTIntHandler                      
0000411b  ResetISR                               
00003299  SysCtlClockGet                         
000035a9  SysCtlClockSet                         
00004181  SysCtlDelay                            
00003dc9  SysCtlPeripheralDisable                
00003dfd  SysCtlPeripheralEnable                 
00003d91  SysCtlPeripheralReady                  
00003a89  SysCtlPeripheralReset                  
00003ff5  SysTickEnable                          
00004009  SysTickIntEnable                       
000033dd  SysTickIntHandler                      
00004069  SysTickPeriodSet                       
200008cd  System_mode                            
0000415f  UARTBusy                               
000040c1  UARTCharGetNonBlocking                 
000040cf  UARTCharPutNonBlocking                 
00003c0d  UARTConfigSetExpClk                    
00003ef5  UARTDisable                            
0000401d  UARTEnable                             
00004193  UARTIntClear                           
0000413b  UARTIntDisable                         
00004167  UARTIntEnable                          
00004145  UARTIntStatus                          
00004103  UARTTxIntModeSet                       
00002347  _Z10GetAdcDatav                        
00002e1d  _Z10I2CReceivev                        
00002c27  _Z10ToggleLEDsv                        
00002efd  _Z10my_sprintfPciz                     
00000b1f  _Z10update_rtcPci                      
000017bb  _Z11Usendbufferj                       
00002edf  _Z11getChecksumPhc                     
00000415  _Z11getDateTimev                       
00002889  _Z11init_configv                       
00002dbb  _Z11vRTCI2CInitv                       
00001f85  _Z12ADC_PortIniti                      
00000a53  _Z12calcTimeDiff12time_stamp_tS_       
0000088d  _Z12is_leap_yearh                      
00002bff  _Z12vEXTIpinInitv                      
00002bf3  _Z12vGPIO_Togglejhh                    
00002ae5  _Z12vLEDGPIOInitv                      
00001661  _Z12vLTEUARTInitv                      
000008e1  _Z13add_date_timeP12time_stamp_tS0_j   
000015ab  _Z13flushRxBufferi                     
000015cf  _Z13flushTxBufferi                     
0000139d  _Z13get_device_idv                     
00001311  _Z13set_device_idPc                    
000033cd  _Z13vMAIN_DelayMSj                     
0000178f  _Z13vUART_SendChrjh                    
00001771  _Z13vUART_SendIntji                    
00001749  _Z13vUART_SendStrjPKh                  
000007bd  _Z14StrToTimeStampPh                   
00000747  _Z14getDaysOfMonthcj                   
00001615  _Z14vDEBUGUARTInitv                    
00002781  _Z14write_defaultsj                    
0000249d  _Z15Data_Screen_lcdv                   
000006c3  _Z15check_date_timePcS_                
00002927  _Z15update_ram_datav                   
00002b2b  _Z15vGPIOPortEnablev                   
000012df  _Z15vPERIPH_E2PInitv                   
00001725  _Z15vUART_SendBytesjPKhj               
000023df  _Z16PrepareLcdBufferPhcc               
00002315  _Z16calculate_AC_ADCv                  
00001ea3  _Z16decodeMsgPC_Uartv                  
0000069f  _Z16get_present_timeP12time_stamp_t    
00001ae9  _Z16get_system_statev                  
00001b9d  _Z16set_system_state10sys_mode_t       
00000349  _Z16update_date_timev                  
000016c3  _Z16vDISPLAYUARTInitv                  
00002afd  _Z16vGPIO_UnlockGPIOjh                 
00002ae5  _Z16vPERIPH_GPIOInitv                  
00001715  _Z16vPERIPH_UARTInitv                  
000002f1  _Z17check_expire_time12time_stamp_tS_  
0000122b  _Z17cloud_config_datav                 
0000117b  _Z17e2p_read_cfg_timev                 
00001111  _Z17e2p_read_locationv                 
000022e9  _Z17getBatteryVoltagev                 
000022b9  _Z17getChargerVoltagev                 
00001e81  _Z17tx_pending_dataPCv                 
0000274d  _Z17vPERIPH_ClockInitv                 
00001497  _Z17vUART_SendStr_INTjPKh              
000010a9  _Z18e2p_read_cloud_cfgv                
00001045  _Z18e2p_write_cfg_timev                
00000df3  _Z18e2p_write_locationv                
0000101b  _Z18get_fixed_locationv                
00000e35  _Z18set_fixed_locationPc               
00002abd  _Z18vInput_PollingReadv                
000002af  _Z19check_dateTime_dataP12time_stamp_t 
00000d9f  _Z19e2p_read_device_cfgv               
00000c21  _Z19e2p_write_cloud_cfgv               
00002a9d  _Z19vInit_InputTestpinsv               
000033b1  _Z19vPERIPH_SystickInitv               
00000d71  _Z20e2p_write_device_cfgv              
00002289  _Z20getRouter1_DCvoltagev              
00002257  _Z20getRouter2_DCvoltagev              
0000222d  _Z21getRouter1_DC_currentv             
00002205  _Z21getRouter2_DC_currentv             
00000d1d  _Z23e2p_read_voltage_configv           
00000cdf  _Z24e2p_write_voltage_configv          
00001af1  _Z24preparePC_ResponsePacket5cmd_tPchii
00001421  _Z25prepare_graphical_tx_buffjPch      
00002753  _Z26vMAIN_InitClockPeripheralsv        
00000cdb  _Z7get_urlv                            
0000026d  _Z7isDT_okv                            
00002119  _Z7readADCh                            
00002e71  _Z7reversePci                          
00000c51  _Z7set_urlPc                           
00002d17  _Z8Read_RTCPhh                         
00002e97  _Z8intToStriPci                        
00001bad  _Z8response5cmd_ti                     
00002ca5  _Z9Write_RTCPhh                        
000023a9  _Z9clear_lcdv                          
0000214f  _Z9updateADC14ADC_Channels_th          
000020bb  _Z9vADC0Initv                          
20000ad8  __STACK_END                            
00000200  __STACK_SIZE                           
20000ad8  __STACK_TOP                            
000043e0  __TI_CINIT_Base                        
000043f0  __TI_CINIT_Limit                       
000043c0  __TI_Handler_Table_Base                
000043cc  __TI_Handler_Table_Limit               
00003c55  __TI_auto_init_nobinit_nopinit         
000039c9  __TI_decompress_lzss                   
000040dd  __TI_decompress_none                   
ffffffff  __TI_pprof_out_hndl                    
ffffffff  __TI_prof_data_size                    
ffffffff  __TI_prof_data_start                   
00000000  __TI_static_base__                     
0000410f  __TI_zero_init                         
00003c99  __aeabi_d2uiz                          
00003161  __aeabi_ddiv                           
000034ad  __aeabi_dmul                           
00003877  __aeabi_memclr                         
00003877  __aeabi_memclr4                        
00003877  __aeabi_memclr8                        
00003761  __aeabi_memcpy                         
00003761  __aeabi_memcpy4                        
00003761  __aeabi_memcpy8                        
00003879  __aeabi_memset                         
00003879  __aeabi_memset4                        
00003879  __aeabi_memset8                        
00003f15  __aeabi_ui2d                           
ffffffff  __binit__                              
ffffffff  __c_args__                             
UNDEFED   __mpu_init                             
200008d8  __stack                                
20000000  __start___llvm_prf_cnts                
20000000  __stop___llvm_prf_cnts                 
00003e65  _c_int00_noargs                        
000041a0  _ctypes_                               
UNDEFED   _system_post_cinit                     
00004197  _system_pre_init                       
0000419b  abort                                  
200001fc  adc                                    
00003bc1  atoi                                   
ffffffff  binit                                  
200004a8  cloud_config                           
20000378  display_tx                             
20000580  display_uart_rx                        
20000748  e2p_cloud_config                       
200008b7  e2p_config_time                        
20000889  e2p_device_info                        
20000899  e2p_location_info                      
200008bf  e2p_router_config                      
00000000  g_pfnVectors                           
200006c0  gprs_rx_buff                           
2000057e  gprs_rx_isr_handler                    
20000000  gprs_tx_buff                           
000038f1  ltoa                                   
00002953  main                                   
2000086d  measurements                           
00003761  memcpy                                 
0000387f  memset                                 
20000620  pc_uart_rx                             
200007c8  pc_uart_tx                             
20000818  ram_data                               
200008ce  router_mode                            
200008a9  scheduler                              
00004031  strcpy                                 
00004045  strlen                                 
2000084e  time_main                              
200008c7  time_stamp                             
200008d0  u32DelayCounter                        


GLOBAL SYMBOLS: SORTED BY Symbol Address 

address   name                                   
-------   ----                                   
00000000  __TI_static_base__                     
00000000  g_pfnVectors                           
00000200  __STACK_SIZE                           
0000026d  _Z7isDT_okv                            
000002af  _Z19check_dateTime_dataP12time_stamp_t 
000002f1  _Z17check_expire_time12time_stamp_tS_  
00000349  _Z16update_date_timev                  
00000415  _Z11getDateTimev                       
0000069f  _Z16get_present_timeP12time_stamp_t    
000006c3  _Z15check_date_timePcS_                
00000747  _Z14getDaysOfMonthcj                   
000007bd  _Z14StrToTimeStampPh                   
0000088d  _Z12is_leap_yearh                      
000008e1  _Z13add_date_timeP12time_stamp_tS0_j   
00000a53  _Z12calcTimeDiff12time_stamp_tS_       
00000b1f  _Z10update_rtcPci                      
00000c21  _Z19e2p_write_cloud_cfgv               
00000c51  _Z7set_urlPc                           
00000cdb  _Z7get_urlv                            
00000cdf  _Z24e2p_write_voltage_configv          
00000d1d  _Z23e2p_read_voltage_configv           
00000d71  _Z20e2p_write_device_cfgv              
00000d9f  _Z19e2p_read_device_cfgv               
00000df3  _Z18e2p_write_locationv                
00000e35  _Z18set_fixed_locationPc               
0000101b  _Z18get_fixed_locationv                
00001045  _Z18e2p_write_cfg_timev                
000010a9  _Z18e2p_read_cloud_cfgv                
00001111  _Z17e2p_read_locationv                 
0000117b  _Z17e2p_read_cfg_timev                 
0000122b  _Z17cloud_config_datav                 
000012df  _Z15vPERIPH_E2PInitv                   
00001311  _Z13set_device_idPc                    
0000139d  _Z13get_device_idv                     
00001421  _Z25prepare_graphical_tx_buffjPch      
00001497  _Z17vUART_SendStr_INTjPKh              
000015ab  _Z13flushRxBufferi                     
000015cf  _Z13flushTxBufferi                     
00001615  _Z14vDEBUGUARTInitv                    
00001661  _Z12vLTEUARTInitv                      
000016c3  _Z16vDISPLAYUARTInitv                  
00001715  _Z16vPERIPH_UARTInitv                  
00001725  _Z15vUART_SendBytesjPKhj               
00001749  _Z13vUART_SendStrjPKh                  
00001771  _Z13vUART_SendIntji                    
0000178f  _Z13vUART_SendChrjh                    
000017bb  _Z11Usendbufferj                       
00001831  LTEUARTIntHandler                      
000018e1  DISPLAYUARTIntHandler                  
00001965  DEBUGUARTIntHandler                    
00001ae9  _Z16get_system_statev                  
00001af1  _Z24preparePC_ResponsePacket5cmd_tPchii
00001b9d  _Z16set_system_state10sys_mode_t       
00001bad  _Z8response5cmd_ti                     
00001e81  _Z17tx_pending_dataPCv                 
00001ea3  _Z16decodeMsgPC_Uartv                  
00001f85  _Z12ADC_PortIniti                      
000020bb  _Z9vADC0Initv                          
00002119  _Z7readADCh                            
0000214f  _Z9updateADC14ADC_Channels_th          
00002205  _Z21getRouter2_DC_currentv             
0000222d  _Z21getRouter1_DC_currentv             
00002257  _Z20getRouter2_DCvoltagev              
00002289  _Z20getRouter1_DCvoltagev              
000022b9  _Z17getChargerVoltagev                 
000022e9  _Z17getBatteryVoltagev                 
00002315  _Z16calculate_AC_ADCv                  
00002347  _Z10GetAdcDatav                        
000023a9  _Z9clear_lcdv                          
000023df  _Z16PrepareLcdBufferPhcc               
0000249d  _Z15Data_Screen_lcdv                   
0000274d  _Z17vPERIPH_ClockInitv                 
00002753  _Z26vMAIN_InitClockPeripheralsv        
00002781  _Z14write_defaultsj                    
00002889  _Z11init_configv                       
00002927  _Z15update_ram_datav                   
00002953  main                                   
00002a9d  _Z19vInit_InputTestpinsv               
00002abd  _Z18vInput_PollingReadv                
00002ae5  _Z12vLEDGPIOInitv                      
00002ae5  _Z16vPERIPH_GPIOInitv                  
00002afd  _Z16vGPIO_UnlockGPIOjh                 
00002b2b  _Z15vGPIOPortEnablev                   
00002bf3  _Z12vGPIO_Togglejhh                    
00002bff  _Z12vEXTIpinInitv                      
00002c27  _Z10ToggleLEDsv                        
00002c31  GPIODIntHandler                        
00002ca5  _Z9Write_RTCPhh                        
00002d17  _Z8Read_RTCPhh                         
00002dbb  _Z11vRTCI2CInitv                       
00002e1d  _Z10I2CReceivev                        
00002e71  _Z7reversePci                          
00002e97  _Z8intToStriPci                        
00002edf  _Z11getChecksumPhc                     
00002efd  _Z10my_sprintfPciz                     
00002ff5  GPIOPadConfigSet                       
00003161  __aeabi_ddiv                           
00003299  SysCtlClockGet                         
000033b1  _Z19vPERIPH_SystickInitv               
000033cd  _Z13vMAIN_DelayMSj                     
000033dd  SysTickIntHandler                      
000034ad  __aeabi_dmul                           
000035a9  SysCtlClockSet                         
0000369d  EEPROMProgram                          
00003761  __aeabi_memcpy                         
00003761  __aeabi_memcpy4                        
00003761  __aeabi_memcpy8                        
00003761  memcpy                                 
000037fd  ADCSequenceStepConfigure               
00003877  __aeabi_memclr                         
00003877  __aeabi_memclr4                        
00003877  __aeabi_memclr8                        
00003879  __aeabi_memset                         
00003879  __aeabi_memset4                        
00003879  __aeabi_memset8                        
0000387f  memset                                 
000038f1  ltoa                                   
00003961  IntEnable                              
000039c9  __TI_decompress_lzss                   
00003a31  GPIOIntTypeSet                         
00003a89  SysCtlPeripheralReset                  
00003ad9  ADCSequenceConfigure                   
00003b29  GPIOPinConfigure                       
00003b75  I2CMasterInitExpClk                    
00003bc1  atoi                                   
00003c0d  UARTConfigSetExpClk                    
00003c55  __TI_auto_init_nobinit_nopinit         
00003c99  __aeabi_d2uiz                          
00003cdd  EEPROMInit                             
00003d59  EEPROMRead                             
00003d91  SysCtlPeripheralReady                  
00003dc9  SysCtlPeripheralDisable                
00003dfd  SysCtlPeripheralEnable                 
00003e65  _c_int00_noargs                        
00003e99  ADCIntStatus                           
00003ec7  GPIODirModeSet                         
00003ef5  UARTDisable                            
00003f15  __aeabi_ui2d                           
00003f35  ADCSequenceDataGet                     
00003f53  GPIOPinTypeGPIOOutput                  
00003f6d  ADCProcessorTrigger                    
00003f85  GPIOPinTypeADC                         
00003f9b  GPIOPinTypeGPIOInput                   
00003fb1  GPIOPinTypeI2C                         
00003fc7  GPIOPinTypeI2CSCL                      
00003fdd  GPIOPinTypeUART                        
00003ff5  SysTickEnable                          
00004009  SysTickIntEnable                       
0000401d  UARTEnable                             
00004031  strcpy                                 
00004045  strlen                                 
00004059  IntMasterEnable                        
00004069  SysTickPeriodSet                       
00004089  ADCSequenceEnable                      
00004097  GPIOIntStatus                          
000040a5  I2CRxFIFOFlush                         
000040b3  I2CTxFIFOFlush                         
000040c1  UARTCharGetNonBlocking                 
000040cf  UARTCharPutNonBlocking                 
000040dd  __TI_decompress_none                   
000040eb  CPUcpsie                               
000040f7  GPIOIntEnable                          
00004103  UARTTxIntModeSet                       
0000410f  __TI_zero_init                         
0000411b  ResetISR                               
00004127  ADCIntClear                            
00004131  I2CMasterEnable                        
0000413b  UARTIntDisable                         
00004145  UARTIntStatus                          
0000414f  I2CMasterBusy                          
00004157  I2CMasterSlaveAddrSet                  
0000415f  UARTBusy                               
00004167  UARTIntEnable                          
0000416f  GPIOIntClear                           
00004175  GPIOPinRead                            
0000417b  GPIOPinWrite                           
00004181  SysCtlDelay                            
00004187  I2CMasterControl                       
0000418b  I2CMasterDataGet                       
0000418f  I2CMasterDataPut                       
00004193  UARTIntClear                           
00004197  _system_pre_init                       
0000419b  C$$EXIT                                
0000419b  abort                                  
000041a0  _ctypes_                               
000043c0  __TI_Handler_Table_Base                
000043cc  __TI_Handler_Table_Limit               
000043e0  __TI_CINIT_Base                        
000043f0  __TI_CINIT_Limit                       
20000000  __start___llvm_prf_cnts                
20000000  __stop___llvm_prf_cnts                 
20000000  gprs_tx_buff                           
200001fc  adc                                    
20000378  display_tx                             
200004a8  cloud_config                           
2000057e  gprs_rx_isr_handler                    
20000580  display_uart_rx                        
20000620  pc_uart_rx                             
200006c0  gprs_rx_buff                           
20000748  e2p_cloud_config                       
200007c8  pc_uart_tx                             
20000818  ram_data                               
2000084e  time_main                              
2000086d  measurements                           
20000889  e2p_device_info                        
20000899  e2p_location_info                      
200008a9  scheduler                              
200008b7  e2p_config_time                        
200008bf  e2p_router_config                      
200008c7  time_stamp                             
200008cd  System_mode                            
200008ce  router_mode                            
200008d0  u32DelayCounter                        
200008d8  __stack                                
20000ad8  ADC_RAW_MAX                            
20000ad8  __STACK_END                            
20000ad8  __STACK_TOP                            
ffffffff  __TI_pprof_out_hndl                    
ffffffff  __TI_prof_data_size                    
ffffffff  __TI_prof_data_start                   
ffffffff  __binit__                              
ffffffff  __c_args__                             
ffffffff  binit                                  
UNDEFED   __mpu_init                             
UNDEFED   _system_post_cinit                     

[225 symbols]
