******************************************************************************
                  TI ARM Linker PC v20.2.6                     
******************************************************************************
>> Linked Fri Apr 26 15:02:10 2024

OUTPUT FILE NAME:   <Telecom_IoT_v2_00.out>
ENTRY POINT SYMBOL: "_c_int00_noargs"  address: 00003df5


MEMORY CONFIGURATION

         name            origin    length      used     unused   attr    fill
----------------------  --------  ---------  --------  --------  ----  --------
  FLASH                 00000000   00020000  0000437a  0001bc86  R  X
  SRAM                  20000000   00008000  00000ae4  0000751c  RW X


SEGMENT ALLOCATION MAP

run origin  load origin   length   init length attrs members
----------  ----------- ---------- ----------- ----- -------
00000000    00000000    00004380   00004380    r-x
  00000000    00000000    0000026c   0000026c    r-- .intvecs
  0000026c    0000026c    00003ec2   00003ec2    r-x .text
  00004130    00004130    0000021c   0000021c    r-- .const
  00004350    00004350    00000030   00000030    r-- .cinit
20000000    20000000    00000ae8   00000000    rw-
  20000000    20000000    000008d4   00000000    rw- .bss
  200008d8    200008d8    00000200   00000000    rw- .stack
  20000ad8    20000ad8    00000010   00000000    rw- .data


SECTION ALLOCATION MAP

 output                                  attributes/
section   page    origin      length       input sections
--------  ----  ----------  ----------   ----------------
.intvecs   0    00000000    0000026c     
                  00000000    0000026c     tm4c1233e6pz_startup_ccs.obj (.intvecs)

.text      0    0000026c    00003ec2     
                  0000026c    00000968     Clock.obj (.text)
                  00000bd4    00000800     E2P.obj (.text)
                  000013d4    000006c8     UartCore.obj (.text)
                  00001a9c    00000494     PC_Cmds.obj (.text)
                  00001f30    00000424     ADC_Core.obj (.text)
                  00002354    00000390     Display.obj (.text)
                  000026e4    00000350     main.obj (.text)
                  00002a34    00000204     IO_cntrl.obj (.text)
                  00002c38    000001cc     DS3231.obj (.text)
                  00002e04    00000182     _common.obj (.text)
                  00002f86    00000002     --HOLE-- [fill = 0]
                  00002f88    0000016c     driverlib.lib : gpio.obj (.text:GPIOPadConfigSet)
                  000030f4    00000136     rtsv7M4_T_le_v4SPD16_eabi.lib : fd_div_t2.asm.obj (.text)
                  0000322a    00000002     --HOLE-- [fill = 0]
                  0000322c    00000118     driverlib.lib : sysctl.obj (.text:SysCtlClockGet)
                  00003344    000000fc     rtsv7M4_T_le_v4SPD16_eabi.lib : fd_mul_t2.asm.obj (.text)
                  00003440    000000f8     SysTick_Timer.obj (.text)
                  00003538    000000f4     driverlib.lib : sysctl.obj (.text:SysCtlClockSet)
                  0000362c    000000c4                   : eeprom.obj (.text:EEPROMProgram)
                  000036f0    0000009c     rtsv7M4_T_le_v4SPD16_eabi.lib : memcpy_t2.asm.obj (.text)
                  0000378c    0000007a     driverlib.lib : adc.obj (.text:ADCSequenceStepConfigure)
                  00003806    0000007a     rtsv7M4_T_le_v4SPD16_eabi.lib : memset_t2.asm.obj (.text)
                  00003880    0000006e                                   : ltoa.c.obj (.text:ltoa)
                  000038ee    00000002     --HOLE-- [fill = 0]
                  000038f0    00000068     driverlib.lib : interrupt.obj (.text:IntEnable)
                  00003958    00000068     rtsv7M4_T_le_v4SPD16_eabi.lib : copy_decompress_lzss.c.obj (.text:decompress:lzss:__TI_decompress_lzss)
                  000039c0    00000058     driverlib.lib : gpio.obj (.text:GPIOIntTypeSet)
                  00003a18    00000050                   : sysctl.obj (.text:SysCtlPeripheralReset)
                  00003a68    0000004e                   : adc.obj (.text:ADCSequenceConfigure)
                  00003ab6    00000002     --HOLE-- [fill = 0]
                  00003ab8    0000004c                   : gpio.obj (.text:GPIOPinConfigure)
                  00003b04    0000004c                   : i2c.obj (.text:I2CMasterInitExpClk)
                  00003b50    0000004c     rtsv7M4_T_le_v4SPD16_eabi.lib : atoi.c.obj (.text:atoi)
                  00003b9c    00000046     driverlib.lib : uart.obj (.text:UARTConfigSetExpClk)
                  00003be2    00000002     --HOLE-- [fill = 0]
                  00003be4    00000044     rtsv7M4_T_le_v4SPD16_eabi.lib : autoinit.c.obj (.text:__TI_auto_init_nobinit_nopinit:__TI_auto_init_nobinit_nopinit)
                  00003c28    00000044                                   : fd_tou_t2.asm.obj (.text)
                  00003c6c    00000040     driverlib.lib : eeprom.obj (.text:EEPROMInit)
                  00003cac    0000003c                   : eeprom.obj (.text:_EEPROMSectorMaskSet)
                  00003ce8    00000038                   : eeprom.obj (.text:EEPROMRead)
                  00003d20    00000038                   : sysctl.obj (.text:SysCtlPeripheralReady)
                  00003d58    00000034                   : sysctl.obj (.text:SysCtlPeripheralDisable)
                  00003d8c    00000034                   : sysctl.obj (.text:SysCtlPeripheralEnable)
                  00003dc0    00000034                   : eeprom.obj (.text:_EEPROMSectorMaskClear)
                  00003df4    00000034     rtsv7M4_T_le_v4SPD16_eabi.lib : boot_cortex_m.c.obj (.text:_c_int00_noargs:_c_int00_noargs)
                  00003e28    0000002e     driverlib.lib : adc.obj (.text:ADCIntStatus)
                  00003e56    0000002c                   : gpio.obj (.text:GPIODirModeSet)
                  00003e82    00000002     --HOLE-- [fill = 0]
                  00003e84    00000020                   : uart.obj (.text:UARTDisable)
                  00003ea4    00000020     rtsv7M4_T_le_v4SPD16_eabi.lib : u_tofd_t2.asm.obj (.text)
                  00003ec4    0000001e     driverlib.lib : adc.obj (.text:ADCSequenceDataGet)
                  00003ee2    0000001a                   : gpio.obj (.text:GPIOPinTypeGPIOOutput)
                  00003efc    00000018                   : adc.obj (.text:ADCProcessorTrigger)
                  00003f14    00000016                   : gpio.obj (.text:GPIOPinTypeADC)
                  00003f2a    00000016                   : gpio.obj (.text:GPIOPinTypeGPIOInput)
                  00003f40    00000016                   : gpio.obj (.text:GPIOPinTypeI2C)
                  00003f56    00000016                   : gpio.obj (.text:GPIOPinTypeI2CSCL)
                  00003f6c    00000016                   : gpio.obj (.text:GPIOPinTypeUART)
                  00003f82    00000002     --HOLE-- [fill = 0]
                  00003f84    00000014                   : systick.obj (.text:SysTickEnable)
                  00003f98    00000014                   : systick.obj (.text:SysTickIntEnable)
                  00003fac    00000014                   : uart.obj (.text:UARTEnable)
                  00003fc0    00000014     rtsv7M4_T_le_v4SPD16_eabi.lib : strcpy.c.obj (.text:strcpy)
                  00003fd4    00000014                                   : strlen.c.obj (.text:strlen)
                  00003fe8    00000010     driverlib.lib : interrupt.obj (.text:IntMasterEnable)
                  00003ff8    00000010                   : systick.obj (.text:SysTickPeriodSet)
                  00004008    00000010                   : eeprom.obj (.text:_EEPROMWaitForDone)
                  00004018    0000000e                   : adc.obj (.text:ADCSequenceEnable)
                  00004026    0000000e                   : gpio.obj (.text:GPIOIntStatus)
                  00004034    0000000e                   : i2c.obj (.text:I2CRxFIFOFlush)
                  00004042    0000000e                   : i2c.obj (.text:I2CTxFIFOFlush)
                  00004050    0000000e                   : uart.obj (.text:UARTCharGetNonBlocking)
                  0000405e    0000000e                   : uart.obj (.text:UARTCharPutNonBlocking)
                  0000406c    0000000e     rtsv7M4_T_le_v4SPD16_eabi.lib : copy_decompress_none.c.obj (.text:decompress:none:__TI_decompress_none)
                  0000407a    0000000c     driverlib.lib : cpu.obj (.text:CPUcpsie)
                  00004086    0000000c                   : gpio.obj (.text:GPIOIntEnable)
                  00004092    0000000c                   : uart.obj (.text:UARTTxIntModeSet)
                  0000409e    0000000c     rtsv7M4_T_le_v4SPD16_eabi.lib : copy_zero_init.c.obj (.text:decompress:ZI:__TI_zero_init)
                  000040aa    0000000c     tm4c1233e6pz_startup_ccs.obj (.text)
                  000040b6    0000000a     driverlib.lib : adc.obj (.text:ADCIntClear)
                  000040c0    0000000a                   : i2c.obj (.text:I2CMasterEnable)
                  000040ca    0000000a                   : uart.obj (.text:UARTIntDisable)
                  000040d4    0000000a                   : uart.obj (.text:UARTIntStatus)
                  000040de    00000008                   : i2c.obj (.text:I2CMasterBusy)
                  000040e6    00000008                   : i2c.obj (.text:I2CMasterSlaveAddrSet)
                  000040ee    00000008                   : uart.obj (.text:UARTBusy)
                  000040f6    00000008                   : uart.obj (.text:UARTIntEnable)
                  000040fe    00000006                   : gpio.obj (.text:GPIOIntClear)
                  00004104    00000006                   : gpio.obj (.text:GPIOPinRead)
                  0000410a    00000006                   : gpio.obj (.text:GPIOPinWrite)
                  00004110    00000006                   : sysctl.obj (.text:SysCtlDelay)
                  00004116    00000004                   : i2c.obj (.text:I2CMasterControl)
                  0000411a    00000004                   : i2c.obj (.text:I2CMasterDataGet)
                  0000411e    00000004                   : i2c.obj (.text:I2CMasterDataPut)
                  00004122    00000004                   : uart.obj (.text:UARTIntClear)
                  00004126    00000004     rtsv7M4_T_le_v4SPD16_eabi.lib : pre_init.c.obj (.text:_system_pre_init)
                  0000412a    00000004                                   : exit.c.obj (.text:abort:abort)

.const     0    00004130    0000021c     
                  00004130    00000101     rtsv7M4_T_le_v4SPD16_eabi.lib : ctype.c.obj (.const:.string:_ctypes_)
                  00004231    00000003     --HOLE-- [fill = 0]
                  00004234    00000090     driverlib.lib : gpio.obj (.const:g_pui32GPIOBaseAddrs)
                  000042c4    0000006c                   : sysctl.obj (.const:g_pui32Xtals)
                  00004330    00000014                   : interrupt.obj (.const:g_pui32EnRegs)
                  00004344    00000008     Clock.obj (.const:$P$T0$1)

.cinit     0    00004350    00000030     
                  00004350    0000000c     (__TI_handler_table)
                  0000435c    00000004     --HOLE-- [fill = 0]
                  00004360    00000008     (.cinit..bss.load) [load image, compression = zero_init]
                  00004368    00000007     (.cinit..data.load) [load image, compression = lzss]
                  0000436f    00000001     --HOLE-- [fill = 0]
                  00004370    00000010     (__TI_cinit_table)

.init_array 
*          0    00000000    00000000     UNINITIALIZED

.bss       0    20000000    000008d4     UNINITIALIZED
                  20000000    000001fc     (.common:gprs_tx_buff)
                  200001fc    0000017c     (.common:adc)
                  20000378    00000130     (.common:display_tx)
                  200004a8    000000d6     (.common:cloud_config)
                  2000057e    00000002     (.common:gprs_rx_isr_handler)
                  20000580    000000a0     (.common:display_uart_rx)
                  20000620    000000a0     (.common:pc_uart_rx)
                  200006c0    00000088     (.common:gprs_rx_buff)
                  20000748    00000080     (.common:e2p_cloud_config)
                  200007c8    00000050     (.common:pc_uart_tx)
                  20000818    00000036     (.common:ram_data)
                  2000084e    0000001f     (.common:time_main)
                  2000086d    0000001c     (.common:measurements)
                  20000889    00000010     (.common:e2p_device_info)
                  20000899    00000010     (.common:e2p_location_info)
                  200008a9    0000000e     (.common:scheduler)
                  200008b7    00000008     (.common:e2p_config_time)
                  200008bf    00000008     (.common:e2p_router_config)
                  200008c7    00000006     (.common:time_stamp)
                  200008cd    00000001     (.common:System_mode)
                  200008ce    00000001     (.common:router_mode)
                  200008cf    00000001     --HOLE--
                  200008d0    00000004     (.common:u32DelayCounter)

.data      0    20000ad8    00000010     UNINITIALIZED
                  20000ad8    00000008     ADC_Core.obj (.data)
                  20000ae0    00000008     UartCore.obj (.data)

.stack     0    200008d8    00000200     UNINITIALIZED
                  200008d8    00000004     rtsv7M4_T_le_v4SPD16_eabi.lib : boot_cortex_m.c.obj (.stack)
                  200008dc    000001fc     --HOLE--

__llvm_prf_cnts 
*          0    20000000    00000000     UNINITIALIZED

MODULE SUMMARY

       Module                         code    ro data   rw data
       ------                         ----    -------   -------
    .\
       tm4c1233e6pz_startup_ccs.obj   12      620       0      
    +--+------------------------------+-------+---------+---------+
       Total:                         12      620       0      
                                                               
    .\Sources\
       Clock.obj                      2408    8         37     
       UartCore.obj                   1736    0         712    
       E2P.obj                        2048    0         390    
       ADC_Core.obj                   1060    0         416    
       PC_Cmds.obj                    1172    0         1      
       Display.obj                    912     0         0      
       main.obj                       848     0         54     
       gprs.obj                       0       0         646    
       IO_cntrl.obj                   516     0         1      
       DS3231.obj                     460     0         0      
       _common.obj                    386     0         0      
       SysTick_Timer.obj              248     0         18     
    +--+------------------------------+-------+---------+---------+
       Total:                         11794   8         2275   
                                                               
    C:/ti/TivaWare_C_Series-2.2.0.295/driverlib/ccs/Debug/driverlib.lib
       gpio.obj                       752     144       0      
       sysctl.obj                     770     108       0      
       eeprom.obj                     444     0         0      
       adc.obj                        324     0         0      
       uart.obj                       202     0         0      
       i2c.obj                        142     0         0      
       interrupt.obj                  120     20        0      
       systick.obj                    56      0         0      
       cpu.obj                        12      0         0      
    +--+------------------------------+-------+---------+---------+
       Total:                         2822    272       0      
                                                               
    C:\ti\ccs1110\ccs\tools\compiler\ti-cgt-arm_20.2.6.LTS\lib\rtsv7M4_T_le_v4SPD16_eabi.lib
       fd_div_t2.asm.obj              310     0         0      
       ctype.c.obj                    0       257       0      
       fd_mul_t2.asm.obj              252     0         0      
       memcpy_t2.asm.obj              156     0         0      
       memset_t2.asm.obj              122     0         0      
       ltoa.c.obj                     110     0         0      
       copy_decompress_lzss.c.obj     104     0         0      
       atoi.c.obj                     76      0         0      
       autoinit.c.obj                 68      0         0      
       fd_tou_t2.asm.obj              68      0         0      
       boot_cortex_m.c.obj            52      0         0      
       u_tofd_t2.asm.obj              32      0         0      
       strcpy.c.obj                   20      0         0      
       strlen.c.obj                   20      0         0      
       copy_decompress_none.c.obj     14      0         0      
       copy_zero_init.c.obj           12      0         0      
       exit.c.obj                     4       0         0      
       pre_init.c.obj                 4       0         0      
    +--+------------------------------+-------+---------+---------+
       Total:                         1424    257       0      
                                                               
       Stack:                         0       0         512    
       Linker Generated:              0       43        0      
    +--+------------------------------+-------+---------+---------+
       Grand Total:                   16052   1200      2787   


LINKER GENERATED COPY TABLES

__TI_cinit_table @ 00004370 records: 2, size/record: 8, table size: 16
	.bss: load addr=00004360, load size=00000008 bytes, run addr=20000000, run size=000008d4 bytes, compression=zero_init
	.data: load addr=00004368, load size=00000007 bytes, run addr=20000ad8, run size=00000010 bytes, compression=lzss


LINKER GENERATED HANDLER TABLE

__TI_handler_table @ 00004350 records: 3, size/record: 4, table size: 12
	index: 0, handler: __TI_decompress_lzss
	index: 1, handler: __TI_decompress_none
	index: 2, handler: __TI_zero_init


GLOBAL SYMBOLS: SORTED ALPHABETICALLY BY Name 

address   name                                   
-------   ----                                   
000040b7  ADCIntClear                            
00003e29  ADCIntStatus                           
00003efd  ADCProcessorTrigger                    
00003a69  ADCSequenceConfigure                   
00003ec5  ADCSequenceDataGet                     
00004019  ADCSequenceEnable                      
0000378d  ADCSequenceStepConfigure               
20000ad8  ADC_RAW_MAX                            
0000412b  C$$EXIT                                
0000407b  CPUcpsie                               
00001919  DEBUGUARTIntHandler                    
00001895  DISPLAYUARTIntHandler                  
00003c6d  EEPROMInit                             
0000362d  EEPROMProgram                          
00003ce9  EEPROMRead                             
00002bc7  GPIODIntHandler                        
00003e57  GPIODirModeSet                         
000040ff  GPIOIntClear                           
00004087  GPIOIntEnable                          
00004027  GPIOIntStatus                          
000039c1  GPIOIntTypeSet                         
00002f89  GPIOPadConfigSet                       
00003ab9  GPIOPinConfigure                       
00004105  GPIOPinRead                            
00003f15  GPIOPinTypeADC                         
00003f2b  GPIOPinTypeGPIOInput                   
00003ee3  GPIOPinTypeGPIOOutput                  
00003f41  GPIOPinTypeI2C                         
00003f57  GPIOPinTypeI2CSCL                      
00003f6d  GPIOPinTypeUART                        
0000410b  GPIOPinWrite                           
000040df  I2CMasterBusy                          
00004117  I2CMasterControl                       
0000411b  I2CMasterDataGet                       
0000411f  I2CMasterDataPut                       
000040c1  I2CMasterEnable                        
00003b05  I2CMasterInitExpClk                    
000040e7  I2CMasterSlaveAddrSet                  
00004035  I2CRxFIFOFlush                         
00004043  I2CTxFIFOFlush                         
000038f1  IntEnable                              
00003fe9  IntMasterEnable                        
000017e5  LTEUARTIntHandler                      
000040ab  ResetISR                               
0000322d  SysCtlClockGet                         
00003539  SysCtlClockSet                         
00004111  SysCtlDelay                            
00003d59  SysCtlPeripheralDisable                
00003d8d  SysCtlPeripheralEnable                 
00003d21  SysCtlPeripheralReady                  
00003a19  SysCtlPeripheralReset                  
00003f85  SysTickEnable                          
00003f99  SysTickIntEnable                       
0000346d  SysTickIntHandler                      
00003ff9  SysTickPeriodSet                       
200008cd  System_mode                            
000040ef  UARTBusy                               
00004051  UARTCharGetNonBlocking                 
0000405f  UARTCharPutNonBlocking                 
00003b9d  UARTConfigSetExpClk                    
00003e85  UARTDisable                            
00003fad  UARTEnable                             
00004123  UARTIntClear                           
000040cb  UARTIntDisable                         
000040f7  UARTIntEnable                          
000040d5  UARTIntStatus                          
00004093  UARTTxIntModeSet                       
000022f3  _Z10GetAdcDatav                        
00002db1  _Z10I2CReceivev                        
00002bbd  _Z10ToggleLEDsv                        
00002e91  _Z10my_sprintfPciz                     
00000ae1  _Z10update_rtcPci                      
0000176f  _Z11Usendbufferj                       
00002e73  _Z11getChecksumPhc                     
00000411  _Z11getDateTimev                       
00002821  _Z11init_configv                       
00002d4f  _Z11vRTCI2CInitv                       
00001f31  _Z12ADC_PortIniti                      
00000a15  _Z12calcTimeDiff12time_stamp_tS_       
00000861  _Z12is_leap_yearh                      
00002b95  _Z12vEXTIpinInitv                      
00002b89  _Z12vGPIO_Togglejhh                    
00002a7d  _Z12vLEDGPIOInitv                      
00001615  _Z12vLTEUARTInitv                      
000008b9  _Z13add_date_timeP12time_stamp_tS0_j   
0000155f  _Z13flushRxBufferi                     
00001583  _Z13flushTxBufferi                     
00001351  _Z13get_device_idv                     
000012c5  _Z13set_device_idPc                    
0000345d  _Z13vMAIN_DelayMSj                     
00001743  _Z13vUART_SendChrjh                    
00001725  _Z13vUART_SendIntji                    
000016fd  _Z13vUART_SendStrjPKh                  
00000791  _Z14StrToTimeStampPh                   
00000721  _Z14getDaysOfMonthcj                   
000015c9  _Z14vDEBUGUARTInitv                    
00002719  _Z14write_defaultsj                    
00002443  _Z15Data_Screen_lcdv                   
0000069d  _Z15check_date_timePcS_                
000028bf  _Z15update_ram_datav                   
00002ac1  _Z15vGPIOPortEnablev                   
00001293  _Z15vPERIPH_E2PInitv                   
000016d9  _Z15vUART_SendBytesjPKhj               
0000238b  _Z16PrepareLcdBufferPhcc               
000022c1  _Z16calculate_AC_ADCv                  
00001e4f  _Z16decodeMsgPC_Uartv                  
00000679  _Z16get_present_timeP12time_stamp_t    
00001a9d  _Z16get_system_statev                  
00001b4f  _Z16set_system_state10sys_mode_t       
00000349  _Z16update_date_timev                  
00001677  _Z16vDISPLAYUARTInitv                  
00002a95  _Z16vGPIO_UnlockGPIOjh                 
00002a7d  _Z16vPERIPH_GPIOInitv                  
000016c9  _Z16vPERIPH_UARTInitv                  
000002f1  _Z17check_expire_time12time_stamp_tS_  
000011df  _Z17cloud_config_datav                 
0000112f  _Z17e2p_read_cfg_timev                 
000010c5  _Z17e2p_read_locationv                 
00002295  _Z17getBatteryVoltagev                 
00002265  _Z17getChargerVoltagev                 
00001e2d  _Z17tx_pending_dataPCv                 
000026e5  _Z17vPERIPH_ClockInitv                 
0000144b  _Z17vUART_SendStr_INTjPKh              
0000105d  _Z18e2p_read_cloud_cfgv                
00000ff9  _Z18e2p_write_cfg_timev                
00000da7  _Z18e2p_write_locationv                
00000fcf  _Z18get_fixed_locationv                
00000de9  _Z18set_fixed_locationPc               
00002a55  _Z18vInput_PollingReadv                
000002af  _Z19check_dateTime_dataP12time_stamp_t 
00000d53  _Z19e2p_read_device_cfgv               
00000bd5  _Z19e2p_write_cloud_cfgv               
00002a35  _Z19vInit_InputTestpinsv               
00003441  _Z19vPERIPH_SystickInitv               
00000d25  _Z20e2p_write_device_cfgv              
00002235  _Z20getRouter1_DCvoltagev              
00002201  _Z20getRouter2_DCvoltagev              
000021d7  _Z21getRouter1_DC_currentv             
000021af  _Z21getRouter2_DC_currentv             
00000cd1  _Z23e2p_read_voltage_configv           
00000c93  _Z24e2p_write_voltage_configv          
00001aa5  _Z24preparePC_ResponsePacket5cmd_tPchii
000013d5  _Z25prepare_graphical_tx_buffjPch      
000026eb  _Z26vMAIN_InitClockPeripheralsv        
00000c8f  _Z7get_urlv                            
0000026d  _Z7isDT_okv                            
000020c5  _Z7readADCh                            
00002e05  _Z7reversePci                          
00000c05  _Z7set_urlPc                           
00002cab  _Z8Read_RTCPhh                         
00002e2b  _Z8intToStriPci                        
00001b5d  _Z8response5cmd_ti                     
00002c39  _Z9Write_RTCPhh                        
00002355  _Z9clear_lcdv                          
000020fb  _Z9updateADC14ADC_Channels_th          
00002067  _Z9vADC0Initv                          
20000ad8  __STACK_END                            
00000200  __STACK_SIZE                           
20000ad8  __STACK_TOP                            
00004370  __TI_CINIT_Base                        
00004380  __TI_CINIT_Limit                       
00004350  __TI_Handler_Table_Base                
0000435c  __TI_Handler_Table_Limit               
00003be5  __TI_auto_init_nobinit_nopinit         
00003959  __TI_decompress_lzss                   
0000406d  __TI_decompress_none                   
ffffffff  __TI_pprof_out_hndl                    
ffffffff  __TI_prof_data_size                    
ffffffff  __TI_prof_data_start                   
00000000  __TI_static_base__                     
0000409f  __TI_zero_init                         
00003c29  __aeabi_d2uiz                          
000030f5  __aeabi_ddiv                           
00003345  __aeabi_dmul                           
00003807  __aeabi_memclr                         
00003807  __aeabi_memclr4                        
00003807  __aeabi_memclr8                        
000036f1  __aeabi_memcpy                         
000036f1  __aeabi_memcpy4                        
000036f1  __aeabi_memcpy8                        
00003809  __aeabi_memset                         
00003809  __aeabi_memset4                        
00003809  __aeabi_memset8                        
00003ea5  __aeabi_ui2d                           
ffffffff  __binit__                              
ffffffff  __c_args__                             
UNDEFED   __mpu_init                             
200008d8  __stack                                
20000000  __start___llvm_prf_cnts                
20000000  __stop___llvm_prf_cnts                 
00003df5  _c_int00_noargs                        
00004130  _ctypes_                               
UNDEFED   _system_post_cinit                     
00004127  _system_pre_init                       
0000412b  abort                                  
200001fc  adc                                    
00003b51  atoi                                   
ffffffff  binit                                  
200004a8  cloud_config                           
20000378  display_tx                             
20000580  display_uart_rx                        
20000748  e2p_cloud_config                       
200008b7  e2p_config_time                        
20000889  e2p_device_info                        
20000899  e2p_location_info                      
200008bf  e2p_router_config                      
00000000  g_pfnVectors                           
200006c0  gprs_rx_buff                           
2000057e  gprs_rx_isr_handler                    
20000000  gprs_tx_buff                           
00003881  ltoa                                   
000028eb  main                                   
2000086d  measurements                           
000036f1  memcpy                                 
0000380f  memset                                 
20000620  pc_uart_rx                             
200007c8  pc_uart_tx                             
20000818  ram_data                               
200008ce  router_mode                            
200008a9  scheduler                              
00003fc1  strcpy                                 
00003fd5  strlen                                 
2000084e  time_main                              
200008c7  time_stamp                             
200008d0  u32DelayCounter                        


GLOBAL SYMBOLS: SORTED BY Symbol Address 

address   name                                   
-------   ----                                   
00000000  __TI_static_base__                     
00000000  g_pfnVectors                           
00000200  __STACK_SIZE                           
0000026d  _Z7isDT_okv                            
000002af  _Z19check_dateTime_dataP12time_stamp_t 
000002f1  _Z17check_expire_time12time_stamp_tS_  
00000349  _Z16update_date_timev                  
00000411  _Z11getDateTimev                       
00000679  _Z16get_present_timeP12time_stamp_t    
0000069d  _Z15check_date_timePcS_                
00000721  _Z14getDaysOfMonthcj                   
00000791  _Z14StrToTimeStampPh                   
00000861  _Z12is_leap_yearh                      
000008b9  _Z13add_date_timeP12time_stamp_tS0_j   
00000a15  _Z12calcTimeDiff12time_stamp_tS_       
00000ae1  _Z10update_rtcPci                      
00000bd5  _Z19e2p_write_cloud_cfgv               
00000c05  _Z7set_urlPc                           
00000c8f  _Z7get_urlv                            
00000c93  _Z24e2p_write_voltage_configv          
00000cd1  _Z23e2p_read_voltage_configv           
00000d25  _Z20e2p_write_device_cfgv              
00000d53  _Z19e2p_read_device_cfgv               
00000da7  _Z18e2p_write_locationv                
00000de9  _Z18set_fixed_locationPc               
00000fcf  _Z18get_fixed_locationv                
00000ff9  _Z18e2p_write_cfg_timev                
0000105d  _Z18e2p_read_cloud_cfgv                
000010c5  _Z17e2p_read_locationv                 
0000112f  _Z17e2p_read_cfg_timev                 
000011df  _Z17cloud_config_datav                 
00001293  _Z15vPERIPH_E2PInitv                   
000012c5  _Z13set_device_idPc                    
00001351  _Z13get_device_idv                     
000013d5  _Z25prepare_graphical_tx_buffjPch      
0000144b  _Z17vUART_SendStr_INTjPKh              
0000155f  _Z13flushRxBufferi                     
00001583  _Z13flushTxBufferi                     
000015c9  _Z14vDEBUGUARTInitv                    
00001615  _Z12vLTEUARTInitv                      
00001677  _Z16vDISPLAYUARTInitv                  
000016c9  _Z16vPERIPH_UARTInitv                  
000016d9  _Z15vUART_SendBytesjPKhj               
000016fd  _Z13vUART_SendStrjPKh                  
00001725  _Z13vUART_SendIntji                    
00001743  _Z13vUART_SendChrjh                    
0000176f  _Z11Usendbufferj                       
000017e5  LTEUARTIntHandler                      
00001895  DISPLAYUARTIntHandler                  
00001919  DEBUGUARTIntHandler                    
00001a9d  _Z16get_system_statev                  
00001aa5  _Z24preparePC_ResponsePacket5cmd_tPchii
00001b4f  _Z16set_system_state10sys_mode_t       
00001b5d  _Z8response5cmd_ti                     
00001e2d  _Z17tx_pending_dataPCv                 
00001e4f  _Z16decodeMsgPC_Uartv                  
00001f31  _Z12ADC_PortIniti                      
00002067  _Z9vADC0Initv                          
000020c5  _Z7readADCh                            
000020fb  _Z9updateADC14ADC_Channels_th          
000021af  _Z21getRouter2_DC_currentv             
000021d7  _Z21getRouter1_DC_currentv             
00002201  _Z20getRouter2_DCvoltagev              
00002235  _Z20getRouter1_DCvoltagev              
00002265  _Z17getChargerVoltagev                 
00002295  _Z17getBatteryVoltagev                 
000022c1  _Z16calculate_AC_ADCv                  
000022f3  _Z10GetAdcDatav                        
00002355  _Z9clear_lcdv                          
0000238b  _Z16PrepareLcdBufferPhcc               
00002443  _Z15Data_Screen_lcdv                   
000026e5  _Z17vPERIPH_ClockInitv                 
000026eb  _Z26vMAIN_InitClockPeripheralsv        
00002719  _Z14write_defaultsj                    
00002821  _Z11init_configv                       
000028bf  _Z15update_ram_datav                   
000028eb  main                                   
00002a35  _Z19vInit_InputTestpinsv               
00002a55  _Z18vInput_PollingReadv                
00002a7d  _Z12vLEDGPIOInitv                      
00002a7d  _Z16vPERIPH_GPIOInitv                  
00002a95  _Z16vGPIO_UnlockGPIOjh                 
00002ac1  _Z15vGPIOPortEnablev                   
00002b89  _Z12vGPIO_Togglejhh                    
00002b95  _Z12vEXTIpinInitv                      
00002bbd  _Z10ToggleLEDsv                        
00002bc7  GPIODIntHandler                        
00002c39  _Z9Write_RTCPhh                        
00002cab  _Z8Read_RTCPhh                         
00002d4f  _Z11vRTCI2CInitv                       
00002db1  _Z10I2CReceivev                        
00002e05  _Z7reversePci                          
00002e2b  _Z8intToStriPci                        
00002e73  _Z11getChecksumPhc                     
00002e91  _Z10my_sprintfPciz                     
00002f89  GPIOPadConfigSet                       
000030f5  __aeabi_ddiv                           
0000322d  SysCtlClockGet                         
00003345  __aeabi_dmul                           
00003441  _Z19vPERIPH_SystickInitv               
0000345d  _Z13vMAIN_DelayMSj                     
0000346d  SysTickIntHandler                      
00003539  SysCtlClockSet                         
0000362d  EEPROMProgram                          
000036f1  __aeabi_memcpy                         
000036f1  __aeabi_memcpy4                        
000036f1  __aeabi_memcpy8                        
000036f1  memcpy                                 
0000378d  ADCSequenceStepConfigure               
00003807  __aeabi_memclr                         
00003807  __aeabi_memclr4                        
00003807  __aeabi_memclr8                        
00003809  __aeabi_memset                         
00003809  __aeabi_memset4                        
00003809  __aeabi_memset8                        
0000380f  memset                                 
00003881  ltoa                                   
000038f1  IntEnable                              
00003959  __TI_decompress_lzss                   
000039c1  GPIOIntTypeSet                         
00003a19  SysCtlPeripheralReset                  
00003a69  ADCSequenceConfigure                   
00003ab9  GPIOPinConfigure                       
00003b05  I2CMasterInitExpClk                    
00003b51  atoi                                   
00003b9d  UARTConfigSetExpClk                    
00003be5  __TI_auto_init_nobinit_nopinit         
00003c29  __aeabi_d2uiz                          
00003c6d  EEPROMInit                             
00003ce9  EEPROMRead                             
00003d21  SysCtlPeripheralReady                  
00003d59  SysCtlPeripheralDisable                
00003d8d  SysCtlPeripheralEnable                 
00003df5  _c_int00_noargs                        
00003e29  ADCIntStatus                           
00003e57  GPIODirModeSet                         
00003e85  UARTDisable                            
00003ea5  __aeabi_ui2d                           
00003ec5  ADCSequenceDataGet                     
00003ee3  GPIOPinTypeGPIOOutput                  
00003efd  ADCProcessorTrigger                    
00003f15  GPIOPinTypeADC                         
00003f2b  GPIOPinTypeGPIOInput                   
00003f41  GPIOPinTypeI2C                         
00003f57  GPIOPinTypeI2CSCL                      
00003f6d  GPIOPinTypeUART                        
00003f85  SysTickEnable                          
00003f99  SysTickIntEnable                       
00003fad  UARTEnable                             
00003fc1  strcpy                                 
00003fd5  strlen                                 
00003fe9  IntMasterEnable                        
00003ff9  SysTickPeriodSet                       
00004019  ADCSequenceEnable                      
00004027  GPIOIntStatus                          
00004035  I2CRxFIFOFlush                         
00004043  I2CTxFIFOFlush                         
00004051  UARTCharGetNonBlocking                 
0000405f  UARTCharPutNonBlocking                 
0000406d  __TI_decompress_none                   
0000407b  CPUcpsie                               
00004087  GPIOIntEnable                          
00004093  UARTTxIntModeSet                       
0000409f  __TI_zero_init                         
000040ab  ResetISR                               
000040b7  ADCIntClear                            
000040c1  I2CMasterEnable                        
000040cb  UARTIntDisable                         
000040d5  UARTIntStatus                          
000040df  I2CMasterBusy                          
000040e7  I2CMasterSlaveAddrSet                  
000040ef  UARTBusy                               
000040f7  UARTIntEnable                          
000040ff  GPIOIntClear                           
00004105  GPIOPinRead                            
0000410b  GPIOPinWrite                           
00004111  SysCtlDelay                            
00004117  I2CMasterControl                       
0000411b  I2CMasterDataGet                       
0000411f  I2CMasterDataPut                       
00004123  UARTIntClear                           
00004127  _system_pre_init                       
0000412b  C$$EXIT                                
0000412b  abort                                  
00004130  _ctypes_                               
00004350  __TI_Handler_Table_Base                
0000435c  __TI_Handler_Table_Limit               
00004370  __TI_CINIT_Base                        
00004380  __TI_CINIT_Limit                       
20000000  __start___llvm_prf_cnts                
20000000  __stop___llvm_prf_cnts                 
20000000  gprs_tx_buff                           
200001fc  adc                                    
20000378  display_tx                             
200004a8  cloud_config                           
2000057e  gprs_rx_isr_handler                    
20000580  display_uart_rx                        
20000620  pc_uart_rx                             
200006c0  gprs_rx_buff                           
20000748  e2p_cloud_config                       
200007c8  pc_uart_tx                             
20000818  ram_data                               
2000084e  time_main                              
2000086d  measurements                           
20000889  e2p_device_info                        
20000899  e2p_location_info                      
200008a9  scheduler                              
200008b7  e2p_config_time                        
200008bf  e2p_router_config                      
200008c7  time_stamp                             
200008cd  System_mode                            
200008ce  router_mode                            
200008d0  u32DelayCounter                        
200008d8  __stack                                
20000ad8  ADC_RAW_MAX                            
20000ad8  __STACK_END                            
20000ad8  __STACK_TOP                            
ffffffff  __TI_pprof_out_hndl                    
ffffffff  __TI_prof_data_size                    
ffffffff  __TI_prof_data_start                   
ffffffff  __binit__                              
ffffffff  __c_args__                             
ffffffff  binit                                  
UNDEFED   __mpu_init                             
UNDEFED   _system_post_cinit                     

[225 symbols]
