******************************************************************************
                  TI ARM Linker PC v20.2.6                     
******************************************************************************
>> Linked Fri Apr 26 15:02:23 2024

OUTPUT FILE NAME:   <Telecom_IoT_v2_00.out>
ENTRY POINT SYMBOL: "_c_int00_noargs"  address: 00004101


MEMORY CONFIGURATION

         name            origin    length      used     unused   attr    fill
----------------------  --------  ---------  --------  --------  ----  --------
  FLASH                 00000000   00020000  00004682  0001b97e  R  X
  SRAM                  20000000   00008000  00000ae4  0000751c  RW X


SEGMENT ALLOCATION MAP

run origin  load origin   length   init length attrs members
----------  ----------- ---------- ----------- ----- -------
00000000    00000000    00004688   00004688    r-x
  00000000    00000000    0000026c   0000026c    r-- .intvecs
  00000270    00000270    000041ca   000041ca    r-x .text
  0000443c    0000443c    0000021c   0000021c    r-- .const
  00004658    00004658    00000030   00000030    r-- .cinit
20000000    20000000    00000ae8   00000000    rw-
  20000000    20000000    000008d4   00000000    rw- .bss
  200008d8    200008d8    00000200   00000000    rw- .stack
  20000ad8    20000ad8    00000010   00000000    rw- .data


SECTION ALLOCATION MAP

 output                                  attributes/
section   page    origin      length       input sections
--------  ----  ----------  ----------   ----------------
.intvecs   0    00000000    0000026c     
                  00000000    0000026c     tm4c1233e6pz_startup_ccs.obj (.intvecs)

.text      0    00000270    000041ca     
                  00000270    00000a10     Clock.obj (.text)
                  00000c80    00000848     E2P.obj (.text)
                  000014c8    00000730     UartCore.obj (.text)
                  00001bf8    000004ec     PC_Cmds.obj (.text)
                  000020e4    00000004     driverlib.lib : i2c.obj (.text:I2CMasterControl)
                  000020e8    00000490     ADC_Core.obj (.text)
                  00002578    000003b0     Display.obj (.text)
                  00002928    00000370     main.obj (.text)
                  00002c98    00000254     IO_cntrl.obj (.text)
                  00002eec    00000004     driverlib.lib : i2c.obj (.text:I2CMasterDataGet)
                  00002ef0    000001fc     DS3231.obj (.text)
                  000030ec    00000004     driverlib.lib : i2c.obj (.text:I2CMasterDataPut)
                  000030f0    0000019c     _common.obj (.text)
                  0000328c    0000016c     driverlib.lib : gpio.obj (.text:GPIOPadConfigSet)
                  000033f8    00000136     rtsv7M4_T_le_v4SPD16_eabi.lib : fd_div_t2.asm.obj (.text)
                  0000352e    00000002     --HOLE-- [fill = 0]
                  00003530    00000118     driverlib.lib : sysctl.obj (.text:SysCtlClockGet)
                  00003648    00000100     SysTick_Timer.obj (.text)
                  00003748    000000fc     rtsv7M4_T_le_v4SPD16_eabi.lib : fd_mul_t2.asm.obj (.text)
                  00003844    000000f4     driverlib.lib : sysctl.obj (.text:SysCtlClockSet)
                  00003938    000000c4                   : eeprom.obj (.text:EEPROMProgram)
                  000039fc    0000009c     rtsv7M4_T_le_v4SPD16_eabi.lib : memcpy_t2.asm.obj (.text)
                  00003a98    0000007a     driverlib.lib : adc.obj (.text:ADCSequenceStepConfigure)
                  00003b12    0000007a     rtsv7M4_T_le_v4SPD16_eabi.lib : memset_t2.asm.obj (.text)
                  00003b8c    0000006e                                   : ltoa.c.obj (.text:ltoa)
                  00003bfa    00000002     --HOLE-- [fill = 0]
                  00003bfc    00000068     driverlib.lib : interrupt.obj (.text:IntEnable)
                  00003c64    00000068     rtsv7M4_T_le_v4SPD16_eabi.lib : copy_decompress_lzss.c.obj (.text:decompress:lzss:__TI_decompress_lzss)
                  00003ccc    00000058     driverlib.lib : gpio.obj (.text:GPIOIntTypeSet)
                  00003d24    00000050                   : sysctl.obj (.text:SysCtlPeripheralReset)
                  00003d74    0000004e                   : adc.obj (.text:ADCSequenceConfigure)
                  00003dc2    00000002     --HOLE-- [fill = 0]
                  00003dc4    0000004c                   : gpio.obj (.text:GPIOPinConfigure)
                  00003e10    0000004c                   : i2c.obj (.text:I2CMasterInitExpClk)
                  00003e5c    0000004c     rtsv7M4_T_le_v4SPD16_eabi.lib : atoi.c.obj (.text:atoi)
                  00003ea8    00000046     driverlib.lib : uart.obj (.text:UARTConfigSetExpClk)
                  00003eee    00000002     --HOLE-- [fill = 0]
                  00003ef0    00000044     rtsv7M4_T_le_v4SPD16_eabi.lib : autoinit.c.obj (.text:__TI_auto_init_nobinit_nopinit:__TI_auto_init_nobinit_nopinit)
                  00003f34    00000044                                   : fd_tou_t2.asm.obj (.text)
                  00003f78    00000040     driverlib.lib : eeprom.obj (.text:EEPROMInit)
                  00003fb8    0000003c                   : eeprom.obj (.text:_EEPROMSectorMaskSet)
                  00003ff4    00000038                   : eeprom.obj (.text:EEPROMRead)
                  0000402c    00000038                   : sysctl.obj (.text:SysCtlPeripheralReady)
                  00004064    00000034                   : sysctl.obj (.text:SysCtlPeripheralDisable)
                  00004098    00000034                   : sysctl.obj (.text:SysCtlPeripheralEnable)
                  000040cc    00000034                   : eeprom.obj (.text:_EEPROMSectorMaskClear)
                  00004100    00000034     rtsv7M4_T_le_v4SPD16_eabi.lib : boot_cortex_m.c.obj (.text:_c_int00_noargs:_c_int00_noargs)
                  00004134    0000002e     driverlib.lib : adc.obj (.text:ADCIntStatus)
                  00004162    0000002c                   : gpio.obj (.text:GPIODirModeSet)
                  0000418e    00000002     --HOLE-- [fill = 0]
                  00004190    00000020                   : uart.obj (.text:UARTDisable)
                  000041b0    00000020     rtsv7M4_T_le_v4SPD16_eabi.lib : u_tofd_t2.asm.obj (.text)
                  000041d0    0000001e     driverlib.lib : adc.obj (.text:ADCSequenceDataGet)
                  000041ee    0000001a                   : gpio.obj (.text:GPIOPinTypeGPIOOutput)
                  00004208    0000001a     tm4c1233e6pz_startup_ccs.obj (.text)
                  00004222    00000018     driverlib.lib : adc.obj (.text:ADCProcessorTrigger)
                  0000423a    00000016                   : gpio.obj (.text:GPIOPinTypeADC)
                  00004250    00000016                   : gpio.obj (.text:GPIOPinTypeGPIOInput)
                  00004266    00000016                   : gpio.obj (.text:GPIOPinTypeI2C)
                  0000427c    00000016                   : gpio.obj (.text:GPIOPinTypeI2CSCL)
                  00004292    00000016                   : gpio.obj (.text:GPIOPinTypeUART)
                  000042a8    00000014                   : systick.obj (.text:SysTickEnable)
                  000042bc    00000014                   : systick.obj (.text:SysTickIntEnable)
                  000042d0    00000014                   : uart.obj (.text:UARTEnable)
                  000042e4    00000014     rtsv7M4_T_le_v4SPD16_eabi.lib : strcpy.c.obj (.text:strcpy)
                  000042f8    00000014                                   : strlen.c.obj (.text:strlen)
                  0000430c    00000010     driverlib.lib : interrupt.obj (.text:IntMasterEnable)
                  0000431c    00000010                   : systick.obj (.text:SysTickPeriodSet)
                  0000432c    00000010                   : eeprom.obj (.text:_EEPROMWaitForDone)
                  0000433c    0000000e                   : adc.obj (.text:ADCSequenceEnable)
                  0000434a    0000000e                   : gpio.obj (.text:GPIOIntStatus)
                  00004358    0000000e                   : i2c.obj (.text:I2CRxFIFOFlush)
                  00004366    0000000e                   : i2c.obj (.text:I2CTxFIFOFlush)
                  00004374    0000000e                   : uart.obj (.text:UARTCharGetNonBlocking)
                  00004382    0000000e                   : uart.obj (.text:UARTCharPutNonBlocking)
                  00004390    0000000e     rtsv7M4_T_le_v4SPD16_eabi.lib : copy_decompress_none.c.obj (.text:decompress:none:__TI_decompress_none)
                  0000439e    0000000c     driverlib.lib : cpu.obj (.text:CPUcpsie)
                  000043aa    0000000c                   : gpio.obj (.text:GPIOIntEnable)
                  000043b6    0000000c                   : uart.obj (.text:UARTTxIntModeSet)
                  000043c2    0000000c     rtsv7M4_T_le_v4SPD16_eabi.lib : copy_zero_init.c.obj (.text:decompress:ZI:__TI_zero_init)
                  000043ce    0000000a     driverlib.lib : adc.obj (.text:ADCIntClear)
                  000043d8    0000000a                   : i2c.obj (.text:I2CMasterEnable)
                  000043e2    0000000a                   : uart.obj (.text:UARTIntDisable)
                  000043ec    0000000a                   : uart.obj (.text:UARTIntStatus)
                  000043f6    00000008                   : i2c.obj (.text:I2CMasterBusy)
                  000043fe    00000008                   : i2c.obj (.text:I2CMasterSlaveAddrSet)
                  00004406    00000008                   : uart.obj (.text:UARTBusy)
                  0000440e    00000008                   : uart.obj (.text:UARTIntEnable)
                  00004416    00000006                   : gpio.obj (.text:GPIOIntClear)
                  0000441c    00000006                   : gpio.obj (.text:GPIOPinRead)
                  00004422    00000006                   : gpio.obj (.text:GPIOPinWrite)
                  00004428    00000006                   : sysctl.obj (.text:SysCtlDelay)
                  0000442e    00000004                   : uart.obj (.text:UARTIntClear)
                  00004432    00000004     rtsv7M4_T_le_v4SPD16_eabi.lib : pre_init.c.obj (.text:_system_pre_init)
                  00004436    00000004                                   : exit.c.obj (.text:abort:abort)

.const     0    0000443c    0000021c     
                  0000443c    00000101     rtsv7M4_T_le_v4SPD16_eabi.lib : ctype.c.obj (.const:.string:_ctypes_)
                  0000453d    00000003     --HOLE-- [fill = 0]
                  00004540    00000090     driverlib.lib : gpio.obj (.const:g_pui32GPIOBaseAddrs)
                  000045d0    0000006c                   : sysctl.obj (.const:g_pui32Xtals)
                  0000463c    00000014                   : interrupt.obj (.const:g_pui32EnRegs)
                  00004650    00000008     Clock.obj (.const:$P$T0$1)

.cinit     0    00004658    00000030     
                  00004658    0000000c     (__TI_handler_table)
                  00004664    00000004     --HOLE-- [fill = 0]
                  00004668    00000008     (.cinit..bss.load) [load image, compression = zero_init]
                  00004670    00000007     (.cinit..data.load) [load image, compression = lzss]
                  00004677    00000001     --HOLE-- [fill = 0]
                  00004678    00000010     (__TI_cinit_table)

.init_array 
*          0    00000000    00000000     UNINITIALIZED

.bss       0    20000000    000008d4     UNINITIALIZED
                  20000000    000001fc     (.common:gprs_tx_buff)
                  200001fc    0000017c     (.common:adc)
                  20000378    00000130     (.common:display_tx)
                  200004a8    000000d6     (.common:cloud_config)
                  2000057e    00000002     (.common:gprs_rx_isr_handler)
                  20000580    000000a0     (.common:display_uart_rx)
                  20000620    000000a0     (.common:pc_uart_rx)
                  200006c0    00000088     (.common:gprs_rx_buff)
                  20000748    00000080     (.common:e2p_cloud_config)
                  200007c8    00000050     (.common:pc_uart_tx)
                  20000818    00000036     (.common:ram_data)
                  2000084e    0000001f     (.common:time_main)
                  2000086d    0000001c     (.common:measurements)
                  20000889    00000010     (.common:e2p_device_info)
                  20000899    00000010     (.common:e2p_location_info)
                  200008a9    0000000e     (.common:scheduler)
                  200008b7    00000008     (.common:e2p_config_time)
                  200008bf    00000008     (.common:e2p_router_config)
                  200008c7    00000006     (.common:time_stamp)
                  200008cd    00000001     (.common:System_mode)
                  200008ce    00000001     (.common:router_mode)
                  200008cf    00000001     --HOLE--
                  200008d0    00000004     (.common:u32DelayCounter)

.data      0    20000ad8    00000010     UNINITIALIZED
                  20000ad8    00000008     ADC_Core.obj (.data)
                  20000ae0    00000008     UartCore.obj (.data)

.stack     0    200008d8    00000200     UNINITIALIZED
                  200008d8    00000004     rtsv7M4_T_le_v4SPD16_eabi.lib : boot_cortex_m.c.obj (.stack)
                  200008dc    000001fc     --HOLE--

__llvm_prf_cnts 
*          0    20000000    00000000     UNINITIALIZED

MODULE SUMMARY

       Module                         code    ro data   rw data
       ------                         ----    -------   -------
    .\
       tm4c1233e6pz_startup_ccs.obj   26      620       0      
    +--+------------------------------+-------+---------+---------+
       Total:                         26      620       0      
                                                               
    .\Sources\
       Clock.obj                      2576    8         37     
       UartCore.obj                   1840    0         712    
       E2P.obj                        2120    0         390    
       ADC_Core.obj                   1168    0         416    
       PC_Cmds.obj                    1260    0         1      
       Display.obj                    944     0         0      
       main.obj                       880     0         54     
       gprs.obj                       0       0         646    
       IO_cntrl.obj                   596     0         1      
       DS3231.obj                     508     0         0      
       _common.obj                    412     0         0      
       SysTick_Timer.obj              256     0         18     
    +--+------------------------------+-------+---------+---------+
       Total:                         12560   8         2275   
                                                               
    C:/ti/TivaWare_C_Series-2.2.0.295/driverlib/ccs/Debug/driverlib.lib
       gpio.obj                       752     144       0      
       sysctl.obj                     770     108       0      
       eeprom.obj                     444     0         0      
       adc.obj                        324     0         0      
       uart.obj                       202     0         0      
       i2c.obj                        142     0         0      
       interrupt.obj                  120     20        0      
       systick.obj                    56      0         0      
       cpu.obj                        12      0         0      
    +--+------------------------------+-------+---------+---------+
       Total:                         2822    272       0      
                                                               
    C:\ti\ccs1110\ccs\tools\compiler\ti-cgt-arm_20.2.6.LTS\lib\rtsv7M4_T_le_v4SPD16_eabi.lib
       fd_div_t2.asm.obj              310     0         0      
       ctype.c.obj                    0       257       0      
       fd_mul_t2.asm.obj              252     0         0      
       memcpy_t2.asm.obj              156     0         0      
       memset_t2.asm.obj              122     0         0      
       ltoa.c.obj                     110     0         0      
       copy_decompress_lzss.c.obj     104     0         0      
       atoi.c.obj                     76      0         0      
       autoinit.c.obj                 68      0         0      
       fd_tou_t2.asm.obj              68      0         0      
       boot_cortex_m.c.obj            52      0         0      
       u_tofd_t2.asm.obj              32      0         0      
       strcpy.c.obj                   20      0         0      
       strlen.c.obj                   20      0         0      
       copy_decompress_none.c.obj     14      0         0      
       copy_zero_init.c.obj           12      0         0      
       exit.c.obj                     4       0         0      
       pre_init.c.obj                 4       0         0      
    +--+------------------------------+-------+---------+---------+
       Total:                         1424    257       0      
                                                               
       Stack:                         0       0         512    
       Linker Generated:              0       43        0      
    +--+------------------------------+-------+---------+---------+
       Grand Total:                   16832   1200      2787   


LINKER GENERATED COPY TABLES

__TI_cinit_table @ 00004678 records: 2, size/record: 8, table size: 16
	.bss: load addr=00004668, load size=00000008 bytes, run addr=20000000, run size=000008d4 bytes, compression=zero_init
	.data: load addr=00004670, load size=00000007 bytes, run addr=20000ad8, run size=00000010 bytes, compression=lzss


LINKER GENERATED HANDLER TABLE

__TI_handler_table @ 00004658 records: 3, size/record: 4, table size: 12
	index: 0, handler: __TI_decompress_lzss
	index: 1, handler: __TI_decompress_none
	index: 2, handler: __TI_zero_init


GLOBAL SYMBOLS: SORTED ALPHABETICALLY BY Name 

address   name                                   
-------   ----                                   
000043cf  ADCIntClear                            
00004135  ADCIntStatus                           
00004223  ADCProcessorTrigger                    
00003d75  ADCSequenceConfigure                   
000041d1  ADCSequenceDataGet                     
0000433d  ADCSequenceEnable                      
00003a99  ADCSequenceStepConfigure               
20000ad8  ADC_RAW_MAX                            
00004437  C$$EXIT                                
0000439f  CPUcpsie                               
00001a69  DEBUGUARTIntHandler                    
000019f1  DISPLAYUARTIntHandler                  
00003f79  EEPROMInit                             
00003939  EEPROMProgram                          
00003ff5  EEPROMRead                             
00002e79  GPIODIntHandler                        
00004163  GPIODirModeSet                         
00004417  GPIOIntClear                           
000043ab  GPIOIntEnable                          
0000434b  GPIOIntStatus                          
00003ccd  GPIOIntTypeSet                         
0000328d  GPIOPadConfigSet                       
00003dc5  GPIOPinConfigure                       
0000441d  GPIOPinRead                            
0000423b  GPIOPinTypeADC                         
00004251  GPIOPinTypeGPIOInput                   
000041ef  GPIOPinTypeGPIOOutput                  
00004267  GPIOPinTypeI2C                         
0000427d  GPIOPinTypeI2CSCL                      
00004293  GPIOPinTypeUART                        
00004423  GPIOPinWrite                           
000043f7  I2CMasterBusy                          
000020e5  I2CMasterControl                       
00002eed  I2CMasterDataGet                       
000030ed  I2CMasterDataPut                       
000043d9  I2CMasterEnable                        
00003e11  I2CMasterInitExpClk                    
000043ff  I2CMasterSlaveAddrSet                  
00004359  I2CRxFIFOFlush                         
00004367  I2CTxFIFOFlush                         
00003bfd  IntEnable                              
0000430d  IntMasterEnable                        
00001931  LTEUARTIntHandler                      
00004209  ResetISR                               
00003531  SysCtlClockGet                         
00003845  SysCtlClockSet                         
00004429  SysCtlDelay                            
00004065  SysCtlPeripheralDisable                
00004099  SysCtlPeripheralEnable                 
0000402d  SysCtlPeripheralReady                  
00003d25  SysCtlPeripheralReset                  
000042a9  SysTickEnable                          
000042bd  SysTickIntEnable                       
00003679  SysTickIntHandler                      
0000431d  SysTickPeriodSet                       
200008cd  System_mode                            
00004407  UARTBusy                               
00004375  UARTCharGetNonBlocking                 
00004383  UARTCharPutNonBlocking                 
00003ea9  UARTConfigSetExpClk                    
00004191  UARTDisable                            
000042d1  UARTEnable                             
0000442f  UARTIntClear                           
000043e3  UARTIntDisable                         
0000440f  UARTIntEnable                          
000043ed  UARTIntStatus                          
000043b7  UARTTxIntModeSet                       
00002521  _Z10GetAdcDatav                        
00003091  _Z10I2CReceivev                        
00002e69  _Z10ToggleLEDsv                        
00003189  _Z10my_sprintfPciz                     
00000b79  _Z10update_rtcPci                      
000018c1  _Z11Usendbufferj                       
00003169  _Z11getChecksumPhc                     
00000429  _Z11getDateTimev                       
00002a71  _Z11init_configv                       
00003029  _Z11vRTCI2CInitv                       
000020e9  _Z12ADC_PortIniti                      
00000aa1  _Z12calcTimeDiff12time_stamp_tS_       
000008e1  _Z12is_leap_yearh                      
00002e41  _Z12vEXTIpinInitv                      
00002e31  _Z12vGPIO_Togglejhh                    
00002ce1  _Z12vLEDGPIOInitv                      
00001729  _Z12vLTEUARTInitv                      
00000929  _Z13add_date_timeP12time_stamp_tS0_j   
00001669  _Z13flushRxBufferi                     
00001691  _Z13flushTxBufferi                     
00001451  _Z13get_device_idv                     
000013c1  _Z13set_device_idPc                    
00003669  _Z13vMAIN_DelayMSj                     
000018a1  _Z13vUART_SendChrjh                    
00001869  _Z13vUART_SendIntji                    
00001831  _Z13vUART_SendStrjPKh                  
00000801  _Z14StrToTimeStampPh                   
00000781  _Z14getDaysOfMonthcj                   
000016d9  _Z14vDEBUGUARTInitv                    
00002961  _Z14write_defaultsj                    
00002679  _Z15Data_Screen_lcdv                   
000006e1  _Z15check_date_timePcS_                
00002b19  _Z15update_ram_datav                   
00002d29  _Z15vGPIOPortEnablev                   
00001399  _Z15vPERIPH_E2PInitv                   
00001801  _Z15vUART_SendBytesjPKhj               
000025b1  _Z16PrepareLcdBufferPhcc               
000024e9  _Z16calculate_AC_ADCv                  
00002001  _Z16decodeMsgPC_Uartv                  
000006b9  _Z16get_present_timeP12time_stamp_t    
00001bf9  _Z16get_system_statev                  
00001cb9  _Z16set_system_state10sys_mode_t       
00000359  _Z16update_date_timev                  
00001791  _Z16vDISPLAYUARTInitv                  
00002cf9  _Z16vGPIO_UnlockGPIOjh                 
00002ce1  _Z16vPERIPH_GPIOInitv                  
000017e9  _Z16vPERIPH_UARTInitv                  
00000301  _Z17check_expire_time12time_stamp_tS_  
000012b9  _Z17cloud_config_datav                 
00001209  _Z17e2p_read_cfg_timev                 
000011b1  _Z17e2p_read_locationv                 
000024b9  _Z17getBatteryVoltagev                 
00002489  _Z17getChargerVoltagev                 
00001fd9  _Z17tx_pending_dataPCv                 
00002929  _Z17vPERIPH_ClockInitv                 
00001549  _Z17vUART_SendStr_INTjPKh              
00001139  _Z18e2p_read_cloud_cfgv                
000010e9  _Z18e2p_write_cfg_timev                
00000e69  _Z18e2p_write_locationv                
000010c1  _Z18get_fixed_locationv                
00000ed1  _Z18set_fixed_locationPc               
00002cb9  _Z18vInput_PollingReadv                
000002b9  _Z19check_dateTime_dataP12time_stamp_t 
00000e11  _Z19e2p_read_device_cfgv               
00000c81  _Z19e2p_write_cloud_cfgv               
00002c99  _Z19vInit_InputTestpinsv               
00003649  _Z19vPERIPH_SystickInitv               
00000de1  _Z20e2p_write_device_cfgv              
00002459  _Z20getRouter1_DCvoltagev              
00002429  _Z20getRouter2_DCvoltagev              
000023f9  _Z21getRouter1_DC_currentv             
000023c9  _Z21getRouter2_DC_currentv             
00000d89  _Z23e2p_read_voltage_configv           
00000d49  _Z24e2p_write_voltage_configv          
00001c01  _Z24preparePC_ResponsePacket5cmd_tPchii
000014c9  _Z25prepare_graphical_tx_buffjPch      
00002931  _Z26vMAIN_InitClockPeripheralsv        
00000d41  _Z7get_urlv                            
00000271  _Z7isDT_okv                            
000022c1  _Z7readADCh                            
000030f1  _Z7reversePci                          
00000cb1  _Z7set_urlPc                           
00002f79  _Z8Read_RTCPhh                         
00003119  _Z8intToStriPci                        
00001cc9  _Z8response5cmd_ti                     
00002ef1  _Z9Write_RTCPhh                        
00002579  _Z9clear_lcdv                          
00002301  _Z9updateADC14ADC_Channels_th          
00002261  _Z9vADC0Initv                          
20000ad8  __STACK_END                            
00000200  __STACK_SIZE                           
20000ad8  __STACK_TOP                            
00004678  __TI_CINIT_Base                        
00004688  __TI_CINIT_Limit                       
00004658  __TI_Handler_Table_Base                
00004664  __TI_Handler_Table_Limit               
00003ef1  __TI_auto_init_nobinit_nopinit         
00003c65  __TI_decompress_lzss                   
00004391  __TI_decompress_none                   
ffffffff  __TI_pprof_out_hndl                    
ffffffff  __TI_prof_data_size                    
ffffffff  __TI_prof_data_start                   
00000000  __TI_static_base__                     
000043c3  __TI_zero_init                         
00003f35  __aeabi_d2uiz                          
000033f9  __aeabi_ddiv                           
00003749  __aeabi_dmul                           
00003b13  __aeabi_memclr                         
00003b13  __aeabi_memclr4                        
00003b13  __aeabi_memclr8                        
000039fd  __aeabi_memcpy                         
000039fd  __aeabi_memcpy4                        
000039fd  __aeabi_memcpy8                        
00003b15  __aeabi_memset                         
00003b15  __aeabi_memset4                        
00003b15  __aeabi_memset8                        
000041b1  __aeabi_ui2d                           
ffffffff  __binit__                              
ffffffff  __c_args__                             
UNDEFED   __mpu_init                             
200008d8  __stack                                
20000000  __start___llvm_prf_cnts                
20000000  __stop___llvm_prf_cnts                 
00004101  _c_int00_noargs                        
0000443c  _ctypes_                               
UNDEFED   _system_post_cinit                     
00004433  _system_pre_init                       
00004437  abort                                  
200001fc  adc                                    
00003e5d  atoi                                   
ffffffff  binit                                  
200004a8  cloud_config                           
20000378  display_tx                             
20000580  display_uart_rx                        
20000748  e2p_cloud_config                       
200008b7  e2p_config_time                        
20000889  e2p_device_info                        
20000899  e2p_location_info                      
200008bf  e2p_router_config                      
00000000  g_pfnVectors                           
200006c0  gprs_rx_buff                           
2000057e  gprs_rx_isr_handler                    
20000000  gprs_tx_buff                           
00003b8d  ltoa                                   
00002b49  main                                   
2000086d  measurements                           
000039fd  memcpy                                 
00003b1b  memset                                 
20000620  pc_uart_rx                             
200007c8  pc_uart_tx                             
20000818  ram_data                               
200008ce  router_mode                            
200008a9  scheduler                              
000042e5  strcpy                                 
000042f9  strlen                                 
2000084e  time_main                              
200008c7  time_stamp                             
200008d0  u32DelayCounter                        


GLOBAL SYMBOLS: SORTED BY Symbol Address 

address   name                                   
-------   ----                                   
00000000  __TI_static_base__                     
00000000  g_pfnVectors                           
00000200  __STACK_SIZE                           
00000271  _Z7isDT_okv                            
000002b9  _Z19check_dateTime_dataP12time_stamp_t 
00000301  _Z17check_expire_time12time_stamp_tS_  
00000359  _Z16update_date_timev                  
00000429  _Z11getDateTimev                       
000006b9  _Z16get_present_timeP12time_stamp_t    
000006e1  _Z15check_date_timePcS_                
00000781  _Z14getDaysOfMonthcj                   
00000801  _Z14StrToTimeStampPh                   
000008e1  _Z12is_leap_yearh                      
00000929  _Z13add_date_timeP12time_stamp_tS0_j   
00000aa1  _Z12calcTimeDiff12time_stamp_tS_       
00000b79  _Z10update_rtcPci                      
00000c81  _Z19e2p_write_cloud_cfgv               
00000cb1  _Z7set_urlPc                           
00000d41  _Z7get_urlv                            
00000d49  _Z24e2p_write_voltage_configv          
00000d89  _Z23e2p_read_voltage_configv           
00000de1  _Z20e2p_write_device_cfgv              
00000e11  _Z19e2p_read_device_cfgv               
00000e69  _Z18e2p_write_locationv                
00000ed1  _Z18set_fixed_locationPc               
000010c1  _Z18get_fixed_locationv                
000010e9  _Z18e2p_write_cfg_timev                
00001139  _Z18e2p_read_cloud_cfgv                
000011b1  _Z17e2p_read_locationv                 
00001209  _Z17e2p_read_cfg_timev                 
000012b9  _Z17cloud_config_datav                 
00001399  _Z15vPERIPH_E2PInitv                   
000013c1  _Z13set_device_idPc                    
00001451  _Z13get_device_idv                     
000014c9  _Z25prepare_graphical_tx_buffjPch      
00001549  _Z17vUART_SendStr_INTjPKh              
00001669  _Z13flushRxBufferi                     
00001691  _Z13flushTxBufferi                     
000016d9  _Z14vDEBUGUARTInitv                    
00001729  _Z12vLTEUARTInitv                      
00001791  _Z16vDISPLAYUARTInitv                  
000017e9  _Z16vPERIPH_UARTInitv                  
00001801  _Z15vUART_SendBytesjPKhj               
00001831  _Z13vUART_SendStrjPKh                  
00001869  _Z13vUART_SendIntji                    
000018a1  _Z13vUART_SendChrjh                    
000018c1  _Z11Usendbufferj                       
00001931  LTEUARTIntHandler                      
000019f1  DISPLAYUARTIntHandler                  
00001a69  DEBUGUARTIntHandler                    
00001bf9  _Z16get_system_statev                  
00001c01  _Z24preparePC_ResponsePacket5cmd_tPchii
00001cb9  _Z16set_system_state10sys_mode_t       
00001cc9  _Z8response5cmd_ti                     
00001fd9  _Z17tx_pending_dataPCv                 
00002001  _Z16decodeMsgPC_Uartv                  
000020e5  I2CMasterControl                       
000020e9  _Z12ADC_PortIniti                      
00002261  _Z9vADC0Initv                          
000022c1  _Z7readADCh                            
00002301  _Z9updateADC14ADC_Channels_th          
000023c9  _Z21getRouter2_DC_currentv             
000023f9  _Z21getRouter1_DC_currentv             
00002429  _Z20getRouter2_DCvoltagev              
00002459  _Z20getRouter1_DCvoltagev              
00002489  _Z17getChargerVoltagev                 
000024b9  _Z17getBatteryVoltagev                 
000024e9  _Z16calculate_AC_ADCv                  
00002521  _Z10GetAdcDatav                        
00002579  _Z9clear_lcdv                          
000025b1  _Z16PrepareLcdBufferPhcc               
00002679  _Z15Data_Screen_lcdv                   
00002929  _Z17vPERIPH_ClockInitv                 
00002931  _Z26vMAIN_InitClockPeripheralsv        
00002961  _Z14write_defaultsj                    
00002a71  _Z11init_configv                       
00002b19  _Z15update_ram_datav                   
00002b49  main                                   
00002c99  _Z19vInit_InputTestpinsv               
00002cb9  _Z18vInput_PollingReadv                
00002ce1  _Z12vLEDGPIOInitv                      
00002ce1  _Z16vPERIPH_GPIOInitv                  
00002cf9  _Z16vGPIO_UnlockGPIOjh                 
00002d29  _Z15vGPIOPortEnablev                   
00002e31  _Z12vGPIO_Togglejhh                    
00002e41  _Z12vEXTIpinInitv                      
00002e69  _Z10ToggleLEDsv                        
00002e79  GPIODIntHandler                        
00002eed  I2CMasterDataGet                       
00002ef1  _Z9Write_RTCPhh                        
00002f79  _Z8Read_RTCPhh                         
00003029  _Z11vRTCI2CInitv                       
00003091  _Z10I2CReceivev                        
000030ed  I2CMasterDataPut                       
000030f1  _Z7reversePci                          
00003119  _Z8intToStriPci                        
00003169  _Z11getChecksumPhc                     
00003189  _Z10my_sprintfPciz                     
0000328d  GPIOPadConfigSet                       
000033f9  __aeabi_ddiv                           
00003531  SysCtlClockGet                         
00003649  _Z19vPERIPH_SystickInitv               
00003669  _Z13vMAIN_DelayMSj                     
00003679  SysTickIntHandler                      
00003749  __aeabi_dmul                           
00003845  SysCtlClockSet                         
00003939  EEPROMProgram                          
000039fd  __aeabi_memcpy                         
000039fd  __aeabi_memcpy4                        
000039fd  __aeabi_memcpy8                        
000039fd  memcpy                                 
00003a99  ADCSequenceStepConfigure               
00003b13  __aeabi_memclr                         
00003b13  __aeabi_memclr4                        
00003b13  __aeabi_memclr8                        
00003b15  __aeabi_memset                         
00003b15  __aeabi_memset4                        
00003b15  __aeabi_memset8                        
00003b1b  memset                                 
00003b8d  ltoa                                   
00003bfd  IntEnable                              
00003c65  __TI_decompress_lzss                   
00003ccd  GPIOIntTypeSet                         
00003d25  SysCtlPeripheralReset                  
00003d75  ADCSequenceConfigure                   
00003dc5  GPIOPinConfigure                       
00003e11  I2CMasterInitExpClk                    
00003e5d  atoi                                   
00003ea9  UARTConfigSetExpClk                    
00003ef1  __TI_auto_init_nobinit_nopinit         
00003f35  __aeabi_d2uiz                          
00003f79  EEPROMInit                             
00003ff5  EEPROMRead                             
0000402d  SysCtlPeripheralReady                  
00004065  SysCtlPeripheralDisable                
00004099  SysCtlPeripheralEnable                 
00004101  _c_int00_noargs                        
00004135  ADCIntStatus                           
00004163  GPIODirModeSet                         
00004191  UARTDisable                            
000041b1  __aeabi_ui2d                           
000041d1  ADCSequenceDataGet                     
000041ef  GPIOPinTypeGPIOOutput                  
00004209  ResetISR                               
00004223  ADCProcessorTrigger                    
0000423b  GPIOPinTypeADC                         
00004251  GPIOPinTypeGPIOInput                   
00004267  GPIOPinTypeI2C                         
0000427d  GPIOPinTypeI2CSCL                      
00004293  GPIOPinTypeUART                        
000042a9  SysTickEnable                          
000042bd  SysTickIntEnable                       
000042d1  UARTEnable                             
000042e5  strcpy                                 
000042f9  strlen                                 
0000430d  IntMasterEnable                        
0000431d  SysTickPeriodSet                       
0000433d  ADCSequenceEnable                      
0000434b  GPIOIntStatus                          
00004359  I2CRxFIFOFlush                         
00004367  I2CTxFIFOFlush                         
00004375  UARTCharGetNonBlocking                 
00004383  UARTCharPutNonBlocking                 
00004391  __TI_decompress_none                   
0000439f  CPUcpsie                               
000043ab  GPIOIntEnable                          
000043b7  UARTTxIntModeSet                       
000043c3  __TI_zero_init                         
000043cf  ADCIntClear                            
000043d9  I2CMasterEnable                        
000043e3  UARTIntDisable                         
000043ed  UARTIntStatus                          
000043f7  I2CMasterBusy                          
000043ff  I2CMasterSlaveAddrSet                  
00004407  UARTBusy                               
0000440f  UARTIntEnable                          
00004417  GPIOIntClear                           
0000441d  GPIOPinRead                            
00004423  GPIOPinWrite                           
00004429  SysCtlDelay                            
0000442f  UARTIntClear                           
00004433  _system_pre_init                       
00004437  C$$EXIT                                
00004437  abort                                  
0000443c  _ctypes_                               
00004658  __TI_Handler_Table_Base                
00004664  __TI_Handler_Table_Limit               
00004678  __TI_CINIT_Base                        
00004688  __TI_CINIT_Limit                       
20000000  __start___llvm_prf_cnts                
20000000  __stop___llvm_prf_cnts                 
20000000  gprs_tx_buff                           
200001fc  adc                                    
20000378  display_tx                             
200004a8  cloud_config                           
2000057e  gprs_rx_isr_handler                    
20000580  display_uart_rx                        
20000620  pc_uart_rx                             
200006c0  gprs_rx_buff                           
20000748  e2p_cloud_config                       
200007c8  pc_uart_tx                             
20000818  ram_data                               
2000084e  time_main                              
2000086d  measurements                           
20000889  e2p_device_info                        
20000899  e2p_location_info                      
200008a9  scheduler                              
200008b7  e2p_config_time                        
200008bf  e2p_router_config                      
200008c7  time_stamp                             
200008cd  System_mode                            
200008ce  router_mode                            
200008d0  u32DelayCounter                        
200008d8  __stack                                
20000ad8  ADC_RAW_MAX                            
20000ad8  __STACK_END                            
20000ad8  __STACK_TOP                            
ffffffff  __TI_pprof_out_hndl                    
ffffffff  __TI_prof_data_size                    
ffffffff  __TI_prof_data_start                   
ffffffff  __binit__                              
ffffffff  __c_args__                             
ffffffff  binit                                  
UNDEFED   __mpu_init                             
UNDEFED   _system_post_cinit                     

[225 symbols]
