******************************************************************************
                  TI ARM Linker PC v20.2.6                     
******************************************************************************
>> Linked Fri Apr 26 15:02:30 2024

OUTPUT FILE NAME:   <Telecom_IoT_v2_00.out>
ENTRY POINT SYMBOL: "_c_int00_noargs"  address: 00004e45


MEMORY CONFIGURATION

         name            origin    length      used     unused   attr    fill
----------------------  --------  ---------  --------  --------  ----  --------
  FLASH                 00000000   00020000  000053a2  0001ac5e  R  X
  SRAM                  20000000   00008000  00000ae4  0000751c  RW X


SEGMENT ALLOCATION MAP

run origin  load origin   length   init length attrs members
----------  ----------- ---------- ----------- ----- -------
00000000    00000000    000053a8   000053a8    r-x
  00000000    00000000    0000026c   0000026c    r-- .intvecs
  00000270    00000270    00004eea   00004eea    r-x .text
  0000515c    0000515c    0000021c   0000021c    r-- .const
  00005378    00005378    00000030   00000030    r-- .cinit
20000000    20000000    00000ae8   00000000    rw-
  20000000    20000000    000008d4   00000000    rw- .bss
  200008d8    200008d8    00000200   00000000    rw- .stack
  20000ad8    20000ad8    00000010   00000000    rw- .data


SECTION ALLOCATION MAP

 output                                  attributes/
section   page    origin      length       input sections
--------  ----  ----------  ----------   ----------------
.intvecs   0    00000000    0000026c     
                  00000000    0000026c     tm4c1233e6pz_startup_ccs.obj (.intvecs)

.text      0    00000270    00004eea     
                  00000270    00000ba8     Clock.obj (.text)
                  00000e18    00000a66     UartCore.obj (.text)
                  0000187e    00000002     --HOLE-- [fill = 0]
                  00001880    000009e0     E2P.obj (.text)
                  00002260    000006b6     PC_Cmds.obj (.text)
                  00002916    00000002     --HOLE-- [fill = 0]
                  00002918    0000057c     ADC_Core.obj (.text)
                  00002e94    00000004     driverlib.lib : i2c.obj (.text:I2CMasterControl)
                  00002e98    00000492     main.obj (.text)
                  0000332a    00000006     driverlib.lib : gpio.obj (.text:GPIOIntClear)
                  00003330    00000442     Display.obj (.text)
                  00003772    00000006     driverlib.lib : gpio.obj (.text:GPIOPinRead)
                  00003778    0000039a     _common.obj (.text)
                  00003b12    00000006     driverlib.lib : gpio.obj (.text:GPIOPinWrite)
                  00003b18    00000272     IO_cntrl.obj (.text)
                  00003d8a    00000006     driverlib.lib : sysctl.obj (.text:SysCtlDelay)
                  00003d90    00000222     DS3231.obj (.text)
                  00003fb2    00000002     --HOLE-- [fill = 0]
                  00003fb4    0000016c     driverlib.lib : gpio.obj (.text:GPIOPadConfigSet)
                  00004120    00000136     rtsv7M4_T_le_v4SPD16_eabi.lib : fd_div_t2.asm.obj (.text)
                  00004256    00000002     --HOLE-- [fill = 0]
                  00004258    0000011c     SysTick_Timer.obj (.text)
                  00004374    00000118     driverlib.lib : sysctl.obj (.text:SysCtlClockGet)
                  0000448c    000000fc     rtsv7M4_T_le_v4SPD16_eabi.lib : fd_mul_t2.asm.obj (.text)
                  00004588    000000f4     driverlib.lib : sysctl.obj (.text:SysCtlClockSet)
                  0000467c    000000c4                   : eeprom.obj (.text:EEPROMProgram)
                  00004740    0000009c     rtsv7M4_T_le_v4SPD16_eabi.lib : memcpy_t2.asm.obj (.text)
                  000047dc    0000007a     driverlib.lib : adc.obj (.text:ADCSequenceStepConfigure)
                  00004856    0000007a     rtsv7M4_T_le_v4SPD16_eabi.lib : memset_t2.asm.obj (.text)
                  000048d0    0000006e                                   : ltoa.c.obj (.text:ltoa)
                  0000493e    00000002     --HOLE-- [fill = 0]
                  00004940    00000068     driverlib.lib : interrupt.obj (.text:IntEnable)
                  000049a8    00000068     rtsv7M4_T_le_v4SPD16_eabi.lib : copy_decompress_lzss.c.obj (.text:decompress:lzss:__TI_decompress_lzss)
                  00004a10    00000058     driverlib.lib : gpio.obj (.text:GPIOIntTypeSet)
                  00004a68    00000050                   : sysctl.obj (.text:SysCtlPeripheralReset)
                  00004ab8    0000004e                   : adc.obj (.text:ADCSequenceConfigure)
                  00004b06    00000002     --HOLE-- [fill = 0]
                  00004b08    0000004c                   : gpio.obj (.text:GPIOPinConfigure)
                  00004b54    0000004c                   : i2c.obj (.text:I2CMasterInitExpClk)
                  00004ba0    0000004c     rtsv7M4_T_le_v4SPD16_eabi.lib : atoi.c.obj (.text:atoi)
                  00004bec    00000046     driverlib.lib : uart.obj (.text:UARTConfigSetExpClk)
                  00004c32    00000002     --HOLE-- [fill = 0]
                  00004c34    00000044     rtsv7M4_T_le_v4SPD16_eabi.lib : autoinit.c.obj (.text:__TI_auto_init_nobinit_nopinit:__TI_auto_init_nobinit_nopinit)
                  00004c78    00000044                                   : fd_tou_t2.asm.obj (.text)
                  00004cbc    00000040     driverlib.lib : eeprom.obj (.text:EEPROMInit)
                  00004cfc    0000003c                   : eeprom.obj (.text:_EEPROMSectorMaskSet)
                  00004d38    00000038                   : eeprom.obj (.text:EEPROMRead)
                  00004d70    00000038                   : sysctl.obj (.text:SysCtlPeripheralReady)
                  00004da8    00000034                   : sysctl.obj (.text:SysCtlPeripheralDisable)
                  00004ddc    00000034                   : sysctl.obj (.text:SysCtlPeripheralEnable)
                  00004e10    00000034                   : eeprom.obj (.text:_EEPROMSectorMaskClear)
                  00004e44    00000034     rtsv7M4_T_le_v4SPD16_eabi.lib : boot_cortex_m.c.obj (.text:_c_int00_noargs:_c_int00_noargs)
                  00004e78    0000002e     driverlib.lib : adc.obj (.text:ADCIntStatus)
                  00004ea6    0000002c                   : gpio.obj (.text:GPIODirModeSet)
                  00004ed2    00000002     --HOLE-- [fill = 0]
                  00004ed4    00000020                   : uart.obj (.text:UARTDisable)
                  00004ef4    00000020     rtsv7M4_T_le_v4SPD16_eabi.lib : u_tofd_t2.asm.obj (.text)
                  00004f14    0000001e     driverlib.lib : adc.obj (.text:ADCSequenceDataGet)
                  00004f32    0000001a                   : gpio.obj (.text:GPIOPinTypeGPIOOutput)
                  00004f4c    00000004                   : i2c.obj (.text:I2CMasterDataGet)
                  00004f50    0000001a     tm4c1233e6pz_startup_ccs.obj (.text)
                  00004f6a    00000018     driverlib.lib : adc.obj (.text:ADCProcessorTrigger)
                  00004f82    00000016                   : gpio.obj (.text:GPIOPinTypeADC)
                  00004f98    00000016                   : gpio.obj (.text:GPIOPinTypeGPIOInput)
                  00004fae    00000016                   : gpio.obj (.text:GPIOPinTypeI2C)
                  00004fc4    00000016                   : gpio.obj (.text:GPIOPinTypeI2CSCL)
                  00004fda    00000016                   : gpio.obj (.text:GPIOPinTypeUART)
                  00004ff0    00000014                   : systick.obj (.text:SysTickEnable)
                  00005004    00000014                   : systick.obj (.text:SysTickIntEnable)
                  00005018    00000014                   : uart.obj (.text:UARTEnable)
                  0000502c    00000014     rtsv7M4_T_le_v4SPD16_eabi.lib : strcpy.c.obj (.text:strcpy)
                  00005040    00000010     driverlib.lib : interrupt.obj (.text:IntMasterEnable)
                  00005050    00000010                   : systick.obj (.text:SysTickPeriodSet)
                  00005060    00000010                   : eeprom.obj (.text:_EEPROMWaitForDone)
                  00005070    0000000e                   : adc.obj (.text:ADCSequenceEnable)
                  0000507e    0000000e                   : gpio.obj (.text:GPIOIntStatus)
                  0000508c    0000000e                   : i2c.obj (.text:I2CRxFIFOFlush)
                  0000509a    0000000e                   : i2c.obj (.text:I2CTxFIFOFlush)
                  000050a8    0000000e                   : uart.obj (.text:UARTCharGetNonBlocking)
                  000050b6    0000000e                   : uart.obj (.text:UARTCharPutNonBlocking)
                  000050c4    0000000e     rtsv7M4_T_le_v4SPD16_eabi.lib : copy_decompress_none.c.obj (.text:decompress:none:__TI_decompress_none)
                  000050d2    0000000c     driverlib.lib : cpu.obj (.text:CPUcpsie)
                  000050de    0000000c                   : gpio.obj (.text:GPIOIntEnable)
                  000050ea    0000000c                   : uart.obj (.text:UARTTxIntModeSet)
                  000050f6    0000000c     rtsv7M4_T_le_v4SPD16_eabi.lib : copy_zero_init.c.obj (.text:decompress:ZI:__TI_zero_init)
                  00005102    0000000a     driverlib.lib : adc.obj (.text:ADCIntClear)
                  0000510c    0000000a                   : i2c.obj (.text:I2CMasterEnable)
                  00005116    0000000a                   : uart.obj (.text:UARTIntDisable)
                  00005120    0000000a                   : uart.obj (.text:UARTIntStatus)
                  0000512a    00000008                   : i2c.obj (.text:I2CMasterBusy)
                  00005132    00000008                   : i2c.obj (.text:I2CMasterSlaveAddrSet)
                  0000513a    00000008                   : uart.obj (.text:UARTBusy)
                  00005142    00000008                   : uart.obj (.text:UARTIntEnable)
                  0000514a    00000004                   : i2c.obj (.text:I2CMasterDataPut)
                  0000514e    00000004                   : uart.obj (.text:UARTIntClear)
                  00005152    00000004     rtsv7M4_T_le_v4SPD16_eabi.lib : pre_init.c.obj (.text:_system_pre_init)
                  00005156    00000004                                   : exit.c.obj (.text:abort:abort)

.const     0    0000515c    0000021c     
                  0000515c    00000101     rtsv7M4_T_le_v4SPD16_eabi.lib : ctype.c.obj (.const:.string:_ctypes_)
                  0000525d    00000003     --HOLE-- [fill = 0]
                  00005260    00000090     driverlib.lib : gpio.obj (.const:g_pui32GPIOBaseAddrs)
                  000052f0    0000006c                   : sysctl.obj (.const:g_pui32Xtals)
                  0000535c    00000014                   : interrupt.obj (.const:g_pui32EnRegs)
                  00005370    00000008     Clock.obj (.const:$P$T0$1)

.cinit     0    00005378    00000030     
                  00005378    0000000c     (__TI_handler_table)
                  00005384    00000004     --HOLE-- [fill = 0]
                  00005388    00000008     (.cinit..bss.load) [load image, compression = zero_init]
                  00005390    00000007     (.cinit..data.load) [load image, compression = lzss]
                  00005397    00000001     --HOLE-- [fill = 0]
                  00005398    00000010     (__TI_cinit_table)

.init_array 
*          0    00000000    00000000     UNINITIALIZED

.bss       0    20000000    000008d4     UNINITIALIZED
                  20000000    000001fc     (.common:gprs_tx_buff)
                  200001fc    0000017c     (.common:adc)
                  20000378    00000130     (.common:display_tx)
                  200004a8    000000d6     (.common:cloud_config)
                  2000057e    00000002     (.common:gprs_rx_isr_handler)
                  20000580    000000a0     (.common:display_uart_rx)
                  20000620    000000a0     (.common:pc_uart_rx)
                  200006c0    00000088     (.common:gprs_rx_buff)
                  20000748    00000080     (.common:e2p_cloud_config)
                  200007c8    00000050     (.common:pc_uart_tx)
                  20000818    00000036     (.common:ram_data)
                  2000084e    0000001f     (.common:time_main)
                  2000086d    0000001c     (.common:measurements)
                  20000889    00000010     (.common:e2p_device_info)
                  20000899    00000010     (.common:e2p_location_info)
                  200008a9    0000000e     (.common:scheduler)
                  200008b7    00000008     (.common:e2p_config_time)
                  200008bf    00000008     (.common:e2p_router_config)
                  200008c7    00000006     (.common:time_stamp)
                  200008cd    00000001     (.common:System_mode)
                  200008ce    00000001     (.common:router_mode)
                  200008cf    00000001     --HOLE--
                  200008d0    00000004     (.common:u32DelayCounter)

.data      0    20000ad8    00000010     UNINITIALIZED
                  20000ad8    00000008     ADC_Core.obj (.data)
                  20000ae0    00000008     UartCore.obj (.data)

.stack     0    200008d8    00000200     UNINITIALIZED
                  200008d8    00000004     rtsv7M4_T_le_v4SPD16_eabi.lib : boot_cortex_m.c.obj (.stack)
                  200008dc    000001fc     --HOLE--

__llvm_prf_cnts 
*          0    20000000    00000000     UNINITIALIZED

MODULE SUMMARY

       Module                         code    ro data   rw data
       ------                         ----    -------   -------
    .\
       tm4c1233e6pz_startup_ccs.obj   26      620       0      
    +--+------------------------------+-------+---------+---------+
       Total:                         26      620       0      
                                                               
    .\Sources\
       UartCore.obj                   2662    0         712    
       Clock.obj                      2984    8         37     
       E2P.obj                        2528    0         390    
       ADC_Core.obj                   1404    0         416    
       PC_Cmds.obj                    1718    0         1      
       main.obj                       1170    0         54     
       Display.obj                    1090    0         0      
       _common.obj                    922     0         0      
       gprs.obj                       0       0         646    
       IO_cntrl.obj                   626     0         1      
       DS3231.obj                     546     0         0      
       SysTick_Timer.obj              284     0         18     
    +--+------------------------------+-------+---------+---------+
       Total:                         15934   8         2275   
                                                               
    C:/ti/TivaWare_C_Series-2.2.0.295/driverlib/ccs/Debug/driverlib.lib
       gpio.obj                       752     144       0      
       sysctl.obj                     770     108       0      
       eeprom.obj                     444     0         0      
       adc.obj                        324     0         0      
       uart.obj                       202     0         0      
       i2c.obj                        142     0         0      
       interrupt.obj                  120     20        0      
       systick.obj                    56      0         0      
       cpu.obj                        12      0         0      
    +--+------------------------------+-------+---------+---------+
       Total:                         2822    272       0      
                                                               
    C:\ti\ccs1110\ccs\tools\compiler\ti-cgt-arm_20.2.6.LTS\lib\rtsv7M4_T_le_v4SPD16_eabi.lib
       fd_div_t2.asm.obj              310     0         0      
       ctype.c.obj                    0       257       0      
       fd_mul_t2.asm.obj              252     0         0      
       memcpy_t2.asm.obj              156     0         0      
       memset_t2.asm.obj              122     0         0      
       ltoa.c.obj                     110     0         0      
       copy_decompress_lzss.c.obj     104     0         0      
       atoi.c.obj                     76      0         0      
       autoinit.c.obj                 68      0         0      
       fd_tou_t2.asm.obj              68      0         0      
       boot_cortex_m.c.obj            52      0         0      
       u_tofd_t2.asm.obj              32      0         0      
       strcpy.c.obj                   20      0         0      
       copy_decompress_none.c.obj     14      0         0      
       copy_zero_init.c.obj           12      0         0      
       exit.c.obj                     4       0         0      
       pre_init.c.obj                 4       0         0      
    +--+------------------------------+-------+---------+---------+
       Total:                         1404    257       0      
                                                               
       Stack:                         0       0         512    
       Linker Generated:              0       43        0      
    +--+------------------------------+-------+---------+---------+
       Grand Total:                   20186   1200      2787   


LINKER GENERATED COPY TABLES

__TI_cinit_table @ 00005398 records: 2, size/record: 8, table size: 16
	.bss: load addr=00005388, load size=00000008 bytes, run addr=20000000, run size=000008d4 bytes, compression=zero_init
	.data: load addr=00005390, load size=00000007 bytes, run addr=20000ad8, run size=00000010 bytes, compression=lzss


LINKER GENERATED HANDLER TABLE

__TI_handler_table @ 00005378 records: 3, size/record: 4, table size: 12
	index: 0, handler: __TI_decompress_lzss
	index: 1, handler: __TI_decompress_none
	index: 2, handler: __TI_zero_init


GLOBAL SYMBOLS: SORTED ALPHABETICALLY BY Name 

address   name                                   
-------   ----                                   
00005103  ADCIntClear                            
00004e79  ADCIntStatus                           
00004f6b  ADCProcessorTrigger                    
00004ab9  ADCSequenceConfigure                   
00004f15  ADCSequenceDataGet                     
00005071  ADCSequenceEnable                      
000047dd  ADCSequenceStepConfigure               
20000ad8  ADC_RAW_MAX                            
00005157  C$$EXIT                                
000050d3  CPUcpsie                               
000016a9  DEBUGUARTIntHandler                    
00001629  DISPLAYUARTIntHandler                  
00004cbd  EEPROMInit                             
0000467d  EEPROMProgram                          
00004d39  EEPROMRead                             
00003d39  GPIODIntHandler                        
00004ea7  GPIODirModeSet                         
0000332b  GPIOIntClear                           
000050df  GPIOIntEnable                          
0000507f  GPIOIntStatus                          
00004a11  GPIOIntTypeSet                         
00003fb5  GPIOPadConfigSet                       
00004b09  GPIOPinConfigure                       
00003773  GPIOPinRead                            
00004f83  GPIOPinTypeADC                         
00004f99  GPIOPinTypeGPIOInput                   
00004f33  GPIOPinTypeGPIOOutput                  
00004faf  GPIOPinTypeI2C                         
00004fc5  GPIOPinTypeI2CSCL                      
00004fdb  GPIOPinTypeUART                        
00003b13  GPIOPinWrite                           
0000512b  I2CMasterBusy                          
00002e95  I2CMasterControl                       
00004f4d  I2CMasterDataGet                       
0000514b  I2CMasterDataPut                       
0000510d  I2CMasterEnable                        
00004b55  I2CMasterInitExpClk                    
00005133  I2CMasterSlaveAddrSet                  
0000508d  I2CRxFIFOFlush                         
0000509b  I2CTxFIFOFlush                         
00004941  IntEnable                              
00005041  IntMasterEnable                        
00001569  LTEUARTIntHandler                      
00004f51  ResetISR                               
00004375  SysCtlClockGet                         
00004589  SysCtlClockSet                         
00003d8b  SysCtlDelay                            
00004da9  SysCtlPeripheralDisable                
00004ddd  SysCtlPeripheralEnable                 
00004d71  SysCtlPeripheralReady                  
00004a69  SysCtlPeripheralReset                  
00004ff1  SysTickEnable                          
00005005  SysTickIntEnable                       
00004299  SysTickIntHandler                      
00005051  SysTickPeriodSet                       
200008cd  System_mode                            
0000513b  UARTBusy                               
000050a9  UARTCharGetNonBlocking                 
000050b7  UARTCharPutNonBlocking                 
00004bed  UARTConfigSetExpClk                    
00004ed5  UARTDisable                            
00005019  UARTEnable                             
0000514f  UARTIntClear                           
00005117  UARTIntDisable                         
00005143  UARTIntEnable                          
00005121  UARTIntStatus                          
000050eb  UARTTxIntModeSet                       
00002e59  _Z10GetAdcDatav                        
00003f59  _Z10I2CReceivev                        
00003d29  _Z10ToggleLEDsv                        
000038c1  _Z10my_sprintfPciz                     
00000cf1  _Z10update_rtcPci                      
000014b9  _Z11Usendbufferj                       
00003881  _Z11getChecksumPhc                     
00000471  _Z11getDateTimev                       
00003109  _Z11init_configv                       
00003ee1  _Z11vRTCI2CInitv                       
00002919  _Z12ADC_PortIniti                      
00000bd1  _Z12calcTimeDiff12time_stamp_tS_       
000009c9  _Z12is_leap_yearh                      
00003cf9  _Z12vEXTIpinInitv                      
00003ce9  _Z12vGPIO_Togglejhh                    
00003b81  _Z12vLEDGPIOInitv                      
00001321  _Z12vLTEUARTInitv                      
00000a09  _Z13add_date_timeP12time_stamp_tS0_j   
000011f9  _Z13flushRxBufferi                     
00001251  _Z13flushTxBufferi                     
00002221  _Z13get_device_idv                     
00002149  _Z13set_device_idPc                    
00004281  _Z13vMAIN_DelayMSj                     
00001499  _Z13vUART_SendChrjh                    
00001479  _Z13vUART_SendIntji                    
00001449  _Z13vUART_SendStrjPKh                  
000008e1  _Z14StrToTimeStampPh                   
00000849  _Z14getDaysOfMonthcj                   
000012b9  _Z14vDEBUGUARTInitv                    
00002ee1  _Z14write_defaultsj                    
000034c9  _Z15Data_Screen_lcdv                   
00000789  _Z15check_date_timePcS_                
000031c1  _Z15update_ram_datav                   
00003bd9  _Z15vGPIOPortEnablev                   
00002101  _Z15vPERIPH_E2PInitv                   
00001419  _Z15vUART_SendBytesjPKhj               
00003379  _Z16PrepareLcdBufferPhcc               
00002e19  _Z16calculate_AC_ADCv                  
00002859  _Z16decodeMsgPC_Uartv                  
00000759  _Z16get_present_timeP12time_stamp_t    
00002261  _Z16get_system_statev                  
000023a1  _Z16set_system_state10sys_mode_t       
00000359  _Z16update_date_timev                  
000013a9  _Z16vDISPLAYUARTInitv                  
00003ba1  _Z16vGPIO_UnlockGPIOjh                 
00003b81  _Z16vPERIPH_GPIOInitv                  
00001409  _Z16vPERIPH_UARTInitv                  
00000301  _Z17check_expire_time12time_stamp_tS_  
00001fe9  _Z17cloud_config_datav                 
00001f19  _Z17e2p_read_cfg_timev                 
00001e89  _Z17e2p_read_locationv                 
00002de9  _Z17getBatteryVoltagev                 
00002db9  _Z17getChargerVoltagev                 
00002829  _Z17tx_pending_dataPCv                 
00002e99  _Z17vPERIPH_ClockInitv                 
00000f31  _Z17vUART_SendStr_INTjPKh              
00001e01  _Z18e2p_read_cloud_cfgv                
00001db1  _Z18e2p_write_cfg_timev                
00001b01  _Z18e2p_write_locationv                
00001d91  _Z18get_fixed_locationv                
00001b89  _Z18set_fixed_locationPc               
00003b41  _Z18vInput_PollingReadv                
000002b9  _Z19check_dateTime_dataP12time_stamp_t 
00001a91  _Z19e2p_read_device_cfgv               
00001881  _Z19e2p_write_cloud_cfgv               
00003b19  _Z19vInit_InputTestpinsv               
00004259  _Z19vPERIPH_SystickInitv               
00001a59  _Z20e2p_write_device_cfgv              
00002d89  _Z20getRouter1_DCvoltagev              
00002d59  _Z20getRouter2_DCvoltagev              
00002d29  _Z21getRouter1_DC_currentv             
00002cf9  _Z21getRouter2_DC_currentv             
000019e9  _Z23e2p_read_voltage_configv           
000019a1  _Z24e2p_write_voltage_configv          
00002271  _Z24preparePC_ResponsePacket5cmd_tPchii
00000e19  _Z25prepare_graphical_tx_buffjPch      
00002ea9  _Z26vMAIN_InitClockPeripheralsv        
00001991  _Z7get_urlv                            
00000271  _Z7isDT_okv                            
00002b99  _Z7readADCh                            
00003779  _Z7reversePci                          
000018c1  _Z7set_urlPc                           
00003e21  _Z8Read_RTCPhh                         
000037e9  _Z8intToStriPci                        
000023b1  _Z8response5cmd_ti                     
00003d91  _Z9Write_RTCPhh                        
00003331  _Z9clear_lcdv                          
00002be1  _Z9updateADC14ADC_Channels_th          
00002b29  _Z9vADC0Initv                          
20000ad8  __STACK_END                            
00000200  __STACK_SIZE                           
20000ad8  __STACK_TOP                            
00005398  __TI_CINIT_Base                        
000053a8  __TI_CINIT_Limit                       
00005378  __TI_Handler_Table_Base                
00005384  __TI_Handler_Table_Limit               
00004c35  __TI_auto_init_nobinit_nopinit         
000049a9  __TI_decompress_lzss                   
000050c5  __TI_decompress_none                   
ffffffff  __TI_pprof_out_hndl                    
ffffffff  __TI_prof_data_size                    
ffffffff  __TI_prof_data_start                   
00000000  __TI_static_base__                     
000050f7  __TI_zero_init                         
00004c79  __aeabi_d2uiz                          
00004121  __aeabi_ddiv                           
0000448d  __aeabi_dmul                           
00004857  __aeabi_memclr                         
00004857  __aeabi_memclr4                        
00004857  __aeabi_memclr8                        
00004741  __aeabi_memcpy                         
00004741  __aeabi_memcpy4                        
00004741  __aeabi_memcpy8                        
00004859  __aeabi_memset                         
00004859  __aeabi_memset4                        
00004859  __aeabi_memset8                        
00004ef5  __aeabi_ui2d                           
ffffffff  __binit__                              
ffffffff  __c_args__                             
UNDEFED   __mpu_init                             
200008d8  __stack                                
20000000  __start___llvm_prf_cnts                
20000000  __stop___llvm_prf_cnts                 
00004e45  _c_int00_noargs                        
0000515c  _ctypes_                               
UNDEFED   _system_post_cinit                     
00005153  _system_pre_init                       
00005157  abort                                  
200001fc  adc                                    
00004ba1  atoi                                   
ffffffff  binit                                  
200004a8  cloud_config                           
20000378  display_tx                             
20000580  display_uart_rx                        
20000748  e2p_cloud_config                       
200008b7  e2p_config_time                        
20000889  e2p_device_info                        
20000899  e2p_location_info                      
200008bf  e2p_router_config                      
00000000  g_pfnVectors                           
200006c0  gprs_rx_buff                           
2000057e  gprs_rx_isr_handler                    
20000000  gprs_tx_buff                           
000048d1  ltoa                                   
00003229  main                                   
2000086d  measurements                           
00004741  memcpy                                 
0000485f  memset                                 
20000620  pc_uart_rx                             
200007c8  pc_uart_tx                             
20000818  ram_data                               
200008ce  router_mode                            
200008a9  scheduler                              
0000502d  strcpy                                 
2000084e  time_main                              
200008c7  time_stamp                             
200008d0  u32DelayCounter                        


GLOBAL SYMBOLS: SORTED BY Symbol Address 

address   name                                   
-------   ----                                   
00000000  __TI_static_base__                     
00000000  g_pfnVectors                           
00000200  __STACK_SIZE                           
00000271  _Z7isDT_okv                            
000002b9  _Z19check_dateTime_dataP12time_stamp_t 
00000301  _Z17check_expire_time12time_stamp_tS_  
00000359  _Z16update_date_timev                  
00000471  _Z11getDateTimev                       
00000759  _Z16get_present_timeP12time_stamp_t    
00000789  _Z15check_date_timePcS_                
00000849  _Z14getDaysOfMonthcj                   
000008e1  _Z14StrToTimeStampPh                   
000009c9  _Z12is_leap_yearh                      
00000a09  _Z13add_date_timeP12time_stamp_tS0_j   
00000bd1  _Z12calcTimeDiff12time_stamp_tS_       
00000cf1  _Z10update_rtcPci                      
00000e19  _Z25prepare_graphical_tx_buffjPch      
00000f31  _Z17vUART_SendStr_INTjPKh              
000011f9  _Z13flushRxBufferi                     
00001251  _Z13flushTxBufferi                     
000012b9  _Z14vDEBUGUARTInitv                    
00001321  _Z12vLTEUARTInitv                      
000013a9  _Z16vDISPLAYUARTInitv                  
00001409  _Z16vPERIPH_UARTInitv                  
00001419  _Z15vUART_SendBytesjPKhj               
00001449  _Z13vUART_SendStrjPKh                  
00001479  _Z13vUART_SendIntji                    
00001499  _Z13vUART_SendChrjh                    
000014b9  _Z11Usendbufferj                       
00001569  LTEUARTIntHandler                      
00001629  DISPLAYUARTIntHandler                  
000016a9  DEBUGUARTIntHandler                    
00001881  _Z19e2p_write_cloud_cfgv               
000018c1  _Z7set_urlPc                           
00001991  _Z7get_urlv                            
000019a1  _Z24e2p_write_voltage_configv          
000019e9  _Z23e2p_read_voltage_configv           
00001a59  _Z20e2p_write_device_cfgv              
00001a91  _Z19e2p_read_device_cfgv               
00001b01  _Z18e2p_write_locationv                
00001b89  _Z18set_fixed_locationPc               
00001d91  _Z18get_fixed_locationv                
00001db1  _Z18e2p_write_cfg_timev                
00001e01  _Z18e2p_read_cloud_cfgv                
00001e89  _Z17e2p_read_locationv                 
00001f19  _Z17e2p_read_cfg_timev                 
00001fe9  _Z17cloud_config_datav                 
00002101  _Z15vPERIPH_E2PInitv                   
00002149  _Z13set_device_idPc                    
00002221  _Z13get_device_idv                     
00002261  _Z16get_system_statev                  
00002271  _Z24preparePC_ResponsePacket5cmd_tPchii
000023a1  _Z16set_system_state10sys_mode_t       
000023b1  _Z8response5cmd_ti                     
00002829  _Z17tx_pending_dataPCv                 
00002859  _Z16decodeMsgPC_Uartv                  
00002919  _Z12ADC_PortIniti                      
00002b29  _Z9vADC0Initv                          
00002b99  _Z7readADCh                            
00002be1  _Z9updateADC14ADC_Channels_th          
00002cf9  _Z21getRouter2_DC_currentv             
00002d29  _Z21getRouter1_DC_currentv             
00002d59  _Z20getRouter2_DCvoltagev              
00002d89  _Z20getRouter1_DCvoltagev              
00002db9  _Z17getChargerVoltagev                 
00002de9  _Z17getBatteryVoltagev                 
00002e19  _Z16calculate_AC_ADCv                  
00002e59  _Z10GetAdcDatav                        
00002e95  I2CMasterControl                       
00002e99  _Z17vPERIPH_ClockInitv                 
00002ea9  _Z26vMAIN_InitClockPeripheralsv        
00002ee1  _Z14write_defaultsj                    
00003109  _Z11init_configv                       
000031c1  _Z15update_ram_datav                   
00003229  main                                   
0000332b  GPIOIntClear                           
00003331  _Z9clear_lcdv                          
00003379  _Z16PrepareLcdBufferPhcc               
000034c9  _Z15Data_Screen_lcdv                   
00003773  GPIOPinRead                            
00003779  _Z7reversePci                          
000037e9  _Z8intToStriPci                        
00003881  _Z11getChecksumPhc                     
000038c1  _Z10my_sprintfPciz                     
00003b13  GPIOPinWrite                           
00003b19  _Z19vInit_InputTestpinsv               
00003b41  _Z18vInput_PollingReadv                
00003b81  _Z12vLEDGPIOInitv                      
00003b81  _Z16vPERIPH_GPIOInitv                  
00003ba1  _Z16vGPIO_UnlockGPIOjh                 
00003bd9  _Z15vGPIOPortEnablev                   
00003ce9  _Z12vGPIO_Togglejhh                    
00003cf9  _Z12vEXTIpinInitv                      
00003d29  _Z10ToggleLEDsv                        
00003d39  GPIODIntHandler                        
00003d8b  SysCtlDelay                            
00003d91  _Z9Write_RTCPhh                        
00003e21  _Z8Read_RTCPhh                         
00003ee1  _Z11vRTCI2CInitv                       
00003f59  _Z10I2CReceivev                        
00003fb5  GPIOPadConfigSet                       
00004121  __aeabi_ddiv                           
00004259  _Z19vPERIPH_SystickInitv               
00004281  _Z13vMAIN_DelayMSj                     
00004299  SysTickIntHandler                      
00004375  SysCtlClockGet                         
0000448d  __aeabi_dmul                           
00004589  SysCtlClockSet                         
0000467d  EEPROMProgram                          
00004741  __aeabi_memcpy                         
00004741  __aeabi_memcpy4                        
00004741  __aeabi_memcpy8                        
00004741  memcpy                                 
000047dd  ADCSequenceStepConfigure               
00004857  __aeabi_memclr                         
00004857  __aeabi_memclr4                        
00004857  __aeabi_memclr8                        
00004859  __aeabi_memset                         
00004859  __aeabi_memset4                        
00004859  __aeabi_memset8                        
0000485f  memset                                 
000048d1  ltoa                                   
00004941  IntEnable                              
000049a9  __TI_decompress_lzss                   
00004a11  GPIOIntTypeSet                         
00004a69  SysCtlPeripheralReset                  
00004ab9  ADCSequenceConfigure                   
00004b09  GPIOPinConfigure                       
00004b55  I2CMasterInitExpClk                    
00004ba1  atoi                                   
00004bed  UARTConfigSetExpClk                    
00004c35  __TI_auto_init_nobinit_nopinit         
00004c79  __aeabi_d2uiz                          
00004cbd  EEPROMInit                             
00004d39  EEPROMRead                             
00004d71  SysCtlPeripheralReady                  
00004da9  SysCtlPeripheralDisable                
00004ddd  SysCtlPeripheralEnable                 
00004e45  _c_int00_noargs                        
00004e79  ADCIntStatus                           
00004ea7  GPIODirModeSet                         
00004ed5  UARTDisable                            
00004ef5  __aeabi_ui2d                           
00004f15  ADCSequenceDataGet                     
00004f33  GPIOPinTypeGPIOOutput                  
00004f4d  I2CMasterDataGet                       
00004f51  ResetISR                               
00004f6b  ADCProcessorTrigger                    
00004f83  GPIOPinTypeADC                         
00004f99  GPIOPinTypeGPIOInput                   
00004faf  GPIOPinTypeI2C                         
00004fc5  GPIOPinTypeI2CSCL                      
00004fdb  GPIOPinTypeUART                        
00004ff1  SysTickEnable                          
00005005  SysTickIntEnable                       
00005019  UARTEnable                             
0000502d  strcpy                                 
00005041  IntMasterEnable                        
00005051  SysTickPeriodSet                       
00005071  ADCSequenceEnable                      
0000507f  GPIOIntStatus                          
0000508d  I2CRxFIFOFlush                         
0000509b  I2CTxFIFOFlush                         
000050a9  UARTCharGetNonBlocking                 
000050b7  UARTCharPutNonBlocking                 
000050c5  __TI_decompress_none                   
000050d3  CPUcpsie                               
000050df  GPIOIntEnable                          
000050eb  UARTTxIntModeSet                       
000050f7  __TI_zero_init                         
00005103  ADCIntClear                            
0000510d  I2CMasterEnable                        
00005117  UARTIntDisable                         
00005121  UARTIntStatus                          
0000512b  I2CMasterBusy                          
00005133  I2CMasterSlaveAddrSet                  
0000513b  UARTBusy                               
00005143  UARTIntEnable                          
0000514b  I2CMasterDataPut                       
0000514f  UARTIntClear                           
00005153  _system_pre_init                       
00005157  C$$EXIT                                
00005157  abort                                  
0000515c  _ctypes_                               
00005378  __TI_Handler_Table_Base                
00005384  __TI_Handler_Table_Limit               
00005398  __TI_CINIT_Base                        
000053a8  __TI_CINIT_Limit                       
20000000  __start___llvm_prf_cnts                
20000000  __stop___llvm_prf_cnts                 
20000000  gprs_tx_buff                           
200001fc  adc                                    
20000378  display_tx                             
200004a8  cloud_config                           
2000057e  gprs_rx_isr_handler                    
20000580  display_uart_rx                        
20000620  pc_uart_rx                             
200006c0  gprs_rx_buff                           
20000748  e2p_cloud_config                       
200007c8  pc_uart_tx                             
20000818  ram_data                               
2000084e  time_main                              
2000086d  measurements                           
20000889  e2p_device_info                        
20000899  e2p_location_info                      
200008a9  scheduler                              
200008b7  e2p_config_time                        
200008bf  e2p_router_config                      
200008c7  time_stamp                             
200008cd  System_mode                            
200008ce  router_mode                            
200008d0  u32DelayCounter                        
200008d8  __stack                                
20000ad8  ADC_RAW_MAX                            
20000ad8  __STACK_END                            
20000ad8  __STACK_TOP                            
ffffffff  __TI_pprof_out_hndl                    
ffffffff  __TI_prof_data_size                    
ffffffff  __TI_prof_data_start                   
ffffffff  __binit__                              
ffffffff  __c_args__                             
ffffffff  binit                                  
UNDEFED   __mpu_init                             
UNDEFED   _system_post_cinit                     

[224 symbols]
