******************************************************************************
                  TI ARM Linker PC v20.2.6                     
******************************************************************************
>> Linked Fri Apr 26 15:02:43 2024

OUTPUT FILE NAME:   <Telecom_IoT_v2_00.out>
ENTRY POINT SYMBOL: "_c_int00_noargs"  address: 0000552d


MEMORY CONFIGURATION

         name            origin    length      used     unused   attr    fill
----------------------  --------  ---------  --------  --------  ----  --------
  FLASH                 00000000   00020000  00005a8a  0001a576  R  X
  SRAM                  20000000   00008000  00000ae4  0000751c  RW X


SEGMENT ALLOCATION MAP

run origin  load origin   length   init length attrs members
----------  ----------- ---------- ----------- ----- -------
00000000    00000000    00005a90   00005a90    r-x
  00000000    00000000    0000026c   0000026c    r-- .intvecs
  00000270    00000270    000055d2   000055d2    r-x .text
  00005844    00005844    0000021c   0000021c    r-- .const
  00005a60    00005a60    00000030   00000030    r-- .cinit
20000000    20000000    00000ae8   00000000    rw-
  20000000    20000000    000008d4   00000000    rw- .bss
  200008d8    200008d8    00000200   00000000    rw- .stack
  20000ad8    20000ad8    00000010   00000000    rw- .data


SECTION ALLOCATION MAP

 output                                  attributes/
section   page    origin      length       input sections
--------  ----  ----------  ----------   ----------------
.intvecs   0    00000000    0000026c     
                  00000000    0000026c     tm4c1233e6pz_startup_ccs.obj (.intvecs)

.text      0    00000270    000055d2     
                  00000270    00000c30     Clock.obj (.text)
                  00000ea0    00000b28     E2P.obj (.text)
                  000019c8    00000b06     UartCore.obj (.text)
                  000024ce    00000002     --HOLE-- [fill = 0]
                  000024d0    00000756     PC_Cmds.obj (.text)
                  00002c26    00000002     --HOLE-- [fill = 0]
                  00002c28    000006d4     ADC_Core.obj (.text)
                  000032fc    00000004     driverlib.lib : i2c.obj (.text:I2CMasterControl)
                  00003300    000004a6     main.obj (.text)
                  000037a6    00000002     --HOLE-- [fill = 0]
                  000037a8    00000442     Display.obj (.text)
                  00003bea    00000006     driverlib.lib : gpio.obj (.text:GPIOIntClear)
                  00003bf0    0000039a     IO_cntrl.obj (.text)
                  00003f8a    00000006     driverlib.lib : gpio.obj (.text:GPIOPinRead)
                  00003f90    0000039a     _common.obj (.text)
                  0000432a    00000006     driverlib.lib : gpio.obj (.text:GPIOPinWrite)
                  00004330    00000366     DS3231.obj (.text)
                  00004696    00000002     --HOLE-- [fill = 0]
                  00004698    0000016c     driverlib.lib : gpio.obj (.text:GPIOPadConfigSet)
                  00004804    00000136     rtsv7M4_T_le_v4SPD16_eabi.lib : fd_div_t2.asm.obj (.text)
                  0000493a    00000006     driverlib.lib : sysctl.obj (.text:SysCtlDelay)
                  00004940    0000011c     SysTick_Timer.obj (.text)
                  00004a5c    00000118     driverlib.lib : sysctl.obj (.text:SysCtlClockGet)
                  00004b74    000000fc     rtsv7M4_T_le_v4SPD16_eabi.lib : fd_mul_t2.asm.obj (.text)
                  00004c70    000000f4     driverlib.lib : sysctl.obj (.text:SysCtlClockSet)
                  00004d64    000000c4                   : eeprom.obj (.text:EEPROMProgram)
                  00004e28    0000009c     rtsv7M4_T_le_v4SPD16_eabi.lib : memcpy_t2.asm.obj (.text)
                  00004ec4    0000007a     driverlib.lib : adc.obj (.text:ADCSequenceStepConfigure)
                  00004f3e    0000007a     rtsv7M4_T_le_v4SPD16_eabi.lib : memset_t2.asm.obj (.text)
                  00004fb8    0000006e                                   : ltoa.c.obj (.text:ltoa)
                  00005026    00000002     --HOLE-- [fill = 0]
                  00005028    00000068     driverlib.lib : interrupt.obj (.text:IntEnable)
                  00005090    00000068     rtsv7M4_T_le_v4SPD16_eabi.lib : copy_decompress_lzss.c.obj (.text:decompress:lzss:__TI_decompress_lzss)
                  000050f8    00000058     driverlib.lib : gpio.obj (.text:GPIOIntTypeSet)
                  00005150    00000050                   : sysctl.obj (.text:SysCtlPeripheralReset)
                  000051a0    0000004e                   : adc.obj (.text:ADCSequenceConfigure)
                  000051ee    00000002     --HOLE-- [fill = 0]
                  000051f0    0000004c                   : gpio.obj (.text:GPIOPinConfigure)
                  0000523c    0000004c                   : i2c.obj (.text:I2CMasterInitExpClk)
                  00005288    0000004c     rtsv7M4_T_le_v4SPD16_eabi.lib : atoi.c.obj (.text:atoi)
                  000052d4    00000046     driverlib.lib : uart.obj (.text:UARTConfigSetExpClk)
                  0000531a    00000002     --HOLE-- [fill = 0]
                  0000531c    00000044     rtsv7M4_T_le_v4SPD16_eabi.lib : autoinit.c.obj (.text:__TI_auto_init_nobinit_nopinit:__TI_auto_init_nobinit_nopinit)
                  00005360    00000044                                   : fd_tou_t2.asm.obj (.text)
                  000053a4    00000040     driverlib.lib : eeprom.obj (.text:EEPROMInit)
                  000053e4    0000003c                   : eeprom.obj (.text:_EEPROMSectorMaskSet)
                  00005420    00000038                   : eeprom.obj (.text:EEPROMRead)
                  00005458    00000038                   : sysctl.obj (.text:SysCtlPeripheralReady)
                  00005490    00000034                   : sysctl.obj (.text:SysCtlPeripheralDisable)
                  000054c4    00000034                   : sysctl.obj (.text:SysCtlPeripheralEnable)
                  000054f8    00000034                   : eeprom.obj (.text:_EEPROMSectorMaskClear)
                  0000552c    00000034     rtsv7M4_T_le_v4SPD16_eabi.lib : boot_cortex_m.c.obj (.text:_c_int00_noargs:_c_int00_noargs)
                  00005560    0000002e     driverlib.lib : adc.obj (.text:ADCIntStatus)
                  0000558e    0000002c                   : gpio.obj (.text:GPIODirModeSet)
                  000055ba    00000002     --HOLE-- [fill = 0]
                  000055bc    00000020                   : uart.obj (.text:UARTDisable)
                  000055dc    00000020     rtsv7M4_T_le_v4SPD16_eabi.lib : u_tofd_t2.asm.obj (.text)
                  000055fc    0000001e     driverlib.lib : adc.obj (.text:ADCSequenceDataGet)
                  0000561a    0000001a                   : gpio.obj (.text:GPIOPinTypeGPIOOutput)
                  00005634    00000004                   : i2c.obj (.text:I2CMasterDataGet)
                  00005638    0000001a     tm4c1233e6pz_startup_ccs.obj (.text)
                  00005652    00000018     driverlib.lib : adc.obj (.text:ADCProcessorTrigger)
                  0000566a    00000016                   : gpio.obj (.text:GPIOPinTypeADC)
                  00005680    00000016                   : gpio.obj (.text:GPIOPinTypeGPIOInput)
                  00005696    00000016                   : gpio.obj (.text:GPIOPinTypeI2C)
                  000056ac    00000016                   : gpio.obj (.text:GPIOPinTypeI2CSCL)
                  000056c2    00000016                   : gpio.obj (.text:GPIOPinTypeUART)
                  000056d8    00000014                   : systick.obj (.text:SysTickEnable)
                  000056ec    00000014                   : systick.obj (.text:SysTickIntEnable)
                  00005700    00000014                   : uart.obj (.text:UARTEnable)
                  00005714    00000014     rtsv7M4_T_le_v4SPD16_eabi.lib : strcpy.c.obj (.text:strcpy)
                  00005728    00000010     driverlib.lib : interrupt.obj (.text:IntMasterEnable)
                  00005738    00000010                   : systick.obj (.text:SysTickPeriodSet)
                  00005748    00000010                   : eeprom.obj (.text:_EEPROMWaitForDone)
                  00005758    0000000e                   : adc.obj (.text:ADCSequenceEnable)
                  00005766    0000000e                   : gpio.obj (.text:GPIOIntStatus)
                  00005774    0000000e                   : i2c.obj (.text:I2CRxFIFOFlush)
                  00005782    0000000e                   : i2c.obj (.text:I2CTxFIFOFlush)
                  00005790    0000000e                   : uart.obj (.text:UARTCharGetNonBlocking)
                  0000579e    0000000e                   : uart.obj (.text:UARTCharPutNonBlocking)
                  000057ac    0000000e     rtsv7M4_T_le_v4SPD16_eabi.lib : copy_decompress_none.c.obj (.text:decompress:none:__TI_decompress_none)
                  000057ba    0000000c     driverlib.lib : cpu.obj (.text:CPUcpsie)
                  000057c6    0000000c                   : gpio.obj (.text:GPIOIntEnable)
                  000057d2    0000000c                   : uart.obj (.text:UARTTxIntModeSet)
                  000057de    0000000c     rtsv7M4_T_le_v4SPD16_eabi.lib : copy_zero_init.c.obj (.text:decompress:ZI:__TI_zero_init)
                  000057ea    0000000a     driverlib.lib : adc.obj (.text:ADCIntClear)
                  000057f4    0000000a                   : i2c.obj (.text:I2CMasterEnable)
                  000057fe    0000000a                   : uart.obj (.text:UARTIntDisable)
                  00005808    0000000a                   : uart.obj (.text:UARTIntStatus)
                  00005812    00000008                   : i2c.obj (.text:I2CMasterBusy)
                  0000581a    00000008                   : i2c.obj (.text:I2CMasterSlaveAddrSet)
                  00005822    00000008                   : uart.obj (.text:UARTBusy)
                  0000582a    00000008                   : uart.obj (.text:UARTIntEnable)
                  00005832    00000004                   : i2c.obj (.text:I2CMasterDataPut)
                  00005836    00000004                   : uart.obj (.text:UARTIntClear)
                  0000583a    00000004     rtsv7M4_T_le_v4SPD16_eabi.lib : pre_init.c.obj (.text:_system_pre_init)
                  0000583e    00000004                                   : exit.c.obj (.text:abort:abort)

.const     0    00005844    0000021c     
                  00005844    00000101     rtsv7M4_T_le_v4SPD16_eabi.lib : ctype.c.obj (.const:.string:_ctypes_)
                  00005945    00000003     --HOLE-- [fill = 0]
                  00005948    00000090     driverlib.lib : gpio.obj (.const:g_pui32GPIOBaseAddrs)
                  000059d8    0000006c                   : sysctl.obj (.const:g_pui32Xtals)
                  00005a44    00000014                   : interrupt.obj (.const:g_pui32EnRegs)
                  00005a58    00000008     Clock.obj (.const:$P$T0$1)

.cinit     0    00005a60    00000030     
                  00005a60    0000000c     (__TI_handler_table)
                  00005a6c    00000004     --HOLE-- [fill = 0]
                  00005a70    00000008     (.cinit..bss.load) [load image, compression = zero_init]
                  00005a78    00000007     (.cinit..data.load) [load image, compression = lzss]
                  00005a7f    00000001     --HOLE-- [fill = 0]
                  00005a80    00000010     (__TI_cinit_table)

.init_array 
*          0    00000000    00000000     UNINITIALIZED

.bss       0    20000000    000008d4     UNINITIALIZED
                  20000000    000001fc     (.common:gprs_tx_buff)
                  200001fc    0000017c     (.common:adc)
                  20000378    00000130     (.common:display_tx)
                  200004a8    000000d6     (.common:cloud_config)
                  2000057e    00000002     (.common:gprs_rx_isr_handler)
                  20000580    000000a0     (.common:display_uart_rx)
                  20000620    000000a0     (.common:pc_uart_rx)
                  200006c0    00000088     (.common:gprs_rx_buff)
                  20000748    00000080     (.common:e2p_cloud_config)
                  200007c8    00000050     (.common:pc_uart_tx)
                  20000818    00000036     (.common:ram_data)
                  2000084e    0000001f     (.common:time_main)
                  2000086d    0000001c     (.common:measurements)
                  20000889    00000010     (.common:e2p_device_info)
                  20000899    00000010     (.common:e2p_location_info)
                  200008a9    0000000e     (.common:scheduler)
                  200008b7    00000008     (.common:e2p_config_time)
                  200008bf    00000008     (.common:e2p_router_config)
                  200008c7    00000006     (.common:time_stamp)
                  200008cd    00000001     (.common:System_mode)
                  200008ce    00000001     (.common:router_mode)
                  200008cf    00000001     --HOLE--
                  200008d0    00000004     (.common:u32DelayCounter)

.data      0    20000ad8    00000010     UNINITIALIZED
                  20000ad8    00000008     ADC_Core.obj (.data)
                  20000ae0    00000008     UartCore.obj (.data)

.stack     0    200008d8    00000200     UNINITIALIZED
                  200008d8    00000004     rtsv7M4_T_le_v4SPD16_eabi.lib : boot_cortex_m.c.obj (.stack)
                  200008dc    000001fc     --HOLE--

__llvm_prf_cnts 
*          0    20000000    00000000     UNINITIALIZED

MODULE SUMMARY

       Module                         code    ro data   rw data
       ------                         ----    -------   -------
    .\
       tm4c1233e6pz_startup_ccs.obj   26      620       0      
    +--+------------------------------+-------+---------+---------+
       Total:                         26      620       0      
                                                               
    .\Sources\
       UartCore.obj                   2822    0         712    
       E2P.obj                        2856    0         390    
       Clock.obj                      3120    8         37     
       ADC_Core.obj                   1748    0         416    
       PC_Cmds.obj                    1878    0         1      
       main.obj                       1190    0         54     
       Display.obj                    1090    0         0      
       IO_cntrl.obj                   922     0         1      
       _common.obj                    922     0         0      
       DS3231.obj                     870     0         0      
       gprs.obj                       0       0         646    
       SysTick_Timer.obj              284     0         18     
    +--+------------------------------+-------+---------+---------+
       Total:                         17702   8         2275   
                                                               
    C:/ti/TivaWare_C_Series-2.2.0.295/driverlib/ccs/Debug/driverlib.lib
       gpio.obj                       752     144       0      
       sysctl.obj                     770     108       0      
       eeprom.obj                     444     0         0      
       adc.obj                        324     0         0      
       uart.obj                       202     0         0      
       i2c.obj                        142     0         0      
       interrupt.obj                  120     20        0      
       systick.obj                    56      0         0      
       cpu.obj                        12      0         0      
    +--+------------------------------+-------+---------+---------+
       Total:                         2822    272       0      
                                                               
    C:\ti\ccs1110\ccs\tools\compiler\ti-cgt-arm_20.2.6.LTS\lib\rtsv7M4_T_le_v4SPD16_eabi.lib
       fd_div_t2.asm.obj              310     0         0      
       ctype.c.obj                    0       257       0      
       fd_mul_t2.asm.obj              252     0         0      
       memcpy_t2.asm.obj              156     0         0      
       memset_t2.asm.obj              122     0         0      
       ltoa.c.obj                     110     0         0      
       copy_decompress_lzss.c.obj     104     0         0      
       atoi.c.obj                     76      0         0      
       autoinit.c.obj                 68      0         0      
       fd_tou_t2.asm.obj              68      0         0      
       boot_cortex_m.c.obj            52      0         0      
       u_tofd_t2.asm.obj              32      0         0      
       strcpy.c.obj                   20      0         0      
       copy_decompress_none.c.obj     14      0         0      
       copy_zero_init.c.obj           12      0         0      
       exit.c.obj                     4       0         0      
       pre_init.c.obj                 4       0         0      
    +--+------------------------------+-------+---------+---------+
       Total:                         1404    257       0      
                                                               
       Stack:                         0       0         512    
       Linker Generated:              0       43        0      
    +--+------------------------------+-------+---------+---------+
       Grand Total:                   21954   1200      2787   


LINKER GENERATED COPY TABLES

__TI_cinit_table @ 00005a80 records: 2, size/record: 8, table size: 16
	.bss: load addr=00005a70, load size=00000008 bytes, run addr=20000000, run size=000008d4 bytes, compression=zero_init
	.data: load addr=00005a78, load size=00000007 bytes, run addr=20000ad8, run size=00000010 bytes, compression=lzss


LINKER GENERATED HANDLER TABLE

__TI_handler_table @ 00005a60 records: 3, size/record: 4, table size: 12
	index: 0, handler: __TI_decompress_lzss
	index: 1, handler: __TI_decompress_none
	index: 2, handler: __TI_zero_init


GLOBAL SYMBOLS: SORTED ALPHABETICALLY BY Name 

address   name                                   
-------   ----                                   
000057eb  ADCIntClear                            
00005561  ADCIntStatus                           
00005653  ADCProcessorTrigger                    
000051a1  ADCSequenceConfigure                   
000055fd  ADCSequenceDataGet                     
00005759  ADCSequenceEnable                      
00004ec5  ADCSequenceStepConfigure               
20000ad8  ADC_RAW_MAX                            
0000583f  C$$EXIT                                
000057bb  CPUcpsie                               
000022d9  DEBUGUARTIntHandler                    
00002241  DISPLAYUARTIntHandler                  
000053a5  EEPROMInit                             
00004d65  EEPROMProgram                          
00005421  EEPROMRead                             
00003f29  GPIODIntHandler                        
0000558f  GPIODirModeSet                         
00003beb  GPIOIntClear                           
000057c7  GPIOIntEnable                          
00005767  GPIOIntStatus                          
000050f9  GPIOIntTypeSet                         
00004699  GPIOPadConfigSet                       
000051f1  GPIOPinConfigure                       
00003f8b  GPIOPinRead                            
0000566b  GPIOPinTypeADC                         
00005681  GPIOPinTypeGPIOInput                   
0000561b  GPIOPinTypeGPIOOutput                  
00005697  GPIOPinTypeI2C                         
000056ad  GPIOPinTypeI2CSCL                      
000056c3  GPIOPinTypeUART                        
0000432b  GPIOPinWrite                           
00005813  I2CMasterBusy                          
000032fd  I2CMasterControl                       
00005635  I2CMasterDataGet                       
00005833  I2CMasterDataPut                       
000057f5  I2CMasterEnable                        
0000523d  I2CMasterInitExpClk                    
0000581b  I2CMasterSlaveAddrSet                  
00005775  I2CRxFIFOFlush                         
00005783  I2CTxFIFOFlush                         
00005029  IntEnable                              
00005729  IntMasterEnable                        
00002159  LTEUARTIntHandler                      
00005639  ResetISR                               
00004a5d  SysCtlClockGet                         
00004c71  SysCtlClockSet                         
0000493b  SysCtlDelay                            
00005491  SysCtlPeripheralDisable                
000054c5  SysCtlPeripheralEnable                 
00005459  SysCtlPeripheralReady                  
00005151  SysCtlPeripheralReset                  
000056d9  SysTickEnable                          
000056ed  SysTickIntEnable                       
00004981  SysTickIntHandler                      
00005739  SysTickPeriodSet                       
200008cd  System_mode                            
00005823  UARTBusy                               
00005791  UARTCharGetNonBlocking                 
0000579f  UARTCharPutNonBlocking                 
000052d5  UARTConfigSetExpClk                    
000055bd  UARTDisable                            
00005701  UARTEnable                             
00005837  UARTIntClear                           
000057ff  UARTIntDisable                         
0000582b  UARTIntEnable                          
00005809  UARTIntStatus                          
000057d3  UARTTxIntModeSet                       
000032c1  _Z10GetAdcDatav                        
000045f9  _Z10I2CReceivev                        
00003f19  _Z10ToggleLEDsv                        
000040d9  _Z10my_sprintfPciz                     
00000d79  _Z10update_rtcPci                      
000020a9  _Z11Usendbufferj                       
00004099  _Z11getChecksumPhc                     
00000471  _Z11getDateTimev                       
00003569  _Z11init_configv                       
00004559  _Z11vRTCI2CInitv                       
00002c29  _Z12ADC_PortIniti                      
00000c59  _Z12calcTimeDiff12time_stamp_tS_       
00000a51  _Z12is_leap_yearh                      
00003ed9  _Z12vEXTIpinInitv                      
00003ec9  _Z12vGPIO_Togglejhh                    
00003c69  _Z12vLEDGPIOInitv                      
00001ef1  _Z12vLTEUARTInitv                      
00000a91  _Z13add_date_timeP12time_stamp_tS0_j   
00001db9  _Z13flushRxBufferi                     
00001e11  _Z13flushTxBufferi                     
00001989  _Z13get_device_idv                     
000018a1  _Z13set_device_idPc                    
00004969  _Z13vMAIN_DelayMSj                     
00002081  _Z13vUART_SendChrjh                    
00002061  _Z13vUART_SendIntji                    
00002029  _Z13vUART_SendStrjPKh                  
00000979  _Z14StrToTimeStampPh                   
000008d1  _Z14getDaysOfMonthcj                   
00001e79  _Z14vDEBUGUARTInitv                    
00003349  _Z14write_defaultsj                    
00003941  _Z15Data_Screen_lcdv                   
00000811  _Z15check_date_timePcS_                
00003639  _Z15update_ram_datav                   
00003cc9  _Z15vGPIOPortEnablev                   
00001859  _Z15vPERIPH_E2PInitv                   
00001ff1  _Z15vUART_SendBytesjPKhj               
000037f1  _Z16PrepareLcdBufferPhcc               
00003281  _Z16calculate_AC_ADCv                  
00002b71  _Z16decodeMsgPC_Uartv                  
000007e1  _Z16get_present_timeP12time_stamp_t    
000024d1  _Z16get_system_statev                  
00002621  _Z16set_system_state10sys_mode_t       
00000359  _Z16update_date_timev                  
00001f81  _Z16vDISPLAYUARTInitv                  
00003c91  _Z16vGPIO_UnlockGPIOjh                 
00003c69  _Z16vPERIPH_GPIOInitv                  
00001fe1  _Z16vPERIPH_UARTInitv                  
00000301  _Z17check_expire_time12time_stamp_tS_  
00001739  _Z17cloud_config_datav                 
00001671  _Z17e2p_read_cfg_timev                 
000015c9  _Z17e2p_read_locationv                 
00003251  _Z17getBatteryVoltagev                 
00003221  _Z17getChargerVoltagev                 
00002b41  _Z17tx_pending_dataPCv                 
00003301  _Z17vPERIPH_ClockInitv                 
00001ae1  _Z17vUART_SendStr_INTjPKh              
00001529  _Z18e2p_read_cloud_cfgv                
000014e1  _Z18e2p_write_cfg_timev                
00001181  _Z18e2p_write_locationv                
000014c1  _Z18get_fixed_locationv                
00001229  _Z18set_fixed_locationPc               
00003c21  _Z18vInput_PollingReadv                
000002b9  _Z19check_dateTime_dataP12time_stamp_t 
000010f9  _Z19e2p_read_device_cfgv               
00000ea1  _Z19e2p_write_cloud_cfgv               
00003bf1  _Z19vInit_InputTestpinsv               
00004941  _Z19vPERIPH_SystickInitv               
000010b9  _Z20e2p_write_device_cfgv              
000031f1  _Z20getRouter1_DCvoltagev              
000031c1  _Z20getRouter2_DCvoltagev              
00003191  _Z21getRouter1_DC_currentv             
00003161  _Z21getRouter2_DC_currentv             
00001031  _Z23e2p_read_voltage_configv           
00000fd9  _Z24e2p_write_voltage_configv          
000024e1  _Z24preparePC_ResponsePacket5cmd_tPchii
000019c9  _Z25prepare_graphical_tx_buffjPch      
00003311  _Z26vMAIN_InitClockPeripheralsv        
00000fc9  _Z7get_urlv                            
00000271  _Z7isDT_okv                            
00002fe1  _Z7readADCh                            
00003f91  _Z7reversePci                          
00000ee1  _Z7set_urlPc                           
00004421  _Z8Read_RTCPhh                         
00004001  _Z8intToStriPci                        
00002631  _Z8response5cmd_ti                     
00004331  _Z9Write_RTCPhh                        
000037a9  _Z9clear_lcdv                          
00003049  _Z9updateADC14ADC_Channels_th          
00002f61  _Z9vADC0Initv                          
20000ad8  __STACK_END                            
00000200  __STACK_SIZE                           
20000ad8  __STACK_TOP                            
00005a80  __TI_CINIT_Base                        
00005a90  __TI_CINIT_Limit                       
00005a60  __TI_Handler_Table_Base                
00005a6c  __TI_Handler_Table_Limit               
0000531d  __TI_auto_init_nobinit_nopinit         
00005091  __TI_decompress_lzss                   
000057ad  __TI_decompress_none                   
ffffffff  __TI_pprof_out_hndl                    
ffffffff  __TI_prof_data_size                    
ffffffff  __TI_prof_data_start                   
00000000  __TI_static_base__                     
000057df  __TI_zero_init                         
00005361  __aeabi_d2uiz                          
00004805  __aeabi_ddiv                           
00004b75  __aeabi_dmul                           
00004f3f  __aeabi_memclr                         
00004f3f  __aeabi_memclr4                        
00004f3f  __aeabi_memclr8                        
00004e29  __aeabi_memcpy                         
00004e29  __aeabi_memcpy4                        
00004e29  __aeabi_memcpy8                        
00004f41  __aeabi_memset                         
00004f41  __aeabi_memset4                        
00004f41  __aeabi_memset8                        
000055dd  __aeabi_ui2d                           
ffffffff  __binit__                              
ffffffff  __c_args__                             
UNDEFED   __mpu_init                             
200008d8  __stack                                
20000000  __start___llvm_prf_cnts                
20000000  __stop___llvm_prf_cnts                 
0000552d  _c_int00_noargs                        
00005844  _ctypes_                               
UNDEFED   _system_post_cinit                     
0000583b  _system_pre_init                       
0000583f  abort                                  
200001fc  adc                                    
00005289  atoi                                   
ffffffff  binit                                  
200004a8  cloud_config                           
20000378  display_tx                             
20000580  display_uart_rx                        
20000748  e2p_cloud_config                       
200008b7  e2p_config_time                        
20000889  e2p_device_info                        
20000899  e2p_location_info                      
200008bf  e2p_router_config                      
00000000  g_pfnVectors                           
200006c0  gprs_rx_buff                           
2000057e  gprs_rx_isr_handler                    
20000000  gprs_tx_buff                           
00004fb9  ltoa                                   
000036b1  main                                   
2000086d  measurements                           
00004e29  memcpy                                 
00004f47  memset                                 
20000620  pc_uart_rx                             
200007c8  pc_uart_tx                             
20000818  ram_data                               
200008ce  router_mode                            
200008a9  scheduler                              
00005715  strcpy                                 
2000084e  time_main                              
200008c7  time_stamp                             
200008d0  u32DelayCounter                        


GLOBAL SYMBOLS: SORTED BY Symbol Address 

address   name                                   
-------   ----                                   
00000000  __TI_static_base__                     
00000000  g_pfnVectors                           
00000200  __STACK_SIZE                           
00000271  _Z7isDT_okv                            
000002b9  _Z19check_dateTime_dataP12time_stamp_t 
00000301  _Z17check_expire_time12time_stamp_tS_  
00000359  _Z16update_date_timev                  
00000471  _Z11getDateTimev                       
000007e1  _Z16get_present_timeP12time_stamp_t    
00000811  _Z15check_date_timePcS_                
000008d1  _Z14getDaysOfMonthcj                   
00000979  _Z14StrToTimeStampPh                   
00000a51  _Z12is_leap_yearh                      
00000a91  _Z13add_date_timeP12time_stamp_tS0_j   
00000c59  _Z12calcTimeDiff12time_stamp_tS_       
00000d79  _Z10update_rtcPci                      
00000ea1  _Z19e2p_write_cloud_cfgv               
00000ee1  _Z7set_urlPc                           
00000fc9  _Z7get_urlv                            
00000fd9  _Z24e2p_write_voltage_configv          
00001031  _Z23e2p_read_voltage_configv           
000010b9  _Z20e2p_write_device_cfgv              
000010f9  _Z19e2p_read_device_cfgv               
00001181  _Z18e2p_write_locationv                
00001229  _Z18set_fixed_locationPc               
000014c1  _Z18get_fixed_locationv                
000014e1  _Z18e2p_write_cfg_timev                
00001529  _Z18e2p_read_cloud_cfgv                
000015c9  _Z17e2p_read_locationv                 
00001671  _Z17e2p_read_cfg_timev                 
00001739  _Z17cloud_config_datav                 
00001859  _Z15vPERIPH_E2PInitv                   
000018a1  _Z13set_device_idPc                    
00001989  _Z13get_device_idv                     
000019c9  _Z25prepare_graphical_tx_buffjPch      
00001ae1  _Z17vUART_SendStr_INTjPKh              
00001db9  _Z13flushRxBufferi                     
00001e11  _Z13flushTxBufferi                     
00001e79  _Z14vDEBUGUARTInitv                    
00001ef1  _Z12vLTEUARTInitv                      
00001f81  _Z16vDISPLAYUARTInitv                  
00001fe1  _Z16vPERIPH_UARTInitv                  
00001ff1  _Z15vUART_SendBytesjPKhj               
00002029  _Z13vUART_SendStrjPKh                  
00002061  _Z13vUART_SendIntji                    
00002081  _Z13vUART_SendChrjh                    
000020a9  _Z11Usendbufferj                       
00002159  LTEUARTIntHandler                      
00002241  DISPLAYUARTIntHandler                  
000022d9  DEBUGUARTIntHandler                    
000024d1  _Z16get_system_statev                  
000024e1  _Z24preparePC_ResponsePacket5cmd_tPchii
00002621  _Z16set_system_state10sys_mode_t       
00002631  _Z8response5cmd_ti                     
00002b41  _Z17tx_pending_dataPCv                 
00002b71  _Z16decodeMsgPC_Uartv                  
00002c29  _Z12ADC_PortIniti                      
00002f61  _Z9vADC0Initv                          
00002fe1  _Z7readADCh                            
00003049  _Z9updateADC14ADC_Channels_th          
00003161  _Z21getRouter2_DC_currentv             
00003191  _Z21getRouter1_DC_currentv             
000031c1  _Z20getRouter2_DCvoltagev              
000031f1  _Z20getRouter1_DCvoltagev              
00003221  _Z17getChargerVoltagev                 
00003251  _Z17getBatteryVoltagev                 
00003281  _Z16calculate_AC_ADCv                  
000032c1  _Z10GetAdcDatav                        
000032fd  I2CMasterControl                       
00003301  _Z17vPERIPH_ClockInitv                 
00003311  _Z26vMAIN_InitClockPeripheralsv        
00003349  _Z14write_defaultsj                    
00003569  _Z11init_configv                       
00003639  _Z15update_ram_datav                   
000036b1  main                                   
000037a9  _Z9clear_lcdv                          
000037f1  _Z16PrepareLcdBufferPhcc               
00003941  _Z15Data_Screen_lcdv                   
00003beb  GPIOIntClear                           
00003bf1  _Z19vInit_InputTestpinsv               
00003c21  _Z18vInput_PollingReadv                
00003c69  _Z12vLEDGPIOInitv                      
00003c69  _Z16vPERIPH_GPIOInitv                  
00003c91  _Z16vGPIO_UnlockGPIOjh                 
00003cc9  _Z15vGPIOPortEnablev                   
00003ec9  _Z12vGPIO_Togglejhh                    
00003ed9  _Z12vEXTIpinInitv                      
00003f19  _Z10ToggleLEDsv                        
00003f29  GPIODIntHandler                        
00003f8b  GPIOPinRead                            
00003f91  _Z7reversePci                          
00004001  _Z8intToStriPci                        
00004099  _Z11getChecksumPhc                     
000040d9  _Z10my_sprintfPciz                     
0000432b  GPIOPinWrite                           
00004331  _Z9Write_RTCPhh                        
00004421  _Z8Read_RTCPhh                         
00004559  _Z11vRTCI2CInitv                       
000045f9  _Z10I2CReceivev                        
00004699  GPIOPadConfigSet                       
00004805  __aeabi_ddiv                           
0000493b  SysCtlDelay                            
00004941  _Z19vPERIPH_SystickInitv               
00004969  _Z13vMAIN_DelayMSj                     
00004981  SysTickIntHandler                      
00004a5d  SysCtlClockGet                         
00004b75  __aeabi_dmul                           
00004c71  SysCtlClockSet                         
00004d65  EEPROMProgram                          
00004e29  __aeabi_memcpy                         
00004e29  __aeabi_memcpy4                        
00004e29  __aeabi_memcpy8                        
00004e29  memcpy                                 
00004ec5  ADCSequenceStepConfigure               
00004f3f  __aeabi_memclr                         
00004f3f  __aeabi_memclr4                        
00004f3f  __aeabi_memclr8                        
00004f41  __aeabi_memset                         
00004f41  __aeabi_memset4                        
00004f41  __aeabi_memset8                        
00004f47  memset                                 
00004fb9  ltoa                                   
00005029  IntEnable                              
00005091  __TI_decompress_lzss                   
000050f9  GPIOIntTypeSet                         
00005151  SysCtlPeripheralReset                  
000051a1  ADCSequenceConfigure                   
000051f1  GPIOPinConfigure                       
0000523d  I2CMasterInitExpClk                    
00005289  atoi                                   
000052d5  UARTConfigSetExpClk                    
0000531d  __TI_auto_init_nobinit_nopinit         
00005361  __aeabi_d2uiz                          
000053a5  EEPROMInit                             
00005421  EEPROMRead                             
00005459  SysCtlPeripheralReady                  
00005491  SysCtlPeripheralDisable                
000054c5  SysCtlPeripheralEnable                 
0000552d  _c_int00_noargs                        
00005561  ADCIntStatus                           
0000558f  GPIODirModeSet                         
000055bd  UARTDisable                            
000055dd  __aeabi_ui2d                           
000055fd  ADCSequenceDataGet                     
0000561b  GPIOPinTypeGPIOOutput                  
00005635  I2CMasterDataGet                       
00005639  ResetISR                               
00005653  ADCProcessorTrigger                    
0000566b  GPIOPinTypeADC                         
00005681  GPIOPinTypeGPIOInput                   
00005697  GPIOPinTypeI2C                         
000056ad  GPIOPinTypeI2CSCL                      
000056c3  GPIOPinTypeUART                        
000056d9  SysTickEnable                          
000056ed  SysTickIntEnable                       
00005701  UARTEnable                             
00005715  strcpy                                 
00005729  IntMasterEnable                        
00005739  SysTickPeriodSet                       
00005759  ADCSequenceEnable                      
00005767  GPIOIntStatus                          
00005775  I2CRxFIFOFlush                         
00005783  I2CTxFIFOFlush                         
00005791  UARTCharGetNonBlocking                 
0000579f  UARTCharPutNonBlocking                 
000057ad  __TI_decompress_none                   
000057bb  CPUcpsie                               
000057c7  GPIOIntEnable                          
000057d3  UARTTxIntModeSet                       
000057df  __TI_zero_init                         
000057eb  ADCIntClear                            
000057f5  I2CMasterEnable                        
000057ff  UARTIntDisable                         
00005809  UARTIntStatus                          
00005813  I2CMasterBusy                          
0000581b  I2CMasterSlaveAddrSet                  
00005823  UARTBusy                               
0000582b  UARTIntEnable                          
00005833  I2CMasterDataPut                       
00005837  UARTIntClear                           
0000583b  _system_pre_init                       
0000583f  C$$EXIT                                
0000583f  abort                                  
00005844  _ctypes_                               
00005a60  __TI_Handler_Table_Base                
00005a6c  __TI_Handler_Table_Limit               
00005a80  __TI_CINIT_Base                        
00005a90  __TI_CINIT_Limit                       
20000000  __start___llvm_prf_cnts                
20000000  __stop___llvm_prf_cnts                 
20000000  gprs_tx_buff                           
200001fc  adc                                    
20000378  display_tx                             
200004a8  cloud_config                           
2000057e  gprs_rx_isr_handler                    
20000580  display_uart_rx                        
20000620  pc_uart_rx                             
200006c0  gprs_rx_buff                           
20000748  e2p_cloud_config                       
200007c8  pc_uart_tx                             
20000818  ram_data                               
2000084e  time_main                              
2000086d  measurements                           
20000889  e2p_device_info                        
20000899  e2p_location_info                      
200008a9  scheduler                              
200008b7  e2p_config_time                        
200008bf  e2p_router_config                      
200008c7  time_stamp                             
200008cd  System_mode                            
200008ce  router_mode                            
200008d0  u32DelayCounter                        
200008d8  __stack                                
20000ad8  ADC_RAW_MAX                            
20000ad8  __STACK_END                            
20000ad8  __STACK_TOP                            
ffffffff  __TI_pprof_out_hndl                    
ffffffff  __TI_prof_data_size                    
ffffffff  __TI_prof_data_start                   
ffffffff  __binit__                              
ffffffff  __c_args__                             
ffffffff  binit                                  
UNDEFED   __mpu_init                             
UNDEFED   _system_post_cinit                     

[224 symbols]
